Operating system: Linux
                  0.0.0 Linux 7.1.4-1.el8.elrepo.x86_64 #1 SMP PREEMPT_DYNAMIC Sat Jul 18 15:34:32 EDT 2026 x86_64
CPU: amd64
     family 6 model 183 stepping 1
     1 CPU

GPU: UNKNOWN

Crash reason:  DUMP_REQUESTED
Crash address: 0x14d230ea5406
Process uptime: not available

Thread 0 (crashed)
 0  libcbreakpad.so + 0x36406
    rax = 0x0000000000000000   rdx = 0x0000000000000000
    rcx = 0x000014d230ea3cb2   rbx = 0x000014d2303fbeb0
    rsi = 0x0000000000000001   rdi = 0x000014d2303fb838
    rbp = 0x000014d2303fbdf0   rsp = 0x000014d2303fb7a0
     r8 = 0x0000000000000000    r9 = 0x0000000000000000
    r10 = 0x000014d230e71d68   r11 = 0x000014d230e7b226
    r12 = 0x0000000000000000   r13 = 0x000014d2303fc198
    r14 = 0x000014d2303fbe30   r15 = 0x0000000039bf14ac
    rip = 0x000014d230ea5406
    Found by: given as instruction pointer in context
 1  libcbreakpad.so + 0x34672
    rbp = 0x000014d2303fbf40   rsp = 0x000014d2303fbe00
    rip = 0x000014d230ea3672
    Found by: previous frame's frame pointer
 2  xmsim + 0x7f3f20
    rbp = 0x000014d2303fbf40   rsp = 0x000014d2303fbe98
    rip = 0x0000000000bf3f20
    Found by: stack scanning
 3  xmsim + 0x177c3b9
    rsp = 0x000014d2303fbf50   rip = 0x0000000001b7c3b9
    Found by: stack scanning

Loaded modules:
0x00400000 - 0x026f8fff  xmsim  ???  (main)  (WARNING: No symbols, xmsim, E252156156151C97B1FFBDEF85D9C8D20)
0x14d21e0b5000 - 0x14d21e12cfff  libcpi.so  ???
0x14d21f600000 - 0x14d21f682fff  libpcre2-8.so.0.7.1  ???
0x14d21fa00000 - 0x14d21fa26fff  libselinux.so.1  ???
0x14d21fe00000 - 0x14d21fe05fff  libuuid.so.1.3.0  ???
0x14d220200000 - 0x14d22024cfff  libblkid.so.1.1.0  ???
0x14d220600000 - 0x14d220655fff  libmount.so.1.1.0  ???
0x14d220a00000 - 0x14d220a06fff  librt-2.28.so  ???
0x14d220e00000 - 0x14d220e9efff  libnss_myhostname.so.2  ???
0x14d221200000 - 0x14d221213fff  libresolv-2.28.so  ???
0x14d221600000 - 0x14d221604fff  libnss_dns-2.28.so  ???
0x14d221887000 - 0x14d2218e5fff  libdwapi.so  ???
0x14d221a00000 - 0x14d221a0afff  libnss_files-2.28.so  ???
0x14d221e00000 - 0x14d22edb5fff  locale-archive  ???
0x14d22ee00000 - 0x14d22f6d3fff  passwd  ???
0x14d22f800000 - 0x14d22f809fff  libnss_sss.so.2  ???
0x14d22fc00000 - 0x14d22fdbbfff  libc-2.28.so  ???
0x14d230000000 - 0x14d230180fff  libm-2.28.so  ???
0x14d230400000 - 0x14d230402fff  libdl-2.28.so  ???
0x14d230639000 - 0x14d23074afff  libStrapNC.so  ???
0x14d230800000 - 0x14d23081afff  libpthread-2.28.so  ???
0x14d230a25000 - 0x14d230ab6fff  libdcapi.so  ???
0x14d230b67000 - 0x14d230bf6fff  libxmjudy.so.1.0.3  ???
0x14d230c00000 - 0x14d230c2cfff  ld-2.28.so  ???
0x14d230c53000 - 0x14d230dd1fff  libstdc++.so.6.0.28  ???
0x14d230e3b000 - 0x14d230e4afff  waves.dsn  ???
0x14d230e4b000 - 0x14d230e61fff  libml_uvm.so  ???
0x14d230e6f000 - 0x14d230ec2fff  libcbreakpad.so  ???  (WARNING: No symbols, libcbreakpad.so, B7E2589FA42BEAC90FB1C5EEB35368C40)
0x14d230ee6000 - 0x14d230ef9fff  libgcc_s.so.1  ???
0x14d230f01000 - 0x14d230f05fff  libxdt.so  ???
0x14d230f14000 - 0x14d230f15fff  linux-gate.so  ???

******BACKTRACE*****
<unknown> (libcbreakpad.so) [0x14d230ea31a3]
<unknown> (libcbreakpad.so) [0x14d230ea3630]
vserror (xmsim) [0x1b7c3b9]
serror (xmsim) [0x1b7e165]
sv_seghandler_aux (xmsim) [0xcb9e6e]
sv_seghandler (xmsim) [0xcba71d]
<unknown> (libpthread.so.0) [0x14d230812ce0]
******BACKTRACE END*****