Operating system: Linux
                  0.0.0 Linux 7.1.4-1.el8.elrepo.x86_64 #1 SMP PREEMPT_DYNAMIC Sat Jul 18 15:34:32 EDT 2026 x86_64
CPU: amd64
     family 6 model 183 stepping 1
     1 CPU

GPU: UNKNOWN

Crash reason:  DUMP_REQUESTED
Crash address: 0x7fbe62fab406
Process uptime: not available

Thread 0 (crashed)
 0  libcbreakpad.so + 0x36406
    rax = 0x0000000000000000   rdx = 0x0000000000000000
    rcx = 0x00007fbe62fa9cb2   rbx = 0x00007fbe62b3aeb0
    rsi = 0x0000000000000001   rdi = 0x00007fbe62b3a838
    rbp = 0x00007fbe62b3adf0   rsp = 0x00007fbe62b3a7a0
     r8 = 0x0000000000000000    r9 = 0x0000000000000000
    r10 = 0x00007fbe62f77d68   r11 = 0x00007fbe62f81226
    r12 = 0x0000000000000000   r13 = 0x00007fbe62b3b198
    r14 = 0x00007fbe62b3ae30   r15 = 0x000000003d37ea4c
    rip = 0x00007fbe62fab406
    Found by: given as instruction pointer in context
 1  libcbreakpad.so + 0x34672
    rbp = 0x00007fbe62b3af40   rsp = 0x00007fbe62b3ae00
    rip = 0x00007fbe62fa9672
    Found by: previous frame's frame pointer
 2  xmsim + 0x7f3f20
    rbp = 0x00007fbe62b3af40   rsp = 0x00007fbe62b3ae98
    rip = 0x0000000000bf3f20
    Found by: stack scanning
 3  xmsim + 0x177c3b9
    rsp = 0x00007fbe62b3af50   rip = 0x0000000001b7c3b9
    Found by: stack scanning
 4  xmsim + 0x854870
    rsp = 0x00007fbe62b3af58   rip = 0x0000000000c54870
    Found by: stack scanning
 5  xmsim + 0x854870
    rsp = 0x00007fbe62b3afb8   rip = 0x0000000000c54870
    Found by: stack scanning
 6  libc-2.28.so + 0x504f5
    rsp = 0x00007fbe62b3afc0   rip = 0x00007fbe620504f5
    Found by: stack scanning
 7  xmsim + 0x854870
    rsp = 0x00007fbe62b3afc8   rip = 0x0000000000c54870
    Found by: stack scanning
 8  xmsim + 0x854870
    rsp = 0x00007fbe62b3b028   rip = 0x0000000000c54870
    Found by: stack scanning
 9  libc-2.28.so + 0x504f5
    rsp = 0x00007fbe62b3b030   rip = 0x00007fbe620504f5
    Found by: stack scanning
10  xmsim + 0x854870
    rsp = 0x00007fbe62b3b038   rip = 0x0000000000c54870
    Found by: stack scanning
11  xmsim + 0x854870
    rsp = 0x00007fbe62b3b098   rip = 0x0000000000c54870
    Found by: stack scanning
12  libc-2.28.so + 0x504f5
    rsp = 0x00007fbe62b3b0a0   rip = 0x00007fbe620504f5
    Found by: stack scanning
13  xmsim + 0x854870
    rsp = 0x00007fbe62b3b0a8   rip = 0x0000000000c54870
    Found by: stack scanning
14  libc-2.28.so + 0x99e2b
    rsp = 0x00007fbe62b3b100   rip = 0x00007fbe62099e2b
    Found by: stack scanning
15  xmsim + 0x854870
    rsp = 0x00007fbe62b3b108   rip = 0x0000000000c54870
    Found by: stack scanning
16  libc-2.28.so + 0x504f5
    rsp = 0x00007fbe62b3b110   rip = 0x00007fbe620504f5
    Found by: stack scanning
17  xmsim + 0x854870
    rsp = 0x00007fbe62b3b118   rip = 0x0000000000c54870
    Found by: stack scanning
18  libc-2.28.so + 0x50942
    rsp = 0x00007fbe62b3b150   rip = 0x00007fbe62050942
    Found by: stack scanning
19  xmsim + 0x177e165
    rsp = 0x00007fbe62b3b190   rip = 0x0000000001b7e165
    Found by: stack scanning
20  libc-2.28.so + 0x180800
    rsp = 0x00007fbe62b3b1e0   rip = 0x00007fbe62180800
    Found by: stack scanning
21  xmsim + 0x854e7c
    rsp = 0x00007fbe62b3b220   rip = 0x0000000000c54e7c
    Found by: stack scanning
22  xmsim + 0x854ed5
    rsp = 0x00007fbe62b3b240   rip = 0x0000000000c54ed5
    Found by: stack scanning
23  xmsim + 0x8b9e6e
    rsp = 0x00007fbe62b3b270   rip = 0x0000000000cb9e6e
    Found by: stack scanning
24  xmsim + 0x8ba71d
    rsp = 0x00007fbe62b3b350   rip = 0x0000000000cba71d
    Found by: stack scanning
25  libpthread-2.28.so + 0x12ce0
    rsp = 0x00007fbe62b3b380   rip = 0x00007fbe62c12ce0
    Found by: stack scanning

Loaded modules:
0x00400000 - 0x026f8fff  xmsim  ???  (main)  (WARNING: No symbols, xmsim, E252156156151C97B1FFBDEF85D9C8D20)
0x7fbe51a00000 - 0x7fbe51a82fff  libpcre2-8.so.0.7.1  ???
0x7fbe51e00000 - 0x7fbe51e26fff  libselinux.so.1  ???
0x7fbe52200000 - 0x7fbe52205fff  libuuid.so.1.3.0  ???
0x7fbe52600000 - 0x7fbe5264cfff  libblkid.so.1.1.0  ???
0x7fbe52a00000 - 0x7fbe52a55fff  libmount.so.1.1.0  ???
0x7fbe52e00000 - 0x7fbe52e06fff  librt-2.28.so  ???
0x7fbe53200000 - 0x7fbe5329efff  libnss_myhostname.so.2  ???
0x7fbe53600000 - 0x7fbe53613fff  libresolv-2.28.so  ???
0x7fbe53a00000 - 0x7fbe53a04fff  libnss_dns-2.28.so  ???
0x7fbe53e00000 - 0x7fbe53e0afff  libnss_files-2.28.so  ???
0x7fbe54200000 - 0x7fbe611b5fff  locale-archive  ???
0x7fbe61200000 - 0x7fbe61ad3fff  passwd  ???
0x7fbe61c00000 - 0x7fbe61c09fff  libnss_sss.so.2  ???
0x7fbe61e39000 - 0x7fbe61f4afff  libStrapNC.so  ???
0x7fbe62000000 - 0x7fbe621bbfff  libc-2.28.so  ???  (WARNING: No symbols, libc-2.28.so, 8D55AA64DACD8B2D0D7B04CEF33DDBB20)
0x7fbe62400000 - 0x7fbe62580fff  libm-2.28.so  ???
0x7fbe62800000 - 0x7fbe62802fff  libdl-2.28.so  ???
0x7fbe62b3f000 - 0x7fbe62bd0fff  libdcapi.so  ???
0x7fbe62c00000 - 0x7fbe62c1afff  libpthread-2.28.so  ???  (WARNING: No symbols, libpthread-2.28.so, 6B46ABE79CAC1A5941EF266C4AD26D380)
0x7fbe62e37000 - 0x7fbe62e4dfff  libml_uvm.so  ???
0x7fbe62edc000 - 0x7fbe62f6bfff  libxmjudy.so.1.0.3  ???
0x7fbe62f75000 - 0x7fbe62fc8fff  libcbreakpad.so  ???  (WARNING: No symbols, libcbreakpad.so, B7E2589FA42BEAC90FB1C5EEB35368C40)
0x7fbe62fe6000 - 0x7fbe62ff9fff  libgcc_s.so.1  ???
0x7fbe63000000 - 0x7fbe6302cfff  ld-2.28.so  ???
0x7fbe6303d000 - 0x7fbe631bbfff  libstdc++.so.6.0.28  ???
0x7fbe63218000 - 0x7fbe6321cfff  libxdt.so  ???
0x7fbe6322b000 - 0x7fbe6322cfff  linux-gate.so  ???

******BACKTRACE*****
<unknown> (libcbreakpad.so) [0x7fbe62fa91a3]
<unknown> (libcbreakpad.so) [0x7fbe62fa9630]
vserror (xmsim) [0x1b7c3b9]
serror (xmsim) [0x1b7e165]
sv_seghandler_aux (xmsim) [0xcb9e6e]
sv_seghandler (xmsim) [0xcba71d]
<unknown> (libpthread.so.0) [0x7fbe62c12ce0]
******BACKTRACE END*****