Operating system: Linux
                  0.0.0 Linux 7.1.4-1.el8.elrepo.x86_64 #1 SMP PREEMPT_DYNAMIC Sat Jul 18 15:34:32 EDT 2026 x86_64
CPU: amd64
     family 6 model 183 stepping 1
     1 CPU

GPU: UNKNOWN

Crash reason:  DUMP_REQUESTED
Crash address: 0x7f4182fc5406
Process uptime: not available

Thread 0 (crashed)
 0  libcbreakpad.so + 0x36406
    rax = 0x0000000000000000   rdx = 0x0000000000000000
    rcx = 0x00007f4182fc3cb2   rbx = 0x00007f4183292eb0
    rsi = 0x0000000000000001   rdi = 0x00007f4183292838
    rbp = 0x00007f4183292df0   rsp = 0x00007f41832927a0
     r8 = 0x0000000000000000    r9 = 0x0000000000000000
    r10 = 0x00007f4182f91d68   r11 = 0x00007f4182f9b226
    r12 = 0x0000000000000000   r13 = 0x00007f4183293198
    r14 = 0x00007f4183292e30   r15 = 0x0000000042f303ec
    rip = 0x00007f4182fc5406
    Found by: given as instruction pointer in context
 1  libcbreakpad.so + 0x34672
    rbp = 0x00007f4183292f40   rsp = 0x00007f4183292e00
    rip = 0x00007f4182fc3672
    Found by: previous frame's frame pointer
 2  xmsim + 0x7f3f20
    rbp = 0x00007f4183292f40   rsp = 0x00007f4183292e98
    rip = 0x0000000000bf3f20
    Found by: stack scanning
 3  xmsim + 0x177c3b9
    rsp = 0x00007f4183292f50   rip = 0x0000000001b7c3b9
    Found by: stack scanning
 4  xmsim + 0x854870
    rsp = 0x00007f4183292f58   rip = 0x0000000000c54870
    Found by: stack scanning
 5  xmsim + 0x854870
    rsp = 0x00007f4183292fb8   rip = 0x0000000000c54870
    Found by: stack scanning
 6  libc-2.28.so + 0x504f5
    rsp = 0x00007f4183292fc0   rip = 0x00007f41820504f5
    Found by: stack scanning
 7  xmsim + 0x854870
    rsp = 0x00007f4183292fc8   rip = 0x0000000000c54870
    Found by: stack scanning
 8  xmsim + 0x854870
    rsp = 0x00007f4183293028   rip = 0x0000000000c54870
    Found by: stack scanning
 9  libc-2.28.so + 0x504f5
    rsp = 0x00007f4183293030   rip = 0x00007f41820504f5
    Found by: stack scanning
10  xmsim + 0x854870
    rsp = 0x00007f4183293038   rip = 0x0000000000c54870
    Found by: stack scanning
11  xmsim + 0x854870
    rsp = 0x00007f4183293098   rip = 0x0000000000c54870
    Found by: stack scanning
12  libc-2.28.so + 0x504f5
    rsp = 0x00007f41832930a0   rip = 0x00007f41820504f5
    Found by: stack scanning
13  xmsim + 0x854870
    rsp = 0x00007f41832930a8   rip = 0x0000000000c54870
    Found by: stack scanning
14  xmsim + 0x854870
    rsp = 0x00007f4183293108   rip = 0x0000000000c54870
    Found by: stack scanning
15  libc-2.28.so + 0x504f5
    rsp = 0x00007f4183293110   rip = 0x00007f41820504f5
    Found by: stack scanning
16  xmsim + 0x854870
    rsp = 0x00007f4183293118   rip = 0x0000000000c54870
    Found by: stack scanning
17  libc-2.28.so + 0x50942
    rsp = 0x00007f4183293150   rip = 0x00007f4182050942
    Found by: stack scanning
18  xmsim + 0x177e165
    rsp = 0x00007f4183293190   rip = 0x0000000001b7e165
    Found by: stack scanning
19  libc-2.28.so + 0x180800
    rsp = 0x00007f41832931e0   rip = 0x00007f4182180800
    Found by: stack scanning
20  xmsim + 0x854e7c
    rsp = 0x00007f4183293220   rip = 0x0000000000c54e7c
    Found by: stack scanning
21  xmsim + 0x854ed5
    rsp = 0x00007f4183293240   rip = 0x0000000000c54ed5
    Found by: stack scanning
22  xmsim + 0x8b9e6e
    rsp = 0x00007f4183293270   rip = 0x0000000000cb9e6e
    Found by: stack scanning
23  xmsim + 0x8ba71d
    rsp = 0x00007f4183293350   rip = 0x0000000000cba71d
    Found by: stack scanning
24  libpthread-2.28.so + 0x12ce0
    rsp = 0x00007f4183293380   rip = 0x00007f4182c12ce0
    Found by: stack scanning

Loaded modules:
0x00400000 - 0x026f8fff  xmsim  ???  (main)  (WARNING: No symbols, xmsim, E252156156151C97B1FFBDEF85D9C8D20)
0x7f4171a00000 - 0x7f4171a82fff  libpcre2-8.so.0.7.1  ???
0x7f4171e00000 - 0x7f4171e26fff  libselinux.so.1  ???
0x7f4172200000 - 0x7f4172205fff  libuuid.so.1.3.0  ???
0x7f4172600000 - 0x7f417264cfff  libblkid.so.1.1.0  ???
0x7f4172a00000 - 0x7f4172a55fff  libmount.so.1.1.0  ???
0x7f4172e00000 - 0x7f4172e06fff  librt-2.28.so  ???
0x7f4173200000 - 0x7f417329efff  libnss_myhostname.so.2  ???
0x7f4173600000 - 0x7f4173613fff  libresolv-2.28.so  ???
0x7f4173a00000 - 0x7f4173a04fff  libnss_dns-2.28.so  ???
0x7f4173e00000 - 0x7f4173e0afff  libnss_files-2.28.so  ???
0x7f4174200000 - 0x7f41811b5fff  locale-archive  ???
0x7f4181200000 - 0x7f4181ad3fff  passwd  ???
0x7f4181c00000 - 0x7f4181c09fff  libnss_sss.so.2  ???
0x7f4181e39000 - 0x7f4181f4afff  libStrapNC.so  ???
0x7f4182000000 - 0x7f41821bbfff  libc-2.28.so  ???  (WARNING: No symbols, libc-2.28.so, 8D55AA64DACD8B2D0D7B04CEF33DDBB20)
0x7f4182400000 - 0x7f4182580fff  libm-2.28.so  ???
0x7f4182800000 - 0x7f4182802fff  libdl-2.28.so  ???
0x7f4182b3f000 - 0x7f4182bd0fff  libdcapi.so  ???
0x7f4182c00000 - 0x7f4182c1afff  libpthread-2.28.so  ???  (WARNING: No symbols, libpthread-2.28.so, 6B46ABE79CAC1A5941EF266C4AD26D380)
0x7f4182ef6000 - 0x7f4182f85fff  libxmjudy.so.1.0.3  ???
0x7f4182f8f000 - 0x7f4182fe2fff  libcbreakpad.so  ???  (WARNING: No symbols, libcbreakpad.so, B7E2589FA42BEAC90FB1C5EEB35368C40)
0x7f4183000000 - 0x7f418302cfff  ld-2.28.so  ???
0x7f418302f000 - 0x7f4183045fff  libml_uvm.so  ???
0x7f4183053000 - 0x7f41831d1fff  libstdc++.so.6.0.28  ???
0x7f418329d000 - 0x7f41832b0fff  libgcc_s.so.1  ???
0x7f41832b8000 - 0x7f41832bcfff  libxdt.so  ???
0x7f41832cb000 - 0x7f41832ccfff  linux-gate.so  ???

******BACKTRACE*****
<unknown> (libcbreakpad.so) [0x7f4182fc31a3]
<unknown> (libcbreakpad.so) [0x7f4182fc3630]
vserror (xmsim) [0x1b7c3b9]
serror (xmsim) [0x1b7e165]
sv_seghandler_aux (xmsim) [0xcb9e6e]
sv_seghandler (xmsim) [0xcba71d]
<unknown> (libpthread.so.0) [0x7f4182c12ce0]
******BACKTRACE END*****