Operating system: Linux
                  0.0.0 Linux 7.1.4-1.el8.elrepo.x86_64 #1 SMP PREEMPT_DYNAMIC Sat Jul 18 15:34:32 EDT 2026 x86_64
CPU: amd64
     family 6 model 183 stepping 1
     1 CPU

GPU: UNKNOWN

Crash reason:  DUMP_REQUESTED
Crash address: 0x7f51ce06d406
Process uptime: not available

Thread 0 (crashed)
 0  libcbreakpad.so + 0x36406
    rax = 0x0000000000000000   rdx = 0x0000000000000000
    rcx = 0x00007f51ce06bcb2   rbx = 0x00007f51cd5fbeb0
    rsi = 0x0000000000000001   rdi = 0x00007f51cd5fb838
    rbp = 0x00007f51cd5fbdf0   rsp = 0x00007f51cd5fb7a0
     r8 = 0x0000000000000000    r9 = 0x0000000000000000
    r10 = 0x00007f51ce039d68   r11 = 0x00007f51ce043226
    r12 = 0x0000000000000000   r13 = 0x00007f51cd5fc198
    r14 = 0x00007f51cd5fbe30   r15 = 0x000000003220436c
    rip = 0x00007f51ce06d406
    Found by: given as instruction pointer in context
 1  libcbreakpad.so + 0x34672
    rbp = 0x00007f51cd5fbf40   rsp = 0x00007f51cd5fbe00
    rip = 0x00007f51ce06b672
    Found by: previous frame's frame pointer
 2  xmsim + 0x7f3f20
    rbp = 0x00007f51cd5fbf40   rsp = 0x00007f51cd5fbe98
    rip = 0x0000000000bf3f20
    Found by: stack scanning
 3  xmsim + 0x177c3b9
    rsp = 0x00007f51cd5fbf50   rip = 0x0000000001b7c3b9
    Found by: stack scanning
 4  xmsim + 0x854870
    rsp = 0x00007f51cd5fbf58   rip = 0x0000000000c54870
    Found by: stack scanning
 5  xmsim + 0x854870
    rsp = 0x00007f51cd5fbfb8   rip = 0x0000000000c54870
    Found by: stack scanning
 6  libc-2.28.so + 0x504f5
    rsp = 0x00007f51cd5fbfc0   rip = 0x00007f51cce504f5
    Found by: stack scanning
 7  xmsim + 0x854870
    rsp = 0x00007f51cd5fbfc8   rip = 0x0000000000c54870
    Found by: stack scanning
 8  xmsim + 0x854870
    rsp = 0x00007f51cd5fc028   rip = 0x0000000000c54870
    Found by: stack scanning
 9  libc-2.28.so + 0x504f5
    rsp = 0x00007f51cd5fc030   rip = 0x00007f51cce504f5
    Found by: stack scanning
10  xmsim + 0x854870
    rsp = 0x00007f51cd5fc038   rip = 0x0000000000c54870
    Found by: stack scanning
11  xmsim + 0x854870
    rsp = 0x00007f51cd5fc098   rip = 0x0000000000c54870
    Found by: stack scanning
12  libc-2.28.so + 0x504f5
    rsp = 0x00007f51cd5fc0a0   rip = 0x00007f51cce504f5
    Found by: stack scanning
13  xmsim + 0x854870
    rsp = 0x00007f51cd5fc0a8   rip = 0x0000000000c54870
    Found by: stack scanning
14  libc-2.28.so + 0x99e2b
    rsp = 0x00007f51cd5fc100   rip = 0x00007f51cce99e2b
    Found by: stack scanning
15  xmsim + 0x854870
    rsp = 0x00007f51cd5fc108   rip = 0x0000000000c54870
    Found by: stack scanning
16  libc-2.28.so + 0x504f5
    rsp = 0x00007f51cd5fc110   rip = 0x00007f51cce504f5
    Found by: stack scanning
17  xmsim + 0x854870
    rsp = 0x00007f51cd5fc118   rip = 0x0000000000c54870
    Found by: stack scanning
18  libc-2.28.so + 0x50942
    rsp = 0x00007f51cd5fc150   rip = 0x00007f51cce50942
    Found by: stack scanning
19  xmsim + 0x177e165
    rsp = 0x00007f51cd5fc190   rip = 0x0000000001b7e165
    Found by: stack scanning
20  libc-2.28.so + 0x180800
    rsp = 0x00007f51cd5fc1e0   rip = 0x00007f51ccf80800
    Found by: stack scanning
21  xmsim + 0x854e7c
    rsp = 0x00007f51cd5fc220   rip = 0x0000000000c54e7c
    Found by: stack scanning
22  xmsim + 0x854ed5
    rsp = 0x00007f51cd5fc240   rip = 0x0000000000c54ed5
    Found by: stack scanning
23  xmsim + 0x8b9e6e
    rsp = 0x00007f51cd5fc270   rip = 0x0000000000cb9e6e
    Found by: stack scanning
24  xmsim + 0x8ba71d
    rsp = 0x00007f51cd5fc350   rip = 0x0000000000cba71d
    Found by: stack scanning
25  libpthread-2.28.so + 0x12ce0
    rsp = 0x00007f51cd5fc380   rip = 0x00007f51cda12ce0
    Found by: stack scanning

Loaded modules:
0x00400000 - 0x026f8fff  xmsim  ???  (main)  (WARNING: No symbols, xmsim, E252156156151C97B1FFBDEF85D9C8D20)
0x7f51bc800000 - 0x7f51bc882fff  libpcre2-8.so.0.7.1  ???
0x7f51bcc00000 - 0x7f51bcc26fff  libselinux.so.1  ???
0x7f51bd000000 - 0x7f51bd005fff  libuuid.so.1.3.0  ???
0x7f51bd400000 - 0x7f51bd44cfff  libblkid.so.1.1.0  ???
0x7f51bd800000 - 0x7f51bd855fff  libmount.so.1.1.0  ???
0x7f51bdc00000 - 0x7f51bdc06fff  librt-2.28.so  ???
0x7f51be000000 - 0x7f51be09efff  libnss_myhostname.so.2  ???
0x7f51be400000 - 0x7f51be413fff  libresolv-2.28.so  ???
0x7f51be800000 - 0x7f51be804fff  libnss_dns-2.28.so  ???
0x7f51bec00000 - 0x7f51bec0afff  libnss_files-2.28.so  ???
0x7f51bf000000 - 0x7f51cbfb5fff  locale-archive  ???
0x7f51cc000000 - 0x7f51cc8d3fff  passwd  ???
0x7f51cca00000 - 0x7f51cca09fff  libnss_sss.so.2  ???
0x7f51cce00000 - 0x7f51ccfbbfff  libc-2.28.so  ???  (WARNING: No symbols, libc-2.28.so, 8D55AA64DACD8B2D0D7B04CEF33DDBB20)
0x7f51cd200000 - 0x7f51cd380fff  libm-2.28.so  ???
0x7f51cd600000 - 0x7f51cd602fff  libdl-2.28.so  ???
0x7f51cd839000 - 0x7f51cd94afff  libStrapNC.so  ???
0x7f51cda00000 - 0x7f51cda1afff  libpthread-2.28.so  ???  (WARNING: No symbols, libpthread-2.28.so, 6B46ABE79CAC1A5941EF266C4AD26D380)
0x7f51cdc25000 - 0x7f51cdcb6fff  libdcapi.so  ???
0x7f51cdd67000 - 0x7f51cddf6fff  libxmjudy.so.1.0.3  ???
0x7f51cde00000 - 0x7f51cde2cfff  ld-2.28.so  ???
0x7f51cde2f000 - 0x7f51cde45fff  libml_uvm.so  ???
0x7f51cde53000 - 0x7f51cdfd1fff  libstdc++.so.6.0.28  ???
0x7f51ce037000 - 0x7f51ce08afff  libcbreakpad.so  ???  (WARNING: No symbols, libcbreakpad.so, B7E2589FA42BEAC90FB1C5EEB35368C40)
0x7f51ce0ae000 - 0x7f51ce0c1fff  libgcc_s.so.1  ???
0x7f51ce0c9000 - 0x7f51ce0cdfff  libxdt.so  ???
0x7f51ce0dc000 - 0x7f51ce0ddfff  linux-gate.so  ???

******BACKTRACE*****
<unknown> (libcbreakpad.so) [0x7f51ce06b1a3]
<unknown> (libcbreakpad.so) [0x7f51ce06b630]
vserror (xmsim) [0x1b7c3b9]
serror (xmsim) [0x1b7e165]
sv_seghandler_aux (xmsim) [0xcb9e6e]
sv_seghandler (xmsim) [0xcba71d]
<unknown> (libpthread.so.0) [0x7f51cda12ce0]
******BACKTRACE END*****