Operating system: Linux
                  0.0.0 Linux 7.1.4-1.el8.elrepo.x86_64 #1 SMP PREEMPT_DYNAMIC Sat Jul 18 15:34:32 EDT 2026 x86_64
CPU: amd64
     family 6 model 183 stepping 1
     1 CPU

GPU: UNKNOWN

Crash reason:  DUMP_REQUESTED
Crash address: 0x7fc53113a406
Process uptime: not available

Thread 0 (crashed)
 0  libcbreakpad.so + 0x36406
    rax = 0x0000000000000000   rdx = 0x0000000000000000
    rcx = 0x00007fc531138cb2   rbx = 0x00007fc530cb9eb0
    rsi = 0x0000000000000001   rdi = 0x00007fc530cb9838
    rbp = 0x00007fc530cb9df0   rsp = 0x00007fc530cb97a0
     r8 = 0x0000000000000000    r9 = 0x0000000000000000
    r10 = 0x00007fc531106d68   r11 = 0x00007fc531110226
    r12 = 0x0000000000000000   r13 = 0x00007fc530cba198
    r14 = 0x00007fc530cb9e30   r15 = 0x000000003d641a4c
    rip = 0x00007fc53113a406
    Found by: given as instruction pointer in context
 1  libcbreakpad.so + 0x34672
    rbp = 0x00007fc530cb9f40   rsp = 0x00007fc530cb9e00
    rip = 0x00007fc531138672
    Found by: previous frame's frame pointer
 2  xmsim + 0x7f3f20
    rbp = 0x00007fc530cb9f40   rsp = 0x00007fc530cb9e98
    rip = 0x0000000000bf3f20
    Found by: stack scanning
 3  xmsim + 0x177c3b9
    rsp = 0x00007fc530cb9f50   rip = 0x0000000001b7c3b9
    Found by: stack scanning
 4  xmsim + 0x854870
    rsp = 0x00007fc530cb9f58   rip = 0x0000000000c54870
    Found by: stack scanning
 5  xmsim + 0x854870
    rsp = 0x00007fc530cb9fb8   rip = 0x0000000000c54870
    Found by: stack scanning
 6  libc-2.28.so + 0x504f5
    rsp = 0x00007fc530cb9fc0   rip = 0x00007fc52fe504f5
    Found by: stack scanning
 7  xmsim + 0x854870
    rsp = 0x00007fc530cb9fc8   rip = 0x0000000000c54870
    Found by: stack scanning
 8  xmsim + 0x854870
    rsp = 0x00007fc530cba028   rip = 0x0000000000c54870
    Found by: stack scanning
 9  libc-2.28.so + 0x504f5
    rsp = 0x00007fc530cba030   rip = 0x00007fc52fe504f5
    Found by: stack scanning
10  xmsim + 0x854870
    rsp = 0x00007fc530cba038   rip = 0x0000000000c54870
    Found by: stack scanning
11  xmsim + 0x854870
    rsp = 0x00007fc530cba098   rip = 0x0000000000c54870
    Found by: stack scanning
12  libc-2.28.so + 0x504f5
    rsp = 0x00007fc530cba0a0   rip = 0x00007fc52fe504f5
    Found by: stack scanning
13  xmsim + 0x854870
    rsp = 0x00007fc530cba0a8   rip = 0x0000000000c54870
    Found by: stack scanning
14  libc-2.28.so + 0x99e2b
    rsp = 0x00007fc530cba100   rip = 0x00007fc52fe99e2b
    Found by: stack scanning
15  xmsim + 0x854870
    rsp = 0x00007fc530cba108   rip = 0x0000000000c54870
    Found by: stack scanning
16  libc-2.28.so + 0x504f5
    rsp = 0x00007fc530cba110   rip = 0x00007fc52fe504f5
    Found by: stack scanning
17  xmsim + 0x854870
    rsp = 0x00007fc530cba118   rip = 0x0000000000c54870
    Found by: stack scanning
18  libc-2.28.so + 0x50942
    rsp = 0x00007fc530cba150   rip = 0x00007fc52fe50942
    Found by: stack scanning
19  xmsim + 0x177e165
    rsp = 0x00007fc530cba190   rip = 0x0000000001b7e165
    Found by: stack scanning
20  libc-2.28.so + 0x180800
    rsp = 0x00007fc530cba1e0   rip = 0x00007fc52ff80800
    Found by: stack scanning
21  xmsim + 0x854e7c
    rsp = 0x00007fc530cba220   rip = 0x0000000000c54e7c
    Found by: stack scanning
22  xmsim + 0x854ed5
    rsp = 0x00007fc530cba240   rip = 0x0000000000c54ed5
    Found by: stack scanning
23  xmsim + 0x8b9e6e
    rsp = 0x00007fc530cba270   rip = 0x0000000000cb9e6e
    Found by: stack scanning
24  xmsim + 0x8ba71d
    rsp = 0x00007fc530cba350   rip = 0x0000000000cba71d
    Found by: stack scanning
25  libpthread-2.28.so + 0x12ce0
    rsp = 0x00007fc530cba380   rip = 0x00007fc530a12ce0
    Found by: stack scanning

Loaded modules:
0x00400000 - 0x026f8fff  xmsim  ???  (main)  (WARNING: No symbols, xmsim, E252156156151C97B1FFBDEF85D9C8D20)
0x7fc51f800000 - 0x7fc51f882fff  libpcre2-8.so.0.7.1  ???
0x7fc51fc00000 - 0x7fc51fc26fff  libselinux.so.1  ???
0x7fc520000000 - 0x7fc520005fff  libuuid.so.1.3.0  ???
0x7fc520400000 - 0x7fc52044cfff  libblkid.so.1.1.0  ???
0x7fc520800000 - 0x7fc520855fff  libmount.so.1.1.0  ???
0x7fc520c00000 - 0x7fc520c06fff  librt-2.28.so  ???
0x7fc521000000 - 0x7fc52109efff  libnss_myhostname.so.2  ???
0x7fc521400000 - 0x7fc521413fff  libresolv-2.28.so  ???
0x7fc521800000 - 0x7fc521804fff  libnss_dns-2.28.so  ???
0x7fc521c00000 - 0x7fc521c0afff  libnss_files-2.28.so  ???
0x7fc522000000 - 0x7fc52efb5fff  locale-archive  ???
0x7fc52f000000 - 0x7fc52f8d3fff  passwd  ???
0x7fc52fa00000 - 0x7fc52fa09fff  libnss_sss.so.2  ???
0x7fc52fe00000 - 0x7fc52ffbbfff  libc-2.28.so  ???  (WARNING: No symbols, libc-2.28.so, 8D55AA64DACD8B2D0D7B04CEF33DDBB20)
0x7fc530200000 - 0x7fc530380fff  libm-2.28.so  ???
0x7fc530600000 - 0x7fc530602fff  libdl-2.28.so  ???
0x7fc530839000 - 0x7fc53094afff  libStrapNC.so  ???
0x7fc530a00000 - 0x7fc530a1afff  libpthread-2.28.so  ???  (WARNING: No symbols, libpthread-2.28.so, 6B46ABE79CAC1A5941EF266C4AD26D380)
0x7fc530cbe000 - 0x7fc530d4ffff  libdcapi.so  ???
0x7fc530e00000 - 0x7fc530e2cfff  ld-2.28.so  ???
0x7fc530e53000 - 0x7fc530fd1fff  libstdc++.so.6.0.28  ???
0x7fc531047000 - 0x7fc53105dfff  libml_uvm.so  ???
0x7fc53106b000 - 0x7fc5310fafff  libxmjudy.so.1.0.3  ???
0x7fc531104000 - 0x7fc531157fff  libcbreakpad.so  ???  (WARNING: No symbols, libcbreakpad.so, B7E2589FA42BEAC90FB1C5EEB35368C40)
0x7fc53117b000 - 0x7fc53118efff  libgcc_s.so.1  ???
0x7fc531196000 - 0x7fc53119afff  libxdt.so  ???
0x7fc5311a9000 - 0x7fc5311aafff  linux-gate.so  ???

******BACKTRACE*****
<unknown> (libcbreakpad.so) [0x7fc5311381a3]
<unknown> (libcbreakpad.so) [0x7fc531138630]
vserror (xmsim) [0x1b7c3b9]
serror (xmsim) [0x1b7e165]
sv_seghandler_aux (xmsim) [0xcb9e6e]
sv_seghandler (xmsim) [0xcba71d]
<unknown> (libpthread.so.0) [0x7fc530a12ce0]
******BACKTRACE END*****