Operating system: Linux
                  0.0.0 Linux 7.1.4-1.el8.elrepo.x86_64 #1 SMP PREEMPT_DYNAMIC Sat Jul 18 15:34:32 EDT 2026 x86_64
CPU: amd64
     family 6 model 183 stepping 1
     1 CPU

GPU: UNKNOWN

Crash reason:  DUMP_REQUESTED
Crash address: 0x7f69af199406
Process uptime: not available

Thread 0 (crashed)
 0  libcbreakpad.so + 0x36406
    rax = 0x0000000000000000   rdx = 0x0000000000000000
    rcx = 0x00007f69af197cb2   rbx = 0x00007f69aed3aeb0
    rsi = 0x0000000000000001   rdi = 0x00007f69aed3a838
    rbp = 0x00007f69aed3adf0   rsp = 0x00007f69aed3a7a0
     r8 = 0x0000000000000000    r9 = 0x0000000000000000
    r10 = 0x00007f69af165d68   r11 = 0x00007f69af16f226
    r12 = 0x0000000000000000   r13 = 0x00007f69aed3b198
    r14 = 0x00007f69aed3ae30   r15 = 0x00000000289f752c
    rip = 0x00007f69af199406
    Found by: given as instruction pointer in context
 1  libcbreakpad.so + 0x34672
    rbp = 0x00007f69aed3af40   rsp = 0x00007f69aed3ae00
    rip = 0x00007f69af197672
    Found by: previous frame's frame pointer
 2  xmsim + 0x7f3f20
    rbp = 0x00007f69aed3af40   rsp = 0x00007f69aed3ae98
    rip = 0x0000000000bf3f20
    Found by: stack scanning
 3  xmsim + 0x177c3b9
    rsp = 0x00007f69aed3af50   rip = 0x0000000001b7c3b9
    Found by: stack scanning

Loaded modules:
0x00400000 - 0x026f8fff  xmsim  ???  (main)  (WARNING: No symbols, xmsim, E252156156151C97B1FFBDEF85D9C8D20)
0x7f699c2b1000 - 0x7f699c328fff  libcpi.so  ???
0x7f699d800000 - 0x7f699d882fff  libpcre2-8.so.0.7.1  ???
0x7f699dc00000 - 0x7f699dc26fff  libselinux.so.1  ???
0x7f699e000000 - 0x7f699e005fff  libuuid.so.1.3.0  ???
0x7f699e400000 - 0x7f699e44cfff  libblkid.so.1.1.0  ???
0x7f699e800000 - 0x7f699e855fff  libmount.so.1.1.0  ???
0x7f699ec00000 - 0x7f699ec06fff  librt-2.28.so  ???
0x7f699f000000 - 0x7f699f09efff  libnss_myhostname.so.2  ???
0x7f699f400000 - 0x7f699f413fff  libresolv-2.28.so  ???
0x7f699f687000 - 0x7f699f6e5fff  libdwapi.so  ???
0x7f699f800000 - 0x7f699f804fff  libnss_dns-2.28.so  ???
0x7f699fc00000 - 0x7f699fc0afff  libnss_files-2.28.so  ???
0x7f69a0000000 - 0x7f69acfb5fff  locale-archive  ???
0x7f69ad000000 - 0x7f69ad8d3fff  passwd  ???
0x7f69ada00000 - 0x7f69ada09fff  libnss_sss.so.2  ???
0x7f69ade00000 - 0x7f69adfbbfff  libc-2.28.so  ???
0x7f69ae200000 - 0x7f69ae380fff  libm-2.28.so  ???
0x7f69ae600000 - 0x7f69ae602fff  libdl-2.28.so  ???
0x7f69ae839000 - 0x7f69ae94afff  libStrapNC.so  ???
0x7f69aea00000 - 0x7f69aea1afff  libpthread-2.28.so  ???
0x7f69aed3f000 - 0x7f69aedd0fff  libdcapi.so  ???
0x7f69aee00000 - 0x7f69aee2cfff  ld-2.28.so  ???
0x7f69aee2f000 - 0x7f69aee45fff  libml_uvm.so  ???
0x7f69aee53000 - 0x7f69aefd1fff  libstdc++.so.6.0.28  ???
0x7f69af039000 - 0x7f69af048fff  waves.dsn  ???
0x7f69af0ca000 - 0x7f69af159fff  libxmjudy.so.1.0.3  ???
0x7f69af163000 - 0x7f69af1b6fff  libcbreakpad.so  ???  (WARNING: No symbols, libcbreakpad.so, B7E2589FA42BEAC90FB1C5EEB35368C40)
0x7f69af1da000 - 0x7f69af1edfff  libgcc_s.so.1  ???
0x7f69af1f5000 - 0x7f69af1f9fff  libxdt.so  ???
0x7f69af208000 - 0x7f69af209fff  linux-gate.so  ???

******BACKTRACE*****
<unknown> (libcbreakpad.so) [0x7f69af1971a3]
<unknown> (libcbreakpad.so) [0x7f69af197630]
vserror (xmsim) [0x1b7c3b9]
serror (xmsim) [0x1b7e165]
sv_seghandler_aux (xmsim) [0xcb9e6e]
sv_seghandler (xmsim) [0xcba71d]
<unknown> (libpthread.so.0) [0x7f69aea12ce0]
******BACKTRACE END*****