Operating system: Linux
                  0.0.0 Linux 7.1.4-1.el8.elrepo.x86_64 #1 SMP PREEMPT_DYNAMIC Sat Jul 18 15:34:32 EDT 2026 x86_64
CPU: amd64
     family 6 model 183 stepping 1
     1 CPU

GPU: UNKNOWN

Crash reason:  DUMP_REQUESTED
Crash address: 0x7fc876bc5406
Process uptime: not available

Thread 0 (crashed)
 0  libcbreakpad.so + 0x36406
    rax = 0x0000000000000000   rdx = 0x0000000000000000
    rcx = 0x00007fc876bc3cb2   rbx = 0x00007fc876e9beb0
    rsi = 0x0000000000000001   rdi = 0x00007fc876e9b838
    rbp = 0x00007fc876e9bdf0   rsp = 0x00007fc876e9b7a0
     r8 = 0x0000000000000000    r9 = 0x0000000000000000
    r10 = 0x00007fc876b91d68   r11 = 0x00007fc876b9b226
    r12 = 0x0000000000000000   r13 = 0x00007fc876e9c198
    r14 = 0x00007fc876e9be30   r15 = 0x000000000f104a4c
    rip = 0x00007fc876bc5406
    Found by: given as instruction pointer in context
 1  libcbreakpad.so + 0x34672
    rbp = 0x00007fc876e9bf40   rsp = 0x00007fc876e9be00
    rip = 0x00007fc876bc3672
    Found by: previous frame's frame pointer
 2  xmsim + 0x7f3f20
    rbp = 0x00007fc876e9bf40   rsp = 0x00007fc876e9be98
    rip = 0x0000000000bf3f20
    Found by: stack scanning
 3  xmsim + 0x177c3b9
    rsp = 0x00007fc876e9bf50   rip = 0x0000000001b7c3b9
    Found by: stack scanning
 4  xmsim + 0x854870
    rsp = 0x00007fc876e9bf58   rip = 0x0000000000c54870
    Found by: stack scanning
 5  xmsim + 0x854870
    rsp = 0x00007fc876e9bfb8   rip = 0x0000000000c54870
    Found by: stack scanning
 6  libc-2.28.so + 0x504f5
    rsp = 0x00007fc876e9bfc0   rip = 0x00007fc875c504f5
    Found by: stack scanning
 7  xmsim + 0x854870
    rsp = 0x00007fc876e9bfc8   rip = 0x0000000000c54870
    Found by: stack scanning
 8  xmsim + 0x854870
    rsp = 0x00007fc876e9c028   rip = 0x0000000000c54870
    Found by: stack scanning
 9  libc-2.28.so + 0x504f5
    rsp = 0x00007fc876e9c030   rip = 0x00007fc875c504f5
    Found by: stack scanning
10  xmsim + 0x854870
    rsp = 0x00007fc876e9c038   rip = 0x0000000000c54870
    Found by: stack scanning
11  xmsim + 0x854870
    rsp = 0x00007fc876e9c098   rip = 0x0000000000c54870
    Found by: stack scanning
12  libc-2.28.so + 0x504f5
    rsp = 0x00007fc876e9c0a0   rip = 0x00007fc875c504f5
    Found by: stack scanning
13  xmsim + 0x854870
    rsp = 0x00007fc876e9c0a8   rip = 0x0000000000c54870
    Found by: stack scanning
14  xmsim + 0x854870
    rsp = 0x00007fc876e9c108   rip = 0x0000000000c54870
    Found by: stack scanning
15  libc-2.28.so + 0x504f5
    rsp = 0x00007fc876e9c110   rip = 0x00007fc875c504f5
    Found by: stack scanning
16  xmsim + 0x854870
    rsp = 0x00007fc876e9c118   rip = 0x0000000000c54870
    Found by: stack scanning
17  libc-2.28.so + 0x50942
    rsp = 0x00007fc876e9c150   rip = 0x00007fc875c50942
    Found by: stack scanning
18  xmsim + 0x177e165
    rsp = 0x00007fc876e9c190   rip = 0x0000000001b7e165
    Found by: stack scanning
19  libc-2.28.so + 0x180800
    rsp = 0x00007fc876e9c1e0   rip = 0x00007fc875d80800
    Found by: stack scanning
20  xmsim + 0x854e7c
    rsp = 0x00007fc876e9c220   rip = 0x0000000000c54e7c
    Found by: stack scanning
21  xmsim + 0x854ed5
    rsp = 0x00007fc876e9c240   rip = 0x0000000000c54ed5
    Found by: stack scanning
22  xmsim + 0x8b9e6e
    rsp = 0x00007fc876e9c270   rip = 0x0000000000cb9e6e
    Found by: stack scanning
23  xmsim + 0x8ba71d
    rsp = 0x00007fc876e9c350   rip = 0x0000000000cba71d
    Found by: stack scanning
24  libpthread-2.28.so + 0x12ce0
    rsp = 0x00007fc876e9c380   rip = 0x00007fc876812ce0
    Found by: stack scanning

Loaded modules:
0x00400000 - 0x026f8fff  xmsim  ???  (main)  (WARNING: No symbols, xmsim, E252156156151C97B1FFBDEF85D9C8D20)
0x7fc865600000 - 0x7fc865682fff  libpcre2-8.so.0.7.1  ???
0x7fc865a00000 - 0x7fc865a26fff  libselinux.so.1  ???
0x7fc865e00000 - 0x7fc865e05fff  libuuid.so.1.3.0  ???
0x7fc866200000 - 0x7fc86624cfff  libblkid.so.1.1.0  ???
0x7fc866600000 - 0x7fc866655fff  libmount.so.1.1.0  ???
0x7fc866a00000 - 0x7fc866a06fff  librt-2.28.so  ???
0x7fc866e00000 - 0x7fc866e9efff  libnss_myhostname.so.2  ???
0x7fc867200000 - 0x7fc867213fff  libresolv-2.28.so  ???
0x7fc867600000 - 0x7fc867604fff  libnss_dns-2.28.so  ???
0x7fc867a00000 - 0x7fc867a0afff  libnss_files-2.28.so  ???
0x7fc867e00000 - 0x7fc874db5fff  locale-archive  ???
0x7fc874e00000 - 0x7fc8756d3fff  passwd  ???
0x7fc875800000 - 0x7fc875809fff  libnss_sss.so.2  ???
0x7fc875a39000 - 0x7fc875b4afff  libStrapNC.so  ???
0x7fc875c00000 - 0x7fc875dbbfff  libc-2.28.so  ???  (WARNING: No symbols, libc-2.28.so, 8D55AA64DACD8B2D0D7B04CEF33DDBB20)
0x7fc876000000 - 0x7fc876180fff  libm-2.28.so  ???
0x7fc876400000 - 0x7fc876402fff  libdl-2.28.so  ???
0x7fc87673f000 - 0x7fc8767d0fff  libdcapi.so  ???
0x7fc876800000 - 0x7fc87681afff  libpthread-2.28.so  ???  (WARNING: No symbols, libpthread-2.28.so, 6B46ABE79CAC1A5941EF266C4AD26D380)
0x7fc876af6000 - 0x7fc876b85fff  libxmjudy.so.1.0.3  ???
0x7fc876b8f000 - 0x7fc876be2fff  libcbreakpad.so  ???  (WARNING: No symbols, libcbreakpad.so, B7E2589FA42BEAC90FB1C5EEB35368C40)
0x7fc876c00000 - 0x7fc876c2cfff  ld-2.28.so  ???
0x7fc876c53000 - 0x7fc876dd1fff  libstdc++.so.6.0.28  ???
0x7fc876e36000 - 0x7fc876e4cfff  libml_uvm.so  ???
0x7fc876ea6000 - 0x7fc876eb9fff  libgcc_s.so.1  ???
0x7fc876ec1000 - 0x7fc876ec5fff  libxdt.so  ???
0x7fc876ed4000 - 0x7fc876ed5fff  linux-gate.so  ???

******BACKTRACE*****
<unknown> (libcbreakpad.so) [0x7fc876bc31a3]
<unknown> (libcbreakpad.so) [0x7fc876bc3630]
vserror (xmsim) [0x1b7c3b9]
serror (xmsim) [0x1b7e165]
sv_seghandler_aux (xmsim) [0xcb9e6e]
sv_seghandler (xmsim) [0xcba71d]
<unknown> (libpthread.so.0) [0x7fc876812ce0]
******BACKTRACE END*****