Operating system: Linux
                  0.0.0 Linux 7.1.4-1.el8.elrepo.x86_64 #1 SMP PREEMPT_DYNAMIC Sat Jul 18 15:34:32 EDT 2026 x86_64
CPU: amd64
     family 6 model 183 stepping 1
     1 CPU

GPU: UNKNOWN

Crash reason:  DUMP_REQUESTED
Crash address: 0x7fa06eef1406
Process uptime: not available

Thread 0 (crashed)
 0  libcbreakpad.so + 0x36406
    rax = 0x0000000000000000   rdx = 0x0000000000000000
    rcx = 0x00007fa06eeefcb2   rbx = 0x00007fa06eaa1eb0
    rsi = 0x0000000000000001   rdi = 0x00007fa06eaa1838
    rbp = 0x00007fa06eaa1df0   rsp = 0x00007fa06eaa17a0
     r8 = 0x0000000000000000    r9 = 0x0000000000000000
    r10 = 0x00007fa06eebdd68   r11 = 0x00007fa06eec7226
    r12 = 0x0000000000000000   r13 = 0x00007fa06eaa2198
    r14 = 0x00007fa06eaa1e30   r15 = 0x00000000238ede2c
    rip = 0x00007fa06eef1406
    Found by: given as instruction pointer in context
 1  libcbreakpad.so + 0x34672
    rbp = 0x00007fa06eaa1f40   rsp = 0x00007fa06eaa1e00
    rip = 0x00007fa06eeef672
    Found by: previous frame's frame pointer
 2  xmsim + 0x7f3f20
    rbp = 0x00007fa06eaa1f40   rsp = 0x00007fa06eaa1e98
    rip = 0x0000000000bf3f20
    Found by: stack scanning
 3  xmsim + 0x177c3b9
    rsp = 0x00007fa06eaa1f50   rip = 0x0000000001b7c3b9
    Found by: stack scanning

Loaded modules:
0x00400000 - 0x026f8fff  xmsim  ???  (main)  (WARNING: No symbols, xmsim, E252156156151C97B1FFBDEF85D9C8D20)
0x7fa05c0b1000 - 0x7fa05c128fff  libcpi.so  ???
0x7fa05d600000 - 0x7fa05d682fff  libpcre2-8.so.0.7.1  ???
0x7fa05da00000 - 0x7fa05da26fff  libselinux.so.1  ???
0x7fa05de00000 - 0x7fa05de05fff  libuuid.so.1.3.0  ???
0x7fa05e200000 - 0x7fa05e24cfff  libblkid.so.1.1.0  ???
0x7fa05e600000 - 0x7fa05e655fff  libmount.so.1.1.0  ???
0x7fa05ea00000 - 0x7fa05ea06fff  librt-2.28.so  ???
0x7fa05ee00000 - 0x7fa05ee9efff  libnss_myhostname.so.2  ???
0x7fa05f200000 - 0x7fa05f213fff  libresolv-2.28.so  ???
0x7fa05f600000 - 0x7fa05f604fff  libnss_dns-2.28.so  ???
0x7fa05f887000 - 0x7fa05f8e5fff  libdwapi.so  ???
0x7fa05fa00000 - 0x7fa05fa0afff  libnss_files-2.28.so  ???
0x7fa05fe00000 - 0x7fa06cdb5fff  locale-archive  ???
0x7fa06ce00000 - 0x7fa06d6d3fff  passwd  ???
0x7fa06d800000 - 0x7fa06d809fff  libnss_sss.so.2  ???
0x7fa06dc00000 - 0x7fa06ddbbfff  libc-2.28.so  ???
0x7fa06e000000 - 0x7fa06e180fff  libm-2.28.so  ???
0x7fa06e400000 - 0x7fa06e402fff  libdl-2.28.so  ???
0x7fa06e639000 - 0x7fa06e74afff  libStrapNC.so  ???
0x7fa06e800000 - 0x7fa06e81afff  libpthread-2.28.so  ???
0x7fa06ea50000 - 0x7fa06ea5ffff  waves.dsn  ???
0x7fa06eaa6000 - 0x7fa06eb37fff  libdcapi.so  ???
0x7fa06eb67000 - 0x7fa06ebf6fff  libxmjudy.so.1.0.3  ???
0x7fa06ec00000 - 0x7fa06ec2cfff  ld-2.28.so  ???
0x7fa06ec2f000 - 0x7fa06ec45fff  libml_uvm.so  ???
0x7fa06ec53000 - 0x7fa06edd1fff  libstdc++.so.6.0.28  ???
0x7fa06eebb000 - 0x7fa06ef0efff  libcbreakpad.so  ???  (WARNING: No symbols, libcbreakpad.so, B7E2589FA42BEAC90FB1C5EEB35368C40)
0x7fa06ef32000 - 0x7fa06ef45fff  libgcc_s.so.1  ???
0x7fa06ef4d000 - 0x7fa06ef51fff  libxdt.so  ???
0x7fa06ef60000 - 0x7fa06ef61fff  linux-gate.so  ???

******BACKTRACE*****
<unknown> (libcbreakpad.so) [0x7fa06eeef1a3]
<unknown> (libcbreakpad.so) [0x7fa06eeef630]
vserror (xmsim) [0x1b7c3b9]
serror (xmsim) [0x1b7e165]
sv_seghandler_aux (xmsim) [0xcb9e6e]
sv_seghandler (xmsim) [0xcba71d]
<unknown> (libpthread.so.0) [0x7fa06e812ce0]
******BACKTRACE END*****