Operating system: Linux
                  0.0.0 Linux 7.1.4-1.el8.elrepo.x86_64 #1 SMP PREEMPT_DYNAMIC Sat Jul 18 15:34:32 EDT 2026 x86_64
CPU: amd64
     family 6 model 183 stepping 1
     1 CPU

GPU: UNKNOWN

Crash reason:  DUMP_REQUESTED
Crash address: 0x7fe4f8a67406
Process uptime: not available

Thread 0 (crashed)
 0  libcbreakpad.so + 0x36406
    rax = 0x0000000000000000   rdx = 0x0000000000000000
    rcx = 0x00007fe4f8a65cb2   rbx = 0x00007fe4f7ffbeb0
    rsi = 0x0000000000000001   rdi = 0x00007fe4f7ffb838
    rbp = 0x00007fe4f7ffbdf0   rsp = 0x00007fe4f7ffb7a0
     r8 = 0x0000000000000000    r9 = 0x0000000000000000
    r10 = 0x00007fe4f8a33d68   r11 = 0x00007fe4f8a3d226
    r12 = 0x0000000000000000   r13 = 0x00007fe4f7ffc198
    r14 = 0x00007fe4f7ffbe30   r15 = 0x0000000017b4d44c
    rip = 0x00007fe4f8a67406
    Found by: given as instruction pointer in context
 1  libcbreakpad.so + 0x34672
    rbp = 0x00007fe4f7ffbf40   rsp = 0x00007fe4f7ffbe00
    rip = 0x00007fe4f8a65672
    Found by: previous frame's frame pointer
 2  xmsim + 0x7f3f20
    rbp = 0x00007fe4f7ffbf40   rsp = 0x00007fe4f7ffbe98
    rip = 0x0000000000bf3f20
    Found by: stack scanning
 3  xmsim + 0x177c3b9
    rsp = 0x00007fe4f7ffbf50   rip = 0x0000000001b7c3b9
    Found by: stack scanning
 4  xmsim + 0x854870
    rsp = 0x00007fe4f7ffbf58   rip = 0x0000000000c54870
    Found by: stack scanning
 5  xmsim + 0x854870
    rsp = 0x00007fe4f7ffbfb8   rip = 0x0000000000c54870
    Found by: stack scanning
 6  libc-2.28.so + 0x504f5
    rsp = 0x00007fe4f7ffbfc0   rip = 0x00007fe4f78504f5
    Found by: stack scanning
 7  xmsim + 0x854870
    rsp = 0x00007fe4f7ffbfc8   rip = 0x0000000000c54870
    Found by: stack scanning
 8  xmsim + 0x854870
    rsp = 0x00007fe4f7ffc028   rip = 0x0000000000c54870
    Found by: stack scanning
 9  libc-2.28.so + 0x504f5
    rsp = 0x00007fe4f7ffc030   rip = 0x00007fe4f78504f5
    Found by: stack scanning
10  xmsim + 0x854870
    rsp = 0x00007fe4f7ffc038   rip = 0x0000000000c54870
    Found by: stack scanning
11  xmsim + 0x854870
    rsp = 0x00007fe4f7ffc098   rip = 0x0000000000c54870
    Found by: stack scanning
12  libc-2.28.so + 0x504f5
    rsp = 0x00007fe4f7ffc0a0   rip = 0x00007fe4f78504f5
    Found by: stack scanning
13  xmsim + 0x854870
    rsp = 0x00007fe4f7ffc0a8   rip = 0x0000000000c54870
    Found by: stack scanning
14  libc-2.28.so + 0x99e2b
    rsp = 0x00007fe4f7ffc100   rip = 0x00007fe4f7899e2b
    Found by: stack scanning
15  xmsim + 0x854870
    rsp = 0x00007fe4f7ffc108   rip = 0x0000000000c54870
    Found by: stack scanning
16  libc-2.28.so + 0x504f5
    rsp = 0x00007fe4f7ffc110   rip = 0x00007fe4f78504f5
    Found by: stack scanning
17  xmsim + 0x854870
    rsp = 0x00007fe4f7ffc118   rip = 0x0000000000c54870
    Found by: stack scanning
18  libc-2.28.so + 0x50942
    rsp = 0x00007fe4f7ffc150   rip = 0x00007fe4f7850942
    Found by: stack scanning
19  xmsim + 0x177e165
    rsp = 0x00007fe4f7ffc190   rip = 0x0000000001b7e165
    Found by: stack scanning
20  libc-2.28.so + 0x180800
    rsp = 0x00007fe4f7ffc1e0   rip = 0x00007fe4f7980800
    Found by: stack scanning
21  xmsim + 0x854e7c
    rsp = 0x00007fe4f7ffc220   rip = 0x0000000000c54e7c
    Found by: stack scanning
22  xmsim + 0x854ed5
    rsp = 0x00007fe4f7ffc240   rip = 0x0000000000c54ed5
    Found by: stack scanning
23  xmsim + 0x8b9e6e
    rsp = 0x00007fe4f7ffc270   rip = 0x0000000000cb9e6e
    Found by: stack scanning
24  xmsim + 0x8ba71d
    rsp = 0x00007fe4f7ffc350   rip = 0x0000000000cba71d
    Found by: stack scanning
25  libpthread-2.28.so + 0x12ce0
    rsp = 0x00007fe4f7ffc380   rip = 0x00007fe4f8412ce0
    Found by: stack scanning

Loaded modules:
0x00400000 - 0x026f8fff  xmsim  ???  (main)  (WARNING: No symbols, xmsim, E252156156151C97B1FFBDEF85D9C8D20)
0x7fe4e7200000 - 0x7fe4e7282fff  libpcre2-8.so.0.7.1  ???
0x7fe4e7600000 - 0x7fe4e7626fff  libselinux.so.1  ???
0x7fe4e7a00000 - 0x7fe4e7a05fff  libuuid.so.1.3.0  ???
0x7fe4e7e00000 - 0x7fe4e7e4cfff  libblkid.so.1.1.0  ???
0x7fe4e8200000 - 0x7fe4e8255fff  libmount.so.1.1.0  ???
0x7fe4e8600000 - 0x7fe4e8606fff  librt-2.28.so  ???
0x7fe4e8a00000 - 0x7fe4e8a9efff  libnss_myhostname.so.2  ???
0x7fe4e8e00000 - 0x7fe4e8e13fff  libresolv-2.28.so  ???
0x7fe4e9200000 - 0x7fe4e9204fff  libnss_dns-2.28.so  ???
0x7fe4e9600000 - 0x7fe4e960afff  libnss_files-2.28.so  ???
0x7fe4e9a00000 - 0x7fe4f69b5fff  locale-archive  ???
0x7fe4f6a00000 - 0x7fe4f72d3fff  passwd  ???
0x7fe4f7400000 - 0x7fe4f7409fff  libnss_sss.so.2  ???
0x7fe4f7800000 - 0x7fe4f79bbfff  libc-2.28.so  ???  (WARNING: No symbols, libc-2.28.so, 8D55AA64DACD8B2D0D7B04CEF33DDBB20)
0x7fe4f7c00000 - 0x7fe4f7d80fff  libm-2.28.so  ???
0x7fe4f8000000 - 0x7fe4f8002fff  libdl-2.28.so  ???
0x7fe4f8239000 - 0x7fe4f834afff  libStrapNC.so  ???
0x7fe4f8400000 - 0x7fe4f841afff  libpthread-2.28.so  ???  (WARNING: No symbols, libpthread-2.28.so, 6B46ABE79CAC1A5941EF266C4AD26D380)
0x7fe4f8625000 - 0x7fe4f86b6fff  libdcapi.so  ???
0x7fe4f8767000 - 0x7fe4f87f6fff  libxmjudy.so.1.0.3  ???
0x7fe4f8800000 - 0x7fe4f882cfff  ld-2.28.so  ???
0x7fe4f882f000 - 0x7fe4f8845fff  libml_uvm.so  ???
0x7fe4f8853000 - 0x7fe4f89d1fff  libstdc++.so.6.0.28  ???
0x7fe4f8a31000 - 0x7fe4f8a84fff  libcbreakpad.so  ???  (WARNING: No symbols, libcbreakpad.so, B7E2589FA42BEAC90FB1C5EEB35368C40)
0x7fe4f8aa8000 - 0x7fe4f8abbfff  libgcc_s.so.1  ???
0x7fe4f8ac3000 - 0x7fe4f8ac7fff  libxdt.so  ???
0x7fe4f8ad6000 - 0x7fe4f8ad7fff  linux-gate.so  ???

******BACKTRACE*****
<unknown> (libcbreakpad.so) [0x7fe4f8a651a3]
<unknown> (libcbreakpad.so) [0x7fe4f8a65630]
vserror (xmsim) [0x1b7c3b9]
serror (xmsim) [0x1b7e165]
sv_seghandler_aux (xmsim) [0xcb9e6e]
sv_seghandler (xmsim) [0xcba71d]
<unknown> (libpthread.so.0) [0x7fe4f8412ce0]
******BACKTRACE END*****