Operating system: Linux
                  0.0.0 Linux 7.1.4-1.el8.elrepo.x86_64 #1 SMP PREEMPT_DYNAMIC Sat Jul 18 15:34:32 EDT 2026 x86_64
CPU: amd64
     family 6 model 183 stepping 1
     1 CPU

GPU: UNKNOWN

Crash reason:  DUMP_REQUESTED
Crash address: 0x7fd029174406
Process uptime: not available

Thread 0 (crashed)
 0  libcbreakpad.so + 0x36406
    rax = 0x0000000000000000   rdx = 0x0000000000000000
    rcx = 0x00007fd029172cb2   rbx = 0x00007fd0290a0eb0
    rsi = 0x0000000000000001   rdi = 0x00007fd0290a0838
    rbp = 0x00007fd0290a0df0   rsp = 0x00007fd0290a07a0
     r8 = 0x0000000000000000    r9 = 0x0000000000000000
    r10 = 0x00007fd029140d68   r11 = 0x00007fd02914a226
    r12 = 0x0000000000000000   r13 = 0x00007fd0290a1198
    r14 = 0x00007fd0290a0e30   r15 = 0x0000000008c8634c
    rip = 0x00007fd029174406
    Found by: given as instruction pointer in context
 1  libcbreakpad.so + 0x34672
    rbp = 0x00007fd0290a0f40   rsp = 0x00007fd0290a0e00
    rip = 0x00007fd029172672
    Found by: previous frame's frame pointer
 2  xmsim + 0x7f3f20
    rbp = 0x00007fd0290a0f40   rsp = 0x00007fd0290a0e98
    rip = 0x0000000000bf3f20
    Found by: stack scanning
 3  xmsim + 0x177c3b9
    rsp = 0x00007fd0290a0f50   rip = 0x0000000001b7c3b9
    Found by: stack scanning
 4  xmsim + 0x854870
    rsp = 0x00007fd0290a0f58   rip = 0x0000000000c54870
    Found by: stack scanning
 5  xmsim + 0x854870
    rsp = 0x00007fd0290a0fb8   rip = 0x0000000000c54870
    Found by: stack scanning
 6  libc-2.28.so + 0x504f5
    rsp = 0x00007fd0290a0fc0   rip = 0x00007fd027e504f5
    Found by: stack scanning
 7  xmsim + 0x854870
    rsp = 0x00007fd0290a0fc8   rip = 0x0000000000c54870
    Found by: stack scanning
 8  xmsim + 0x854870
    rsp = 0x00007fd0290a1028   rip = 0x0000000000c54870
    Found by: stack scanning
 9  libc-2.28.so + 0x504f5
    rsp = 0x00007fd0290a1030   rip = 0x00007fd027e504f5
    Found by: stack scanning
10  xmsim + 0x854870
    rsp = 0x00007fd0290a1038   rip = 0x0000000000c54870
    Found by: stack scanning
11  xmsim + 0x854870
    rsp = 0x00007fd0290a1098   rip = 0x0000000000c54870
    Found by: stack scanning
12  libc-2.28.so + 0x504f5
    rsp = 0x00007fd0290a10a0   rip = 0x00007fd027e504f5
    Found by: stack scanning
13  xmsim + 0x854870
    rsp = 0x00007fd0290a10a8   rip = 0x0000000000c54870
    Found by: stack scanning
14  xmsim + 0x854870
    rsp = 0x00007fd0290a1108   rip = 0x0000000000c54870
    Found by: stack scanning
15  libc-2.28.so + 0x504f5
    rsp = 0x00007fd0290a1110   rip = 0x00007fd027e504f5
    Found by: stack scanning
16  xmsim + 0x854870
    rsp = 0x00007fd0290a1118   rip = 0x0000000000c54870
    Found by: stack scanning
17  libc-2.28.so + 0x50942
    rsp = 0x00007fd0290a1150   rip = 0x00007fd027e50942
    Found by: stack scanning
18  xmsim + 0x177e165
    rsp = 0x00007fd0290a1190   rip = 0x0000000001b7e165
    Found by: stack scanning
19  libc-2.28.so + 0x180800
    rsp = 0x00007fd0290a11e0   rip = 0x00007fd027f80800
    Found by: stack scanning
20  xmsim + 0x854e7c
    rsp = 0x00007fd0290a1220   rip = 0x0000000000c54e7c
    Found by: stack scanning
21  xmsim + 0x854ed5
    rsp = 0x00007fd0290a1240   rip = 0x0000000000c54ed5
    Found by: stack scanning
22  xmsim + 0x8b9e6e
    rsp = 0x00007fd0290a1270   rip = 0x0000000000cb9e6e
    Found by: stack scanning
23  xmsim + 0x8ba71d
    rsp = 0x00007fd0290a1350   rip = 0x0000000000cba71d
    Found by: stack scanning
24  libpthread-2.28.so + 0x12ce0
    rsp = 0x00007fd0290a1380   rip = 0x00007fd028a12ce0
    Found by: stack scanning

Loaded modules:
0x00400000 - 0x026f8fff  xmsim  ???  (main)  (WARNING: No symbols, xmsim, E252156156151C97B1FFBDEF85D9C8D20)
0x7fd017800000 - 0x7fd017882fff  libpcre2-8.so.0.7.1  ???
0x7fd017c00000 - 0x7fd017c26fff  libselinux.so.1  ???
0x7fd018000000 - 0x7fd018005fff  libuuid.so.1.3.0  ???
0x7fd018400000 - 0x7fd01844cfff  libblkid.so.1.1.0  ???
0x7fd018800000 - 0x7fd018855fff  libmount.so.1.1.0  ???
0x7fd018c00000 - 0x7fd018c06fff  librt-2.28.so  ???
0x7fd019000000 - 0x7fd01909efff  libnss_myhostname.so.2  ???
0x7fd019400000 - 0x7fd019413fff  libresolv-2.28.so  ???
0x7fd019800000 - 0x7fd019804fff  libnss_dns-2.28.so  ???
0x7fd019c00000 - 0x7fd019c0afff  libnss_files-2.28.so  ???
0x7fd01a000000 - 0x7fd026fb5fff  locale-archive  ???
0x7fd027000000 - 0x7fd0278d3fff  passwd  ???
0x7fd027a00000 - 0x7fd027a09fff  libnss_sss.so.2  ???
0x7fd027e00000 - 0x7fd027fbbfff  libc-2.28.so  ???  (WARNING: No symbols, libc-2.28.so, 8D55AA64DACD8B2D0D7B04CEF33DDBB20)
0x7fd028200000 - 0x7fd028380fff  libm-2.28.so  ???
0x7fd028600000 - 0x7fd028602fff  libdl-2.28.so  ???
0x7fd028839000 - 0x7fd02894afff  libStrapNC.so  ???
0x7fd028a00000 - 0x7fd028a1afff  libpthread-2.28.so  ???  (WARNING: No symbols, libpthread-2.28.so, 6B46ABE79CAC1A5941EF266C4AD26D380)
0x7fd028cbe000 - 0x7fd028d4ffff  libdcapi.so  ???
0x7fd028e00000 - 0x7fd028e2cfff  ld-2.28.so  ???
0x7fd028e53000 - 0x7fd028fd1fff  libstdc++.so.6.0.28  ???
0x7fd02903b000 - 0x7fd029051fff  libml_uvm.so  ???
0x7fd0290a5000 - 0x7fd029134fff  libxmjudy.so.1.0.3  ???
0x7fd02913e000 - 0x7fd029191fff  libcbreakpad.so  ???  (WARNING: No symbols, libcbreakpad.so, B7E2589FA42BEAC90FB1C5EEB35368C40)
0x7fd0291b5000 - 0x7fd0291c8fff  libgcc_s.so.1  ???
0x7fd0291d0000 - 0x7fd0291d4fff  libxdt.so  ???
0x7fd0291e3000 - 0x7fd0291e4fff  linux-gate.so  ???

******BACKTRACE*****
<unknown> (libcbreakpad.so) [0x7fd0291721a3]
<unknown> (libcbreakpad.so) [0x7fd029172630]
vserror (xmsim) [0x1b7c3b9]
serror (xmsim) [0x1b7e165]
sv_seghandler_aux (xmsim) [0xcb9e6e]
sv_seghandler (xmsim) [0xcba71d]
<unknown> (libpthread.so.0) [0x7fd028a12ce0]
******BACKTRACE END*****