Operating system: Linux
                  0.0.0 Linux 7.1.4-1.el8.elrepo.x86_64 #1 SMP PREEMPT_DYNAMIC Sat Jul 18 15:34:32 EDT 2026 x86_64
CPU: amd64
     family 6 model 183 stepping 1
     1 CPU

GPU: UNKNOWN

Crash reason:  DUMP_REQUESTED
Crash address: 0x7fbd3a6c3406
Process uptime: not available

Thread 0 (crashed)
 0  libcbreakpad.so + 0x36406
    rax = 0x0000000000000000   rdx = 0x0000000000000000
    rcx = 0x00007fbd3a6c1cb2   rbx = 0x00007fbd3a688eb0
    rsi = 0x0000000000000001   rdi = 0x00007fbd3a688838
    rbp = 0x00007fbd3a688df0   rsp = 0x00007fbd3a6887a0
     r8 = 0x0000000000000000    r9 = 0x0000000000000000
    r10 = 0x00007fbd3a68fd68   r11 = 0x00007fbd3a699226
    r12 = 0x0000000000000000   r13 = 0x00007fbd3a689198
    r14 = 0x00007fbd3a688e30   r15 = 0x000000002898670c
    rip = 0x00007fbd3a6c3406
    Found by: given as instruction pointer in context
 1  libcbreakpad.so + 0x34672
    rbp = 0x00007fbd3a688f40   rsp = 0x00007fbd3a688e00
    rip = 0x00007fbd3a6c1672
    Found by: previous frame's frame pointer
 2  xmsim + 0x7f3f20
    rbp = 0x00007fbd3a688f40   rsp = 0x00007fbd3a688e98
    rip = 0x0000000000bf3f20
    Found by: stack scanning
 3  xmsim + 0x177c3b9
    rsp = 0x00007fbd3a688f50   rip = 0x0000000001b7c3b9
    Found by: stack scanning
 4  xmsim + 0x854870
    rsp = 0x00007fbd3a688f58   rip = 0x0000000000c54870
    Found by: stack scanning
 5  xmsim + 0x854870
    rsp = 0x00007fbd3a688fb8   rip = 0x0000000000c54870
    Found by: stack scanning
 6  libc-2.28.so + 0x504f5
    rsp = 0x00007fbd3a688fc0   rip = 0x00007fbd394504f5
    Found by: stack scanning
 7  xmsim + 0x854870
    rsp = 0x00007fbd3a688fc8   rip = 0x0000000000c54870
    Found by: stack scanning
 8  xmsim + 0x854870
    rsp = 0x00007fbd3a689028   rip = 0x0000000000c54870
    Found by: stack scanning
 9  libc-2.28.so + 0x504f5
    rsp = 0x00007fbd3a689030   rip = 0x00007fbd394504f5
    Found by: stack scanning
10  xmsim + 0x854870
    rsp = 0x00007fbd3a689038   rip = 0x0000000000c54870
    Found by: stack scanning
11  xmsim + 0x854870
    rsp = 0x00007fbd3a689098   rip = 0x0000000000c54870
    Found by: stack scanning
12  libc-2.28.so + 0x504f5
    rsp = 0x00007fbd3a6890a0   rip = 0x00007fbd394504f5
    Found by: stack scanning
13  xmsim + 0x854870
    rsp = 0x00007fbd3a6890a8   rip = 0x0000000000c54870
    Found by: stack scanning
14  libc-2.28.so + 0x99e2b
    rsp = 0x00007fbd3a689100   rip = 0x00007fbd39499e2b
    Found by: stack scanning
15  xmsim + 0x854870
    rsp = 0x00007fbd3a689108   rip = 0x0000000000c54870
    Found by: stack scanning
16  libc-2.28.so + 0x504f5
    rsp = 0x00007fbd3a689110   rip = 0x00007fbd394504f5
    Found by: stack scanning
17  xmsim + 0x854870
    rsp = 0x00007fbd3a689118   rip = 0x0000000000c54870
    Found by: stack scanning
18  libc-2.28.so + 0x50942
    rsp = 0x00007fbd3a689150   rip = 0x00007fbd39450942
    Found by: stack scanning
19  xmsim + 0x177e165
    rsp = 0x00007fbd3a689190   rip = 0x0000000001b7e165
    Found by: stack scanning
20  libc-2.28.so + 0x180800
    rsp = 0x00007fbd3a6891e0   rip = 0x00007fbd39580800
    Found by: stack scanning
21  xmsim + 0x854e7c
    rsp = 0x00007fbd3a689220   rip = 0x0000000000c54e7c
    Found by: stack scanning
22  xmsim + 0x854ed5
    rsp = 0x00007fbd3a689240   rip = 0x0000000000c54ed5
    Found by: stack scanning
23  xmsim + 0x8b9e6e
    rsp = 0x00007fbd3a689270   rip = 0x0000000000cb9e6e
    Found by: stack scanning
24  xmsim + 0x8ba71d
    rsp = 0x00007fbd3a689350   rip = 0x0000000000cba71d
    Found by: stack scanning
25  libpthread-2.28.so + 0x12ce0
    rsp = 0x00007fbd3a689380   rip = 0x00007fbd3a012ce0
    Found by: stack scanning

Loaded modules:
0x00400000 - 0x026f8fff  xmsim  ???  (main)  (WARNING: No symbols, xmsim, E252156156151C97B1FFBDEF85D9C8D20)
0x7fbd28e00000 - 0x7fbd28e82fff  libpcre2-8.so.0.7.1  ???
0x7fbd29200000 - 0x7fbd29226fff  libselinux.so.1  ???
0x7fbd29600000 - 0x7fbd29605fff  libuuid.so.1.3.0  ???
0x7fbd29a00000 - 0x7fbd29a4cfff  libblkid.so.1.1.0  ???
0x7fbd29e00000 - 0x7fbd29e55fff  libmount.so.1.1.0  ???
0x7fbd2a200000 - 0x7fbd2a206fff  librt-2.28.so  ???
0x7fbd2a600000 - 0x7fbd2a69efff  libnss_myhostname.so.2  ???
0x7fbd2aa00000 - 0x7fbd2aa13fff  libresolv-2.28.so  ???
0x7fbd2ae00000 - 0x7fbd2ae04fff  libnss_dns-2.28.so  ???
0x7fbd2b200000 - 0x7fbd2b20afff  libnss_files-2.28.so  ???
0x7fbd2b600000 - 0x7fbd385b5fff  locale-archive  ???
0x7fbd38600000 - 0x7fbd38ed3fff  passwd  ???
0x7fbd39000000 - 0x7fbd39009fff  libnss_sss.so.2  ???
0x7fbd39400000 - 0x7fbd395bbfff  libc-2.28.so  ???  (WARNING: No symbols, libc-2.28.so, 8D55AA64DACD8B2D0D7B04CEF33DDBB20)
0x7fbd39800000 - 0x7fbd39980fff  libm-2.28.so  ???
0x7fbd39c00000 - 0x7fbd39c02fff  libdl-2.28.so  ???
0x7fbd39e39000 - 0x7fbd39f4afff  libStrapNC.so  ???
0x7fbd3a000000 - 0x7fbd3a01afff  libpthread-2.28.so  ???  (WARNING: No symbols, libpthread-2.28.so, 6B46ABE79CAC1A5941EF266C4AD26D380)
0x7fbd3a225000 - 0x7fbd3a2b6fff  libdcapi.so  ???
0x7fbd3a367000 - 0x7fbd3a3f6fff  libxmjudy.so.1.0.3  ???
0x7fbd3a400000 - 0x7fbd3a42cfff  ld-2.28.so  ???
0x7fbd3a42f000 - 0x7fbd3a445fff  libml_uvm.so  ???
0x7fbd3a453000 - 0x7fbd3a5d1fff  libstdc++.so.6.0.28  ???
0x7fbd3a68d000 - 0x7fbd3a6e0fff  libcbreakpad.so  ???  (WARNING: No symbols, libcbreakpad.so, B7E2589FA42BEAC90FB1C5EEB35368C40)
0x7fbd3a704000 - 0x7fbd3a717fff  libgcc_s.so.1  ???
0x7fbd3a71f000 - 0x7fbd3a723fff  libxdt.so  ???
0x7fbd3a732000 - 0x7fbd3a733fff  linux-gate.so  ???

******BACKTRACE*****
<unknown> (libcbreakpad.so) [0x7fbd3a6c11a3]
<unknown> (libcbreakpad.so) [0x7fbd3a6c1630]
vserror (xmsim) [0x1b7c3b9]
serror (xmsim) [0x1b7e165]
sv_seghandler_aux (xmsim) [0xcb9e6e]
sv_seghandler (xmsim) [0xcba71d]
<unknown> (libpthread.so.0) [0x7fbd3a012ce0]
******BACKTRACE END*****