Operating system: Linux
                  0.0.0 Linux 7.1.4-1.el8.elrepo.x86_64 #1 SMP PREEMPT_DYNAMIC Sat Jul 18 15:34:32 EDT 2026 x86_64
CPU: amd64
     family 6 model 183 stepping 1
     1 CPU

GPU: UNKNOWN

Crash reason:  DUMP_REQUESTED
Crash address: 0x7efdfdf57406
Process uptime: not available

Thread 0 (crashed)
 0  libcbreakpad.so + 0x36406
    rax = 0x0000000000000000   rdx = 0x0000000000000000
    rcx = 0x00007efdfdf55cb2   rbx = 0x00007efdfde83eb0
    rsi = 0x0000000000000001   rdi = 0x00007efdfde83838
    rbp = 0x00007efdfde83df0   rsp = 0x00007efdfde837a0
     r8 = 0x0000000000000000    r9 = 0x0000000000000000
    r10 = 0x00007efdfdf23d68   r11 = 0x00007efdfdf2d226
    r12 = 0x0000000000000000   r13 = 0x00007efdfde84198
    r14 = 0x00007efdfde83e30   r15 = 0x000000000a58b4cc
    rip = 0x00007efdfdf57406
    Found by: given as instruction pointer in context
 1  libcbreakpad.so + 0x34672
    rbp = 0x00007efdfde83f40   rsp = 0x00007efdfde83e00
    rip = 0x00007efdfdf55672
    Found by: previous frame's frame pointer
 2  xmsim + 0x7f3f20
    rbp = 0x00007efdfde83f40   rsp = 0x00007efdfde83e98
    rip = 0x0000000000bf3f20
    Found by: stack scanning
 3  xmsim + 0x177c3b9
    rsp = 0x00007efdfde83f50   rip = 0x0000000001b7c3b9
    Found by: stack scanning

Loaded modules:
0x00400000 - 0x026f8fff  xmsim  ???  (main)  (WARNING: No symbols, xmsim, E252156156151C97B1FFBDEF85D9C8D20)
0x7efdeb0b1000 - 0x7efdeb128fff  libcpi.so  ???
0x7efdec600000 - 0x7efdec682fff  libpcre2-8.so.0.7.1  ???
0x7efdeca00000 - 0x7efdeca26fff  libselinux.so.1  ???
0x7efdece00000 - 0x7efdece05fff  libuuid.so.1.3.0  ???
0x7efded200000 - 0x7efded24cfff  libblkid.so.1.1.0  ???
0x7efded600000 - 0x7efded655fff  libmount.so.1.1.0  ???
0x7efdeda00000 - 0x7efdeda06fff  librt-2.28.so  ???
0x7efdede00000 - 0x7efdede9efff  libnss_myhostname.so.2  ???
0x7efdee200000 - 0x7efdee213fff  libresolv-2.28.so  ???
0x7efdee487000 - 0x7efdee4e5fff  libdwapi.so  ???
0x7efdee600000 - 0x7efdee604fff  libnss_dns-2.28.so  ???
0x7efdeea00000 - 0x7efdeea0afff  libnss_files-2.28.so  ???
0x7efdeee00000 - 0x7efdfbdb5fff  locale-archive  ???
0x7efdfbe00000 - 0x7efdfc6d3fff  passwd  ???
0x7efdfc800000 - 0x7efdfc809fff  libnss_sss.so.2  ???
0x7efdfcc00000 - 0x7efdfcdbbfff  libc-2.28.so  ???
0x7efdfd000000 - 0x7efdfd180fff  libm-2.28.so  ???
0x7efdfd400000 - 0x7efdfd402fff  libdl-2.28.so  ???
0x7efdfd639000 - 0x7efdfd74afff  libStrapNC.so  ???
0x7efdfd800000 - 0x7efdfd81afff  libpthread-2.28.so  ???
0x7efdfdabe000 - 0x7efdfdb4ffff  libdcapi.so  ???
0x7efdfdc00000 - 0x7efdfdc2cfff  ld-2.28.so  ???
0x7efdfdc2f000 - 0x7efdfdc45fff  libml_uvm.so  ???
0x7efdfdc53000 - 0x7efdfddd1fff  libstdc++.so.6.0.28  ???
0x7efdfde32000 - 0x7efdfde41fff  waves.dsn  ???
0x7efdfde88000 - 0x7efdfdf17fff  libxmjudy.so.1.0.3  ???
0x7efdfdf21000 - 0x7efdfdf74fff  libcbreakpad.so  ???  (WARNING: No symbols, libcbreakpad.so, B7E2589FA42BEAC90FB1C5EEB35368C40)
0x7efdfdf98000 - 0x7efdfdfabfff  libgcc_s.so.1  ???
0x7efdfdfb3000 - 0x7efdfdfb7fff  libxdt.so  ???
0x7efdfdfc6000 - 0x7efdfdfc7fff  linux-gate.so  ???

******BACKTRACE*****
<unknown> (libcbreakpad.so) [0x7efdfdf551a3]
<unknown> (libcbreakpad.so) [0x7efdfdf55630]
vserror (xmsim) [0x1b7c3b9]
serror (xmsim) [0x1b7e165]
sv_seghandler_aux (xmsim) [0xcb9e6e]
sv_seghandler (xmsim) [0xcba71d]
<unknown> (libpthread.so.0) [0x7efdfd812ce0]
******BACKTRACE END*****