======================================================================

Annotating SDF timing data:
  Compiled SDF file:     counter_logical_synth.sdf.X
  Log file:              counter_logical_synth.sdf.X_sdf_annotation.log
  Backannotation scope:  counter_tb.uut
  Configuration file:    
  MTM control:           
  Scale factors:         
  Scale type:            

Time units: 1ps


Annotating to instance count_reg[3] of module DFCNQD1
	ABSOLUTE (COND ((CP==0)&&(D==0)) (IOPATH CDN Q)) = ((), 80)
	ABSOLUTE (COND ((CP==0)&&(D==1)) (IOPATH CDN Q)) = ((), 80)
	ABSOLUTE (COND ((CP==1)&&(D==0)) (IOPATH CDN Q)) = ((), 78)
	ABSOLUTE (IOPATH CDN Q) = ((), 80)
	ABSOLUTE (COND ((CP==1)&&(D==1)) (IOPATH CDN Q)) = ((), 78)
	ABSOLUTE (IOPATH CP Q) = (179, 181)

Annotating to instance count_reg[2] of module DFCNQD1
	ABSOLUTE (COND ((CP==0)&&(D==0)) (IOPATH CDN Q)) = ((), 79)
	ABSOLUTE (COND ((CP==0)&&(D==1)) (IOPATH CDN Q)) = ((), 79)
	ABSOLUTE (COND ((CP==1)&&(D==0)) (IOPATH CDN Q)) = ((), 78)
	ABSOLUTE (IOPATH CDN Q) = ((), 79)
	ABSOLUTE (COND ((CP==1)&&(D==1)) (IOPATH CDN Q)) = ((), 78)
	ABSOLUTE (IOPATH CP Q) = (178, 181)
xmelab: *W,SDFCTE: Module XOR2D1 of instance counter_tb.uut.g81__2398 does not match SDF celltype of MOAI22D1, skipping annotation <../export/Synthesis_Data/outputs/counter_logical_synth.sdf, line 65>.
xmelab: *W,SDFDSM: Attempt to annotate interconnect delay to non-existent load B1 at scope counter_tb.uut.g81__2398 <../export/Synthesis_Data/outputs/counter_logical_synth.sdf, line 70>.
xmelab: *W,SDFDSM: Attempt to annotate interconnect delay to non-existent load B2 at scope counter_tb.uut.g81__2398 <../export/Synthesis_Data/outputs/counter_logical_synth.sdf, line 71>.

Annotating to instance count_reg[1] of module DFCNQD1
	ABSOLUTE (COND ((CP==0)&&(D==0)) (IOPATH CDN Q)) = ((), 79)
	ABSOLUTE (COND ((CP==0)&&(D==1)) (IOPATH CDN Q)) = ((), 79)
	ABSOLUTE (COND ((CP==1)&&(D==0)) (IOPATH CDN Q)) = ((), 77)
	ABSOLUTE (IOPATH CDN Q) = ((), 79)
	ABSOLUTE (COND ((CP==1)&&(D==1)) (IOPATH CDN Q)) = ((), 77)
	ABSOLUTE (IOPATH CP Q) = (177, 181)
xmelab: *W,SDFCTE: Module HA1D0 of instance counter_tb.uut.g83__5107 does not match SDF celltype of OA21D1, skipping annotation <../export/Synthesis_Data/outputs/counter_logical_synth.sdf, line 118>.
xmelab: *W,SDFDSM: Attempt to annotate interconnect delay to non-existent load A1 at scope counter_tb.uut.g83__5107 <../export/Synthesis_Data/outputs/counter_logical_synth.sdf, line 121>.
xmelab: *W,SDFDSM: Attempt to annotate interconnect delay to non-existent load A2 at scope counter_tb.uut.g83__5107 <../export/Synthesis_Data/outputs/counter_logical_synth.sdf, line 122>.
xmelab: *W,SDFCTE: Module HA1D0 of instance counter_tb.uut.g85__6260 does not match SDF celltype of ND2D1, skipping annotation <../export/Synthesis_Data/outputs/counter_logical_synth.sdf, line 135>.
xmelab: *W,SDFDSM: Attempt to annotate interconnect delay to non-existent load A1 at scope counter_tb.uut.g85__6260 <../export/Synthesis_Data/outputs/counter_logical_synth.sdf, line 138>.
xmelab: *W,SDFDSM: Attempt to annotate interconnect delay to non-existent load A2 at scope counter_tb.uut.g85__6260 <../export/Synthesis_Data/outputs/counter_logical_synth.sdf, line 139>.
xmelab: *W,SDFINF: Instance g86__4319 not found at scope level <top-level> <../export/Synthesis_Data/outputs/counter_logical_synth.sdf, line 147>.
xmelab: *W,SDFINF: Instance g86__4319 not found at scope level <top-level> <../export/Synthesis_Data/outputs/counter_logical_synth.sdf, line 147>.
xmelab: *W,SDFINF: Instance g88__8428 not found at scope level <top-level> <../export/Synthesis_Data/outputs/counter_logical_synth.sdf, line 164>.
xmelab: *W,SDFINF: Instance g88__8428 not found at scope level <top-level> <../export/Synthesis_Data/outputs/counter_logical_synth.sdf, line 164>.
xmelab: *W,SDFINF: Instance g89 not found at scope level <top-level> <../export/Synthesis_Data/outputs/counter_logical_synth.sdf, line 176>.
xmelab: *W,SDFINF: Instance g89 not found at scope level <top-level> <../export/Synthesis_Data/outputs/counter_logical_synth.sdf, line 176>.

Annotating to instance count_reg[0] of module DFCND1
	ABSOLUTE (COND ((CP==0)&&(D==0)) (IOPATH CDN Q)) = ((), 81)
	ABSOLUTE (COND ((CP==0)&&(D==1)) (IOPATH CDN Q)) = ((), 81)
	ABSOLUTE (COND ((CP==1)&&(D==0)) (IOPATH CDN Q)) = ((), 81)
	ABSOLUTE (IOPATH CDN Q) = ((), 81)
	ABSOLUTE (COND ((CP==1)&&(D==1)) (IOPATH CDN Q)) = ((), 81)
	ABSOLUTE (IOPATH CP Q) = (178, 179)
	ABSOLUTE (COND ((CP==0)&&(D==0)) (IOPATH CDN QN)) = (90, ())
	ABSOLUTE (COND ((CP==0)&&(D==1)) (IOPATH CDN QN)) = (90, ())
	ABSOLUTE (COND ((CP==1)&&(D==0)) (IOPATH CDN QN)) = (79, ())
	ABSOLUTE (IOPATH CDN QN) = (90, ())
	ABSOLUTE (COND ((CP==1)&&(D==1)) (IOPATH CDN QN)) = (79, ())
	ABSOLUTE (IOPATH CP QN) = (177, 162)
ABSOLUTE PORT: counter_tb.uut.\count_reg[3] .CDN = (0)
ABSOLUTE PORT: counter_tb.uut.\count_reg[3] .CP = (0)
ABSOLUTE PORT: counter_tb.uut.\count_reg[3] .D = (0)
ABSOLUTE PORT: counter_tb.uut.\count_reg[2] .CDN = (0)
ABSOLUTE PORT: counter_tb.uut.\count_reg[2] .CP = (0)
ABSOLUTE PORT: counter_tb.uut.\count_reg[2] .D = (0)
ABSOLUTE PORT: counter_tb.uut.g81__2398.A1 = (0)
ABSOLUTE PORT: counter_tb.uut.g81__2398.A2 = (0)
ABSOLUTE PORT: counter_tb.uut.\count_reg[1] .CDN = (0)
ABSOLUTE PORT: counter_tb.uut.\count_reg[1] .CP = (0)
ABSOLUTE PORT: counter_tb.uut.\count_reg[1] .D = (0)
ABSOLUTE PORT: counter_tb.uut.g83__5107.B = (0)
ABSOLUTE PORT: counter_tb.uut.\count_reg[0] .CDN = (0)
ABSOLUTE PORT: counter_tb.uut.\count_reg[0] .CP = (0)
ABSOLUTE PORT: counter_tb.uut.\count_reg[0] .D = (0)
