
Cadence Innovus(TM) Implementation System.
Copyright 2021 Cadence Design Systems, Inc. All rights reserved worldwide.

Version:	v21.18-s099_1, built Tue Jul 18 13:03:50 PDT 2023
Options:	-stylus 
Date:		Thu Aug  6 01:58:11 2026
Host:		ncdc-0137 (x86_64 w/Linux 7.1.4-1.el8.elrepo.x86_64) (16cores*24cpus*13th Gen Intel(R) Core(TM) i7-13700 30720KB)
OS:		Red Hat Enterprise Linux 8.6 (Ootpa)

License:
		[01:58:11.301441] Configured Lic search path (21.01-s002): 5280@10.19.32.90

		invs	Innovus Implementation System	21.1	checkout succeeded
		8 CPU jobs allowed with the current license(s). Use set_multi_cpu_usage to set your required CPU count.


Create and set the environment variable TMPDIR to /tmp/innovus_temp_5818_ncdc-0137_cc_2JElhZ.

Change the soft stacksize limit to 0.2%RAM (127 mbytes). Set global soft_stack_size_limit to change the value.
[INFO] Loading Pegasus 23.13 fill procedures

**INFO:  MMMC transition support version v31-84 

@innovus 1> set WORK_DIR                  "/home/cc/Documents/Abdullah/Lab01_Materials/Lab01_Data"
/home/cc/Documents/Abdullah/Lab01_Materials/Lab01_Data
@innovus 2> set INNOVUS_DATA_DIR          "${WORK_DIR}/export/Innovus_Data"
/home/cc/Documents/Abdullah/Lab01_Materials/Lab01_Data/export/Innovus_Data
@innovus 3> set design(export_dir)        "${INNOVUS_DATA_DIR}/outputs"
set design(export_dir)        "${INNOVUS_DATA_DIR}/outputs"
/home/cc/Documents/Abdullah/Lab01_Materials/Lab01_Data/export/Innovus_Data/outputs
@innovus 4> set design(reports_dir)       "${INNOVUS_DATA_DIR}/reports"
set design(reports_dir)       "${INNOVUS_DATA_DIR}/reports"
/home/cc/Documents/Abdullah/Lab01_Materials/Lab01_Data/export/Innovus_Data/reports
@innovus 5> 

@innovus 5> # file mkdir: Instructs the OS to create the folder hierarchy to avo [1Gid 'directory not found' errors# file mkdir: Instructs the OS to create the folder hierarchy to avoid 'directory not found' errors.
.
@innovus 6> file mkdir $INNOVUS_DATA_DIR \
+            ${design(export_dir)}/pnr \
+            ${design(reports_dir)}/verify \
+            ${design(reports_dir)}/signofffile mkdir $INNOVUS_DATA_DIR \
           ${design(export_dir)}/pnr \
           ${design(reports_dir)}/verify \
           ${design(reports_dir)}/signoff

@innovus 7> set design(postsyn_netlist)   "${WORK_DIR}/export/Synthesis_Data/netlists/${design(TOPLEVEL)}_physical_synth.v"
set design(postsyn_netlist)   "${WORK_DIR}/export/Synthesis_Data/net [1Glists/${design(TOPLEVEL)}_physical_synth.v"
can't read "design(TOPLEVEL)": no such element in array
can't read "design(TOPLEVEL)": no such element in array
@innovus 8> # Link the MMMC (Multi-Mode Multi-Corner) file for timing constraint [1Gs (SDC) and RC corners.
# Link the MMMC (Multi-Mode Multi-Corner) file for timing constraints (SDC) and RC corners.
@innovus 9> set design(mmmc_view_file)    "${WORK_DIR}/inputs/mmmc_master.viewset design(mmmc_view_file)    "${WORK_DIR}/inputs/mmmc_master.view"
"
/home/cc/Documents/Abdullah/Lab01_Materials/Lab01_Data/inputs/mmmc_master.view
@innovus 10> # Link the IO file which dictates exact coordinates for input/outpu# Link the IO file which dictates exact coordinates for input/output pins.
 [1Gt pins.
@innovus 11> set design(io_file)           "${WORK_DIR}/inputs/${design(TOPLEVEL [1G)}.io"
set design(io_file)           "${WORK_DIR}/inputs/${design(TOPLEVEL)}.io"
can't read "design(TOPLEVEL)": no such element in array
can't read "design(TOPLEVEL)": no such element in array
@innovus 12> # Link the LEF file containing the physical dimensions, shapes, and [1G layer rules of standard cells.
# Link the LEF file containing the physical dimensions, shapes, and layer rules of standard cells.
@innovus 13> set tech(ALL_LEFS)            "${WORK_DIR}/libraries/lef/tcbn65lp_9 [1GlmT2.lefset tech(ALL_LEFS)            "${WORK_DIR}/libraries/lef/tcbn65lp_9lmT2.lef"
"
/home/cc/Documents/Abdullah/Lab01_Materials/Lab01_Data/libraries/lef/tcbn65lp_9lmT2.lef
@innovus 14> 

@innovus 14> # --- Cell Library Definitions ---
# --- Cell Library Definitions ---
@innovus 15> # Map the logical power/ground pins to physical cell ences.refer[5D[5C
# Map the logical power/ground pins to physical cell ences.refer
set tech(STANDARD_CELL_VDD)   "VDD"
set tech(STANDARD_CELL_GND)   "VSS"
@innovus 16> set tech(STANDARD_CELL_VDD)   "VDD"
VDD
@innovus 17> set tech(STANDARD_CELL_GND)   "VSS"
VSS
@innovus 18> # Specify the cells used at the ends of standard cell rows to preve# Specify the cells used at the ends of standard cell rows to prevent well-spacing DRCs.
 [1Gnt well-spacing DRCs.
@innovus 19> set tech(ENDCAPS_right)       "DCAP"    
set tech(ENDCAPS_right)       "DCAP"    
DCAP
@innovus 20> set tech(ENDCAPS_left)        "DCAP"
set tech(ENDCAPS_left)        "DCAP"
DCAP
@innovus 21> # Specify cells used to tie logic '1' and logic '0' without connect [1Ging directly to PG rails (prevents ESD damage).
# Specify cells used to tie logic '1' and logic '0' without connecting directly to PG rails (prevents ESD damage).
@innovus 22> set tech(TIEHI)               "TIEHset tech(TIEHI)               "TIEH"
"
TIEH
@innovus 23> set tech(TIELO)               "TIEL"set tech(TIELO)               "TIEL"

TIEL
@innovus 24> # Limit the fanout of tie cells so they don't get overloaded.
# Limit the fanout of tie cells so they don't get overloaded.
@innovus 25> set tech(TIE_MAX_FANOUT)      10
set tech(TIE_MAX_FANOUT)      10
10
@innovus 26> # List of Decoupling Capacitor and Filler cells to fill empty space [1Gs in the floorplan# List of Decoupling Capacitor and Filler cells to fill empty spaces in the floorplan.
.
@innovus 27> set tech(DECAP)               "DCAP64 DCAP32 DCAP16 DCAP8 DCAP4 DCA [1GP"
set tech(DECAP)               "DCAP64 DCAP32 DCAP16 DCAP8 DCAP4 DCAP"
DCAP64 DCAP32 DCAP16 DCAP8 DCAP4 DCAP
@innovus 28> set tech(FILLERS)             "FILL64 FILL32 FILL16 FILL8 FILL4 FIL [1GL2 FILL1set tech(FILLERS)             "FILL64 FILL32 FILL16 FILL8 FILL4 FILL2 FILL1"
"
FILL64 FILL32 FILL16 FILL8 FILL4 FILL2 FILL1
@innovus 29>
 
@innovus 29> # --- Global Net Definitions --# --- Global Net Definitions ---
-
@innovus 30> # Explicitly name the global power and ground nets for routing.
# Explicitly name the global power and ground nets for routing.
@innovus 31> set design(digital_gnd)       "VSS"
set design(digital_gnd)       "VSS"
VSS
@innovus 32> set design(digital_vdd)       "set design(digital_vdd)       "VDD"
VDD"
VDD
@innovus 33> set design(all_ground_nets)   $design(digital_gnd)
set design(all_ground_nets)   $design(digital_gnd)
VSS
@innovus 34> set design(all_power_nets)    $design(digital_vdd)set design(all_power_nets)    $design(digital_vdd)

VDD
@innovus 35> set design(core_ring_nets)    "$design(digital_gnd) $design(digital [1G_vdd)"set design(core_ring_nets)    "$design(digital_gnd) $design(digital_vdd)"

VSS VDD
@innovus 36> set_library_unit -time 1ns -cap 1pf
@innovus 37> # timing_analysis_type ocv: Enables On-Chip Variation to account fo [1Gr physical manufacturing differences.
# timing_analysis_type ocv: Enables On-Chip Variation to account for physical manufacturing differences.
@innovus 38> set_db timing_analysis_type ocv
set_db timing_analysis_type ocv
1 ocv
@innovus 39> # timing_analysis_cppr both: Enables Clock Pessimism Removal for mo [1Gre accurate timing in common clock paths.
# timing_analysis_cppr both: Enables Clock Pessimism Removal for more accurate timing in common clock paths.
@innovus 40> set_db timing_analysis_cppr botset_db timing_analysis_cppr both
h
1 both
@innovus 41> # timing_report_unconstrained_paths: Forces the tool to report path [1Gs missing SDC constraints.
# timing_report_unconstrained_paths: Forces the tool to report paths missing SDC constraints.
@innovus 42> set_db timing_report_unconstrained_paths true
set_db timing_report_unconstrained_paths true
1 true
@innovus 43> 

@innovus 43> # init_ground/power_nets: Tells Innovus which nets act as global VD [1GD and VSS before loading the design# init_ground/power_nets: Tells Innovus which nets act as global VDD and VSS before loading the design.
.
@innovus 44> set_db init_ground_nets $design(all_ground_nets)
set_db init_ground_nets $design(all_ground_nets)
1 VSS
@innovus 45> set_db init_power_nets  $design(all_power_nets)
set_db init_power_nets  $design(all_power_nets)
1 VDD
@innovus 46> 

@innovus 46> # Load constraints (MMMC), physical shapes (LEF), and logical gates [1G (Netlist).
# Load constraints (MMMC), physical shapes (LEF), and logical gates (Netlist).
@innovus 47> read_mmmc $design(mmmc_view_file) 
read_mmmc $design(mmmc_view_file) 
#@ Begin verbose source (pre): 
@file 1: # ==============================================================================
@file 2: # CADENCE MMMC (Multi-Mode Multi-Corner) SETUP FILE
@file 3: # ==============================================================================
@file 4:
@file 5: # ------------------------------------------------------------------------------
@file 6: # 0. SAFETY CHECK & FILE PATH VARIABLES
@file 7: # ------------------------------------------------------------------------------
@file 8: # If this script is run standalone and INCLUDE_DFT isn't set, default to false.
@file 9: if {![info exists INCLUDE_DFT]} {
@file 10: set INCLUDE_DFT "false"
@file 11: }
@file 12:
@file 13: # ------------------------------------------------------------------------------
@file 14: # â ï¸ IMPORTANT: UPDATE THIS DIRECTORY PATH FOR YOUR SPECIFIC PC â ï¸
@file 15: # ------------------------------------------------------------------------------
@file 16: # NOTE FOR USERS: Change the WORK_DIR path below to point to where you saved 
@file 17: # the project folder on your specific computer. 
@file 18: # Example: "/home/your_username/Desktop/Lab01_Data"
@file 19: # Since all other paths are dynamic, this is the ONLY path you need to change!
@file 20:
@file 21: set WORK_DIR "/home/cc/Documents/Abdullah/Lab01_Materials/Lab01_Data"
@file 22:
@file 23: # ------------------------------------------------------------------------------
@file 24: # --- Auto-Generated Sub-Paths (Do not change these) ---
@file 25: # ------------------------------------------------------------------------------
@file 26:
@file 27: # --- SDC Files ---
@file 28: set SDC_FUNC_FILE "${WORK_DIR}/inputs/new_counter.sdc"
@file 29: set SDC_TEST_FILE "${WORK_DIR}/inputs/counter_dft.sdc"
@file 30:
@file 31: # --- Libraries ---
@file 32: set LIB_TC        "${WORK_DIR}/libraries/libs/tcbn65lptc.lib"
@file 33: set LIB_WC        "${WORK_DIR}/libraries/libs/tcbn65lpwc.lib"
@file 34: set LIB_BC        "${WORK_DIR}/libraries/libs/tcbn65lpbc.lib"
@file 35:
@file 36: # --- Cap Tables ---
@file 37: set CAPTABLE_TC   "${WORK_DIR}/inputs/mmmc_files/captable/cln65lp_1p09m+alrdl_top2_typical.captable"
@file 38: set CAPTABLE_WC   "${WORK_DIR}/inputs/mmmc_files/captable/cln65lp_1p09m+alrdl_top2_rcworst.captable"
@file 39: set CAPTABLE_BC   "${WORK_DIR}/inputs/mmmc_files/captable/cln65lp_1p09m+alrdl_top2_rcbest.captable"
@file 40:
@file 41: # ------------------------------------------------------------------------------
@file 42: # 1. LIBRARY SETS (Logical Timing & Power)
@file 43: # ------------------------------------------------------------------------------
@@file 44: create_library_set -name tc_libset -timing $LIB_TC
@@file 45: create_library_set -name wc_libset -timing $LIB_WC
@@file 46: create_library_set -name bc_libset -timing $LIB_BC
@file 47:
@file 48: # ------------------------------------------------------------------------------
@file 49: # 2. TIMING CONDITIONS
@file 50: # ------------------------------------------------------------------------------
@@file 51: create_timing_condition -name tc_cond -library_sets {tc_libset}
@@file 52: create_timing_condition -name wc_cond -library_sets {wc_libset}
@@file 53: create_timing_condition -name bc_cond -library_sets {bc_libset}
@file 54:
@file 55: # ------------------------------------------------------------------------------
@file 56: # 3. RC CORNERS (Physical Interconnect Parasitics)
@file 57: # ------------------------------------------------------------------------------
@@file 58: create_rc_corner -name rc_typical -temperature 25  -cap_table $CAPTABLE_TC
@@file 59: create_rc_corner -name rc_worst   -temperature 125 -cap_table $CAPTABLE_WC
@@file 60: create_rc_corner -name rc_best    -temperature -40 -cap_table $CAPTABLE_BC
@file 61:
@file 62: # ------------------------------------------------------------------------------
@file 63: # 4. CONSTRAINT MODES (Design Goals)
@file 64: # ------------------------------------------------------------------------------
@file 65: # Mode 1: Functional (Always Active) - High speed standard operation
@@file 66: create_constraint_mode -name func_mode -sdc_files $SDC_FUNC_FILE
@file 67:
@file 68: # Mode 2: Test (Conditional) - Slow clock, shifting data for scan chains
@file 69: if {$INCLUDE_DFT == "true"} {...}
@file 72:
@file 73: # ------------------------------------------------------------------------------
@file 74: # 5. DELAY CORNERS (Merging Logic and Physics)
@file 75: # ------------------------------------------------------------------------------
@@file 76: create_delay_corner -name dc_typical -timing_condition {tc_cond} -rc_corner {rc_typical}
@@file 77: create_delay_corner -name dc_worst   -timing_condition {wc_cond} -rc_corner {rc_worst}
@@file 78: create_delay_corner -name dc_best    -timing_condition {bc_cond} -rc_corner {rc_best}
@file 79:
@file 80: # ------------------------------------------------------------------------------
@file 81: # 6. ANALYSIS VIEWS (Merging Delays and Constraints)
@file 82: # ------------------------------------------------------------------------------
@file 83: # Create Functional Views
@@file 84: create_analysis_view -name view_func_typical -constraint_mode {func_mode} -delay_corner {dc_typical}
@@file 85: create_analysis_view -name view_func_setup   -constraint_mode {func_mode} -delay_corner {dc_worst}
@@file 86: create_analysis_view -name view_func_hold    -constraint_mode {func_mode} -delay_corner {dc_best}
@file 87:
@file 88: # Create Test Views (If DFT is enabled)
@file 89: if {$INCLUDE_DFT == "true"} {...}
@file 94:
@file 95: # ------------------------------------------------------------------------------
@file 96: # 7. SET ACTIVE VIEWS
@file 97: # ------------------------------------------------------------------------------
@file 98: # If DFT is enabled, we force the tool to balance timing for BOTH modes.
@file 99: # However, Genus requires a single, primary view for power analysis (leakage/dynamic).
@file 100: if {$INCLUDE_DFT == "true"} {...
@file 106: } else {
@@file 107: set_analysis_view  -setup   {view_func_setup}  -hold    {view_func_hold}  -leakage {view_func_typical}  -dynamic {view_func_typical}
@file 108: }
#@ End verbose source: /home/cc/Documents/Abdullah/Lab01_Materials/Lab01_Data/inputs/mmmc_master.view
Reading wc_libset timing library '/home/cc/Documents/Abdullah/Lab01_Materials/Lab01_Data/libraries/libs/tcbn65lpwc.lib' ...
**WARN: (TECHLIB-302):	No function defined for cell 'OD25DCAP64'. The cell will only be used for analysis. (File /home/cc/Documents/Abdullah/Lab01_Materials/Lab01_Data/libraries/libs/tcbn65lpwc.lib)
**WARN: (TECHLIB-302):	No function defined for cell 'OD25DCAP32'. The cell will only be used for analysis. (File /home/cc/Documents/Abdullah/Lab01_Materials/Lab01_Data/libraries/libs/tcbn65lpwc.lib)
**WARN: (TECHLIB-302):	No function defined for cell 'OD25DCAP16'. The cell will only be used for analysis. (File /home/cc/Documents/Abdullah/Lab01_Materials/Lab01_Data/libraries/libs/tcbn65lpwc.lib)
**WARN: (TECHLIB-302):	No function defined for cell 'DCAP8'. The cell will only be used for analysis. (File /home/cc/Documents/Abdullah/Lab01_Materials/Lab01_Data/libraries/libs/tcbn65lpwc.lib)
**WARN: (TECHLIB-302):	No function defined for cell 'DCAP64'. The cell will only be used for analysis. (File /home/cc/Documents/Abdullah/Lab01_Materials/Lab01_Data/libraries/libs/tcbn65lpwc.lib)
**WARN: (TECHLIB-302):	No function defined for cell 'DCAP4'. The cell will only be used for analysis. (File /home/cc/Documents/Abdullah/Lab01_Materials/Lab01_Data/libraries/libs/tcbn65lpwc.lib)
**WARN: (TECHLIB-302):	No function defined for cell 'DCAP32'. The cell will only be used for analysis. (File /home/cc/Documents/Abdullah/Lab01_Materials/Lab01_Data/libraries/libs/tcbn65lpwc.lib)
**WARN: (TECHLIB-302):	No function defined for cell 'DCAP16'. The cell will only be used for analysis. (File /home/cc/Documents/Abdullah/Lab01_Materials/Lab01_Data/libraries/libs/tcbn65lpwc.lib)
**WARN: (TECHLIB-302):	No function defined for cell 'DCAP'. The cell will only be used for analysis. (File /home/cc/Documents/Abdullah/Lab01_Materials/Lab01_Data/libraries/libs/tcbn65lpwc.lib)
**WARN: (TECHLIB-302):	No function defined for cell 'ANTENNA'. The cell will only be used for analysis. (File /home/cc/Documents/Abdullah/Lab01_Materials/Lab01_Data/libraries/libs/tcbn65lpwc.lib)
Read 816 cells in library 'tcbn65lpwc' 
Reading bc_libset timing library '/home/cc/Documents/Abdullah/Lab01_Materials/Lab01_Data/libraries/libs/tcbn65lpbc.lib' ...
**WARN: (TECHLIB-302):	No function defined for cell 'OD25DCAP64'. The cell will only be used for analysis. (File /home/cc/Documents/Abdullah/Lab01_Materials/Lab01_Data/libraries/libs/tcbn65lpbc.lib)
**WARN: (TECHLIB-302):	No function defined for cell 'OD25DCAP32'. The cell will only be used for analysis. (File /home/cc/Documents/Abdullah/Lab01_Materials/Lab01_Data/libraries/libs/tcbn65lpbc.lib)
**WARN: (TECHLIB-302):	No function defined for cell 'OD25DCAP16'. The cell will only be used for analysis. (File /home/cc/Documents/Abdullah/Lab01_Materials/Lab01_Data/libraries/libs/tcbn65lpbc.lib)
**WARN: (TECHLIB-302):	No function defined for cell 'DCAP8'. The cell will only be used for analysis. (File /home/cc/Documents/Abdullah/Lab01_Materials/Lab01_Data/libraries/libs/tcbn65lpbc.lib)
**WARN: (TECHLIB-302):	No function defined for cell 'DCAP64'. The cell will only be used for analysis. (File /home/cc/Documents/Abdullah/Lab01_Materials/Lab01_Data/libraries/libs/tcbn65lpbc.lib)
**WARN: (TECHLIB-302):	No function defined for cell 'DCAP4'. The cell will only be used for analysis. (File /home/cc/Documents/Abdullah/Lab01_Materials/Lab01_Data/libraries/libs/tcbn65lpbc.lib)
**WARN: (TECHLIB-302):	No function defined for cell 'DCAP32'. The cell will only be used for analysis. (File /home/cc/Documents/Abdullah/Lab01_Materials/Lab01_Data/libraries/libs/tcbn65lpbc.lib)
**WARN: (TECHLIB-302):	No function defined for cell 'DCAP16'. The cell will only be used for analysis. (File /home/cc/Documents/Abdullah/Lab01_Materials/Lab01_Data/libraries/libs/tcbn65lpbc.lib)
**WARN: (TECHLIB-302):	No function defined for cell 'DCAP'. The cell will only be used for analysis. (File /home/cc/Documents/Abdullah/Lab01_Materials/Lab01_Data/libraries/libs/tcbn65lpbc.lib)
**WARN: (TECHLIB-302):	No function defined for cell 'ANTENNA'. The cell will only be used for analysis. (File /home/cc/Documents/Abdullah/Lab01_Materials/Lab01_Data/libraries/libs/tcbn65lpbc.lib)
Read 816 cells in library 'tcbn65lpbc' 
timing_initialized
@innovus 48> read_physical -lef $tech(ALL_LEFS)
read_physical -lef $tech(ALL_LEFS)

Loading LEF file /home/cc/Documents/Abdullah/Lab01_Materials/Lab01_Data/libraries/lef/tcbn65lp_9lmT2.lef ...
Set DBUPerIGU to M2 pitch 400.
**WARN: (IMPLF-200):	Pin 'I' in macro 'ANTENNA' has no ANTENNAGATEAREA value defined. The library data is incomplete and some process antenna rules will not be checked correctly.
Type 'man IMPLF-200' for more detail.

##  Check design process and node:  
##  Both design process and tech node are not set.

0
@innovus 49> read_netlist $design(postsyn_netlist)?62;c?62;cread_netlist $design(postsyn_netlist)?62;c?62;c
can't read "design(postsyn_netlist)": no such element in array
can't read "design(postsyn_netlist)": no such element in array
@innovus 50> read_netlist $design(postsyn_netlist)
can't read "design(postsyn_netlist)": no such element in array
can't read "design(postsyn_netlist)": no such element in array
@innovus 51> read_netlist $design(postsyn_netlist)

can't read "design(postsyn_netlist)": no such element in array
can't read "design(postsyn_netlist)": no such element in array
@innovus 52> set design(postsyn_netlist)   "${WORK_DIR}/export/Synthesis_Data/netlists/${design(TOPLEVEL)}_physical_synth.v"

can't read "design(TOPLEVEL)": no such element in array
can't read "design(TOPLEVEL)": no such element in array
@innovus 53> set design(TOPLEVEL)          "counter"
counter
@innovus 54> set design(postsyn_netlist)   "${WORK_DIR}/export/Synthesis_Data/netlists/${design(TOPLEVEL)}_physical_synth.v"
/home/cc/Documents/Abdullah/Lab01_Materials/Lab01_Data/export/Synthesis_Data/netlists/counter_physical_synth.v
@innovus 55> init_design
**ERROR: (IMPIMEX-12):	'init_design' failed. You are missing one or more of the required commands before running init_design.
The MMMC init sequence looks like this: 
read_mmmc top.mmmc 
read_physical -lef {tech.lef stdcell.lef}   #optional in Tempus, required for Innovus 
read_netlist top.v 
read_power_intent -1801 top.1801	    #only for MSV designs 
init_design 

Tempus also supports a single-mode timing init sequence with no MMMC file like this: 
read_libs all.lib 
read_netlist top.v 
read_sdc top.sdc 
init_design 

See the 'Stylus Common UI Initialization' section in the 'Design Import and Export Capabilities' chapter of the Innovus Stylus 
Common UI User Guide for more details.


@innovus 56> set design(TOPLEVEL)          "counter"
counter
@innovus 57> set design(postsyn_netlist)   "${WORK_DIR}/export/Synthesis_Data/netlists/${design(TOPLEVEL)}_physical_synth.v"
/home/cc/Documents/Abdullah/Lab01_Materials/Lab01_Data/export/Synthesis_Data/netlists/counter_physical_synth.v
@innovus 58> read_netlist $design(postsyn_netlist)
**ERROR: (IMPIMEX-12):	'init_design' failed. You are missing one or more of the required commands before running init_design.
The MMMC init sequence looks like this: 
read_mmmc top.mmmc 
read_physical -lef {tech.lef stdcell.lef}   #optional in Tempus, required for Innovus 
read_netlist top.v 
read_power_intent -1801 top.1801	    #only for MSV designs 
init_design 

Tempus also supports a single-mode timing init sequence with no MMMC file like this: 
read_libs all.lib 
read_netlist top.v 
read_sdc top.sdc 
init_design 

See the 'Stylus Common UI Initialization' section in the 'Design Import and Export Capabilities' chapter of the Innovus Stylus 
Common UI User Guide for more details.


@innovus 59> set design(TOPLEVEL)          "counter"

counter
@innovus 60> set design(postsyn_netlist)   "${WORK_DIR}/export/Synthesis_Data/netlists/${design(TOPLEVEL)}_physical_synth.v"
/home/cc/Documents/Abdullah/Lab01_Materials/Lab01_Data/export/Synthesis_Data/netlists/counter_physical_synth.v
@innovus 61> read_netlist $design(postsyn_netlist)

**ERROR: (IMPIMEX-12):	'init_design' failed. You are missing one or more of the required commands before running init_design.
The MMMC init sequence looks like this: 
read_mmmc top.mmmc 
read_physical -lef {tech.lef stdcell.lef}   #optional in Tempus, required for Innovus 
read_netlist top.v 
read_power_intent -1801 top.1801	    #only for MSV designs 
init_design 

Tempus also supports a single-mode timing init sequence with no MMMC file like this: 
read_libs all.lib 
read_netlist top.v 
read_sdc top.sdc 
init_design 

See the 'Stylus Common UI Initialization' section in the 'Design Import and Export Capabilities' chapter of the Innovus Stylus 
Common UI User Guide for more details.


@innovus 62> read_mmmc $design(mmmc_view_file) 
**WARN: (TCLCMD-1306):	read_mmmc command should be called once before init_design.
1
1
@innovus 63> read_physical -lef $tech(ALL_LEFSread_physical -lef $tech(ALL_LEFS)
)
**ERROR: (IMPIMEX-12):	'init_design' failed. You are missing one or more of the required commands before running init_design.
The MMMC init sequence looks like this: 
read_mmmc top.mmmc 
read_physical -lef {tech.lef stdcell.lef}   #optional in Tempus, required for Innovus 
read_netlist top.v 
read_power_intent -1801 top.1801	    #only for MSV designs 
init_design 

Tempus also supports a single-mode timing init sequence with no MMMC file like this: 
read_libs all.lib 
read_netlist top.v 
read_sdc top.sdc 
init_design 

See the 'Stylus Common UI Initialization' section in the 'Design Import and Export Capabilities' chapter of the Innovus Stylus 
Common UI User Guide for more details.


@innovus 64> read_netlist $design(postsyn_netlist)exit

*** Memory Usage v#1 (Current mem = 1182.281M, initial mem = 494.957M) ***
*** Message Summary: 22 warning(s), 4 error(s)

--- Ending "Innovus" (totcpu=0:01:16, real=0:42:07, mem=1182.3M) ---
