
Cadence Tempus(TM) Timing Solution.
Copyright 2022 Cadence Design Systems, Inc. All rights reserved worldwide.

Version:	v22.15-s092_1, built Fri Mar 1 14:05:47 PST 2024
Options:	-stylus 
Date:		Tue Aug 11 01:43:27 2026
Host:		ncdc-0137 (x86_64 w/Linux 7.1.4-1.el8.elrepo.x86_64) (16cores*24cpus*13th Gen Intel(R) Core(TM) i7-13700 30720KB)
OS:		Red Hat Enterprise Linux 8.6 (Ootpa)

License:
		[01:43:27.216969] Configured Lic search path (22.01-s003): 5280@10.19.32.90

		tpsxl	Tempus Timing Signoff Solution XL	22.1	checkout succeeded
		16 CPU jobs allowed with the current license(s). Use set_multi_cpu_usage to set your required CPU count.


Change the soft stacksize limit to 0.2%RAM (127 mbytes). Set global soft_stack_size_limit to change the value.
environment variable TMPDIR is '/tmp/ssv_tmpdir_5164_Nlh5Hd'.
#@ Processing -execute option
@tempus 1> 
@tempus 1> set WORK_DIR                  "/home/cc/Documents/Abdullah/Lab01_Materials/Lab01_Data"
/home/cc/Documents/Abdullah/Lab01_Materials/Lab01_Data
@tempus 2> # ------------------------------------------------------------------- [1G-----------
# ------------------------------------------------------------------------------
@tempus 3> 

@tempus 3> set design(TOPLEVEL)          "counter"
set design(TOPLEVEL)          "counter"
counter
@tempus 4> 

@tempus 4> # --- Dynamic Path Generation ---
# --- Dynamic Path Generation ---
@tempus 5> set MMMC_FILE                 "${WORK_DIR}/inputs/mmmc_master.view"
set MMMC_FILE                 "${WORK_DIR}/inputs/mmmc_master.view"
/home/cc/Documents/Abdullah/Lab01_Materials/Lab01_Data/inputs/mmmc_master.view
@tempus 6> set LEF_FILE                  "${WORK_DIR}/libraries/lef/tcbn65lp_9lm [1GT2.lef"
set LEF_FILE                  "${WORK_DIR}/libraries/lef/tcbn65lp_9lmT2.lef"
/home/cc/Documents/Abdullah/Lab01_Materials/Lab01_Data/libraries/lef/tcbn65lp_9lmT2.lef
@tempus 7>
 
@tempus 7> # Input Netlist & SPEF from Innovus
# Input Netlist & SPEF from Innovus
@tempus 8> set PNR_OUT_DIR               "${WORK_DIR}/export/Innovus_Data/outputset PNR_OUT_DIR               "${WORK_DIR}/export/Innovus_Data/outputs/pnr"
 [1Gs/pnr"
/home/cc/Documents/Abdullah/Lab01_Materials/Lab01_Data/export/Innovus_Data/outputs/pnr
@tempus 9> set NETLIST_FILE              "${PNR_OUT_DIR}/${design(TOPLEVEL)}.fiset NETLIST_FILE              "${PNR_OUT_DIR}/${design(TOPLEVEL)}.final.v"
n [1Gal.v"
/home/cc/Documents/Abdullah/Lab01_Materials/Lab01_Data/export/Innovus_Data/outputs/pnr/counter.final.v
@tempus 10> set SPEF_FILE                 "${PNR_OUT_DIR}/${design(TOPLEVEL)}.sp [1Gef"
set SPEF_FILE                 "${PNR_OUT_DIR}/${design(TOPLEVEL)}.spef"
/home/cc/Documents/Abdullah/Lab01_Materials/Lab01_Data/export/Innovus_Data/outputs/pnr/counter.spef
@tempus 11> 

@tempus 11> # Output Reporting Directory
# Output Reporting Directory
@tempus 12> set TEMPUS_RPT_DIR            "${WORK_DIR}/export/Innovus_Data/repor [1Gts/tempus_signoff"
set TEMPUS_RPT_DIR            "${WORK_DIR}/export/Innovus_Data/reports/tempus_signoff"
/home/cc/Documents/Abdullah/Lab01_Materials/Lab01_Data/export/Innovus_Data/reports/tempus_signoff
@tempus 13> 

@tempus 13> # Automatically create the reporting directory to prevent "No such f# Automatically create the reporting directory to prevent "No such file" errors
 [1Gile" errors
@tempus 14> file mkdir $TEMPUS_RPT_DIRfile mkdir $TEMPUS_RPT_DIR
@tempus 15> set_db timing_analysis_type ocv
set_db timing_analysis_type ocv
1 ocv
@tempus 16> 

@tempus 16> # timing_analysis_cppr both: Clock Path Pessimism Removal. Removes a [1Grtificially added setup/hold 
# timing_analysis_cppr both: Clock Path Pessimism Removal. Removes artificially added setup/hold 
@tempus 17> # delays from common clock paths shared by both launch and capture # delays from common clock paths shared by both launch and capture flip-flops.
f [1Glip-flops.
set_db timing_analysis_cppr both
@tempus 18> set_db timing_analysis_cppr both
1 both
@tempus 19> 

@tempus 19> # delaycal_enable_si true: Enables Signal Integrity (SI) analysis. C [1Galculates delay variations# delaycal_enable_si true: Enables Signal Integrity (SI) analysis. Calculates delay variations 
 
@tempus 20> # caused by crosstalk (coupling capacitance) between neighboring phy# caused by crosstalk (coupling capacitance) between neighboring physical wires.
 [1Gsical wires.
@tempus 21> set_db delaycal_enable_si trueset_db delaycal_enable_si true

AAE_INFO: switching -siAware from false to true ...
AAE_INFO: The setting is changed from false to true in setDelayCalMode -SIAware
1 true
@tempus 22> puts "INFO: Loading MMMC View Definitions..."
INFO: Loading MMMC View Definitions...
@tempus 23> read_mmmc $MMMC_FILE
read_mmmc $MMMC_FILE
#@ Begin verbose source (pre): 
@file 1: # ==============================================================================
@file 2: # CADENCE MMMC (Multi-Mode Multi-Corner) SETUP FILE
@file 3: # ==============================================================================
@file 4:
@file 5: # ------------------------------------------------------------------------------
@file 6: # 0. SAFETY CHECK & FILE PATH VARIABLES
@file 7: # ------------------------------------------------------------------------------
@file 8: # If this script is run standalone and INCLUDE_DFT isn't set, default to false.
@file 9: if {![info exists INCLUDE_DFT]} {
@file 10: set INCLUDE_DFT "false"
@file 11: }
@file 12:
@file 13: # ------------------------------------------------------------------------------
@file 14: # â ï¸ IMPORTANT: UPDATE THIS DIRECTORY PATH FOR YOUR SPECIFIC PC â ï¸
@file 15: # ------------------------------------------------------------------------------
@file 16: # NOTE FOR USERS: Change the WORK_DIR path below to point to where you saved 
@file 17: # the project folder on your specific computer. 
@file 18: # Example: "/home/your_username/Desktop/Lab01_Data"
@file 19: # Since all other paths are dynamic, this is the ONLY path you need to change!
@file 20:
@file 21: set WORK_DIR "/home/cc/Documents/Abdullah/Lab01_Materials/Lab01_Data"
@file 22:
@file 23: # ------------------------------------------------------------------------------
@file 24: # --- Auto-Generated Sub-Paths (Do not change these) ---
@file 25: # ------------------------------------------------------------------------------
@file 26:
@file 27: # --- SDC Files ---
@file 28: set SDC_FUNC_FILE "${WORK_DIR}/inputs/new_counter.sdc"
@file 29: set SDC_TEST_FILE "${WORK_DIR}/inputs/counter_dft.sdc"
@file 30:
@file 31: # --- Libraries ---
@file 32: set LIB_TC        "${WORK_DIR}/libraries/libs/tcbn65lptc.lib"
@file 33: set LIB_WC        "${WORK_DIR}/libraries/libs/tcbn65lpwc.lib"
@file 34: set LIB_BC        "${WORK_DIR}/libraries/libs/tcbn65lpbc.lib"
@file 35:
@file 36: # --- Cap Tables ---
@file 37: set CAPTABLE_TC   "${WORK_DIR}/inputs/mmmc_files/captable/cln65lp_1p09m+alrdl_top2_typical.captable"
@file 38: set CAPTABLE_WC   "${WORK_DIR}/inputs/mmmc_files/captable/cln65lp_1p09m+alrdl_top2_rcworst.captable"
@file 39: set CAPTABLE_BC   "${WORK_DIR}/inputs/mmmc_files/captable/cln65lp_1p09m+alrdl_top2_rcbest.captable"
@file 40:
@file 41: # ------------------------------------------------------------------------------
@file 42: # 1. LIBRARY SETS (Logical Timing & Power)
@file 43: # ------------------------------------------------------------------------------
@@file 44: create_library_set -name tc_libset -timing $LIB_TC
@@file 45: create_library_set -name wc_libset -timing $LIB_WC
@@file 46: create_library_set -name bc_libset -timing $LIB_BC
@file 47:
@file 48: # ------------------------------------------------------------------------------
@file 49: # 2. TIMING CONDITIONS
@file 50: # ------------------------------------------------------------------------------
@@file 51: create_timing_condition -name tc_cond -library_sets {tc_libset}
@@file 52: create_timing_condition -name wc_cond -library_sets {wc_libset}
@@file 53: create_timing_condition -name bc_cond -library_sets {bc_libset}
@file 54:
@file 55: # ------------------------------------------------------------------------------
@file 56: # 3. RC CORNERS (Physical Interconnect Parasitics)
@file 57: # ------------------------------------------------------------------------------
@@file 58: create_rc_corner -name rc_typical -temperature 25  -cap_table $CAPTABLE_TC
@@file 59: create_rc_corner -name rc_worst   -temperature 125 -cap_table $CAPTABLE_WC
@@file 60: create_rc_corner -name rc_best    -temperature -40 -cap_table $CAPTABLE_BC
@file 61:
@file 62: # ------------------------------------------------------------------------------
@file 63: # 4. CONSTRAINT MODES (Design Goals)
@file 64: # ------------------------------------------------------------------------------
@file 65: # Mode 1: Functional (Always Active) - High speed standard operation
@@file 66: create_constraint_mode -name func_mode -sdc_files $SDC_FUNC_FILE
@file 67:
@file 68: # Mode 2: Test (Conditional) - Slow clock, shifting data for scan chains
@file 69: if {$INCLUDE_DFT == "true"} {...}
@file 72:
@file 73: # ------------------------------------------------------------------------------
@file 74: # 5. DELAY CORNERS (Merging Logic and Physics)
@file 75: # ------------------------------------------------------------------------------
@@file 76: create_delay_corner -name dc_typical -timing_condition {tc_cond} -rc_corner {rc_typical}
@@file 77: create_delay_corner -name dc_worst   -timing_condition {wc_cond} -rc_corner {rc_worst}
@@file 78: create_delay_corner -name dc_best    -timing_condition {bc_cond} -rc_corner {rc_best}
@file 79:
@file 80: # ------------------------------------------------------------------------------
@file 81: # 6. ANALYSIS VIEWS (Merging Delays and Constraints)
@file 82: # ------------------------------------------------------------------------------
@file 83: # Create Functional Views
@@file 84: create_analysis_view -name view_func_typical -constraint_mode {func_mode} -delay_corner {dc_typical}
@@file 85: create_analysis_view -name view_func_setup   -constraint_mode {func_mode} -delay_corner {dc_worst}
@@file 86: create_analysis_view -name view_func_hold    -constraint_mode {func_mode} -delay_corner {dc_best}
@file 87:
@file 88: # Create Test Views (If DFT is enabled)
@file 89: if {$INCLUDE_DFT == "true"} {...}
@file 94:
@file 95: # ------------------------------------------------------------------------------
@file 96: # 7. SET ACTIVE VIEWS
@file 97: # ------------------------------------------------------------------------------
@file 98: # If DFT is enabled, we force the tool to balance timing for BOTH modes.
@file 99: # However, Genus requires a single, primary view for power analysis (leakage/dynamic).
@file 100: if {$INCLUDE_DFT == "true"} {...
@file 106: } else {
@@file 107: set_analysis_view  -setup   {view_func_setup}  -hold    {view_func_hold}  -leakage {view_func_typical}  -dynamic {view_func_typical}
Number of views requested 1 are allowed with the current licenses... continuing with set_analysis_view.
@file 108: }
#@ End verbose source: /home/cc/Documents/Abdullah/Lab01_Materials/Lab01_Data/inputs/mmmc_master.view
Reading wc_libset timing library '/home/cc/Documents/Abdullah/Lab01_Materials/Lab01_Data/libraries/libs/tcbn65lpwc.lib' ...
**WARN: (TECHLIB-302):	No function defined for cell 'OD25DCAP64'. The cell will only be used for analysis. (File /home/cc/Documents/Abdullah/Lab01_Materials/Lab01_Data/libraries/libs/tcbn65lpwc.lib)
**WARN: (TECHLIB-302):	No function defined for cell 'OD25DCAP32'. The cell will only be used for analysis. (File /home/cc/Documents/Abdullah/Lab01_Materials/Lab01_Data/libraries/libs/tcbn65lpwc.lib)
**WARN: (TECHLIB-302):	No function defined for cell 'OD25DCAP16'. The cell will only be used for analysis. (File /home/cc/Documents/Abdullah/Lab01_Materials/Lab01_Data/libraries/libs/tcbn65lpwc.lib)
**WARN: (TECHLIB-302):	No function defined for cell 'DCAP8'. The cell will only be used for analysis. (File /home/cc/Documents/Abdullah/Lab01_Materials/Lab01_Data/libraries/libs/tcbn65lpwc.lib)
**WARN: (TECHLIB-302):	No function defined for cell 'DCAP64'. The cell will only be used for analysis. (File /home/cc/Documents/Abdullah/Lab01_Materials/Lab01_Data/libraries/libs/tcbn65lpwc.lib)
**WARN: (TECHLIB-302):	No function defined for cell 'DCAP4'. The cell will only be used for analysis. (File /home/cc/Documents/Abdullah/Lab01_Materials/Lab01_Data/libraries/libs/tcbn65lpwc.lib)
**WARN: (TECHLIB-302):	No function defined for cell 'DCAP32'. The cell will only be used for analysis. (File /home/cc/Documents/Abdullah/Lab01_Materials/Lab01_Data/libraries/libs/tcbn65lpwc.lib)
**WARN: (TECHLIB-302):	No function defined for cell 'DCAP16'. The cell will only be used for analysis. (File /home/cc/Documents/Abdullah/Lab01_Materials/Lab01_Data/libraries/libs/tcbn65lpwc.lib)
**WARN: (TECHLIB-302):	No function defined for cell 'DCAP'. The cell will only be used for analysis. (File /home/cc/Documents/Abdullah/Lab01_Materials/Lab01_Data/libraries/libs/tcbn65lpwc.lib)
**WARN: (TECHLIB-302):	No function defined for cell 'ANTENNA'. The cell will only be used for analysis. (File /home/cc/Documents/Abdullah/Lab01_Materials/Lab01_Data/libraries/libs/tcbn65lpwc.lib)
Read 816 cells in library 'tcbn65lpwc' 
Reading bc_libset timing library '/home/cc/Documents/Abdullah/Lab01_Materials/Lab01_Data/libraries/libs/tcbn65lpbc.lib' ...
**WARN: (TECHLIB-302):	No function defined for cell 'OD25DCAP64'. The cell will only be used for analysis. (File /home/cc/Documents/Abdullah/Lab01_Materials/Lab01_Data/libraries/libs/tcbn65lpbc.lib)
**WARN: (TECHLIB-302):	No function defined for cell 'OD25DCAP32'. The cell will only be used for analysis. (File /home/cc/Documents/Abdullah/Lab01_Materials/Lab01_Data/libraries/libs/tcbn65lpbc.lib)
**WARN: (TECHLIB-302):	No function defined for cell 'OD25DCAP16'. The cell will only be used for analysis. (File /home/cc/Documents/Abdullah/Lab01_Materials/Lab01_Data/libraries/libs/tcbn65lpbc.lib)
**WARN: (TECHLIB-302):	No function defined for cell 'DCAP8'. The cell will only be used for analysis. (File /home/cc/Documents/Abdullah/Lab01_Materials/Lab01_Data/libraries/libs/tcbn65lpbc.lib)
**WARN: (TECHLIB-302):	No function defined for cell 'DCAP64'. The cell will only be used for analysis. (File /home/cc/Documents/Abdullah/Lab01_Materials/Lab01_Data/libraries/libs/tcbn65lpbc.lib)
**WARN: (TECHLIB-302):	No function defined for cell 'DCAP4'. The cell will only be used for analysis. (File /home/cc/Documents/Abdullah/Lab01_Materials/Lab01_Data/libraries/libs/tcbn65lpbc.lib)
**WARN: (TECHLIB-302):	No function defined for cell 'DCAP32'. The cell will only be used for analysis. (File /home/cc/Documents/Abdullah/Lab01_Materials/Lab01_Data/libraries/libs/tcbn65lpbc.lib)
**WARN: (TECHLIB-302):	No function defined for cell 'DCAP16'. The cell will only be used for analysis. (File /home/cc/Documents/Abdullah/Lab01_Materials/Lab01_Data/libraries/libs/tcbn65lpbc.lib)
**WARN: (TECHLIB-302):	No function defined for cell 'DCAP'. The cell will only be used for analysis. (File /home/cc/Documents/Abdullah/Lab01_Materials/Lab01_Data/libraries/libs/tcbn65lpbc.lib)
**WARN: (TECHLIB-302):	No function defined for cell 'ANTENNA'. The cell will only be used for analysis. (File /home/cc/Documents/Abdullah/Lab01_Materials/Lab01_Data/libraries/libs/tcbn65lpbc.lib)
Read 816 cells in library 'tcbn65lpbc' 

timing_initialized
@tempus 24> 
# B. Load Technology LEFs
@tempus 24> # B. Load Technology LEFs
@tempus 25> # read_physical: Crucial for accurate RC Extraction awareness. Tempu [1Gs needs physical 
# read_physical: Crucial for accurate RC Extraction awareness. Tempus needs physical 
# layer rules and cell spacing info for accurate Signal Integrity calculations.
puts "INFO: Reading Technology LEFs..."
@tempus 26> # layer rules and cell spacing info for accurate Signal Integrity ca [1Glculations.
@tempus 27> puts "INFO: Reading Technology LEFs..."
INFO: Reading Technology LEFs...
read_physical -lef $LEF_FILE
@tempus 28> read_physical -lef $LEF_FILE

Loading LEF file /home/cc/Documents/Abdullah/Lab01_Materials/Lab01_Data/libraries/lef/tcbn65lp_9lmT2.lef ...
Set DBUPerIGU to M2 pitch 400.
**WARN: (IMPLF-200):	Pin 'I' in macro 'ANTENNA' has no ANTENNAGATEAREA value defined. The library data is incomplete and some process antenna rules will not be checked correctly.

##  Check design process and node:  
##  Both design process and tech node are not set.

0
@tempus 29> 

@tempus 29> # C. Load the Final Routed Netlist from Innovus
# C. Load the Final Routed Netlist from Innovus
@tempus 30> # read_netlist: Loads the gate-level Verilog file that Innovus gener [1Gated after full routing# read_netlist: Loads the gate-level Verilog file that Innovus generated after full routing.
.
@tempus 31> puts "INFO: Reading Post-Route Netlist..."
puts "INFO: Reading Post-Route Netlist..."
INFO: Reading Post-Route Netlist...
@tempus 32> read_netlist $NETLIST_FILE?62;c?62;cread_netlist $NETLIST_FILE?62;c?62;c

**ERROR: (IMPIMEX-10):	Specified file cannot be found: /home/cc/Documents/Abdullah/Lab01_Materials/Lab01_Data/export/Innovus_Data/outputs/pnr/counter.final.v?62.
invalid command name "c?62"
invalid command name "c?62"
@tempus 33> read_netlist $NETLIST_FILE

#% Begin Load netlist data ... (date=08/11 01:44:50, mem=1497.9M)
*** Begin netlist parsing (mem=1525.2M) ***
Reading verilog netlist '/home/cc/Documents/Abdullah/Lab01_Materials/Lab01_Data/export/Innovus_Data/outputs/pnr/counter.final.v'

*** Memory Usage v#3 (Current mem = 1673.250M, initial mem = 656.645M) ***
*** End netlist parsing (cpu=0:00:00.0, real=0:00:00.0, mem=1673.2M) ***
#% End Load netlist data ... (date=08/11 01:44:50, total cpu=0:00:00.2, real=0:00:00.0, peak res=1624.4M, current mem=1618.4M)
Top level cell is counter.
Building hierarchical netlist for Cell counter ...
***** UseNewTieNetMode *****.
*** Netlist is unique.
** info: there are 1672 modules.
** info: there are 12 stdCell insts.
** info: there are 12 stdCell insts with at least one signal pin.

*** Memory Usage v#3 (Current mem = 2036.195M, initial mem = 656.645M) ***
@tempus 34> Loading  (counter)
Traverse HInst (counter)
@tempus 34> init_design
Set Default Input Pin Transition as 0.1 ps.
**WARN: (IMPFP-3961):	The techSite 'dcore' has no related standard cells in the LEF/OA library. The calculations for this site type cannot be made unless standard cell models of this type exist in the LEF/OA library. Ignore this warning if the SITE is not used by the library. Alternatively, remove the SITE definition for the LEF/OA library to avoid this message.
**WARN: (IMPFP-3961):	The techSite 'ccore' has no related standard cells in the LEF/OA library. The calculations for this site type cannot be made unless standard cell models of this type exist in the LEF/OA library. Ignore this warning if the SITE is not used by the library. Alternatively, remove the SITE definition for the LEF/OA library to avoid this message.
Start create_tracks
Extraction setup Started 
/home/cc/Documents/Abdullah/Lab01_Materials/Lab01_Data/inputs/new_counter.sdc
Reading Capacitance Table File /home/cc/Documents/Abdullah/Lab01_Materials/Lab01_Data/inputs/mmmc_files/captable/cln65lp_1p09m+alrdl_top2_rcworst.captable ...
Reading Capacitance Table File /home/cc/Documents/Abdullah/Lab01_Materials/Lab01_Data/inputs/mmmc_files/captable/cln65lp_1p09m+alrdl_top2_typical.captable ...
Reading Capacitance Table File /home/cc/Documents/Abdullah/Lab01_Materials/Lab01_Data/inputs/mmmc_files/captable/cln65lp_1p09m+alrdl_top2_rcbest.captable ...
Importing multi-corner RC tables ... 
Summary of Active RC-Corners : 
 
 Analysis View: view_func_setup
    RC-Corner Name        : rc_worst
    RC-Corner Index       : 0
    RC-Corner Temperature : 125 Celsius
    RC-Corner Cap Table   : '/home/cc/Documents/Abdullah/Lab01_Materials/Lab01_Data/inputs/mmmc_files/captable/cln65lp_1p09m+alrdl_top2_rcworst.captable'
    RC-Corner PostRoute Res Factor        : 1
    RC-Corner PostRoute Cap Factor        : 1
    RC-Corner PostRoute XCap Factor       : 1
 
 Analysis View: view_func_typical
    RC-Corner Name        : rc_typical
    RC-Corner Index       : 1
    RC-Corner Temperature : 25 Celsius
    RC-Corner Cap Table   : '/home/cc/Documents/Abdullah/Lab01_Materials/Lab01_Data/inputs/mmmc_files/captable/cln65lp_1p09m+alrdl_top2_typical.captable'
    RC-Corner PostRoute Res Factor        : 1
    RC-Corner PostRoute Cap Factor        : 1
    RC-Corner PostRoute XCap Factor       : 1
 
 Analysis View: view_func_hold
    RC-Corner Name        : rc_best
    RC-Corner Index       : 2
    RC-Corner Temperature : -40 Celsius
    RC-Corner Cap Table   : '/home/cc/Documents/Abdullah/Lab01_Materials/Lab01_Data/inputs/mmmc_files/captable/cln65lp_1p09m+alrdl_top2_rcbest.captable'
    RC-Corner PostRoute Res Factor        : 1
    RC-Corner PostRoute Cap Factor        : 1
    RC-Corner PostRoute XCap Factor       : 1
Initializing multi-corner capacitance tables ... 
Initializing multi-corner resistance tables ...
Reading tc_libset timing library '/home/cc/Documents/Abdullah/Lab01_Materials/Lab01_Data/libraries/libs/tcbn65lptc.lib' ...
Message <TECHLIB-302> has exceeded the message display limit of '20'. Use 'set_message -no_limit -id list_of_msgIDs' to reset the message limit.
Read 816 cells in library 'tcbn65lptc' 
Reading timing constraints file '/home/cc/Documents/Abdullah/Lab01_Materials/Lab01_Data/inputs/new_counter.sdc' ...
Current (total cpu=0:00:18.0, real=0:01:33, peak res=2350.6M, current mem=2350.6M)
INFO (CTE): Constraints read successfully.
Ending "Constraint file reading stats" (total cpu=0:00:00.0, real=0:00:00.0, peak res=2365.7M, current mem=2365.7M)
Current (total cpu=0:00:18.0, real=0:01:33, peak res=2365.7M, current mem=2365.7M)
Total number of combinational cells: 483
Total number of sequential cells: 303
Total number of tristate cells: 11
Total number of level shifter cells: 0
Total number of power gating cells: 0
Total number of isolation cells: 0
Total number of power switch cells: 0
Total number of pulse generator cells: 0
Total number of always on buffers: 0
Total number of retention cells: 0
Total number of physical cells: 19
List of usable buffers: BUFFD1 BUFFD0 BUFFD2 BUFFD12 BUFFD16 BUFFD3 BUFFD4 BUFFD6 BUFFD8 CKBD1 CKBD0 CKBD2 CKBD12 CKBD16 CKBD3 CKBD4 CKBD6 CKBD8
Total number of usable buffers: 18
List of unusable buffers: BUFFD20 BUFFD24 CKBD20 CKBD24 GBUFFD1 GBUFFD3 GBUFFD2 GBUFFD4 GBUFFD8
Total number of unusable buffers: 9
List of usable inverters: CKND1 CKND0 CKND2 CKND12 CKND16 CKND3 CKND4 CKND6 CKND8 INVD1 INVD0 INVD2 INVD12 INVD16 INVD3 INVD4 INVD6 INVD8
Total number of usable inverters: 18
List of unusable inverters: CKND20 CKND24 GINVD2 GINVD1 GINVD4 GINVD3 GINVD8 INVD20 INVD24
Total number of unusable inverters: 9
List of identified usable delay cells: DEL0 DEL005 DEL01 DEL015 DEL02 DEL1 DEL2 DEL3 DEL4
Total number of identified usable delay cells: 9
List of identified unusable delay cells:
Total number of identified unusable delay cells: 0
@tempus 35> read_spef -rc_corner rc_worst $SPEF_FILE
read_spef -rc_corner rc_worst $SPEF_FILE
@tempus 36> 

@tempus 36> # Best-Case (Hold) Corner: Simulates low temp, high voltage, min wir [1Ge resistance (signals travel too fast).
# Best-Case (Hold) Corner: Simulates low temp, high voltage, min wire resistance (signals travel too fast).
@tempus 37> read_spef -rc_corner rc_best $SPEF_FILE
read_spef -rc_corner rc_best $SPEF_FILE
@tempus 38> 

@tempus 38> # Typical Corner (Optional): Nominal operating conditions# Typical Corner (Optional): Nominal operating conditions.
.
@tempus 39> read_spef -rc_corner rc_typical $SPEF_FILEread_spef -rc_corner rc_typical $SPEF_FILE


SPEF files for RC Corner rc_worst:
Top-level spef file '/home/cc/Documents/Abdullah/Lab01_Materials/Lab01_Data/export/Innovus_Data/outputs/pnr/counter.spef'.

SPEF files for RC Corner rc_typical:
Top-level spef file '/home/cc/Documents/Abdullah/Lab01_Materials/Lab01_Data/export/Innovus_Data/outputs/pnr/counter.spef'.

SPEF files for RC Corner rc_best:
Top-level spef file '/home/cc/Documents/Abdullah/Lab01_Materials/Lab01_Data/export/Innovus_Data/outputs/pnr/counter.spef'.
Start spef parsing (MEM=2539.65).
Spef file '/home/cc/Documents/Abdullah/Lab01_Materials/Lab01_Data/export/Innovus_Data/outputs/pnr/counter.spef' reading completed:: 10 %
Spef file '/home/cc/Documents/Abdullah/Lab01_Materials/Lab01_Data/export/Innovus_Data/outputs/pnr/counter.spef' reading completed:: 20 %
Spef file '/home/cc/Documents/Abdullah/Lab01_Materials/Lab01_Data/export/Innovus_Data/outputs/pnr/counter.spef' reading completed:: 30 %
Spef file '/home/cc/Documents/Abdullah/Lab01_Materials/Lab01_Data/export/Innovus_Data/outputs/pnr/counter.spef' reading completed:: 40 %
Spef file '/home/cc/Documents/Abdullah/Lab01_Materials/Lab01_Data/export/Innovus_Data/outputs/pnr/counter.spef' reading completed:: 50 %
Spef file '/home/cc/Documents/Abdullah/Lab01_Materials/Lab01_Data/export/Innovus_Data/outputs/pnr/counter.spef' reading completed:: 60 %
Spef file '/home/cc/Documents/Abdullah/Lab01_Materials/Lab01_Data/export/Innovus_Data/outputs/pnr/counter.spef' reading completed:: 70 %
Spef file '/home/cc/Documents/Abdullah/Lab01_Materials/Lab01_Data/export/Innovus_Data/outputs/pnr/counter.spef' reading completed:: 80 %
Spef file '/home/cc/Documents/Abdullah/Lab01_Materials/Lab01_Data/export/Innovus_Data/outputs/pnr/counter.spef' reading completed:: 90 %
Spef file '/home/cc/Documents/Abdullah/Lab01_Materials/Lab01_Data/export/Innovus_Data/outputs/pnr/counter.spef' reading completed:: 100 %
SPEF file /home/cc/Documents/Abdullah/Lab01_Materials/Lab01_Data/export/Innovus_Data/outputs/pnr/counter.spef.
Number of Resistors     : 188
Number of Ground Caps   : 188
Number of Coupling Caps : 0

Spef file '/home/cc/Documents/Abdullah/Lab01_Materials/Lab01_Data/export/Innovus_Data/outputs/pnr/counter.spef' reading completed:: 10 %
Spef file '/home/cc/Documents/Abdullah/Lab01_Materials/Lab01_Data/export/Innovus_Data/outputs/pnr/counter.spef' reading completed:: 20 %
Spef file '/home/cc/Documents/Abdullah/Lab01_Materials/Lab01_Data/export/Innovus_Data/outputs/pnr/counter.spef' reading completed:: 30 %
Spef file '/home/cc/Documents/Abdullah/Lab01_Materials/Lab01_Data/export/Innovus_Data/outputs/pnr/counter.spef' reading completed:: 40 %
Spef file '/home/cc/Documents/Abdullah/Lab01_Materials/Lab01_Data/export/Innovus_Data/outputs/pnr/counter.spef' reading completed:: 50 %
Spef file '/home/cc/Documents/Abdullah/Lab01_Materials/Lab01_Data/export/Innovus_Data/outputs/pnr/counter.spef' reading completed:: 60 %
Spef file '/home/cc/Documents/Abdullah/Lab01_Materials/Lab01_Data/export/Innovus_Data/outputs/pnr/counter.spef' reading completed:: 70 %
Spef file '/home/cc/Documents/Abdullah/Lab01_Materials/Lab01_Data/export/Innovus_Data/outputs/pnr/counter.spef' reading completed:: 80 %
Spef file '/home/cc/Documents/Abdullah/Lab01_Materials/Lab01_Data/export/Innovus_Data/outputs/pnr/counter.spef' reading completed:: 90 %
Spef file '/home/cc/Documents/Abdullah/Lab01_Materials/Lab01_Data/export/Innovus_Data/outputs/pnr/counter.spef' reading completed:: 100 %
SPEF file /home/cc/Documents/Abdullah/Lab01_Materials/Lab01_Data/export/Innovus_Data/outputs/pnr/counter.spef.
Number of Resistors     : 188
Number of Ground Caps   : 188
Number of Coupling Caps : 0

Spef file '/home/cc/Documents/Abdullah/Lab01_Materials/Lab01_Data/export/Innovus_Data/outputs/pnr/counter.spef' reading completed:: 10 %
Spef file '/home/cc/Documents/Abdullah/Lab01_Materials/Lab01_Data/export/Innovus_Data/outputs/pnr/counter.spef' reading completed:: 20 %
Spef file '/home/cc/Documents/Abdullah/Lab01_Materials/Lab01_Data/export/Innovus_Data/outputs/pnr/counter.spef' reading completed:: 30 %
Spef file '/home/cc/Documents/Abdullah/Lab01_Materials/Lab01_Data/export/Innovus_Data/outputs/pnr/counter.spef' reading completed:: 40 %
Spef file '/home/cc/Documents/Abdullah/Lab01_Materials/Lab01_Data/export/Innovus_Data/outputs/pnr/counter.spef' reading completed:: 50 %
Spef file '/home/cc/Documents/Abdullah/Lab01_Materials/Lab01_Data/export/Innovus_Data/outputs/pnr/counter.spef' reading completed:: 60 %
Spef file '/home/cc/Documents/Abdullah/Lab01_Materials/Lab01_Data/export/Innovus_Data/outputs/pnr/counter.spef' reading completed:: 70 %
Spef file '/home/cc/Documents/Abdullah/Lab01_Materials/Lab01_Data/export/Innovus_Data/outputs/pnr/counter.spef' reading completed:: 80 %
Spef file '/home/cc/Documents/Abdullah/Lab01_Materials/Lab01_Data/export/Innovus_Data/outputs/pnr/counter.spef' reading completed:: 90 %
Spef file '/home/cc/Documents/Abdullah/Lab01_Materials/Lab01_Data/export/Innovus_Data/outputs/pnr/counter.spef' reading completed:: 100 %
SPEF file /home/cc/Documents/Abdullah/Lab01_Materials/Lab01_Data/export/Innovus_Data/outputs/pnr/counter.spef.
Number of Resistors     : 188
Number of Ground Caps   : 188
Number of Coupling Caps : 0

End spef parsing (MEM=2548.65 CPU=0:00:00.1 REAL=0:00:00.0).
@tempus 40> @tempus 40> set_analysis_view -setup {view_func_setup} -hold {view_func_hold}
Number of views requested 1 are allowed with the current licenses... continuing with set_analysis_view.
Extraction setup Started 
/home/cc/Documents/Abdullah/Lab01_Materials/Lab01_Data/inputs/new_counter.sdc
Reading Capacitance Table File /home/cc/Documents/Abdullah/Lab01_Materials/Lab01_Data/inputs/mmmc_files/captable/cln65lp_1p09m+alrdl_top2_rcworst.captable ...
Reading Capacitance Table File /home/cc/Documents/Abdullah/Lab01_Materials/Lab01_Data/inputs/mmmc_files/captable/cln65lp_1p09m+alrdl_top2_rcbest.captable ...
Importing multi-corner RC tables ... 
Summary of Active RC-Corners : 
 
 Analysis View: view_func_setup
    RC-Corner Name        : rc_worst
    RC-Corner Index       : 0
    RC-Corner Temperature : 125 Celsius
    RC-Corner Cap Table   : '/home/cc/Documents/Abdullah/Lab01_Materials/Lab01_Data/inputs/mmmc_files/captable/cln65lp_1p09m+alrdl_top2_rcworst.captable'
    RC-Corner PostRoute Res Factor        : 1
    RC-Corner PostRoute Cap Factor        : 1
    RC-Corner PostRoute XCap Factor       : 1
 
 Analysis View: view_func_hold
    RC-Corner Name        : rc_best
    RC-Corner Index       : 1
    RC-Corner Temperature : -40 Celsius
    RC-Corner Cap Table   : '/home/cc/Documents/Abdullah/Lab01_Materials/Lab01_Data/inputs/mmmc_files/captable/cln65lp_1p09m+alrdl_top2_rcbest.captable'
    RC-Corner PostRoute Res Factor        : 1
    RC-Corner PostRoute Cap Factor        : 1
    RC-Corner PostRoute XCap Factor       : 1
set_analysis_view/update_rc_corner called to change MMMC setup. New set of RC Corners are a subset of previous MMMC setup and the RC setup information for the new set has remained same. Therefore, parasitic data in the tool brought as per previous MMMC setup is being maintained.
Initializing multi-corner capacitance tables ... 
Initializing multi-corner resistance tables ...
Reading timing constraints file '/home/cc/Documents/Abdullah/Lab01_Materials/Lab01_Data/inputs/new_counter.sdc' ...
Current (total cpu=0:00:26.9, real=0:07:01, peak res=2391.3M, current mem=2349.0M)
INFO (CTE): Constraints read successfully.
Ending "Constraint file reading stats" (total cpu=0:00:00.0, real=0:00:00.0, peak res=2362.1M, current mem=2362.1M)
Current (total cpu=0:00:27.0, real=0:07:01, peak res=2391.3M, current mem=2362.1M)
Total number of combinational cells: 483
Total number of sequential cells: 303
Total number of tristate cells: 11
Total number of level shifter cells: 0
Total number of power gating cells: 0
Total number of isolation cells: 0
Total number of power switch cells: 0
Total number of pulse generator cells: 0
Total number of always on buffers: 0
Total number of retention cells: 0
Total number of physical cells: 19
List of usable buffers: BUFFD1 BUFFD0 BUFFD2 BUFFD12 BUFFD16 BUFFD3 BUFFD4 BUFFD6 BUFFD8 CKBD1 CKBD0 CKBD2 CKBD12 CKBD16 CKBD3 CKBD4 CKBD6 CKBD8
Total number of usable buffers: 18
List of unusable buffers: BUFFD20 BUFFD24 CKBD20 CKBD24 GBUFFD1 GBUFFD3 GBUFFD2 GBUFFD4 GBUFFD8
Total number of unusable buffers: 9
List of usable inverters: CKND1 CKND0 CKND2 CKND12 CKND16 CKND3 CKND4 CKND6 CKND8 INVD1 INVD0 INVD2 INVD12 INVD16 INVD3 INVD4 INVD6 INVD8
Total number of usable inverters: 18
List of unusable inverters: CKND20 CKND24 GINVD2 GINVD1 GINVD4 GINVD3 GINVD8 INVD20 INVD24
Total number of unusable inverters: 9
List of identified usable delay cells: DEL0 DEL005 DEL01 DEL015 DEL02 DEL1 DEL2 DEL3 DEL4
Total number of identified usable delay cells: 9
List of identified unusable delay cells:
Total number of identified unusable delay cells: 0
@tempus 41> update_timing -full

AAE_INFO: opIsDesignInPostRouteState() is 0
AAE DB initialization (MEM=2607.27 CPU=0:00:00.0 REAL=0:00:00.0) 
AAE_INFO: resetNetProps viewIdx 0 
AAE_INFO: resetNetProps viewIdx 1 
Starting SI iteration 1 using Infinite Timing Windows
Start slew iteration 
#################################################################################
# Design Name: counter
# Design Mode: 65nm
# Analysis Mode: MMMC OCV 
# Parasitics Mode: SPEF/RCDB 
# Signoff Settings: SI On 
#################################################################################
Start delay calculation (fullDC) (1 T). (MEM=2624.09)
**ERROR: (IMPESI-2016):	There is no coupling capacitance found in the design. Use 'set_db delaycal_enable_si false' to perform base delay analysis. SI analysis requires the SPEF to contain coupling capacitance. To perform SI analysis, load a SPEF with coupling capacitance and re-run.
End delay calculation. (MEM=3054.97 CPU=0:00:00.0 REAL=0:00:00.0)
/home/cc/Documents/Abdullah/Lab01_Materials/Lab01_Data/inputs/new_counter.sdc
/home/cc/Documents/Abdullah/Lab01_Materials/Lab01_Data/inputs/new_counter.sdc
End delay calculation (fullDC). (MEM=3054.97 CPU=0:00:00.1 REAL=0:00:00.0)
update aggressor slew in non distributed run
End Slew iteration 
Start delay calculation (fullDC) (1 T). (MEM=3054.97)
**ERROR: (IMPESI-2016):	There is no coupling capacitance found in the design. Use 'set_db delaycal_enable_si false' to perform base delay analysis. SI analysis requires the SPEF to contain coupling capacitance. To perform SI analysis, load a SPEF with coupling capacitance and re-run.
AAE_INFO-618: Total number of nets in the design is 17,  100.0 percent of the nets selected for SI analysis
AAE_INFO-618: Total number of nets in the design is 17,  100.0 percent of the nets selected for SI analysis
End delay calculation. (MEM=3106.07 CPU=0:00:00.0 REAL=0:00:00.0)
End delay calculation (fullDC). (MEM=3106.07 CPU=0:00:00.0 REAL=0:00:00.0)
Loading CTE timing window with TwFlowType 0...(CPU = 0:00:00.0, REAL = 0:00:00.0, MEM = 3088.1M)
Loading CTE timing window is completed (CPU = 0:00:00.0, REAL = 0:00:00.0, MEM = 3088.1M)
Starting SI iteration 2
Start delay calculation (fullDC) (1 T). (MEM=3052.31)
**ERROR: (IMPESI-2016):	There is no coupling capacitance found in the design. Use 'set_db delaycal_enable_si false' to perform base delay analysis. SI analysis requires the SPEF to contain coupling capacitance. To perform SI analysis, load a SPEF with coupling capacitance and re-run.
AAE_INFO-618: Total number of nets in the design is 17,  5.9 percent of the nets selected for SI analysis
AAE_INFO-618: Total number of nets in the design is 17,  5.9 percent of the nets selected for SI analysis
End delay calculation. (MEM=3135.56 CPU=0:00:00.0 REAL=0:00:00.0)
End delay calculation (fullDC). (MEM=3135.56 CPU=0:00:00.0 REAL=0:00:00.0)
0
@tempus 42> @tempus 42> report_timing_summary > ${TEMPUS_RPT_DIR}/summary.rpt
@tempus 43> 

@tempus 43> # 2. Detailed Setup Report (Top 10 Critical Paths)
# 2. Detailed Setup Report (Top 10 Critical Paths)
@tempus 44> # report_timing -late: Extracts the worst-case (longest) paths to en [1Gsure data arrives safely before the clock edge.
# report_timing -late: Extracts the worst-case (longest) paths to ensure data arrives safely before the clock edge.
@tempus 45> report_timing -late  -max_paths 10 > ${TEMPUS_RPT_DIR}/setup_paths.rreport_timing -late  -max_paths 10 > ${TEMPUS_RPT_DIR}/setup_paths.rpt
 [1Gpt
@tempus 46> 

@tempus 46> # 3. Detailed Hold Report (Top 10 Critical Paths)
# 3. Detailed Hold Report (Top 10 Critical Paths)
@tempus 47> # report_timing -early: Extracts the best-case (shortest) paths to e [1Gnsure data doesn't overwrite the previous cycle too quickly.
# report_timing -early: Extracts the best-case (shortest) paths to ensure data doesn't overwrite the previous cycle too quickly.
@tempus 48> report_timing -early -max_paths 10 > ${TEMPUS_RPT_DIR}/hold_paths.rp [1Gt
report_timing -early -max_paths 10 > ${TEMPUS_RPT_DIR}/hold_paths.rpt
@tempus 49> 

@tempus 49> # 4. Design Rule Violations (Max Cap/Tran/Fanout# 4. Design Rule Violations (Max Cap/Tran/Fanout)
)
@tempus 50> # report_constraint: Explicitly audits electrical rules (DRVs). Even [1G if setup/hold pass, 
# report_constraint: Explicitly audits electrical rules (DRVs). Even if setup/hold pass, 
@tempus 51> # a chip can fail if a wire has too much capacitance or a signal tra [1Gnsitions too slowly.
# a chip can fail if a wire has too much capacitance or a signal transitions too slowly.
@tempus 52> report_constraint -drv_violation_type {max_capacitance max_transitio [1Gn max_fanout} > ${TEMPUS_RPT_DIR}/drv.rptreport_constraint -drv_violation_type {max_capacitance max_transition max_fanout} > ${TEMPUS_RPT_DIR}/drv.rpt
@tempus 53> **INFO (INTERRUPT): One more Ctrl-C to exit Tempus Timing Solution ...

--------------------------------------------------------------------------------
Exiting Tempus Timing Solution on Tue Aug 11 02:22:23 2026
  Total CPU time:     0:01:18
  Total real time:    0:39:04
  Peak memory (main): 2487.50MB


*** Memory Usage v#3 (Current mem = 3139.562M, initial mem = 656.645M) ***

*** Summary of all messages that are not suppressed in this session:
Severity  ID               Count  Summary                                  
WARNING   IMPLF-200            1  Pin '%s' in macro '%s' has no ANTENNAGAT...
WARNING   IMPFP-3961           2  The techSite '%s' has no related standar...
ERROR     IMPESI-2016          3  There is no coupling capacitance found i...
ERROR     IMPIMEX-10           1  Specified file cannot be found: %s.      
WARNING   TECHLIB-302         30  No function defined for cell '%s'. The c...
*** Message Summary: 33 warning(s), 4 error(s)

--- Ending "Tempus Timing Solution" (totcpu=0:01:18, real=0:38:56, mem=3139.6M) ---
