csi-xmsim - CSI: Command line:
xmsim
    -f /home/cc/Documents/Abdullah/Lab01_Materials/Lab01_Data/workspace/xcelium.d/run.lnx8664.23.09.d/ncdc-0137_941bdf63-82f5-41f7-9932-377c24be0ad1/xmsim.args
        +sdf_verbose
        -SDF_VERBOSE
        -gui
        -MESSAGES
        +EMGRLOG xrun.log
        -XLSTIME 1785403897
        -XLKEEP
        -XLMODE ./xcelium.d/run.lnx8664.23.09.d
        -RUNMODE
        -CDSLIB ./xcelium.d/run.lnx8664.23.09.d/cds.lib
        -HDLVAR ./xcelium.d/run.lnx8664.23.09.d/hdl.var
        -XLNAME xrun
        -XLVERSION TOOL:	xrun(64)	23.09-s006
        -XLNAME ./xcelium.d/run.lnx8664.23.09.d/ncdc-0137_941bdf63-82f5-41f7-9932-377c24be0ad1
    -CHECK_VERSION TOOL:	xrun(64)	23.09-s006
    -LOG_FD 4
    -LOG_FD_NAME xrun.log
    -cmdnopsim
    -runlock /home/cc/Documents/Abdullah/Lab01_Materials/Lab01_Data/workspace/xcelium.d/run.lnx8664.23.09.d/.xmlib.lock
    -runscratch /home/cc/Documents/Abdullah/Lab01_Materials/Lab01_Data/workspace/xcelium.d/run.lnx8664.23.09.d/ncdc-0137_941bdf63-82f5-41f7-9932-377c24be0ad1

csi-xmsim - CSI: *F,INTERR: INTERNAL EXCEPTION
Observed simulation time : 0 FS + 0
-----------------------------------------------------------------
The tool has encountered an unexpected condition and must exit.
Contact Cadence Design Systems customer support about this
problem and provide enough information to help us reproduce it,
including the logfile that contains this error message.
  TOOL:	xmsim(64)	23.09-s006 (CL: 587028 )
  HOSTNAME: ncdc-0137
  OPERATING SYSTEM: Linux 7.1.4-1.el8.elrepo.x86_64 #1 SMP PREEMPT_DYNAMIC Sat Jul 18 15:34:32 EDT 2026 x86_64
  MESSAGE: T(0): sv_seghandler - trapno -1 addr(0xa58b4cc)
	Stream rts_xfer
-----------------------------------------------------------------

csi-xmsim - CSI: Cadence Support Investigation, recording details
External Code in function: <unavailable> offset -65504
External Code in function: <unavailable> offset -65506
External Code in function: <unavailable> offset -65536
Simulator Snap Shot: gd (SSS_GD) in snapshot worklib.counter_tb:v (SSS)
Verilog Syntax Tree: real type (VST_T_REAL) in module worklib.counter_tb:v (VST)
	Decompile: real
Verilog Syntax Tree: module declaration (VST_D_MODULE) in module worklib.counter_tb:v (VST)
	File: /home/cc/Documents/Abdullah/Lab01_Materials/Lab01_Data/sourcecode/tb/counter_tb.v, line 3, position 16
	Scope: counter_tb
	Decompile: counter_tb
	Source  : module counter_tb;
	Position:                 ^
Verilog Syntax Tree: register declaration (VST_D_REG) in module worklib.counter_tb:v (VST)
	File: /home/cc/Documents/Abdullah/Lab01_Materials/Lab01_Data/sourcecode/tb/counter_tb.v, line 9, position 25
	Scope: counter_tb
	Decompile: real clk_edge_time
	Source  :     realtime clk_edge_time;
	Position:                          ^
Verilog Syntax Tree: indexed vector type (VST_T_INDEXED_VEC) in module worklib.counter_tb:v (VST)
	Scope: counter_tb
	Decompile: logic
Intermediate File: array of pointers (IF_PTRBLK) in snapshot worklib.counter_tb:v (SSS)
Verilog Syntax Tree: wire declaration (VST_D_WIRE) in module worklib.counter_tb:v (VST)
	File: /home/cc/Documents/Abdullah/Lab01_Materials/Lab01_Data/sourcecode/tb/counter_tb.v, line 6, position 19
	Scope: counter_tb
	Decompile: logic count
	Source  :     wire [3:0] count;  
	Position:                    ^
Verilog Syntax Tree: overlay table (VST_OVERLAY_TABLE) in module worklib.counter_tb:v (SIG) <0x16f96ae7>
	Decompile: counter_tb
Verilog Syntax Tree: logic type (VST_T_LOGIC) in module worklib.counter_tb:v (VST)
	Decompile: logic
Verilog Syntax Tree: register declaration (VST_D_REG) in module worklib.counter_tb:v (VST)
	File: /home/cc/Documents/Abdullah/Lab01_Materials/Lab01_Data/sourcecode/tb/counter_tb.v, line 4, position 6
	Scope: counter_tb
	Decompile: reg clk
	Source  : reg clk;         
	Position:       ^
Verilog Syntax Tree: register declaration (VST_D_REG) in module worklib.counter_tb:v (VST)
	File: /home/cc/Documents/Abdullah/Lab01_Materials/Lab01_Data/sourcecode/tb/counter_tb.v, line 5, position 12
	Scope: counter_tb
	Decompile: reg reset
	Source  :     reg reset;      
	Position:             ^
Simulator Snap Shot: dynlib (SSS_DYNLIB) in snapshot worklib.counter_tb:v (SSS)
External Code in function: <unavailable> offset -64535
csi-xmsim - CSI: investigation complete took 0.006 secs, send this file to Cadence Support
