csi-xmsim - CSI: Command line:
xmsim
    -f /home/cc/Documents/Abdullah/Lab01_Materials/Lab01_Data/workspace/xcelium.d/run.lnx8664.23.09.d/ncdc-0137_f8ce8bcf-7ea7-420c-9ddc-0ff2fcfc7ee4/xmsim.args
        +sdf_verbose
        -SDF_VERBOSE
        -gui
        -MESSAGES
        +EMGRLOG xrun.log
        -XLSTIME 1785398461
        -XLKEEP
        -XLMODE ./xcelium.d/run.lnx8664.23.09.d
        -RUNMODE
        -CDSLIB ./xcelium.d/run.lnx8664.23.09.d/cds.lib
        -HDLVAR ./xcelium.d/run.lnx8664.23.09.d/hdl.var
        -XLNAME xrun
        -XLVERSION TOOL:	xrun(64)	23.09-s006
        -XLNAME ./xcelium.d/run.lnx8664.23.09.d/ncdc-0137_f8ce8bcf-7ea7-420c-9ddc-0ff2fcfc7ee4
    -CHECK_VERSION TOOL:	xrun(64)	23.09-s006
    -LOG_FD 4
    -LOG_FD_NAME xrun.log
    -cmdnopsim
    -runlock /home/cc/Documents/Abdullah/Lab01_Materials/Lab01_Data/workspace/xcelium.d/run.lnx8664.23.09.d/.xmlib.lock
    -runscratch /home/cc/Documents/Abdullah/Lab01_Materials/Lab01_Data/workspace/xcelium.d/run.lnx8664.23.09.d/ncdc-0137_f8ce8bcf-7ea7-420c-9ddc-0ff2fcfc7ee4

csi-xmsim - CSI: *F,INTERR: INTERNAL EXCEPTION
Observed simulation time : 0 FS + 0
-----------------------------------------------------------------
The tool has encountered an unexpected condition and must exit.
Contact Cadence Design Systems customer support about this
problem and provide enough information to help us reproduce it,
including the logfile that contains this error message.
  TOOL:	xmsim(64)	23.09-s006 (CL: 587028 )
  HOSTNAME: ncdc-0137
  OPERATING SYSTEM: Linux 7.1.4-1.el8.elrepo.x86_64 #1 SMP PREEMPT_DYNAMIC Sat Jul 18 15:34:32 EDT 2026 x86_64
  MESSAGE: T(0): sv_seghandler - trapno -1 addr(0x39bf14ac)
	Stream rts_xfer
-----------------------------------------------------------------

csi-xmsim - CSI: Cadence Support Investigation, recording details
External Code in function: <unavailable> offset -65505
External Code in function: <unavailable> offset -65506
External Code in function: <unavailable> offset -65536
Simulator Snap Shot: gd (SSS_GD) in snapshot worklib.counter_tb:v (SSS)
Verilog Syntax Tree: module declaration (VST_D_MODULE) in module worklib.counter_tb:v (VST)
	File: /home/cc/Documents/Abdullah/Lab01_Materials/Lab01_Data/sourcecode/tb/counter_tb.v, line 3, position 16
	Scope: counter_tb
	Decompile: counter_tb
	Source  : module counter_tb;
	Position:                 ^
Verilog Syntax Tree: register declaration (VST_D_REG) in module worklib.counter_tb:v (VST)
	File: /home/cc/Documents/Abdullah/Lab01_Materials/Lab01_Data/sourcecode/tb/counter_tb.v, line 5, position 12
	Scope: counter_tb
	Decompile: reg reset
	Source  :     reg reset;      
	Position:             ^
Verilog Syntax Tree: wire declaration (VST_D_WIRE) in module worklib.counter_tb:v (VST)
	File: /home/cc/Documents/Abdullah/Lab01_Materials/Lab01_Data/sourcecode/tb/counter_tb.v, line 6, position 19
	Scope: counter_tb
	Decompile: logic count
	Source  :     wire [3:0] count;  
	Position:                    ^
Verilog Syntax Tree: logic type (VST_T_LOGIC) in module worklib.counter_tb:v (VST)
	Decompile: reg
Verilog Syntax Tree: register declaration (VST_D_REG) in module worklib.counter_tb:v (VST)
	File: /home/cc/Documents/Abdullah/Lab01_Materials/Lab01_Data/sourcecode/tb/counter_tb.v, line 4, position 6
	Scope: counter_tb
	Decompile: reg clk
	Source  : reg clk;         
	Position:       ^
Verilog Syntax Tree: logic type (VST_T_LOGIC) in module worklib.counter_tb:v (VST)
	Decompile: logic
External Code in function: <unavailable> offset -65534
Intermediate File: string (IF_STRING) in module worklib.counter_tb:v (VST)
	Decompile: reset
Intermediate File: root (IF_ROOT) in module worklib.counter_tb:v (VST)
Simulator Snap Shot: dynlib (SSS_DYNLIB) in snapshot worklib.counter_tb:v (SSS)
External Code in function: <unavailable> offset -64535
csi-xmsim - CSI: investigation complete took 0.007 secs, send this file to Cadence Support
