#-----------------------------------------------------------
# Vivado v2019.1 (64-bit)
# SW Build 2552052 on Fri May 24 14:49:42 MDT 2019
# IP Build 2548770 on Fri May 24 18:01:18 MDT 2019
# Start of session at: Mon Jul 27 09:36:57 2026
# Process ID: 15584
# Current directory: C:/Users/root/Documents/Github/NCDC_Project/IR_types/project_I_R_types
# Command line: vivado.exe -gui_launcher_event rodinguilauncherevent18792 C:\Users\root\Documents\Github\NCDC_Project\IR_types\project_I_R_types\project_I_R_types.xpr
# Log file: C:/Users/root/Documents/Github/NCDC_Project/IR_types/project_I_R_types/vivado.log
# Journal file: C:/Users/root/Documents/Github/NCDC_Project/IR_types/project_I_R_types\vivado.jou
#-----------------------------------------------------------
start_gui
open_project C:/Users/root/Documents/Github/NCDC_Project/IR_types/project_I_R_types/project_I_R_types.xpr
INFO: [Project 1-313] Project file moved from 'C:/Users/root/Documents/Abdullah/project_I_R_types' since last save.
Scanning sources...
Finished scanning sources
INFO: [IP_Flow 19-234] Refreshing IP repositories
INFO: [IP_Flow 19-1704] No user IP repositories specified
INFO: [IP_Flow 19-2313] Loaded Vivado IP repository 'C:/Xilinx/Vivado/2019.1/data/ip'.
update_compile_order -fileset sources_1
launch_simulation
INFO: [Vivado 12-5682] Launching behavioral simulation in 'C:/Users/root/Documents/Github/NCDC_Project/IR_types/project_I_R_types/project_I_R_types.sim/sim_1/behav/xsim'
INFO: [SIM-utils-51] Simulation object is 'sim_1'
INFO: [SIM-utils-54] Inspecting design source files for 'riscv_top_tb' in fileset 'sim_1'...
INFO: [SIM-utils-43] Exported 'C:/Users/root/Documents/Github/NCDC_Project/IR_types/project_I_R_types/project_I_R_types.sim/sim_1/behav/xsim/instructions.mem'
INFO: [USF-XSim-97] Finding global include files...
INFO: [USF-XSim-98] Fetching design files from 'sim_1'...
INFO: [USF-XSim-2] XSim::Compile design
INFO: [USF-XSim-61] Executing 'COMPILE and ANALYZE' step in 'C:/Users/root/Documents/Github/NCDC_Project/IR_types/project_I_R_types/project_I_R_types.sim/sim_1/behav/xsim'
"xvlog --incr --relax -prj riscv_top_tb_vlog.prj"
INFO: [VRFC 10-2263] Analyzing SystemVerilog file "C:/Users/root/Documents/Github/NCDC_Project/IR_types/alu.sv" into library xil_defaultlib
INFO: [VRFC 10-311] analyzing module alu
INFO: [VRFC 10-2263] Analyzing SystemVerilog file "C:/Users/root/Documents/Github/NCDC_Project/IR_types/alu_ctrl.sv" into library xil_defaultlib
INFO: [VRFC 10-311] analyzing module alu_ctrl
INFO: [VRFC 10-2263] Analyzing SystemVerilog file "C:/Users/root/Documents/Github/NCDC_Project/IR_types/i_mem.sv" into library xil_defaultlib
INFO: [VRFC 10-311] analyzing module i_mem
INFO: [VRFC 10-2263] Analyzing SystemVerilog file "C:/Users/root/Documents/Github/NCDC_Project/IR_types/imm_gen.sv" into library xil_defaultlib
INFO: [VRFC 10-311] analyzing module imm_gen
INFO: [VRFC 10-2263] Analyzing SystemVerilog file "C:/Users/root/Documents/Github/NCDC_Project/IR_types/main_ctrl.sv" into library xil_defaultlib
INFO: [VRFC 10-311] analyzing module main_ctrl
INFO: [VRFC 10-2263] Analyzing SystemVerilog file "C:/Users/root/Documents/Github/NCDC_Project/IR_types/program_counter.sv" into library xil_defaultlib
INFO: [VRFC 10-311] analyzing module program_counter
INFO: [VRFC 10-2263] Analyzing SystemVerilog file "C:/Users/root/Documents/Github/NCDC_Project/IR_types/reg_file.sv" into library xil_defaultlib
INFO: [VRFC 10-311] analyzing module reg_file
INFO: [VRFC 10-2263] Analyzing SystemVerilog file "C:/Users/root/Documents/Github/NCDC_Project/IR_types/riscv_top.sv" into library xil_defaultlib
INFO: [VRFC 10-311] analyzing module riscv_top
INFO: [VRFC 10-2263] Analyzing SystemVerilog file "C:/Users/root/Documents/Github/NCDC_Project/IR_types/riscv_top_tb.sv" into library xil_defaultlib
INFO: [VRFC 10-311] analyzing module riscv_top_tb
INFO: [VRFC 10-2263] Analyzing Verilog file "C:/Users/root/Documents/Github/NCDC_Project/IR_types/project_I_R_types/project_I_R_types.sim/sim_1/behav/xsim/glbl.v" into library xil_defaultlib
INFO: [VRFC 10-311] analyzing module glbl
INFO: [USF-XSim-69] 'compile' step finished in '1' seconds
INFO: [USF-XSim-3] XSim::Elaborate design
INFO: [USF-XSim-61] Executing 'ELABORATE' step in 'C:/Users/root/Documents/Github/NCDC_Project/IR_types/project_I_R_types/project_I_R_types.sim/sim_1/behav/xsim'
"xelab -wto d03655c9cf0e414e88dd1ca34dfb5536 --incr --debug typical --relax --mt 2 -L xil_defaultlib -L unisims_ver -L unimacro_ver -L secureip --snapshot riscv_top_tb_behav xil_defaultlib.riscv_top_tb xil_defaultlib.glbl -log elaborate.log"
Vivado Simulator 2019.1
Copyright 1986-1999, 2001-2019 Xilinx, Inc. All Rights Reserved.
Running: C:/Xilinx/Vivado/2019.1/bin/unwrapped/win64.o/xelab.exe -wto d03655c9cf0e414e88dd1ca34dfb5536 --incr --debug typical --relax --mt 2 -L xil_defaultlib -L unisims_ver -L unimacro_ver -L secureip --snapshot riscv_top_tb_behav xil_defaultlib.riscv_top_tb xil_defaultlib.glbl -log elaborate.log 
Using 2 slave threads.
Starting static elaboration
Completed static elaboration
Starting simulation data flow analysis
Completed simulation data flow analysis
Time Resolution for simulation is 1ps
Compiling module xil_defaultlib.program_counter
Compiling module xil_defaultlib.i_mem
Compiling module xil_defaultlib.reg_file
Compiling module xil_defaultlib.imm_gen
Compiling module xil_defaultlib.main_ctrl
Compiling module xil_defaultlib.alu
Compiling module xil_defaultlib.alu_ctrl
Compiling module xil_defaultlib.riscv_top
Compiling module xil_defaultlib.riscv_top_tb
Compiling module xil_defaultlib.glbl
Built simulation snapshot riscv_top_tb_behav

****** Webtalk v2019.1 (64-bit)
  **** SW Build 2552052 on Fri May 24 14:49:42 MDT 2019
  **** IP Build 2548770 on Fri May 24 18:01:18 MDT 2019
    ** Copyright 1986-2019 Xilinx, Inc. All Rights Reserved.

source C:/Users/root/Documents/Github/NCDC_Project/IR_types/project_I_R_types/project_I_R_types.sim/sim_1/behav/xsim/xsim.dir/riscv_top_tb_behav/webtalk/xsim_webtalk.tcl -notrace
INFO: [Common 17-206] Exiting Webtalk at Mon Jul 27 09:38:39 2026...
INFO: [USF-XSim-69] 'elaborate' step finished in '4' seconds
INFO: [USF-XSim-4] XSim::Simulate design
INFO: [USF-XSim-61] Executing 'SIMULATE' step in 'C:/Users/root/Documents/Github/NCDC_Project/IR_types/project_I_R_types/project_I_R_types.sim/sim_1/behav/xsim'
INFO: [USF-XSim-98] *** Running xsim
   with args "riscv_top_tb_behav -key {Behavioral:sim_1:Functional:riscv_top_tb} -tclbatch {riscv_top_tb.tcl} -view {C:/Users/root/Documents/Github/NCDC_Project/IR_types/project_I_R_types/riscv_top_tb_behav.wcfg} -log {simulate.log}"
INFO: [USF-XSim-8] Loading simulator feature
Vivado Simulator 2019.1
Time resolution is 1 ps
open_wave_config C:/Users/root/Documents/Github/NCDC_Project/IR_types/project_I_R_types/riscv_top_tb_behav.wcfg
source riscv_top_tb.tcl
# set curr_wave [current_wave_config]
# if { [string length $curr_wave] == 0 } {
#   if { [llength [get_objects]] > 0} {
#     add_wave /
#     set_property needs_save false [current_wave_config]
#   } else {
#      send_msg_id Add_Wave-1 WARNING "No top level signals found. Simulator will start without a wave window. If you want to open a wave window go to 'File->New Waveform Configuration' or type 'create_wave_config' in the TCL console."
#   }
# }
# run 1000ns
-------------------------------------------------------------------------
Time  | Rst | PC   | Instruction | ALU_Out | RegWEn
-------------------------------------------------------------------------
0    |  1  | 0    |  00500093   |   5     |   1
15000    |  0  | 4    |  00a00113   |   10     |   1
25000    |  0  | 8    |  002081b3   |   15     |   1
35000    |  0  | 12    |  40110233   |   5     |   1
45000    |  0  | 16    |  fff00293   |   4294967295     |   1
55000    |  0  | 20    |  0050f333   |   5     |   1
65000    |  0  | 24    |  0020e3b3   |   15     |   1
75000    |  0  | 28    |  01420413   |   25     |   1
85000    |  0  | 32    |  001404b3   |   30     |   1
95000    |  0  | 36    |  40248533   |   20     |   1
105000    |  0  | 40    |  xxxxxxxx   |   x     |   0
$stop called at time : 115 ns : File "C:/Users/root/Documents/Github/NCDC_Project/IR_types/riscv_top_tb.sv" Line 36
INFO: [USF-XSim-96] XSim completed. Design snapshot 'riscv_top_tb_behav' loaded.
INFO: [USF-XSim-97] XSim simulation ran for 1000ns
launch_simulation: Time (s): cpu = 00:00:03 ; elapsed = 00:00:09 . Memory (MB): peak = 792.555 ; gain = 46.246
close_sim
INFO: [Simtcl 6-16] Simulation closed
exit
INFO: [Common 17-206] Exiting Vivado at Mon Jul 27 09:38:54 2026...
