********************************************************************************
db2gds 23.11-s036 64 bit (Wed Jan 17 18:11:41 PST 2024)
Build Ref No.: 036 Production (01-17-2024) [pvs_2311]

Copyright 2024 Cadence Design Systems, Inc.
All rights reserved worldwide.

Build O/S:       Linux x86_64 3.10.0-693.el7.x86_64
Executed on:     ncdc-0137 (Linux x86_64 7.1.4-1.el8.elrepo.x86_64)
Process Id:      12364
Starting Time:   Wed Aug 12 04:14:16 2026 (Wed Aug 12 08:14:16 2026 GMT)
With parameters: top_wrapper_12273 erc.db top_wrapper -lmap lmapMwLNTk -gdslib drc.db -gds_scale 1000 
********************************************************************************

Library name: top_wrapper_12273
GDSII file name: erc.db
Cells to be written out: top_wrapper
Source Library: top_wrapper_12273
Layer mapping file(GDS <- DMC): lmapMwLNTk
    0 (dt:0) <- 0
    0 (dt:0) <- 0
    0 (dt:0) <- 0
    0 (dt:0) <- 0
    0 (dt:0) <- 0
    0 (dt:0) <- 0
    0 (dt:0) <- 0
    0 (dt:0) <- 0
    0 (dt:0) <- 0
Cell name case: PRESERVE


                Object Statistics of Cells                            
Cell Name         Box  Polygon     Path   Label Instance Array    Total
----------------------------------------------------------------------
top_wrapper         0        0        0       0 264353      0    264353
SAB363_SAB050_V3456789XZ_4X4        0        0        0       0     1      0         1
SAB363_SAB050_V1_V2        0        0        0       0     2      0         2
SAB363_SAB050_OC        0        0        0       0     0      0         0
SAB363_SAB050_GR_PIMP_OD        0        0        0       0     0      0         0
SAB363_SAB050_GR_PIMP_L_SF_CUT_M1        0        0        0       0    39      0        39
PCORNER             0        0        0       0 166155      0    166155
PDDW16DGZ           0        0        0       0  4311      0      4311
PVDD1DGZ            0        0        0       0 22745      0     22745
top_wrapper_VIA17        0        0        0       0     0      0         0
top_wrapper_VIA18        0        0        0       0     0      0         0
top_wrapper_VIA19        0        0        0       0     0      0         0
top_wrapper_VIA20        0        0        0       0     0      0         0
PVSS1DGZ            0        0        0       0  4780      0      4780
SAB363_SAB050_PL_M3456789_BASE4        0        0        0       0   128      0       128
SAB363_SAB050_PL_M3456789_BASE3        0        0        0       0    96      0        96
SAB363_SAB050_PL_M3456789_BASE_DN        0        0        0       0   192      0       192
SAB363_SAB050_PL_M3456789_BASE2        0        0        0       0    12      0        12
SAB363_SAB050_PL_M3456789_BASE1        0        0        0       0   192      0       192
SAB363_SAB050_V2        0        0        0       0     1      0         1
SAB363_SAB050_V1        0        0        0       0     1      0         1
SAB363_SAB050_POSTPDXO_L        0        0        0       0  4467      0      4467
SAB363_SAB050_POSTPDXO_R        0        0        0       0  4460      0      4460
SAB363_SAB050_V1_BASE        0        0        0       0     0      0         0
SAB363_SAB050_POST_N_CORNER_CO_M123        0        0        0       0 36962      0     36962
SAB363_SAB050_GR_NW_OD        0        0        0       0     0      0         0
SAB363_SAB050_RES_PO_EDSIGE_CUT_M1        0        0        0       0    17      0        17
SAB363_SAB050_ESD33_EDBEVSS2        0        0        0       0     0      0         0
SAB363_SAB050_ESD33_EDBEVSS2_SHR        0        0        0       0     0      0         0
SAB363_SAB050_ESD33_EDBRVSS2        0        0        0       0     2      0         2
SAB363_SAB050_ESD33_EDBRVSS2_SHR_OD        0        0        0       0     0      0         0
SAB363_SAB050_ESD33_EDREVSS2        0        0        0       0   420      0       420
SAB363_SAB050_ESD33_EDTEVSS2        0        0        0       0     0      0         0
SAB363_SAB050_ESD33_EDTRVSS2        0        0        0       0    20      0        20
SAB363_SAB050_PPLUSNVSS2        0        0        0       0  1042      0      1042
SAB363_SAB050_NPLUSNVSS2        0        0        0       0  1936      0      1936
SAB363_SAB050_DGP_SF_VSS2        0        0        0       0    40      0        40
SAB363_SAB050_PPLUSVSS2        0        0        0       0  1936      0      1936
SAB363_SAB050_NPLUSVSS2        0        0        0       0  1046      0      1046
SAB363_SAB050_DGN_SF_VSS2        0        0        0       0    52      0        52
SAB363_SAB050_V2_BASE        0        0        0       0     0      0         0
CKBD4               0        0        0       0     0      0         0
BUFFD8              0        0        0       0     0      0         0
CKBD3               0        0        0       0     0      0         0
INVD6               0        0        0       0     0      0         0
INVD1               0        0        0       0     0      0         0
CKND8               0        0        0       0     0      0         0
DCAP                0        0        0       0     0      0         0
DCAP64              0        0        0       0     0      0         0
FILL1               0        0        0       0     0      0         0
DCAP16              0        0        0       0     0      0         0
DCAP8               0        0        0       0     0      0         0
DCAP32              0        0        0       0     0      0         0
DCAP4               0        0        0       0     0      0         0
FILL64              0        0        0       0     0      0         0
FILL16              0        0        0       0     0      0         0
VIA12_2cut_N        0        0        0       0     0      0         0
VIA23_2cut_E        0        0        0       0     0      0         0
VIA12_2cut_S        0        0        0       0     0      0         0
VIA23_2cut_W        0        0        0       0     0      0         0
VIA34_2cut_W        0        0        0       0     0      0         0
VIA34_2cut_E        0        0        0       0     0      0         0
VIA23_2cut_S        0        0        0       0     0      0         0
VIA12_2cut_E        0        0        0       0     0      0         0
VIA12_1cut_V        0        0        0       0     0      0         0
VIA12_2cut_HS        0        0        0       0     0      0         0
VIA12_2cut_HN        0        0        0       0     0      0         0
VIA12_2cut_W        0        0        0       0     0      0         0
top_wrapper_VIA0        0        0        0       0     0      0         0
top_wrapper_VIA1        0        0        0       0     0      0         0
top_wrapper_VIA2        0        0        0       0     0      0         0
top_wrapper_VIA3        0        0        0       0     0      0         0
top_wrapper_VIA4        0        0        0       0     0      0         0
top_wrapper_VIA5        0        0        0       0     0      0         0
top_wrapper_VIA8        0        0        0       0     0      0         0
top_wrapper_VIA9        0        0        0       0     0      0         0
top_wrapper_VIA10        0        0        0       0     0      0         0
top_wrapper_VIA14        0        0        0       0     0      0         0
top_wrapper_VIA15        0        0        0       0     0      0         0
top_wrapper_VIA16        0        0        0       0     0      0         0
top_wrapper_VIA26        0        0        0       0     0      0         0
SAB363_SAB050_V456789XZ_4X4        0        0        0       0     0      0         0
SAB363_SAB050_PIN        0        0        0       0    51      0        51
SAB363_SAB050_CORNER_CO_M123        0        0        0       0  1222      0      1222
SAB363_SAB050_PREVSSUP_COR_COM123        0        0        0       0    86      0        86
SAB363_SAB050_PREVDD_CORNER_CO_M123        0        0        0       0   552      0       552
SAB363_SAB050_PREVSSDN_COR_COM123        0        0        0       0  4059      0      4059
SAB363_SAB050_PREVD33_COR_COM123        0        0        0       0  3259      0      3259
SAB363_SAB050_CORNER_V345678        0        0        0       0  5066      0      5066
SAB363_SAB050_PREVSSDN_PDXO_L        0        0        0       0  9982      0      9982
SAB363_SAB050_PREVDDPST_PDXO_L        0        0        0       0  2706      0      2706
SAB363_SAB050_PREVDD_PDXO_L        0        0        0       0  8226      0      8226
SAB363_SAB050_PREVSS        0        0        0       0   254      0       254
SAB363_SAB050_PREDRVVDD_PDXO_R        0        0        0       0  6541      0      6541
SAB363_SAB050_PREDRVVSS1_PDXO_R        0        0        0       0  5388      0      5388
SAB363_SAB050_PREDRVVSS2_DN_PDXO_R        0        0        0       0  5608      0      5608
SAB363_SAB050_PREDRVVDDPST_PDXO_R        0        0        0       0  3574      0      3574
SAB363_SAB050_PREVSS_PDXO        0        0        0       0   830      0       830
SAB363_SAB050_PRE_DIO_PGR_SF_M123        0        0        0       0   344      0       344
SAB363_SAB050_PRE_NGR        0        0        0       0   316      0       316
SAB363_SAB050_PRE_PGR        0        0        0       0  1104      0      1104
SAB363_SAB050_GR_PIMP_L2E_SF        0        0        0       0    75      0        75
SAB363_SAB050_PDIOH_SF        0        0        0       0    31      0        31
SAB363_SAB050_PRE_PVSS1DGZ        0        0        0       0 16795      0     16795
INVD4               0        0        0       0     0      0         0
CKND2               0        0        0       0     0      0         0
TIEL                0        0        0       0     0      0         0
TIEH                0        0        0       0     0      0         0
DFQD1               0        0        0       0     0      0         0
FILL2               0        0        0       0     0      0         0
FILL4               0        0        0       0     0      0         0
FILL8               0        0        0       0     0      0         0
VIA23_2cut_N        0        0        0       0     0      0         0
VIA34_2cut_S        0        0        0       0     0      0         0
VIA12_1cut_FAT_V        0        0        0       0     0      0         0
top_wrapper_VIA21        0        0        0       0     0      0         0
top_wrapper_VIA22        0        0        0       0     0      0         0
top_wrapper_VIA23        0        0        0       0     0      0         0
BUFFD6              0        0        0       0     0      0         0
INVD8               0        0        0       0     0      0         0
DFQD4               0        0        0       0     0      0         0
DFQD2               0        0        0       0     0      0         0
FILL32              0        0        0       0     0      0         0
VIA45_2cut_E        0        0        0       0     0      0         0
VIA34_2cut_N        0        0        0       0     0      0         0
INVD3               0        0        0       0     0      0         0
INVD2               0        0        0       0     0      0         0
CKBD1               0        0        0       0     0      0         0
CKBD0               0        0        0       0     0      0         0
CKND0               0        0        0       0     0      0         0
OAI221D1            0        0        0       0     0      0         0
OAI221D0            0        0        0       0     0      0         0
AOI31D1             0        0        0       0     0      0         0
NR2D1               0        0        0       0     0      0         0
ND2D1               0        0        0       0     0      0         0
IND3D1              0        0        0       0     0      0         0
ND3D1               0        0        0       0     0      0         0
NR2D0               0        0        0       0     0      0         0
INR2D2              0        0        0       0     0      0         0
VIA45_2cut_W        0        0        0       0     0      0         0
VIA56_2cut_N        0        0        0       0     0      0         0
VIA56_2cut_W        0        0        0       0     0      0         0
VIA67_2cut_E        0        0        0       0     0      0         0
VIA78_2cut_W        0        0        0       0     0      0         0
VIA56_2cut_E        0        0        0       0     0      0         0
VIA67_2cut_W        0        0        0       0     0      0         0
top_wrapper_VIA24        0        0        0       0     0      0         0
top_wrapper_VIA25        0        0        0       0     0      0         0
top_wrapper_VIA27        0        0        0       0     0      0         0
SAB363_SAB050_PL_M3456789        0        0        0       0  1294      0      1294
SAB363_SAB050_GR_NW_SHR        0        0        0       0     0      0         0
SAB363_SAB050_RES_PO_092_RPO        0        0        0       0    12      0        12
SAB363_SAB050_V1_V2_BASE        0        0        0       0     2      0         2
SAB363_SAB050_RES_PO_EDSIGE_RPO        0        0        0       0   136      0       136
SAB363_SAB050_RES_PO_ED_RPO        0        0        0       0    58      0        58
SAB363_SAB050_RES_PO_EDVSS_RPO        0        0        0       0    58      0        58
SAB363_SAB050_PAD_LINE_RPO        0        0        0       0     0      0         0
SAB363_SAB050_POSTDRV_NBASE        0        0        0       0  2023      0      2023
SAB363_SAB050_POSTDRV_PBASE        0        0        0       0  2244      0      2244
SAB363_SAB050_PREDRV        0        0        0       0 14769      0     14769
SAB363_SAB050_PC        0        0        0       0     0      0         0
SAB363_SAB050_PAD_CONNECT        0        0        0       0   168      0       168
SAB363_SAB050_ESD33_EDTE_SF_OD        0        0        0       0     0      0         0
SAB363_SAB050_NDIOVDD1_DN        0        0        0       0   750      0       750
SAB363_SAB050_VSSPST_TO_GR        0        0        0       0   274      0       274
SAB363_SAB050_ESD33_EDRVDD_SHR        0        0        0       0   420      0       420
SAB363_SAB050_POST_C_2_1PF_VDD1        0        0        0       0   148      0       148
SAB363_SAB050_DOUBLE_NW        0        0        0       0   746      0       746
SAB363_SAB050_PMOS13_28X04X2_NW        0        0        0       0   586      0       586
SAB363_SAB050_PMOS13_28X04X2_02_NW        0        0        0       0   392      0       392
SAB363_SAB050_RES_05X25        0        0        0       0     0      0         0
SAB363_SAB050_PREVDD1_SHR_RPO        0        0        0       0  5256      0      5256
SAB363_SAB050_POST_CONN_GR_VDD_M123        0        0        0       0   102      0       102
SAB363_SAB050_POST_CONN_GR_VSS_M123        0        0        0       0   102      0       102
SAB363_SAB050_POSTDRV_NBASE_PDXO_L        0        0        0       0  2818      0      2818
SAB363_SAB050_POSTPDXO_TOP        0        0        0       0  2589      0      2589
SAB363_SAB050_POSTDRV_P_PDXO_L        0        0        0       0  2324      0      2324
SAB363_SAB050_POSTDRV_NBASE_PDXO        0        0        0       0  2022      0      2022
SAB363_SAB050_POST_P_CORNER_CO_M12        0        0        0       0 15264      0     15264
SAB363_SAB050_PRE_NGR_SF        0        0        0       0   616      0       616
SAB363_SAB050_PMOS4X1        0        0        0       0    38      0        38
SAB363_SAB050_PMOS6X009        0        0        0       0    58      0        58
SAB363_SAB050_PMOS9X415        0        0        0       0    84      0        84
SAB363_SAB050_NMOS3X9        0        0        0       0    30      0        30
SAB363_SAB050_NMOS3X05        0        0        0       0    30      0        30
SAB363_SAB050_NMOS75X05        0        0        0       0    72      0        72
SAB363_SAB050_NMOS10X05        0        0        0       0    94      0        94
SAB363_SAB050_PMOS10X0415        0        0        0       0    94      0        94
SAB363_SAB050_PMOS05X1_NEW        0        0        0       0     7      0         7
SAB363_SAB050_PMOS75X0415        0        0        0       0    72      0        72
SAB363_SAB050_PRE_DIO_PGR_OD_HA_M1        0        0        0       0   116      0       116
SAB363_SAB050_NPLUS_SF_SMALL        0        0        0       0   481      0       481
SAB363_SAB050_PPLUSH_SF_BIG        0        0        0       0  1040      0      1040
SAB363_SAB050_DGN_SF_VSS2_N        0        0        0       0    52      0        52
SAB363_SAB050_PREVDDPST_CUT        0        0        0       0   202      0       202
SAB363_SAB050_PREVSSDN_CUT        0        0        0       0   450      0       450
SAB363_SAB050_PRE_DIO_VDD_VSS        0        0        0       0  1637      0      1637
SAB363_SAB050_V1_ARRAY_12X7        0        0        0       0    84      0        84
SAB363_SAB050_ESD33X05X2_RPO        0        0        0       0  2710      0      2710
SAB363_SAB050_ESD33_EDB_RPO        0        0        0       0     0      0         0
SAB363_SAB050_ESD33_EDL_RPO_UP        0        0        0       0   416      0       416
SAB363_SAB050_ESD33_EDBR_RPO        0        0        0       0     0      0         0
SAB363_SAB050_ESD33_EDL_RPO        0        0        0       0   406      0       406
SAB363_SAB050_ESD33_EDTR_RPO        0        0        0       0     0      0         0
SAB363_SAB050_RES_PO_SAM        0        0        0       0     0      0         0
SAB363_SAB050_GR_PIMP_SF        0        0        0       0     0      0         0
SAB363_SAB050_GR_PMOS        0        0        0       0    13      0        13
SAB363_SAB050_PMOS        0        0        0       0     5      0         5
SAB363_SAB050_RES_PO_EDGSAM        0        0        0       0    92      0        92
SAB363_SAB050_RES_PO_ED2PAD        0        0        0       0    84      0        84
SAB363_SAB050_GR_PIMP_L_SF        0        0        0       0   148      0       148
SAB363_SAB050_GR_PIMP_L2        0        0        0       0   226      0       226
SAB363_SAB050_PMOS24X4        0        0        0       0   222      0       222
SAB363_SAB050_NMOS10X9        0        0        0       0    94      0        94
SAB363_SAB050_PMOS5X0415        0        0        0       0    48      0        48
SAB363_SAB050_NMOS1X09        0        0        0       0    10      0        10
SAB363_SAB050_PMOS1X0415_2        0        0        0       0    10      0        10
SAB363_SAB050_PMOS10X0415_A        0        0        0       0    91      0        91
SAB363_SAB050_PREDRVVSS        0        0        0       0  1985      0      1985
SAB363_SAB050_PMOS26X4        0        0        0       0   240      0       240
SAB363_SAB050_PRETOPOST        0        0        0       0    85      0        85
SAB363_SAB050_PMOS10X9        0        0        0       0    94      0        94
SAB363_SAB050_NMOS5X05        0        0        0       0    48      0        48
SAB363_SAB050_NMOS1X05        0        0        0       0    12      0        12
SAB363_SAB050_NTN_LS        0        0        0       0   145      0       145
SAB363_SAB050_NTN_LS_02        0        0        0       0   145      0       145
SAB363_SAB050_NMOS2_5X05        0        0        0       0    24      0        24
SAB363_SAB050_PMOS3_5X1        0        0        0       0    30      0        30
SAB363_SAB050_PMOS75X9_2        0        0        0       0    66      0        66
SAB363_SAB050_SHORT_TO_P        0        0        0       0   528      0       528
SAB363_SAB050_PPLUSNVDD1        0        0        0       0   704      0       704
SAB363_SAB050_NPLUSNVDD1        0        0        0       0  1056      0      1056
SAB363_SAB050_DGP_VDD1_UP        0        0        0       0     0      0         0
SAB363_SAB050_DGP_VDD1_DN        0        0        0       0     0      0         0
SAB363_SAB050_NMOS8X4_25        0        0        0       0    66      0        66
SAB363_SAB050_NMOS3X045X2        0        0        0       0   122      0       122
SAB363_SAB050_PAD_LINE_VSS_V2        0        0        0       0    79      0        79
SAB363_SAB050_NMOS416X011X2        0        0        0       0  1284      0      1284
SAB363_SAB050_PRE_DIO_PGR_SF_OD        0        0        0       0     0      0         0
SAB363_SAB050_PRE_DIO_PGR_VDD1DGZ        0        0        0       0    74      0        74
SAB363_SAB050_PRE_VSSBASE_CONN_VSS        0        0        0       0   480      0       480
SAB363_SAB050_PAD_LINE_VDD_V2        0        0        0       0    56      0        56
SAB363_SAB050_ESD33_EDB_PDXO_L        0        0        0       0     0      0         0
SAB363_SAB050_ESD33X05_PDXO_L        0        0        0       0  3250      0      3250
SAB363_SAB050_POSTPDXO_TOP_OD        0        0        0       0     0      0         0
SAB363_SAB050_RES_PO_PDXO        0        0        0       0     6      0         6
SAB363_SAB050_PMOS_PDXO        0        0        0       0     1      0         1
SAB363_SAB050_ESD33X05X2_PDXO_A        0        0        0       0  2714      0      2714
SAB363_SAB050_ESD33X05X2_PDXO        0        0        0       0  2740      0      2740
SAB363_SAB050_PRE_NGR_SF_OD_HA_M1        0        0        0       0   138      0       138
SAB363_SAB050_PRE_NGR_SF_OD        0        0        0       0     0      0         0
SAB363_SAB050_PRE_PGR_OD_HA_M1        0        0        0       0   272      0       272
SAB363_SAB050_PRE_PGR_OD        0        0        0       0     0      0         0
SAB363_SAB050_PPLUSH_RPO050106        0        0        0       0   584      0       584
SAB363_SAB050_NPLUSH__RPO050106        0        0        0       0   299      0       299
SAB363_SAB050_PMOS16X04X2        0        0        0       0   706      0       706
SAB363_SAB050_DID2X2        0        0        0       0   116      0       116
SAB363_SAB050_NMOS_NTN        0        0        0       0    56      0        56
----------------------------------------------------------------------

Object Statistics of Layers
Layer   Objects
----------------
----------------

Object Summary
------------------
     Box         0
 Polygon         0
    Path         0
   Label         0
Instance    674071
   Array         0
------------------
   Total    674071

Total CPU Time          : 0(s)
Total Real Time         : 0(s)
Peak Memory Used        : 9(M)
