Cadence Genus(TM) Synthesis Solution.
Copyright 2023 Cadence Design Systems, Inc. All rights reserved worldwide.
Cadence and the Cadence logo are registered trademarks and Genus is a trademark
of Cadence Design Systems, Inc. in the United States and other countries.

[02:55:14.301449] Configured Lic search path (21.01-s002): 5280@10.19.32.90

Version: 21.18-s082_1, built Tue Jul 18 10:08:41 PDT 2023
Options: -legacy_ui -files ../scripts/genus_script.tcl 
Date:    Tue Aug 11 02:55:14 2026
Host:    ncdc-0137 (x86_64 w/Linux 7.1.4-1.el8.elrepo.x86_64) (16cores*24cpus*1physical cpu*13th Gen Intel(R) Core(TM) i7-13700 30720KB) (65321824KB)
PID:     10214
OS:      Red Hat Enterprise Linux release 8.6 (Ootpa)


[02:55:14.112472] Periodic Lic check successful
[02:55:14.112475] Feature usage summary:
[02:55:14.112475] Genus_Synthesis
Checking out license: Genus_Synthesis


***********************************************************************************************************
***********************************************************************************************************



Loading tool scripts...
Finished loading tool scripts (7 seconds elapsed).

#@ Processing -files option
@genus 1> source ../scripts/genus_script.tcl
INFO: Starting physical Synthesis Flow (DFT: false) for top_wrapper
Error   : Cannot run MMMC commands in legacy_ui. [TIM-411] [read_mmmc]
        : Cannot execute command read_mmmc in legacy_ui
        : MMMC commands are disabled in legacy_ui.

Encountered problems processing file: ../scripts/genus_script.tcl
WARNING: This version of the tool is 1119 days old.
legacy_genus:/> exit

Lic Summary:
[02:55:29.504929] Cdslmd servers: ncdc-s-cd-01
[02:55:29.504930] Feature usage summary:
[02:55:29.504931] Genus_Synthesis

Normal exit.