###############################################################
#  Generated by:      Cadence Tempus 22.15-s092_1
#  OS:                Linux x86_64(Host ID ncdc-0137)
#  Generated on:      Wed Aug 12 09:40:49 2026
#  Design:            riscv_core
#  Command:           report_constraint -drv_violation_type {max_capacitance max_transition max_fanout} > /home/cc/Documents/Abdullah/RISCV_synthesis/export/Tempus_Data/reports/tempus_signoff/drv.rpt
###############################################################
# format : frame 0 : split 1

Check type : max_capacitance
---------------------------
  Pin : g176853__7482/ZN 	 View : view_func_setup
 
   max_capacitance :     0.008
- Capacitance     :     0.001
-----------------------------------------------------
  slack          :     0.006 

Check type : max_transition
---------------------------
  Pin : FE_OFC2269_n_976/ZN 	 View : view_func_setup
 
   max_transition :     0.500
- Transition Time:     0.386
-----------------------------------------------------
  slack          :     0.114 

Check type : max_fanout
---------------------------
  Pin : clk 	 View : view_func_setup
 
   max_fanout     :    10.000
- fanout         :  1024.000
-----------------------------------------------------
  slack          : -1014.000 ( VIOLATED )
