###############################################################
#  Generated by:      Cadence Tempus 22.15-s092_1
#  OS:                Linux x86_64(Host ID ncdc-0137)
#  Generated on:      Wed Aug 12 09:40:49 2026
#  Design:            riscv_core
#  Command:           report_timing -early -max_paths 10 > /home/cc/Documents/Abdullah/RISCV_synthesis/export/Tempus_Data/reports/tempus_signoff/hold_paths.rpt
###############################################################
Path 1: VIOLATED (-0.023 ns) Removal Check with Pin pc_inst_pc_reg[9]/CP->CDN
               View: view_func_hold
              Group: async_default
         Startpoint: (F) rst
              Clock: (R) clk
           Endpoint: (R) pc_inst_pc_reg[9]/CDN
              Clock: (R) clk

                       Capture       Launch
         Clock Edge:+    0.000        0.000
        Src Latency:+    0.000        0.000
        Net Latency:+    0.000 (I)    0.000 (I)
            Arrival:=    0.000        0.000

            Removal:+    0.073
        Uncertainty:+    0.050
        Cppr Adjust:-    0.000
      Required Time:=    0.123
       Launch Clock:=    0.000
        Input Delay:+    0.100
          Data Path:+    0.000
              Slack:=   -0.023

#-------------------------------------------------------------------------------------
# Timing Point           Flags  Arc    Edge  Cell       Fanout  Trans   Delay  Arrival  
#                                                                (ns)    (ns)     (ns)  
#-------------------------------------------------------------------------------------
  rst                    -      rst    F     (arrival)       2  0.000   0.000    0.100  
  g103754/ZN             -      I->ZN  R     CKND1          64  0.000   0.000    0.100  
  pc_inst_pc_reg[9]/CDN  -      CDN    R     DFCNQD1        64  0.000   0.000    0.100  
#-------------------------------------------------------------------------------------
Path 2: VIOLATED (-0.023 ns) Removal Check with Pin pc_inst_pc_reg[8]/CP->CDN
               View: view_func_hold
              Group: async_default
         Startpoint: (F) rst
              Clock: (R) clk
           Endpoint: (R) pc_inst_pc_reg[8]/CDN
              Clock: (R) clk

                       Capture       Launch
         Clock Edge:+    0.000        0.000
        Src Latency:+    0.000        0.000
        Net Latency:+    0.000 (I)    0.000 (I)
            Arrival:=    0.000        0.000

            Removal:+    0.073
        Uncertainty:+    0.050
        Cppr Adjust:-    0.000
      Required Time:=    0.123
       Launch Clock:=    0.000
        Input Delay:+    0.100
          Data Path:+    0.000
              Slack:=   -0.023

#-------------------------------------------------------------------------------------
# Timing Point           Flags  Arc    Edge  Cell       Fanout  Trans   Delay  Arrival  
#                                                                (ns)    (ns)     (ns)  
#-------------------------------------------------------------------------------------
  rst                    -      rst    F     (arrival)       2  0.000   0.000    0.100  
  g103754/ZN             -      I->ZN  R     CKND1          64  0.000   0.000    0.100  
  pc_inst_pc_reg[8]/CDN  -      CDN    R     DFCNQD1        64  0.000   0.000    0.100  
#-------------------------------------------------------------------------------------
Path 3: VIOLATED (-0.023 ns) Removal Check with Pin pc_inst_pc_reg[7]/CP->CDN
               View: view_func_hold
              Group: async_default
         Startpoint: (F) rst
              Clock: (R) clk
           Endpoint: (R) pc_inst_pc_reg[7]/CDN
              Clock: (R) clk

                       Capture       Launch
         Clock Edge:+    0.000        0.000
        Src Latency:+    0.000        0.000
        Net Latency:+    0.000 (I)    0.000 (I)
            Arrival:=    0.000        0.000

            Removal:+    0.073
        Uncertainty:+    0.050
        Cppr Adjust:-    0.000
      Required Time:=    0.123
       Launch Clock:=    0.000
        Input Delay:+    0.100
          Data Path:+    0.000
              Slack:=   -0.023

#-------------------------------------------------------------------------------------
# Timing Point           Flags  Arc    Edge  Cell       Fanout  Trans   Delay  Arrival  
#                                                                (ns)    (ns)     (ns)  
#-------------------------------------------------------------------------------------
  rst                    -      rst    F     (arrival)       2  0.000   0.000    0.100  
  g103754/ZN             -      I->ZN  R     CKND1          64  0.000   0.000    0.100  
  pc_inst_pc_reg[7]/CDN  -      CDN    R     DFCNQD1        64  0.000   0.000    0.100  
#-------------------------------------------------------------------------------------
Path 4: VIOLATED (-0.023 ns) Removal Check with Pin pc_inst_pc_reg[6]/CP->CDN
               View: view_func_hold
              Group: async_default
         Startpoint: (F) rst
              Clock: (R) clk
           Endpoint: (R) pc_inst_pc_reg[6]/CDN
              Clock: (R) clk

                       Capture       Launch
         Clock Edge:+    0.000        0.000
        Src Latency:+    0.000        0.000
        Net Latency:+    0.000 (I)    0.000 (I)
            Arrival:=    0.000        0.000

            Removal:+    0.073
        Uncertainty:+    0.050
        Cppr Adjust:-    0.000
      Required Time:=    0.123
       Launch Clock:=    0.000
        Input Delay:+    0.100
          Data Path:+    0.000
              Slack:=   -0.023

#-------------------------------------------------------------------------------------
# Timing Point           Flags  Arc    Edge  Cell       Fanout  Trans   Delay  Arrival  
#                                                                (ns)    (ns)     (ns)  
#-------------------------------------------------------------------------------------
  rst                    -      rst    F     (arrival)       2  0.000   0.000    0.100  
  g103754/ZN             -      I->ZN  R     CKND1          64  0.000   0.000    0.100  
  pc_inst_pc_reg[6]/CDN  -      CDN    R     DFCNQD1        64  0.000   0.000    0.100  
#-------------------------------------------------------------------------------------
Path 5: VIOLATED (-0.023 ns) Removal Check with Pin pc_inst_pc_reg[5]/CP->CDN
               View: view_func_hold
              Group: async_default
         Startpoint: (F) rst
              Clock: (R) clk
           Endpoint: (R) pc_inst_pc_reg[5]/CDN
              Clock: (R) clk

                       Capture       Launch
         Clock Edge:+    0.000        0.000
        Src Latency:+    0.000        0.000
        Net Latency:+    0.000 (I)    0.000 (I)
            Arrival:=    0.000        0.000

            Removal:+    0.073
        Uncertainty:+    0.050
        Cppr Adjust:-    0.000
      Required Time:=    0.123
       Launch Clock:=    0.000
        Input Delay:+    0.100
          Data Path:+    0.000
              Slack:=   -0.023

#-------------------------------------------------------------------------------------
# Timing Point           Flags  Arc    Edge  Cell       Fanout  Trans   Delay  Arrival  
#                                                                (ns)    (ns)     (ns)  
#-------------------------------------------------------------------------------------
  rst                    -      rst    F     (arrival)       2  0.000   0.000    0.100  
  g103754/ZN             -      I->ZN  R     CKND1          64  0.000   0.000    0.100  
  pc_inst_pc_reg[5]/CDN  -      CDN    R     DFCNQD1        64  0.000   0.000    0.100  
#-------------------------------------------------------------------------------------
Path 6: VIOLATED (-0.023 ns) Removal Check with Pin pc_inst_pc_reg[4]/CP->CDN
               View: view_func_hold
              Group: async_default
         Startpoint: (F) rst
              Clock: (R) clk
           Endpoint: (R) pc_inst_pc_reg[4]/CDN
              Clock: (R) clk

                       Capture       Launch
         Clock Edge:+    0.000        0.000
        Src Latency:+    0.000        0.000
        Net Latency:+    0.000 (I)    0.000 (I)
            Arrival:=    0.000        0.000

            Removal:+    0.073
        Uncertainty:+    0.050
        Cppr Adjust:-    0.000
      Required Time:=    0.123
       Launch Clock:=    0.000
        Input Delay:+    0.100
          Data Path:+    0.000
              Slack:=   -0.023

#-------------------------------------------------------------------------------------
# Timing Point           Flags  Arc    Edge  Cell       Fanout  Trans   Delay  Arrival  
#                                                                (ns)    (ns)     (ns)  
#-------------------------------------------------------------------------------------
  rst                    -      rst    F     (arrival)       2  0.000   0.000    0.100  
  g103754/ZN             -      I->ZN  R     CKND1          64  0.000   0.000    0.100  
  pc_inst_pc_reg[4]/CDN  -      CDN    R     DFCNQD1        64  0.000   0.000    0.100  
#-------------------------------------------------------------------------------------
Path 7: VIOLATED (-0.023 ns) Removal Check with Pin pc_inst_pc_reg[3]/CP->CDN
               View: view_func_hold
              Group: async_default
         Startpoint: (F) rst
              Clock: (R) clk
           Endpoint: (R) pc_inst_pc_reg[3]/CDN
              Clock: (R) clk

                       Capture       Launch
         Clock Edge:+    0.000        0.000
        Src Latency:+    0.000        0.000
        Net Latency:+    0.000 (I)    0.000 (I)
            Arrival:=    0.000        0.000

            Removal:+    0.073
        Uncertainty:+    0.050
        Cppr Adjust:-    0.000
      Required Time:=    0.123
       Launch Clock:=    0.000
        Input Delay:+    0.100
          Data Path:+    0.000
              Slack:=   -0.023

#-------------------------------------------------------------------------------------
# Timing Point           Flags  Arc    Edge  Cell       Fanout  Trans   Delay  Arrival  
#                                                                (ns)    (ns)     (ns)  
#-------------------------------------------------------------------------------------
  rst                    -      rst    F     (arrival)       2  0.000   0.000    0.100  
  g103754/ZN             -      I->ZN  R     CKND1          64  0.000   0.000    0.100  
  pc_inst_pc_reg[3]/CDN  -      CDN    R     DFCNQD1        64  0.000   0.000    0.100  
#-------------------------------------------------------------------------------------
Path 8: VIOLATED (-0.023 ns) Removal Check with Pin pc_inst_pc_reg[2]/CP->CDN
               View: view_func_hold
              Group: async_default
         Startpoint: (F) rst
              Clock: (R) clk
           Endpoint: (R) pc_inst_pc_reg[2]/CDN
              Clock: (R) clk

                       Capture       Launch
         Clock Edge:+    0.000        0.000
        Src Latency:+    0.000        0.000
        Net Latency:+    0.000 (I)    0.000 (I)
            Arrival:=    0.000        0.000

            Removal:+    0.073
        Uncertainty:+    0.050
        Cppr Adjust:-    0.000
      Required Time:=    0.123
       Launch Clock:=    0.000
        Input Delay:+    0.100
          Data Path:+    0.000
              Slack:=   -0.023

#-------------------------------------------------------------------------------------
# Timing Point           Flags  Arc    Edge  Cell       Fanout  Trans   Delay  Arrival  
#                                                                (ns)    (ns)     (ns)  
#-------------------------------------------------------------------------------------
  rst                    -      rst    F     (arrival)       2  0.000   0.000    0.100  
  g103754/ZN             -      I->ZN  R     CKND1          64  0.000   0.000    0.100  
  pc_inst_pc_reg[2]/CDN  -      CDN    R     DFCNQD1        64  0.000   0.000    0.100  
#-------------------------------------------------------------------------------------
Path 9: VIOLATED (-0.023 ns) Removal Check with Pin pc_inst_pc_reg[1]/CP->CDN
               View: view_func_hold
              Group: async_default
         Startpoint: (F) rst
              Clock: (R) clk
           Endpoint: (R) pc_inst_pc_reg[1]/CDN
              Clock: (R) clk

                       Capture       Launch
         Clock Edge:+    0.000        0.000
        Src Latency:+    0.000        0.000
        Net Latency:+    0.000 (I)    0.000 (I)
            Arrival:=    0.000        0.000

            Removal:+    0.073
        Uncertainty:+    0.050
        Cppr Adjust:-    0.000
      Required Time:=    0.123
       Launch Clock:=    0.000
        Input Delay:+    0.100
          Data Path:+    0.000
              Slack:=   -0.023

#-------------------------------------------------------------------------------------
# Timing Point           Flags  Arc    Edge  Cell       Fanout  Trans   Delay  Arrival  
#                                                                (ns)    (ns)     (ns)  
#-------------------------------------------------------------------------------------
  rst                    -      rst    F     (arrival)       2  0.000   0.000    0.100  
  g103754/ZN             -      I->ZN  R     CKND1          64  0.000   0.000    0.100  
  pc_inst_pc_reg[1]/CDN  -      CDN    R     DFCNQD1        64  0.000   0.000    0.100  
#-------------------------------------------------------------------------------------
Path 10: VIOLATED (-0.023 ns) Removal Check with Pin pc_inst_pc_reg[0]/CP->CDN
               View: view_func_hold
              Group: async_default
         Startpoint: (F) rst
              Clock: (R) clk
           Endpoint: (R) pc_inst_pc_reg[0]/CDN
              Clock: (R) clk

                       Capture       Launch
         Clock Edge:+    0.000        0.000
        Src Latency:+    0.000        0.000
        Net Latency:+    0.000 (I)    0.000 (I)
            Arrival:=    0.000        0.000

            Removal:+    0.073
        Uncertainty:+    0.050
        Cppr Adjust:-    0.000
      Required Time:=    0.123
       Launch Clock:=    0.000
        Input Delay:+    0.100
          Data Path:+    0.000
              Slack:=   -0.023

#-------------------------------------------------------------------------------------
# Timing Point           Flags  Arc    Edge  Cell       Fanout  Trans   Delay  Arrival  
#                                                                (ns)    (ns)     (ns)  
#-------------------------------------------------------------------------------------
  rst                    -      rst    F     (arrival)       2  0.000   0.000    0.100  
  g103754/ZN             -      I->ZN  R     CKND1          64  0.000   0.000    0.100  
  pc_inst_pc_reg[0]/CDN  -      CDN    R     DFCNQD1        64  0.000   0.000    0.100  
#-------------------------------------------------------------------------------------

