###############################################################
#  Generated by:      Cadence Tempus 22.15-s092_1
#  OS:                Linux x86_64(Host ID ncdc-0137)
#  Generated on:      Wed Aug 12 09:40:49 2026
#  Design:            riscv_core
#  Command:           report_timing -late -max_paths 10 > /home/cc/Documents/Abdullah/RISCV_synthesis/export/Tempus_Data/reports/tempus_signoff/setup_paths.rpt
###############################################################
Path 1: VIOLATED (-0.261 ns) Late Output Delay Assertion
               View: view_func_setup
              Group: clk
         Startpoint: (R) instruction[23]
              Clock: (R) clk
           Endpoint: (R) alu_result[31]
              Clock: (R) clk

                       Capture       Launch
         Clock Edge:+    5.730        0.000
        Src Latency:+    0.000        0.000
        Net Latency:+    0.000 (I)    0.000 (I)
            Arrival:=    5.730        0.000

       Output Delay:-    2.000
        Uncertainty:-    0.150
        Cppr Adjust:+    0.000
      Required Time:=    3.580
       Launch Clock:=    0.000
        Input Delay:+    2.000
          Data Path:+    1.841
              Slack:=   -0.261

#-------------------------------------------------------------------------------------------------------
# Timing Point                   Flags  Arc              Edge  Cell       Fanout  Trans   Delay  Arrival  
#                                                                                  (ns)    (ns)     (ns)  
#-------------------------------------------------------------------------------------------------------
  instruction[23]                -      instruction[23]  R     (arrival)      14  0.100   0.003    2.003  
  FE_OFC3680_instruction_23/Z    -      I->Z             R     BUFFD16         3  0.100   0.111    2.115  
  FE_OCPC3178_instruction_23/ZN  -      I->ZN            F     CKND16          6  0.060   0.060    2.175  
  FE_OCPC3205_instruction_23/ZN  -      I->ZN            R     CKND16          4  0.060   0.045    2.220  
  g214658_dup/ZN                 -      A1->ZN           F     NR2XD8         10  0.037   0.069    2.290  
  FE_OCPC3056_FE_RN_16_dup/Z     -      I->Z             F     BUFFD16        20  0.099   0.136    2.425  
  FE_RC_2164_0/ZN                -      A1->ZN           R     AOI222XD4       1  0.072   0.166    2.591  
  FE_RC_1375_0/ZN                -      A1->ZN           F     OAI21D4         1  0.226   0.091    2.683  
  g211265/ZN                     -      A1->ZN           R     NR2XD4          1  0.091   0.061    2.743  
  g211264/ZN                     -      A1->ZN           F     CKND2D8         2  0.055   0.060    2.803  
  FE_RC_66_0/ZN                  -      B1->ZN           R     IND2D4          2  0.061   0.068    2.871  
  g202747/ZN                     -      A1->ZN           F     ND3D8           1  0.072   0.067    2.938  
  FE_OFC2349_n_32418/ZN          -      I->ZN            R     CKND12          2  0.074   0.051    2.988  
  g200804/ZN                     -      A1->ZN           F     CKND2D8         1  0.040   0.041    3.029  
  g177651/ZN                     -      A1->ZN           R     ND2D8           2  0.038   0.040    3.069  
  g177414__211546/ZN             -      B1->ZN           F     INR2D4          2  0.042   0.032    3.101  
  g197044/ZN                     -      A1->ZN           R     NR2XD4          1  0.033   0.038    3.138  
  g203311/ZN                     -      B->ZN            F     OAI21D4         1  0.037   0.058    3.196  
  g204798/ZN                     -      B1->ZN           R     AOI22D4         1  0.050   0.107    3.303  
  g204892/ZN                     -      A2->ZN           F     ND2D8           2  0.116   0.091    3.394  
  g201614_dup/ZN                 -      A1->ZN           R     NR2XD8          4  0.080   0.076    3.470  
  g204898/ZN                     -      A1->ZN           F     NR2XD8          4  0.079   0.053    3.523  
  g212999/ZN                     -      A1->ZN           R     ND2D4           1  0.045   0.037    3.560  
  g213656/ZN                     -      A1->ZN           F     CKND2D4         1  0.037   0.037    3.597  
  FE_RC_3148_0/ZN                -      B1->ZN           R     INR2D4          1  0.037   0.059    3.656  
  g211362/ZN                     -      A1->ZN           F     NR2XD4          1  0.069   0.045    3.701  
  FE_RC_1364_0/ZN                -      A1->ZN           R     ND3D8           1  0.040   0.035    3.736  
  FE_OCPC1439_alu_result_31/Z    -      I->Z             R     BUFFD16         4  0.043   0.104    3.841  
  alu_result[31]                 -      alu_result[31]   R     -               4  0.082   0.000    3.841  
#-------------------------------------------------------------------------------------------------------
Path 2: VIOLATED (-0.251 ns) Late Output Delay Assertion
               View: view_func_setup
              Group: clk
         Startpoint: (R) instruction[23]
              Clock: (R) clk
           Endpoint: (F) alu_result[24]
              Clock: (R) clk

                       Capture       Launch
         Clock Edge:+    5.730        0.000
        Src Latency:+    0.000        0.000
        Net Latency:+    0.000 (I)    0.000 (I)
            Arrival:=    5.730        0.000

       Output Delay:-    2.000
        Uncertainty:-    0.150
        Cppr Adjust:+    0.000
      Required Time:=    3.580
       Launch Clock:=    0.000
        Input Delay:+    2.000
          Data Path:+    1.831
              Slack:=   -0.251

#---------------------------------------------------------------------------------------------------------------
# Timing Point                           Flags  Arc              Edge  Cell       Fanout  Trans   Delay  Arrival  
#                                                                                          (ns)    (ns)     (ns)  
#---------------------------------------------------------------------------------------------------------------
  instruction[23]                        -      instruction[23]  R     (arrival)      14  0.100   0.003    2.003  
  FE_OFC3680_instruction_23/Z            -      I->Z             R     BUFFD16         3  0.100   0.111    2.115  
  FE_OCPC3178_instruction_23/ZN          -      I->ZN            F     CKND16          6  0.060   0.060    2.175  
  FE_OCPC3205_instruction_23/ZN          -      I->ZN            R     CKND16          4  0.060   0.045    2.220  
  g214658_dup/ZN                         -      A1->ZN           F     NR2XD8         10  0.037   0.069    2.290  
  FE_OCPC3056_FE_RN_16_dup/Z             -      I->Z             F     BUFFD16        20  0.099   0.136    2.425  
  FE_RC_2164_0/ZN                        -      A1->ZN           R     AOI222XD4       1  0.072   0.166    2.591  
  FE_RC_1375_0/ZN                        -      A1->ZN           F     OAI21D4         1  0.226   0.091    2.683  
  g211265/ZN                             -      A1->ZN           R     NR2XD4          1  0.091   0.061    2.743  
  g211264/ZN                             -      A1->ZN           F     CKND2D8         2  0.055   0.060    2.803  
  FE_RC_66_0/ZN                          -      B1->ZN           R     IND2D4          2  0.061   0.068    2.871  
  g202747_dup/ZN                         -      A1->ZN           F     ND3D8           3  0.072   0.093    2.964  
  FE_OCPC1709_n_32418/ZN                 -      I->ZN            R     CKND6           1  0.111   0.054    3.018  
  g193675/ZN                             -      A1->ZN           F     CKND2D8         3  0.044   0.050    3.068  
  fopt202045/ZN                          -      I->ZN            R     CKND8           2  0.052   0.039    3.106  
  g194097/ZN                             -      A1->ZN           F     NR2D4           1  0.031   0.026    3.133  
  g194096/ZN                             -      A1->ZN           R     ND2D4           1  0.030   0.033    3.166  
  g194093/ZN                             -      B->ZN            F     AOI21D4         1  0.035   0.040    3.205  
  g176548__188303/ZN                     -      A1->ZN           R     OAI21D4         1  0.059   0.080    3.286  
  g211479/ZN                             -      A1->ZN           F     ND2D8           5  0.091   0.103    3.389  
  g211001/ZN                             -      A2->ZN           R     NR2XD8          5  0.113   0.091    3.480  
  FE_RC_1867_0/ZN                        -      A1->ZN           F     CKND2D4         1  0.069   0.045    3.525  
  FE_RC_1865_0/ZN                        -      B->ZN            R     OAI21D4         1  0.040   0.050    3.575  
  FE_RC_3151_0/ZN                        -      B2->ZN           F     OAI221XD4       1  0.078   0.112    3.688  
  FE_OCPC1572_FE_OFN241_alu_result_24/Z  -      I->Z             F     BUFFD16         2  0.146   0.143    3.831  
  alu_result[24]                         -      alu_result[24]   F     -               2  0.062   0.000    3.831  
#---------------------------------------------------------------------------------------------------------------
Path 3: VIOLATED (-0.247 ns) Late Output Delay Assertion
               View: view_func_setup
              Group: clk
         Startpoint: (R) instruction[23]
              Clock: (R) clk
           Endpoint: (F) alu_result[30]
              Clock: (R) clk

                       Capture       Launch
         Clock Edge:+    5.730        0.000
        Src Latency:+    0.000        0.000
        Net Latency:+    0.000 (I)    0.000 (I)
            Arrival:=    5.730        0.000

       Output Delay:-    2.000
        Uncertainty:-    0.150
        Cppr Adjust:+    0.000
      Required Time:=    3.580
       Launch Clock:=    0.000
        Input Delay:+    2.000
          Data Path:+    1.827
              Slack:=   -0.247

#-------------------------------------------------------------------------------------------------------
# Timing Point                   Flags  Arc              Edge  Cell       Fanout  Trans   Delay  Arrival  
#                                                                                  (ns)    (ns)     (ns)  
#-------------------------------------------------------------------------------------------------------
  instruction[23]                -      instruction[23]  R     (arrival)      14  0.100   0.003    2.003  
  FE_OFC3680_instruction_23/Z    -      I->Z             R     BUFFD16         3  0.100   0.111    2.115  
  FE_OCPC3178_instruction_23/ZN  -      I->ZN            F     CKND16          6  0.060   0.060    2.175  
  FE_OCPC3205_instruction_23/ZN  -      I->ZN            R     CKND16          4  0.060   0.045    2.220  
  g214658_dup/ZN                 -      A1->ZN           F     NR2XD8         10  0.037   0.069    2.290  
  FE_OCPC3056_FE_RN_16_dup/Z     -      I->Z             F     BUFFD16        20  0.099   0.136    2.425  
  FE_RC_2164_0/ZN                -      A1->ZN           R     AOI222XD4       1  0.072   0.166    2.591  
  FE_RC_1375_0/ZN                -      A1->ZN           F     OAI21D4         1  0.226   0.091    2.683  
  g211265/ZN                     -      A1->ZN           R     NR2XD4          1  0.091   0.061    2.743  
  g211264/ZN                     -      A1->ZN           F     CKND2D8         2  0.055   0.060    2.803  
  FE_RC_66_0/ZN                  -      B1->ZN           R     IND2D4          2  0.061   0.068    2.871  
  g202747/ZN                     -      A1->ZN           F     ND3D8           1  0.072   0.067    2.938  
  FE_OFC2349_n_32418/ZN          -      I->ZN            R     CKND12          2  0.074   0.051    2.988  
  g200804/ZN                     -      A1->ZN           F     CKND2D8         1  0.040   0.041    3.029  
  g177651/ZN                     -      A1->ZN           R     ND2D8           2  0.038   0.040    3.069  
  g177414__211546/ZN             -      B1->ZN           F     INR2D4          2  0.042   0.032    3.101  
  g197044/ZN                     -      A1->ZN           R     NR2XD4          1  0.033   0.038    3.138  
  g203311/ZN                     -      B->ZN            F     OAI21D4         1  0.037   0.058    3.196  
  g204798/ZN                     -      B1->ZN           R     AOI22D4         1  0.050   0.107    3.303  
  g204892/ZN                     -      A2->ZN           F     ND2D8           2  0.116   0.091    3.394  
  g201614_dup/ZN                 -      A1->ZN           R     NR2XD8          4  0.080   0.076    3.470  
  g204898/ZN                     -      A1->ZN           F     NR2XD8          4  0.079   0.053    3.523  
  FE_RC_1853_0/ZN                -      I->ZN            R     INVD6           2  0.045   0.041    3.564  
  g214101/ZN                     -      A1->ZN           F     AOI21D4         1  0.036   0.042    3.606  
  FE_RC_1881_0/ZN                -      A1->ZN           R     OAI21D4         1  0.043   0.078    3.684  
  g197964/ZN                     -      A1->ZN           F     CKND2D8         3  0.094   0.143    3.827  
  alu_result[30]                 -      alu_result[30]   F     -               3  0.173   0.000    3.827  
#-------------------------------------------------------------------------------------------------------
Path 4: VIOLATED (-0.243 ns) Late Output Delay Assertion
               View: view_func_setup
              Group: clk
         Startpoint: (R) instruction[23]
              Clock: (R) clk
           Endpoint: (R) dmem_write_mask[3]
              Clock: (R) clk

                       Capture       Launch
         Clock Edge:+    5.730        0.000
        Src Latency:+    0.000        0.000
        Net Latency:+    0.000 (I)    0.000 (I)
            Arrival:=    5.730        0.000

       Output Delay:-    2.000
        Uncertainty:-    0.150
        Cppr Adjust:+    0.000
      Required Time:=    3.580
       Launch Clock:=    0.000
        Input Delay:+    2.000
          Data Path:+    1.823
              Slack:=   -0.243

#---------------------------------------------------------------------------------------------------------------------
# Timing Point                              Flags  Arc                 Edge  Cell       Fanout  Trans   Delay  Arrival  
#                                                                                                (ns)    (ns)     (ns)  
#---------------------------------------------------------------------------------------------------------------------
  instruction[23]                           -      instruction[23]     R     (arrival)      14  0.100   0.003    2.003  
  FE_OFC3680_instruction_23/Z               -      I->Z                R     BUFFD16         3  0.100   0.111    2.115  
  FE_OCPC3175_instruction_23/ZN             -      I->ZN               F     CKND16         14  0.060   0.072    2.186  
  FE_PSBC3692_FE_OCPN3122_instruction_23/Z  -      I->Z                F     BUFFD8          2  0.077   0.090    2.277  
  FE_OCPC3198_instruction_23/ZN             -      I->ZN               R     INVD2           1  0.030   0.031    2.307  
  FE_RC_3055_0/ZN                           -      B2->ZN              F     IND3D2          1  0.028   0.057    2.364  
  FE_RC_328_0/ZN                            -      A1->ZN              F     INR2D4          1  0.071   0.087    2.451  
  g210906/ZN                                -      A1->ZN              R     AOI21D4         1  0.029   0.064    2.515  
  FE_RC_515_0/ZN                            -      B1->ZN              F     INR2XD4         1  0.090   0.061    2.576  
  FE_RC_3265_0/ZN                           -      A1->ZN              R     ND3D8           1  0.046   0.041    2.617  
  g215524/ZN                                -      A1->ZN              F     NR2XD4          1  0.047   0.035    2.653  
  g215523/ZN                                -      A1->ZN              R     ND2D4           1  0.034   0.036    2.688  
  FE_OCPC2526_n_46351/Z                     -      I->Z                R     BUFFD16         2  0.039   0.092    2.781  
  FE_RC_1399_0/ZN                           -      A1->ZN              F     ND2D8           2  0.063   0.052    2.832  
  g202556/ZN                                -      A1->ZN              R     CKND2D8         5  0.055   0.059    2.891  
  g193158/Z                                 -      A2->Z               R     AN2D8           3  0.071   0.127    3.018  
  FE_RC_3402_0/ZN                           -      A2->ZN              F     OAI21D4         1  0.062   0.062    3.079  
  FE_RC_1440_0/ZN                           -      A1->ZN              R     ND2D4           1  0.059   0.050    3.130  
  FE_RC_1439_0/ZN                           -      A2->ZN              F     CKND2D8         1  0.045   0.051    3.181  
  g215700/ZN                                -      A1->ZN              R     ND2D8           1  0.055   0.045    3.226  
  g211695/ZN                                -      A2->ZN              F     ND2D8           1  0.041   0.062    3.288  
  FE_RC_2722_0/ZN                           -      A1->ZN              R     OAI21D4         1  0.067   0.065    3.353  
  g22/ZN                                    -      A1->ZN              F     CKND2D4         2  0.065   0.052    3.405  
  g212282/ZN                                -      A1->ZN              R     AOI21D4         2  0.050   0.066    3.471  
  FE_RC_1868_0/ZN                           -      A2->ZN              F     OAI21D4         1  0.084   0.068    3.540  
  FE_OFC2818_n_42349/ZN                     -      I->ZN               R     CKND6           2  0.070   0.057    3.597  
  g203697_dup/ZN                            -      A1->ZN              F     OAI21D4         1  0.052   0.049    3.646  
  g206004/ZN                                -      A1->ZN              R     OAI21D4         1  0.063   0.070    3.716  
  FE_OCPC1414_dmem_write_mask_3/Z           -      I->Z                R     BUFFD16         1  0.107   0.107    3.823  
  dmem_write_mask[3]                        -      dmem_write_mask[3]  R     -               1  0.050   0.000    3.823  
#---------------------------------------------------------------------------------------------------------------------
Path 5: VIOLATED (-0.243 ns) Late Output Delay Assertion
               View: view_func_setup
              Group: clk
         Startpoint: (F) instruction[23]
              Clock: (R) clk
           Endpoint: (F) alu_result[28]
              Clock: (R) clk

                       Capture       Launch
         Clock Edge:+    5.730        0.000
        Src Latency:+    0.000        0.000
        Net Latency:+    0.000 (I)    0.000 (I)
            Arrival:=    5.730        0.000

       Output Delay:-    2.000
        Uncertainty:-    0.150
        Cppr Adjust:+    0.000
      Required Time:=    3.580
       Launch Clock:=    0.000
        Input Delay:+    2.000
          Data Path:+    1.823
              Slack:=   -0.243

#---------------------------------------------------------------------------------------------------------
# Timing Point                     Flags  Arc              Edge  Cell       Fanout  Trans   Delay  Arrival  
#                                                                                    (ns)    (ns)     (ns)  
#---------------------------------------------------------------------------------------------------------
  instruction[23]                  -      instruction[23]  F     (arrival)      14  0.100   0.003    2.003  
  FE_OFC3680_instruction_23/Z      -      I->Z             F     BUFFD16         3  0.100   0.119    2.122  
  FE_OCPC3178_instruction_23/ZN    -      I->ZN            R     CKND16          6  0.050   0.063    2.186  
  FE_OCPC3204_instruction_23/ZN    -      I->ZN            F     CKND8           1  0.068   0.042    2.227  
  g214658_dup1/ZN                  -      A1->ZN           R     NR2XD8          4  0.034   0.072    2.300  
  g204022/ZN                       -      A1->ZN           F     ND2D8           1  0.094   0.050    2.350  
  FE_RC_552_0/ZN                   -      A1->ZN           R     CKND2D4         1  0.045   0.043    2.393  
  g179672/ZN                       -      B->ZN            F     AOI21D4         1  0.042   0.039    2.432  
  g196993/ZN                       -      A1->ZN           R     OAI21D4         1  0.057   0.071    2.503  
  FE_RC_1339_0/ZN                  -      A1->ZN           F     NR2XD4          1  0.078   0.051    2.554  
  FE_RC_1329_0/ZN                  -      A1->ZN           R     CKND2D4         1  0.042   0.041    2.595  
  FE_RC_1328_0/ZN                  -      B1->ZN           F     IND2D4          1  0.042   0.063    2.659  
  FE_RC_1330_0/ZN                  -      I->ZN            R     INVD8           2  0.074   0.066    2.724  
  FE_RC_2653_0/ZN                  -      A1->ZN           F     OAI21D4         1  0.061   0.058    2.783  
  g211489/ZN                       -      A1->ZN           R     CKND2D8         4  0.068   0.082    2.865  
  FE_DBTC11_n_41464/ZN             -      I->ZN            F     CKND12          3  0.092   0.050    2.915  
  FE_OFC2880_FE_DBTN11_n_41464/ZN  -      I->ZN            R     INVD6           2  0.042   0.041    2.956  
  FE_OFC2882_FE_DBTN11_n_41464/ZN  -      I->ZN            F     INVD6           2  0.038   0.026    2.982  
  g199157_dup1/ZN                  -      A1->ZN           R     ND2D4           1  0.020   0.029    3.011  
  FE_RC_3245_0/ZN                  -      B->ZN            F     OAI211D4        1  0.033   0.087    3.097  
  g195974/ZN                       -      A1->ZN           R     AOI21D4         1  0.091   0.085    3.182  
  g176699__5526/ZN                 -      A2->ZN           F     NR2XD3          1  0.095   0.069    3.251  
  g211093/ZN                       -      A1->ZN           R     ND2D8           1  0.053   0.051    3.302  
  FE_OFC829_n_41028/ZN             -      I->ZN            F     CKND16          6  0.048   0.047    3.348  
  g211478/ZN                       -      A1->ZN           R     NR2XD8          5  0.044   0.067    3.415  
  g211001_dup/ZN                   -      A1->ZN           F     NR2XD8          4  0.079   0.054    3.469  
  FE_RC_1131_0/ZN                  -      B1->ZN           R     INR2D4          1  0.052   0.054    3.523  
  FE_RC_2845_0/ZN                  -      A1->ZN           F     OAI21D4         1  0.056   0.047    3.571  
  FE_RC_1494_0/ZN                  -      B->ZN            R     OAI211D4        1  0.054   0.053    3.624  
  FE_RC_602_0/ZN                   -      A1->ZN           F     CKND2D4         1  0.071   0.056    3.680  
  FE_RC_1105_0/ZN                  -      A1->ZN           R     NR2D8           1  0.054   0.068    3.748  
  FE_RC_603_0/ZN                   -      I->ZN            F     CKND16          3  0.074   0.076    3.823  
  alu_result[28]                   -      alu_result[28]   F     -               3  0.078   0.000    3.823  
#---------------------------------------------------------------------------------------------------------
Path 6: VIOLATED (-0.241 ns) Late Output Delay Assertion
               View: view_func_setup
              Group: clk
         Startpoint: (R) instruction[23]
              Clock: (R) clk
           Endpoint: (R) dmem_write_mask[1]
              Clock: (R) clk

                       Capture       Launch
         Clock Edge:+    5.730        0.000
        Src Latency:+    0.000        0.000
        Net Latency:+    0.000 (I)    0.000 (I)
            Arrival:=    5.730        0.000

       Output Delay:-    2.000
        Uncertainty:-    0.150
        Cppr Adjust:+    0.000
      Required Time:=    3.580
       Launch Clock:=    0.000
        Input Delay:+    2.000
          Data Path:+    1.821
              Slack:=   -0.241

#---------------------------------------------------------------------------------------------------------------------
# Timing Point                              Flags  Arc                 Edge  Cell       Fanout  Trans   Delay  Arrival  
#                                                                                                (ns)    (ns)     (ns)  
#---------------------------------------------------------------------------------------------------------------------
  instruction[23]                           -      instruction[23]     R     (arrival)      14  0.100   0.003    2.003  
  FE_OFC3680_instruction_23/Z               -      I->Z                R     BUFFD16         3  0.100   0.111    2.115  
  FE_OCPC3175_instruction_23/ZN             -      I->ZN               F     CKND16         14  0.060   0.072    2.186  
  FE_PSBC3692_FE_OCPN3122_instruction_23/Z  -      I->Z                F     BUFFD8          2  0.077   0.090    2.277  
  FE_OCPC3198_instruction_23/ZN             -      I->ZN               R     INVD2           1  0.030   0.031    2.307  
  FE_RC_3055_0/ZN                           -      B2->ZN              F     IND3D2          1  0.028   0.057    2.364  
  FE_RC_328_0/ZN                            -      A1->ZN              F     INR2D4          1  0.071   0.087    2.451  
  g210906/ZN                                -      A1->ZN              R     AOI21D4         1  0.029   0.064    2.515  
  FE_RC_515_0/ZN                            -      B1->ZN              F     INR2XD4         1  0.090   0.061    2.576  
  FE_RC_3265_0/ZN                           -      A1->ZN              R     ND3D8           1  0.046   0.041    2.617  
  g215524/ZN                                -      A1->ZN              F     NR2XD4          1  0.047   0.035    2.653  
  g215523/ZN                                -      A1->ZN              R     ND2D4           1  0.034   0.036    2.688  
  FE_OCPC2526_n_46351/Z                     -      I->Z                R     BUFFD16         2  0.039   0.092    2.781  
  FE_RC_1399_0/ZN                           -      A1->ZN              F     ND2D8           2  0.063   0.052    2.832  
  g202556/ZN                                -      A1->ZN              R     CKND2D8         5  0.055   0.059    2.891  
  g193158/Z                                 -      A2->Z               R     AN2D8           3  0.071   0.127    3.018  
  FE_RC_3402_0/ZN                           -      A2->ZN              F     OAI21D4         1  0.062   0.062    3.079  
  FE_RC_1440_0/ZN                           -      A1->ZN              R     ND2D4           1  0.059   0.050    3.130  
  FE_RC_1439_0/ZN                           -      A2->ZN              F     CKND2D8         1  0.045   0.051    3.181  
  g215700/ZN                                -      A1->ZN              R     ND2D8           1  0.055   0.045    3.226  
  g211695/ZN                                -      A2->ZN              F     ND2D8           1  0.041   0.062    3.288  
  FE_RC_2722_0/ZN                           -      A1->ZN              R     OAI21D4         1  0.067   0.065    3.353  
  g22/ZN                                    -      A1->ZN              F     CKND2D4         2  0.065   0.052    3.405  
  g212282/ZN                                -      A1->ZN              R     AOI21D4         2  0.050   0.066    3.471  
  FE_RC_1868_0/ZN                           -      A2->ZN              F     OAI21D4         1  0.084   0.068    3.540  
  FE_OFC2818_n_42349/ZN                     -      I->ZN               R     CKND6           2  0.070   0.057    3.597  
  g206000/ZN                                -      A1->ZN              F     OAI21D4         1  0.052   0.049    3.646  
  g205999/ZN                                -      A1->ZN              R     OAI21D4         1  0.063   0.068    3.715  
  FE_OCPC1412_dmem_write_mask_1/Z           -      I->Z                R     BUFFD16         1  0.106   0.106    3.821  
  dmem_write_mask[1]                        -      dmem_write_mask[1]  R     -               1  0.050   0.000    3.821  
#---------------------------------------------------------------------------------------------------------------------
Path 7: VIOLATED (-0.239 ns) Late Output Delay Assertion
               View: view_func_setup
              Group: clk
         Startpoint: (R) instruction[23]
              Clock: (R) clk
           Endpoint: (F) alu_result[27]
              Clock: (R) clk

                       Capture       Launch
         Clock Edge:+    5.730        0.000
        Src Latency:+    0.000        0.000
        Net Latency:+    0.000 (I)    0.000 (I)
            Arrival:=    5.730        0.000

       Output Delay:-    2.000
        Uncertainty:-    0.150
        Cppr Adjust:+    0.000
      Required Time:=    3.580
       Launch Clock:=    0.000
        Input Delay:+    2.000
          Data Path:+    1.819
              Slack:=   -0.239

#-------------------------------------------------------------------------------------------------------
# Timing Point                   Flags  Arc              Edge  Cell       Fanout  Trans   Delay  Arrival  
#                                                                                  (ns)    (ns)     (ns)  
#-------------------------------------------------------------------------------------------------------
  instruction[23]                -      instruction[23]  R     (arrival)      14  0.100   0.003    2.003  
  FE_OFC3680_instruction_23/Z    -      I->Z             R     BUFFD16         3  0.100   0.111    2.115  
  FE_OCPC3178_instruction_23/ZN  -      I->ZN            F     CKND16          6  0.060   0.060    2.175  
  FE_OCPC3205_instruction_23/ZN  -      I->ZN            R     CKND16          4  0.060   0.045    2.220  
  g214658_dup/ZN                 -      A1->ZN           F     NR2XD8         10  0.037   0.069    2.290  
  FE_OCPC3056_FE_RN_16_dup/Z     -      I->Z             F     BUFFD16        20  0.099   0.136    2.425  
  FE_RC_2164_0/ZN                -      A1->ZN           R     AOI222XD4       1  0.072   0.166    2.591  
  FE_RC_1375_0/ZN                -      A1->ZN           F     OAI21D4         1  0.226   0.091    2.683  
  g211265/ZN                     -      A1->ZN           R     NR2XD4          1  0.091   0.061    2.743  
  g211264/ZN                     -      A1->ZN           F     CKND2D8         2  0.055   0.060    2.803  
  FE_RC_66_0/ZN                  -      B1->ZN           R     IND2D4          2  0.061   0.068    2.871  
  g202747_dup/ZN                 -      A1->ZN           F     ND3D8           3  0.072   0.093    2.964  
  FE_OCPC1709_n_32418/ZN         -      I->ZN            R     CKND6           1  0.111   0.054    3.018  
  g193675/ZN                     -      A1->ZN           F     CKND2D8         3  0.044   0.050    3.068  
  fopt202045/ZN                  -      I->ZN            R     CKND8           2  0.052   0.039    3.106  
  g194097/ZN                     -      A1->ZN           F     NR2D4           1  0.031   0.026    3.133  
  g194096/ZN                     -      A1->ZN           R     ND2D4           1  0.030   0.033    3.166  
  g194093/ZN                     -      B->ZN            F     AOI21D4         1  0.035   0.040    3.205  
  g176548__188303/ZN             -      A1->ZN           R     OAI21D4         1  0.059   0.080    3.286  
  g211479/ZN                     -      A1->ZN           F     ND2D8           5  0.091   0.103    3.389  
  FE_RC_1410_0_dup/ZN            -      A1->ZN           R     OAI211D4        1  0.113   0.109    3.499  
  FE_RC_551_0/ZN                 -      A1->ZN           F     AOI21D4         1  0.097   0.060    3.559  
  FE_RC_1391_0/ZN                -      A2->ZN           R     OAI21D4         1  0.053   0.075    3.633  
  FE_RC_862_0/ZN                 -      A1->ZN           F     ND3D4           1  0.069   0.065    3.698  
  FE_OCPC1432_alu_result_27/Z    -      I->Z             F     BUFFD16         3  0.069   0.121    3.819  
  alu_result[27]                 -      alu_result[27]   F     -               3  0.070   0.000    3.819  
#-------------------------------------------------------------------------------------------------------
Path 8: VIOLATED (-0.237 ns) Late Output Delay Assertion
               View: view_func_setup
              Group: clk
         Startpoint: (R) instruction[23]
              Clock: (R) clk
           Endpoint: (F) alu_result[29]
              Clock: (R) clk

                       Capture       Launch
         Clock Edge:+    5.730        0.000
        Src Latency:+    0.000        0.000
        Net Latency:+    0.000 (I)    0.000 (I)
            Arrival:=    5.730        0.000

       Output Delay:-    2.000
        Uncertainty:-    0.150
        Cppr Adjust:+    0.000
      Required Time:=    3.580
       Launch Clock:=    0.000
        Input Delay:+    2.000
          Data Path:+    1.817
              Slack:=   -0.237

#-------------------------------------------------------------------------------------------------------
# Timing Point                   Flags  Arc              Edge  Cell       Fanout  Trans   Delay  Arrival  
#                                                                                  (ns)    (ns)     (ns)  
#-------------------------------------------------------------------------------------------------------
  instruction[23]                -      instruction[23]  R     (arrival)      14  0.100   0.003    2.003  
  FE_OFC3680_instruction_23/Z    -      I->Z             R     BUFFD16         3  0.100   0.111    2.115  
  FE_OCPC3178_instruction_23/ZN  -      I->ZN            F     CKND16          6  0.060   0.060    2.175  
  FE_OCPC3205_instruction_23/ZN  -      I->ZN            R     CKND16          4  0.060   0.045    2.220  
  g214658_dup/ZN                 -      A1->ZN           F     NR2XD8         10  0.037   0.069    2.290  
  FE_OCPC3056_FE_RN_16_dup/Z     -      I->Z             F     BUFFD16        20  0.099   0.136    2.425  
  FE_RC_2164_0/ZN                -      A1->ZN           R     AOI222XD4       1  0.072   0.166    2.591  
  FE_RC_1375_0/ZN                -      A1->ZN           F     OAI21D4         1  0.226   0.091    2.683  
  g211265/ZN                     -      A1->ZN           R     NR2XD4          1  0.091   0.061    2.743  
  g211264/ZN                     -      A1->ZN           F     CKND2D8         2  0.055   0.060    2.803  
  FE_RC_66_0/ZN                  -      B1->ZN           R     IND2D4          2  0.061   0.068    2.871  
  g202747_dup/ZN                 -      A1->ZN           F     ND3D8           3  0.072   0.093    2.964  
  FE_OCPC1709_n_32418/ZN         -      I->ZN            R     CKND6           1  0.111   0.054    3.018  
  g193675/ZN                     -      A1->ZN           F     CKND2D8         3  0.044   0.050    3.068  
  fopt202045/ZN                  -      I->ZN            R     CKND8           2  0.052   0.039    3.106  
  g194097/ZN                     -      A1->ZN           F     NR2D4           1  0.031   0.026    3.133  
  g194096/ZN                     -      A1->ZN           R     ND2D4           1  0.030   0.033    3.166  
  g194093/ZN                     -      B->ZN            F     AOI21D4         1  0.035   0.040    3.205  
  g176548__188303/ZN             -      A1->ZN           R     OAI21D4         1  0.059   0.080    3.286  
  g211479/ZN                     -      A1->ZN           F     ND2D8           5  0.091   0.103    3.389  
  g211001_dup/ZN                 -      A2->ZN           R     NR2XD8          4  0.113   0.083    3.472  
  g211305/ZN                     -      A1->ZN           F     NR2XD4          3  0.057   0.055    3.527  
  FE_RC_2731_0/ZN                -      B1->ZN           R     IND2D4          1  0.059   0.052    3.579  
  FE_RC_2730_0/ZN                -      A1->ZN           F     ND3D8           1  0.049   0.052    3.631  
  g201578/ZN                     -      A2->ZN           R     ND2D4           1  0.054   0.054    3.685  
  g201577/ZN                     -      A1->ZN           F     ND2D8           3  0.050   0.133    3.817  
  alu_result[29]                 -      alu_result[29]   F     -               3  0.178   0.000    3.817  
#-------------------------------------------------------------------------------------------------------
Path 9: VIOLATED (-0.235 ns) Late Output Delay Assertion
               View: view_func_setup
              Group: clk
         Startpoint: (R) instruction[23]
              Clock: (R) clk
           Endpoint: (F) alu_result[25]
              Clock: (R) clk

                       Capture       Launch
         Clock Edge:+    5.730        0.000
        Src Latency:+    0.000        0.000
        Net Latency:+    0.000 (I)    0.000 (I)
            Arrival:=    5.730        0.000

       Output Delay:-    2.000
        Uncertainty:-    0.150
        Cppr Adjust:+    0.000
      Required Time:=    3.580
       Launch Clock:=    0.000
        Input Delay:+    2.000
          Data Path:+    1.815
              Slack:=   -0.235

#-------------------------------------------------------------------------------------------------------
# Timing Point                   Flags  Arc              Edge  Cell       Fanout  Trans   Delay  Arrival  
#                                                                                  (ns)    (ns)     (ns)  
#-------------------------------------------------------------------------------------------------------
  instruction[23]                -      instruction[23]  R     (arrival)      14  0.100   0.003    2.003  
  FE_OFC3680_instruction_23/Z    -      I->Z             R     BUFFD16         3  0.100   0.111    2.115  
  FE_OCPC3178_instruction_23/ZN  -      I->ZN            F     CKND16          6  0.060   0.060    2.175  
  FE_OCPC3205_instruction_23/ZN  -      I->ZN            R     CKND16          4  0.060   0.045    2.220  
  g214658_dup/ZN                 -      A1->ZN           F     NR2XD8         10  0.037   0.069    2.290  
  FE_OCPC3056_FE_RN_16_dup/Z     -      I->Z             F     BUFFD16        20  0.099   0.136    2.425  
  FE_RC_2164_0/ZN                -      A1->ZN           R     AOI222XD4       1  0.072   0.166    2.591  
  FE_RC_1375_0/ZN                -      A1->ZN           F     OAI21D4         1  0.226   0.091    2.683  
  g211265/ZN                     -      A1->ZN           R     NR2XD4          1  0.091   0.061    2.743  
  g211264/ZN                     -      A1->ZN           F     CKND2D8         2  0.055   0.060    2.803  
  FE_RC_66_0/ZN                  -      B1->ZN           R     IND2D4          2  0.061   0.068    2.871  
  g202747/ZN                     -      A1->ZN           F     ND3D8           1  0.072   0.067    2.938  
  FE_OFC2349_n_32418/ZN          -      I->ZN            R     CKND12          2  0.074   0.051    2.988  
  g200804/ZN                     -      A1->ZN           F     CKND2D8         1  0.040   0.041    3.029  
  g177651/ZN                     -      A1->ZN           R     ND2D8           2  0.038   0.040    3.069  
  g177414__211546/ZN             -      B1->ZN           F     INR2D4          2  0.042   0.032    3.101  
  g197044/ZN                     -      A1->ZN           R     NR2XD4          1  0.033   0.038    3.138  
  g203311/ZN                     -      B->ZN            F     OAI21D4         1  0.037   0.058    3.196  
  g204798/ZN                     -      B1->ZN           R     AOI22D4         1  0.050   0.107    3.303  
  g204892/ZN                     -      A2->ZN           F     ND2D8           2  0.116   0.091    3.394  
  g204891/ZN                     -      A1->ZN           R     NR2XD8          6  0.080   0.071    3.465  
  FE_RC_21_0/ZN                  -      A2->ZN           F     OAI211D2        1  0.072   0.099    3.564  
  FE_RC_2726_0/ZN                -      B1->ZN           R     IND3D4          1  0.135   0.086    3.650  
  FE_RC_1874_0/ZN                -      A2->ZN           F     ND3D8           3  0.069   0.165    3.815  
  alu_result[25]                 -      alu_result[25]   F     -               3  0.209   0.000    3.815  
#-------------------------------------------------------------------------------------------------------
Path 10: VIOLATED (-0.233 ns) Late Output Delay Assertion
               View: view_func_setup
              Group: clk
         Startpoint: (F) instruction[23]
              Clock: (R) clk
           Endpoint: (F) alu_result[21]
              Clock: (R) clk

                       Capture       Launch
         Clock Edge:+    5.730        0.000
        Src Latency:+    0.000        0.000
        Net Latency:+    0.000 (I)    0.000 (I)
            Arrival:=    5.730        0.000

       Output Delay:-    2.000
        Uncertainty:-    0.150
        Cppr Adjust:+    0.000
      Required Time:=    3.580
       Launch Clock:=    0.000
        Input Delay:+    2.000
          Data Path:+    1.813
              Slack:=   -0.233

#---------------------------------------------------------------------------------------------------------
# Timing Point                     Flags  Arc              Edge  Cell       Fanout  Trans   Delay  Arrival  
#                                                                                    (ns)    (ns)     (ns)  
#---------------------------------------------------------------------------------------------------------
  instruction[23]                  -      instruction[23]  F     (arrival)      14  0.100   0.003    2.003  
  FE_OFC3680_instruction_23/Z      -      I->Z             F     BUFFD16         3  0.100   0.119    2.122  
  FE_OCPC3178_instruction_23/ZN    -      I->ZN            R     CKND16          6  0.050   0.063    2.186  
  FE_OCPC3204_instruction_23/ZN    -      I->ZN            F     CKND8           1  0.068   0.042    2.227  
  g214658_dup1/ZN                  -      A1->ZN           R     NR2XD8          4  0.034   0.072    2.300  
  g204022/ZN                       -      A1->ZN           F     ND2D8           1  0.094   0.050    2.350  
  FE_RC_552_0/ZN                   -      A1->ZN           R     CKND2D4         1  0.045   0.043    2.393  
  g179672/ZN                       -      B->ZN            F     AOI21D4         1  0.042   0.039    2.432  
  g196993/ZN                       -      A1->ZN           R     OAI21D4         1  0.057   0.071    2.503  
  FE_RC_1339_0/ZN                  -      A1->ZN           F     NR2XD4          1  0.078   0.051    2.554  
  FE_RC_1329_0/ZN                  -      A1->ZN           R     CKND2D4         1  0.042   0.041    2.595  
  FE_RC_1328_0/ZN                  -      B1->ZN           F     IND2D4          1  0.042   0.063    2.659  
  FE_RC_1330_0/ZN                  -      I->ZN            R     INVD8           2  0.074   0.066    2.724  
  FE_RC_2653_0/ZN                  -      A1->ZN           F     OAI21D4         1  0.061   0.058    2.783  
  g211489/ZN                       -      A1->ZN           R     CKND2D8         4  0.068   0.082    2.865  
  FE_DBTC11_n_41464/ZN             -      I->ZN            F     CKND12          3  0.092   0.050    2.915  
  FE_OFC2880_FE_DBTN11_n_41464/ZN  -      I->ZN            R     INVD6           2  0.042   0.041    2.956  
  FE_OFC2882_FE_DBTN11_n_41464/ZN  -      I->ZN            F     INVD6           2  0.038   0.026    2.982  
  g199157_dup1/ZN                  -      A1->ZN           R     ND2D4           1  0.020   0.029    3.011  
  FE_RC_3245_0/ZN                  -      B->ZN            F     OAI211D4        1  0.033   0.087    3.097  
  g195974/ZN                       -      A1->ZN           R     AOI21D4         1  0.091   0.085    3.182  
  g176699__5526/ZN                 -      A2->ZN           F     NR2XD3          1  0.095   0.069    3.251  
  g211093/ZN                       -      A1->ZN           R     ND2D8           1  0.053   0.051    3.302  
  FE_OFC829_n_41028/ZN             -      I->ZN            F     CKND16          6  0.048   0.046    3.348  
  FE_OFC831_n_41028/ZN             -      I->ZN            R     INVD6           1  0.044   0.036    3.384  
  g211092/ZN                       -      A1->ZN           F     ND2D8           3  0.031   0.051    3.436  
  g211476/ZN                       -      A1->ZN           R     ND2D8           3  0.058   0.051    3.486  
  g211475/ZN                       -      I->ZN            F     INVD8           3  0.055   0.033    3.519  
  g176312__7410/ZN                 -      A2->ZN           R     OAI211D4        1  0.026   0.058    3.577  
  g211679/ZN                       -      A1->ZN           F     CKND2D4         1  0.071   0.047    3.624  
  g211677/ZN                       -      B1->ZN           R     IND2D4          1  0.043   0.051    3.675  
  FE_RC_1245_0/ZN                  -      A1->ZN           F     ND3D8           3  0.058   0.138    3.813  
  alu_result[21]                   -      alu_result[21]   F     -               3  0.188   0.000    3.813  
#---------------------------------------------------------------------------------------------------------

