###############################################################
#  Generated by:      Cadence Tempus 22.15-s092_1
#  OS:                Linux x86_64(Host ID ncdc-0137)
#  Generated on:      Wed Aug 12 09:40:49 2026
#  Design:            riscv_core
#  Command:           report_timing_summary > /home/cc/Documents/Abdullah/RISCV_synthesis/export/Tempus_Data/reports/tempus_signoff/summary.rpt
###############################################################
# SETUP                 WNS     TNS   FEP   
#------------------------------------------
 View : ALL          -0.261  -7.255    36  
    Group : Async     4.717   0.000     0  
    Group : in2out   -0.261  -7.255    36  
    Group : reg2out   1.384   0.000     0  
    Group : in2reg    0.042     0.0     0  
    Group : reg2reg   1.700     0.0     0  
                                           
#------------------------------------------
 
# HOLD                  WNS     TNS   FEP   
#------------------------------------------
 View : ALL          -0.023  -0.734    32  
    Group : Async    -0.023  -0.734    32  
    Group : in2out    0.301   0.000     0  
    Group : reg2out   0.241   0.000     0  
    Group : in2reg    0.117     0.0     0  
    Group : reg2reg   0.057     0.0     0  
                                           
#------------------------------------------
 
# DRV                              WNS        TNS   FEP   
#--------------------------------------------------------
 View : ALL                                              
    Check : max_transition         N/A        N/A     0  
    Check : min_transition         N/A        N/A     0  
    Check : max_capacitance        N/A        N/A     0  
    Check : min_capacitance        N/A        N/A     0  
    Check : max_fanout       -1014.000  -3355.000   253  
    Check : min_fanout             N/A        N/A     0  
                                                         
#--------------------------------------------------------
 
# Clock checks                              WNS    TNS   FEP   
#-------------------------------------------------------------
 View : ALL                                                   
    Check : min_pulse_width (clocktree)     N/A    N/A     0  
    Check : min_pulse_width (endpoints)   2.587  0.000     0  
    Check : max_skew                        N/A    N/A     0  
    Check : min_period                      N/A    N/A     0  
                                                              
#-------------------------------------------------------------
 
