============================================================
  Generated by:           Genus(TM) Synthesis Solution 21.18-s082_1
  Generated on:           Aug 11 2026  02:55:55 am
  Module:                 top_wrapper
  Library domain:         wc_cond
    Domain index:         0
    Technology libraries: tcbn65lpwc 200
                          tpzn65lpgv2od3wc 200b
  Library domain:         tc_cond
    Domain index:         1
    Technology libraries: tcbn65lptc 200
                          tpzn65lpgv2od3tc 200b
  Operating conditions:   WCCOM 
  Operating conditions:   NCCOM 
  Interconnect mode:      global
  Area mode:              physical library
============================================================

-------------------------------------------------------------------------------
Nets with multiple drivers

The following nets have multiple drivers and at least one of the drivers is     
non-tristate:                                                                   

hnet:top_wrapper/A[0]
hnet:top_wrapper/A[1]
hnet:top_wrapper/A[2]
hnet:top_wrapper/A[3]
hnet:top_wrapper/A[4]
hnet:top_wrapper/A[5]
hnet:top_wrapper/A[6]
hnet:top_wrapper/A[7]
hnet:top_wrapper/B[0]
hnet:top_wrapper/B[1]
hnet:top_wrapper/B[2]
hnet:top_wrapper/B[3]
hnet:top_wrapper/B[4]
hnet:top_wrapper/B[5]
hnet:top_wrapper/B[6]
hnet:top_wrapper/B[7]
hnet:top_wrapper/Sel[0]
hnet:top_wrapper/Sel[1]
hnet:top_wrapper/rst
-------------------------------------------------------------------------------

-------------------------------------------------------------------------------
Inputs without clocked external delays

The following primary inputs have no clocked external delays in mode            
'view_func_setup'.  As a result the timing paths leading from the ports have no 
timing constraints derived from clock waveforms.  The'external_delay' command   
is used to create new external delays.                                          

port:top_wrapper/A[0]
port:top_wrapper/A[1]
port:top_wrapper/A[2]
port:top_wrapper/A[3]
port:top_wrapper/A[4]
port:top_wrapper/A[5]
port:top_wrapper/A[6]
port:top_wrapper/A[7]
port:top_wrapper/B[0]
port:top_wrapper/B[1]
port:top_wrapper/B[2]
port:top_wrapper/B[3]
port:top_wrapper/B[4]
port:top_wrapper/B[5]
port:top_wrapper/B[6]
port:top_wrapper/B[7]
port:top_wrapper/Sel[0]
port:top_wrapper/Sel[1]
port:top_wrapper/clk_in
port:top_wrapper/rst
-------------------------------------------------------------------------------

-------------------------------------------------------------------------------
Outputs without clocked external delays

The following primary outputs have no clocked external delays in mode           
'view_func_setup'.  As a result the timing paths leading to the ports have no   
timing constraints derived from clock waveforms.  The'external_delay' command   
is used to create new external delays.                                          

port:top_wrapper/Out[0]
port:top_wrapper/Out[1]
port:top_wrapper/Out[2]
port:top_wrapper/Out[3]
port:top_wrapper/Out[4]
port:top_wrapper/Out[5]
port:top_wrapper/Out[6]
port:top_wrapper/Out[7]
-------------------------------------------------------------------------------


Lint summary
 Unconnected/logic driven clocks                                  0
 Sequential data pins driven by a clock signal                    0
 Sequential clock pins without clock waveform                     0
 Sequential clock pins with multiple clock waveforms              0
 Generated clocks without clock waveform                          0
 Generated clocks with incompatible options                       0
 Generated clocks with multi-master clock                         0
 Paths constrained with different clocks                          0
 Loop-breaking cells for combinational feedback                   0
 Nets with multiple drivers                                      19
 Timing exceptions with no effect                                 0
 Suspicious multi_cycle exceptions                                0
 Pins/ports with conflicting case constants                       0
 Inputs without clocked external delays                          20
 Outputs without clocked external delays                          8
 Inputs without external driver/transition                        0
 Outputs without external load                                    0
 Exceptions with invalid timing start-/endpoints                  0

                                                  Total:         47

