============================================================
  Generated by:           Genus(TM) Synthesis Solution 21.18-s082_1
  Generated on:           Aug 11 2026  02:56:23 am
  Module:                 top_wrapper
  Operating conditions:   WCCOM 
  Operating conditions:   NCCOM 
  Interconnect mode:      spatial
  Area mode:              physical library
============================================================

                                                     Library 
   Gate    Instances     Area          Library        Domain 
-------------------------------------------------------------
AOI31D1            8      20.160    tcbn65lpwc       wc_cond 
DFQD4              8      66.240    tcbn65lpwc       wc_cond 
IND3D1             1       2.520    tcbn65lpwc       wc_cond 
INR2D1             1       2.160    tcbn65lpwc       wc_cond 
ND2D1              1       1.440    tcbn65lpwc       wc_cond 
ND3D1              1       2.160    tcbn65lpwc       wc_cond 
NR2D0              8      11.520    tcbn65lpwc       wc_cond 
NR2D1              8      11.520    tcbn65lpwc       wc_cond 
OAI221D0           8      23.040    tcbn65lpwc       wc_cond 
PDDW16DGZ         27  153900.000    tpzn65lpgv2od3wc wc_cond 
PDXOE3DG           1   12350.000    tpzn65lpgv2od3wc wc_cond 
-------------------------------------------------------------
total             72  166390.760                     


     Library     Instances    Area    Instances % 
--------------------------------------------------
tcbn65lpwc              44    140.760        61.1 
tpzn65lpgv2od3wc        28 166250.000        38.9 

                                           
     Type      Instances    Area    Area % 
-------------------------------------------
timing_model          28 166250.000   99.9 
sequential             8     66.240    0.0 
logic                 36     74.520    0.0 
physical_cells         0      0.000    0.0 
-------------------------------------------
total                 72 166390.760  100.0 

