============================================================
  Generated by:           Genus(TM) Synthesis Solution 21.18-s082_1
  Generated on:           Aug 11 2026  02:56:23 am
  Module:                 top_wrapper
  Operating conditions:   WCCOM 
  Operating conditions:   NCCOM 
  Interconnect mode:      spatial
  Area mode:              physical library
============================================================


Path 1: MET (4506 ps) Late External Delay Assertion at pin out_inst0/I
           View: view_func_setup
          Group: CLK
     Startpoint: (R) u_alu_core_Out_reg[0]/CP
          Clock: (R) CLK
       Endpoint: (R) out_inst0/I
          Clock: (R) CLK

                     Capture       Launch     
        Clock Edge:+   10000            0     
       Src Latency:+       0            0     
       Net Latency:+       0 (I)        0 (I) 
           Arrival:=   10000            0     
                                              
      Output Delay:-    5000                  
       Uncertainty:-     150                  
     Required Time:=    4850                  
      Launch Clock:-       0                  
         Data Path:-     344                  
             Slack:=    4506                  

Exceptions/Constraints:
  output_delay             5000            ALU.sdc_line_47 

#-------------------------------------------------------------------------------------------------------------
#      Timing Point        Flags   Arc   Edge   Cell     Fanout Load Trans Delay Arrival       Instance       
#                                                               (fF)  (ps)  (ps)   (ps)        Location       
#-------------------------------------------------------------------------------------------------------------
  u_alu_core_Out_reg[0]/CP -       -     R     (arrival)      8    -     0     0       0                (-,-) 
  u_alu_core_Out_reg[0]/Q  -       CP->Q R     DFQD4          1 91.7   306   343     343  (416.6325,149.5280) 
  out_inst0/I              (b)     -     R     PDDW16DGZ      -    -     -     2     344                (-,-) 
#-------------------------------------------------------------------------------------------------------------

(b) : Timing paths are broken.



Path 2: MET (6871 ps) Setup Check with Pin u_alu_core_Out_reg[7]/CP->D
           View: view_func_setup
          Group: CLK
     Startpoint: (R) rst_inst/C
          Clock: (R) CLK
       Endpoint: (R) u_alu_core_Out_reg[7]/D
          Clock: (R) CLK

                     Capture       Launch     
        Clock Edge:+   10000            0     
       Src Latency:+       0            0     
       Net Latency:+       0 (I)        0 (I) 
           Arrival:=   10000            0     
                                              
             Setup:-     111                  
       Uncertainty:-     150                  
     Required Time:=    9739                  
      Launch Clock:-       0                  
       Input Delay:-    2000                  
         Data Path:-     868                  
             Slack:=    6871                  

Exceptions/Constraints:
  input_delay             2000            ALU.sdc_line_41 

#-------------------------------------------------------------------------------------------------------------
#      Timing Point       Flags    Arc   Edge   Cell     Fanout Load Trans Delay Arrival       Instance       
#                                                               (fF)  (ps)  (ps)   (ps)        Location       
#-------------------------------------------------------------------------------------------------------------
  rst_inst/C              (i,b)   -      R     (arrival)      3  0.0     0     0    2000                (-,-) 
  g1013__3680/ZN          -       A1->ZN R     INR2D1         9 17.8   477   320    2320                (-,-) 
  g1002__1666/ZN          -       A1->ZN F     ND2D1          8 13.4   317   306    2626                (-,-) 
  g984__6783/ZN           -       A1->ZN R     OAI221D0       1  2.9   305   242    2868                (-,-) 
  u_alu_core_Out_reg[7]/D -       -      R     DFQD4          1    -     -     0    2868  (241.6455,353.8315) 
#-------------------------------------------------------------------------------------------------------------

(i) : Net is ideal.
(b) : Timing paths are broken.



Path 3: MET (6871 ps) Setup Check with Pin u_alu_core_Out_reg[3]/CP->D
           View: view_func_setup
          Group: CLK
     Startpoint: (R) rst_inst/C
          Clock: (R) CLK
       Endpoint: (R) u_alu_core_Out_reg[3]/D
          Clock: (R) CLK

                     Capture       Launch     
        Clock Edge:+   10000            0     
       Src Latency:+       0            0     
       Net Latency:+       0 (I)        0 (I) 
           Arrival:=   10000            0     
                                              
             Setup:-     111                  
       Uncertainty:-     150                  
     Required Time:=    9739                  
      Launch Clock:-       0                  
       Input Delay:-    2000                  
         Data Path:-     868                  
             Slack:=    6871                  

Exceptions/Constraints:
  input_delay             2000            ALU.sdc_line_41 

#-------------------------------------------------------------------------------------------------------------
#      Timing Point       Flags    Arc   Edge   Cell     Fanout Load Trans Delay Arrival       Instance       
#                                                               (fF)  (ps)  (ps)   (ps)        Location       
#-------------------------------------------------------------------------------------------------------------
  rst_inst/C              (i,b)   -      R     (arrival)      3  0.0     0     0    2000                (-,-) 
  g1013__3680/ZN          -       A1->ZN R     INR2D1         9 17.8   477   320    2320                (-,-) 
  g1002__1666/ZN          -       A1->ZN F     ND2D1          8 13.4   317   306    2626                (-,-) 
  g985__3680/ZN           -       A1->ZN R     OAI221D0       1  2.9   305   242    2868                (-,-) 
  u_alu_core_Out_reg[3]/D -       -      R     DFQD4          1    -     -     0    2868  (253.4145,150.5870) 
#-------------------------------------------------------------------------------------------------------------

(i) : Net is ideal.
(b) : Timing paths are broken.



Path 4: MET (6872 ps) Setup Check with Pin u_alu_core_Out_reg[6]/CP->D
           View: view_func_setup
          Group: CLK
     Startpoint: (R) rst_inst/C
          Clock: (R) CLK
       Endpoint: (R) u_alu_core_Out_reg[6]/D
          Clock: (R) CLK

                     Capture       Launch     
        Clock Edge:+   10000            0     
       Src Latency:+       0            0     
       Net Latency:+       0 (I)        0 (I) 
           Arrival:=   10000            0     
                                              
             Setup:-     110                  
       Uncertainty:-     150                  
     Required Time:=    9740                  
      Launch Clock:-       0                  
       Input Delay:-    2000                  
         Data Path:-     868                  
             Slack:=    6872                  

Exceptions/Constraints:
  input_delay             2000            ALU.sdc_line_41 

#-------------------------------------------------------------------------------------------------------------
#      Timing Point       Flags    Arc   Edge   Cell     Fanout Load Trans Delay Arrival       Instance       
#                                                               (fF)  (ps)  (ps)   (ps)        Location       
#-------------------------------------------------------------------------------------------------------------
  rst_inst/C              (i,b)   -      R     (arrival)      3  0.0     0     0    2000                (-,-) 
  g1013__3680/ZN          -       A1->ZN R     INR2D1         9 17.8   477   320    2320                (-,-) 
  g1002__1666/ZN          -       A1->ZN F     ND2D1          8 13.4   317   306    2626                (-,-) 
  g981__4319/ZN           -       A1->ZN R     OAI221D0       1  2.9   299   242    2868                (-,-) 
  u_alu_core_Out_reg[6]/D -       -      R     DFQD4          1    -     -     0    2868  (101.8370,149.5340) 
#-------------------------------------------------------------------------------------------------------------

(i) : Net is ideal.
(b) : Timing paths are broken.



Path 5: MET (6872 ps) Setup Check with Pin u_alu_core_Out_reg[4]/CP->D
           View: view_func_setup
          Group: CLK
     Startpoint: (R) rst_inst/C
          Clock: (R) CLK
       Endpoint: (R) u_alu_core_Out_reg[4]/D
          Clock: (R) CLK

                     Capture       Launch     
        Clock Edge:+   10000            0     
       Src Latency:+       0            0     
       Net Latency:+       0 (I)        0 (I) 
           Arrival:=   10000            0     
                                              
             Setup:-     110                  
       Uncertainty:-     150                  
     Required Time:=    9740                  
      Launch Clock:-       0                  
       Input Delay:-    2000                  
         Data Path:-     868                  
             Slack:=    6872                  

Exceptions/Constraints:
  input_delay             2000            ALU.sdc_line_41 

#-------------------------------------------------------------------------------------------------------------
#      Timing Point       Flags    Arc   Edge   Cell     Fanout Load Trans Delay Arrival       Instance       
#                                                               (fF)  (ps)  (ps)   (ps)        Location       
#-------------------------------------------------------------------------------------------------------------
  rst_inst/C              (i,b)   -      R     (arrival)      3  0.0     0     0    2000                (-,-) 
  g1013__3680/ZN          -       A1->ZN R     INR2D1         9 17.8   477   320    2320                (-,-) 
  g1002__1666/ZN          -       A1->ZN F     ND2D1          8 13.4   317   306    2626                (-,-) 
  g980__6260/ZN           -       A1->ZN R     OAI221D0       1  2.9   299   242    2868                (-,-) 
  u_alu_core_Out_reg[4]/D -       -      R     DFQD4          1    -     -     0    2868  (418.4355,353.7955) 
#-------------------------------------------------------------------------------------------------------------

(i) : Net is ideal.
(b) : Timing paths are broken.



Path 6: MET (6872 ps) Setup Check with Pin u_alu_core_Out_reg[2]/CP->D
           View: view_func_setup
          Group: CLK
     Startpoint: (R) rst_inst/C
          Clock: (R) CLK
       Endpoint: (R) u_alu_core_Out_reg[2]/D
          Clock: (R) CLK

                     Capture       Launch     
        Clock Edge:+   10000            0     
       Src Latency:+       0            0     
       Net Latency:+       0 (I)        0 (I) 
           Arrival:=   10000            0     
                                              
             Setup:-     110                  
       Uncertainty:-     150                  
     Required Time:=    9740                  
      Launch Clock:-       0                  
       Input Delay:-    2000                  
         Data Path:-     868                  
             Slack:=    6872                  

Exceptions/Constraints:
  input_delay             2000            ALU.sdc_line_41 

#-------------------------------------------------------------------------------------------------------------
#      Timing Point       Flags    Arc   Edge   Cell     Fanout Load Trans Delay Arrival       Instance       
#                                                               (fF)  (ps)  (ps)   (ps)        Location       
#-------------------------------------------------------------------------------------------------------------
  rst_inst/C              (i,b)   -      R     (arrival)      3  0.0     0     0    2000                (-,-) 
  g1013__3680/ZN          -       A1->ZN R     INR2D1         9 17.8   477   320    2320                (-,-) 
  g1002__1666/ZN          -       A1->ZN F     ND2D1          8 13.4   317   306    2626                (-,-) 
  g983__5526/ZN           -       A1->ZN R     OAI221D0       1  2.9   299   242    2868                (-,-) 
  u_alu_core_Out_reg[2]/D -       -      R     DFQD4          1    -     -     0    2868  (386.7840,353.7975) 
#-------------------------------------------------------------------------------------------------------------

(i) : Net is ideal.
(b) : Timing paths are broken.



Path 7: MET (6872 ps) Setup Check with Pin u_alu_core_Out_reg[5]/CP->D
           View: view_func_setup
          Group: CLK
     Startpoint: (R) rst_inst/C
          Clock: (R) CLK
       Endpoint: (R) u_alu_core_Out_reg[5]/D
          Clock: (R) CLK

                     Capture       Launch     
        Clock Edge:+   10000            0     
       Src Latency:+       0            0     
       Net Latency:+       0 (I)        0 (I) 
           Arrival:=   10000            0     
                                              
             Setup:-     110                  
       Uncertainty:-     150                  
     Required Time:=    9740                  
      Launch Clock:-       0                  
       Input Delay:-    2000                  
         Data Path:-     868                  
             Slack:=    6872                  

Exceptions/Constraints:
  input_delay             2000            ALU.sdc_line_41 

#-------------------------------------------------------------------------------------------------------------
#      Timing Point       Flags    Arc   Edge   Cell     Fanout Load Trans Delay Arrival       Instance       
#                                                               (fF)  (ps)  (ps)   (ps)        Location       
#-------------------------------------------------------------------------------------------------------------
  rst_inst/C              (i,b)   -      R     (arrival)      3  0.0     0     0    2000                (-,-) 
  g1013__3680/ZN          -       A1->ZN R     INR2D1         9 17.8   477   320    2320                (-,-) 
  g1002__1666/ZN          -       A1->ZN F     ND2D1          8 13.4   317   306    2626                (-,-) 
  g979__5107/ZN           -       A1->ZN R     OAI221D0       1  2.9   299   242    2868                (-,-) 
  u_alu_core_Out_reg[5]/D -       -      R     DFQD4          1    -     -     0    2868  (135.8790,353.7955) 
#-------------------------------------------------------------------------------------------------------------

(i) : Net is ideal.
(b) : Timing paths are broken.



Path 8: MET (6872 ps) Setup Check with Pin u_alu_core_Out_reg[0]/CP->D
           View: view_func_setup
          Group: CLK
     Startpoint: (R) rst_inst/C
          Clock: (R) CLK
       Endpoint: (R) u_alu_core_Out_reg[0]/D
          Clock: (R) CLK

                     Capture       Launch     
        Clock Edge:+   10000            0     
       Src Latency:+       0            0     
       Net Latency:+       0 (I)        0 (I) 
           Arrival:=   10000            0     
                                              
             Setup:-     110                  
       Uncertainty:-     150                  
     Required Time:=    9740                  
      Launch Clock:-       0                  
       Input Delay:-    2000                  
         Data Path:-     868                  
             Slack:=    6872                  

Exceptions/Constraints:
  input_delay             2000            ALU.sdc_line_41 

#-------------------------------------------------------------------------------------------------------------
#      Timing Point       Flags    Arc   Edge   Cell     Fanout Load Trans Delay Arrival       Instance       
#                                                               (fF)  (ps)  (ps)   (ps)        Location       
#-------------------------------------------------------------------------------------------------------------
  rst_inst/C              (i,b)   -      R     (arrival)      3  0.0     0     0    2000                (-,-) 
  g1013__3680/ZN          -       A1->ZN R     INR2D1         9 17.8   477   320    2320                (-,-) 
  g1002__1666/ZN          -       A1->ZN F     ND2D1          8 13.4   317   306    2626                (-,-) 
  g982__8428/ZN           -       A1->ZN R     OAI221D0       1  2.9   299   242    2868                (-,-) 
  u_alu_core_Out_reg[0]/D -       -      R     DFQD4          1    -     -     0    2868  (416.6325,149.5280) 
#-------------------------------------------------------------------------------------------------------------

(i) : Net is ideal.
(b) : Timing paths are broken.



Path 9: MET (6872 ps) Setup Check with Pin u_alu_core_Out_reg[1]/CP->D
           View: view_func_setup
          Group: CLK
     Startpoint: (R) rst_inst/C
          Clock: (R) CLK
       Endpoint: (R) u_alu_core_Out_reg[1]/D
          Clock: (R) CLK

                     Capture       Launch     
        Clock Edge:+   10000            0     
       Src Latency:+       0            0     
       Net Latency:+       0 (I)        0 (I) 
           Arrival:=   10000            0     
                                              
             Setup:-     110                  
       Uncertainty:-     150                  
     Required Time:=    9740                  
      Launch Clock:-       0                  
       Input Delay:-    2000                  
         Data Path:-     868                  
             Slack:=    6872                  

Exceptions/Constraints:
  input_delay             2000            ALU.sdc_line_41 

#-------------------------------------------------------------------------------------------------------------
#      Timing Point       Flags    Arc   Edge   Cell     Fanout Load Trans Delay Arrival       Instance       
#                                                               (fF)  (ps)  (ps)   (ps)        Location       
#-------------------------------------------------------------------------------------------------------------
  rst_inst/C              (i,b)   -      R     (arrival)      3  0.0     0     0    2000                (-,-) 
  g1013__3680/ZN          -       A1->ZN R     INR2D1         9 17.8   477   320    2320                (-,-) 
  g1002__1666/ZN          -       A1->ZN F     ND2D1          8 13.4   317   306    2626                (-,-) 
  g978__2398/ZN           -       A1->ZN R     OAI221D0       1  2.9   299   242    2868                (-,-) 
  u_alu_core_Out_reg[1]/D -       -      R     DFQD4          1    -     -     0    2868  (146.2845,149.5400) 
#-------------------------------------------------------------------------------------------------------------

(i) : Net is ideal.
(b) : Timing paths are broken.

Some unconstrained paths have not been displayed.
Use -unconstrained or set the root attribute 'timing_report_unconstrained' to 'true' to see only these unconstrained paths.


