============================================================
  Generated by:           Genus(TM) Synthesis Solution 21.18-s082_1
  Generated on:           Aug 11 2026  02:56:24 am
  Module:                 top_wrapper
  Operating conditions:   WCCOM 
  Operating conditions:   NCCOM 
  Interconnect mode:      spatial
  Area mode:              physical library
============================================================

Timing
--------

 Analysis view  Clock  Period 
------------------------------
view_func_setup CLK   10000.0 


    Analysis      Cost   Critical        Violating Levels of 
      View       Group  Path Slack  TNS    Paths     logic   
-------------------------------------------------------------
view_func_setup     CLK     4505.7  0.0          0           
                default   No paths  0.0          0           
-------------------------------------------------------------
Total                              -0.0          0           
                                                             

Instance Count
--------------
Leaf Instance Count             72 
Physical Instance count          0 
Sequential Instance Count        8 
Combinational Instance Count    64 
Hierarchical Instance Count      0 

Area
----
Cell Area                          166390.760
Physical Cell Area                 0.000
Total Cell Area (Cell+Physical)    166390.760
Net Area                           90.875
Total Area (Cell+Physical+Net)     166481.635

Floorplan Utilization              no_value
Max Fanout                         58 (n_36)
Min Fanout                         0 (Out[7])
Average Fanout                     2.3
Terms to net ratio                 3.3298
Terms to instance ratio            4.3472
Runtime                            39.85545 seconds
Elapsed Runtime                    47 seconds
Genus peak memory usage            2074.79 
Innovus peak memory usage          no_value 
Hostname                           ncdc-0137
