============================================================
  Generated by:           Genus(TM) Synthesis Solution 21.18-s082_1
  Generated on:           Jul 30 2026  08:05:27 am
  Module:                 counter
  Operating conditions:   WCCOM 
  Operating conditions:   NCCOM 
  Interconnect mode:      spatial
  Area mode:              physical library
============================================================

Timing
--------

 Analysis view  Clock  Period 
------------------------------
view_func_setup clk   10000.0 


    Analysis      Cost   Critical        Violating Levels of 
      View       Group  Path Slack  TNS    Paths     logic   
-------------------------------------------------------------
view_func_setup     clk     8371.6  0.0          0           
                default   No paths  0.0          0           
-------------------------------------------------------------
Total                              -0.0          0           
                                                             

Instance Count
--------------
Leaf Instance Count             9 
Physical Instance count         0 
Sequential Instance Count       4 
Combinational Instance Count    5 
Hierarchical Instance Count     0 

Area
----
Cell Area                          57.600
Physical Cell Area                 0.000
Total Cell Area (Cell+Physical)    57.600
Net Area                           12.065
Total Area (Cell+Physical+Net)     69.665

Floorplan Utilization              no_value
Max Fanout                         4 (clk)
Min Fanout                         0 (n_6)
Average Fanout                     1.5
Terms to net ratio                 2.3846
Terms to instance ratio            3.4444
Runtime                            37.981588 seconds
Elapsed Runtime                    42 seconds
Genus peak memory usage            1940.33 
Innovus peak memory usage          no_value 
Hostname                           ncdc-0137
