============================================================
  Generated by:           Genus(TM) Synthesis Solution 21.18-s082_1
  Generated on:           Jul 30 2026  06:56:14 am
  Module:                 counter
  Operating conditions:   WCCOM 
  Operating conditions:   NCCOM 
  Interconnect mode:      spatial
  Area mode:              physical library
============================================================


Path 1: MET (8510 ps) Late External Delay Assertion at pin count[0]
           View: view_func_setup
          Group: clk
     Startpoint: (R) count_reg[0]/CP
          Clock: (R) clk
       Endpoint: (R) count[0]
          Clock: (R) clk

                     Capture       Launch     
        Clock Edge:+   10000            0     
       Src Latency:+       0            0     
       Net Latency:+       0 (I)        0 (I) 
           Arrival:=   10000            0     
                                              
      Output Delay:-    1000                  
       Uncertainty:-     150                  
     Required Time:=    8850                  
      Launch Clock:-       0                  
         Data Path:-     340                  
             Slack:=    8510                  

Exceptions/Constraints:
  output_delay             1000            new_counter.sdc_line_99_3_1 

#------------------------------------------------------------------------------------------------
#  Timing Point   Flags   Arc   Edge   Cell     Fanout Load Trans Delay Arrival     Instance     
#                                                      (fF)  (ps)  (ps)   (ps)      Location     
#------------------------------------------------------------------------------------------------
  count_reg[0]/CP -       -     R     (arrival)      4    -     0     0       0            (-,-) 
  count_reg[0]/Q  -       CP->Q R     SDFCNQD1       4 18.2   246   340     340  (2.4000,3.6000) 
  count[0]        -       -     R     (port)         -    -     -     0     340            (-,-) 
#------------------------------------------------------------------------------------------------



Path 2: MET (8516 ps) Late External Delay Assertion at pin count[1]
           View: view_func_setup
          Group: clk
     Startpoint: (R) count_reg[1]/CP
          Clock: (R) clk
       Endpoint: (R) count[1]
          Clock: (R) clk

                     Capture       Launch     
        Clock Edge:+   10000            0     
       Src Latency:+       0            0     
       Net Latency:+       0 (I)        0 (I) 
           Arrival:=   10000            0     
                                              
      Output Delay:-    1000                  
       Uncertainty:-     150                  
     Required Time:=    8850                  
      Launch Clock:-       0                  
         Data Path:-     334                  
             Slack:=    8516                  

Exceptions/Constraints:
  output_delay             1000            new_counter.sdc_line_99_2_1 

#------------------------------------------------------------------------------------------------
#  Timing Point   Flags   Arc   Edge   Cell     Fanout Load Trans Delay Arrival     Instance     
#                                                      (fF)  (ps)  (ps)   (ps)      Location     
#------------------------------------------------------------------------------------------------
  count_reg[1]/CP -       -     R     (arrival)      4    -     0     0       0            (-,-) 
  count_reg[1]/Q  -       CP->Q R     SDFCNQD1       3 17.3   235   334     334  (2.4000,3.6000) 
  count[1]        -       -     R     (port)         -    -     -     0     334            (-,-) 
#------------------------------------------------------------------------------------------------



Path 3: MET (8524 ps) Late External Delay Assertion at pin count[2]
           View: view_func_setup
          Group: clk
     Startpoint: (R) count_reg[2]/CP
          Clock: (R) clk
       Endpoint: (R) count[2]
          Clock: (R) clk

                     Capture       Launch     
        Clock Edge:+   10000            0     
       Src Latency:+       0            0     
       Net Latency:+       0 (I)        0 (I) 
           Arrival:=   10000            0     
                                              
      Output Delay:-    1000                  
       Uncertainty:-     150                  
     Required Time:=    8850                  
      Launch Clock:-       0                  
         Data Path:-     326                  
             Slack:=    8524                  

Exceptions/Constraints:
  output_delay             1000            new_counter.sdc_line_99_1_1 

#------------------------------------------------------------------------------------------------
#  Timing Point   Flags   Arc   Edge   Cell     Fanout Load Trans Delay Arrival     Instance     
#                                                      (fF)  (ps)  (ps)   (ps)      Location     
#------------------------------------------------------------------------------------------------
  count_reg[2]/CP -       -     R     (arrival)      4    -     0     0       0            (-,-) 
  count_reg[2]/Q  -       CP->Q R     SDFCNQD1       3 16.2   221   326     326  (2.4000,3.6000) 
  count[2]        -       -     R     (port)         -    -     -     0     326            (-,-) 
#------------------------------------------------------------------------------------------------



Path 4: MET (8533 ps) Late External Delay Assertion at pin count[3]
           View: view_func_setup
          Group: clk
     Startpoint: (R) count_reg[3]/CP
          Clock: (R) clk
       Endpoint: (R) count[3]
          Clock: (R) clk

                     Capture       Launch     
        Clock Edge:+   10000            0     
       Src Latency:+       0            0     
       Net Latency:+       0 (I)        0 (I) 
           Arrival:=   10000            0     
                                              
      Output Delay:-    1000                  
       Uncertainty:-     150                  
     Required Time:=    8850                  
      Launch Clock:-       0                  
         Data Path:-     317                  
             Slack:=    8533                  

Exceptions/Constraints:
  output_delay             1000            new_counter.sdc_line_99 

#------------------------------------------------------------------------------------------------
#  Timing Point   Flags   Arc   Edge   Cell     Fanout Load Trans Delay Arrival     Instance     
#                                                      (fF)  (ps)  (ps)   (ps)      Location     
#------------------------------------------------------------------------------------------------
  count_reg[3]/CP -       -     R     (arrival)      4    -     0     0       0            (-,-) 
  count_reg[3]/Q  -       CP->Q R     SDFCNQD1       3 14.9   205   317     317  (2.4000,3.6000) 
  count[3]        -       -     R     (port)         -    -     -     0     317            (-,-) 
#------------------------------------------------------------------------------------------------



Path 5: MET (8824 ps) Setup Check with Pin count_reg[3]/CP->D
           View: view_func_setup
          Group: clk
     Startpoint: (R) count_reg[0]/CP
          Clock: (R) clk
       Endpoint: (R) count_reg[3]/D
          Clock: (R) clk

                     Capture       Launch     
        Clock Edge:+   10000            0     
       Src Latency:+       0            0     
       Net Latency:+       0 (I)        0 (I) 
           Arrival:=   10000            0     
                                              
             Setup:-     124                  
       Uncertainty:-     150                  
     Required Time:=    9726                  
      Launch Clock:-       0                  
         Data Path:-     902                  
             Slack:=    8824                  

#------------------------------------------------------------------------------------------------
#  Timing Point   Flags   Arc   Edge   Cell     Fanout Load Trans Delay Arrival     Instance     
#                                                      (fF)  (ps)  (ps)   (ps)      Location     
#------------------------------------------------------------------------------------------------
  count_reg[0]/CP -       -     R     (arrival)      4    -     0     0       0            (-,-) 
  count_reg[0]/Q  -       CP->Q R     SDFCNQD1       4 18.2   246   340     340  (2.4000,3.6000) 
  g85__6260/CO    -       A->CO R     HA1D0          1  4.8   137   216     556            (-,-) 
  g83__5107/CO    -       B->CO R     HA1D0          1  3.5   107   179     735            (-,-) 
  g81__2398/Z     -       A1->Z R     CKXOR2D1       1  3.1    73   167     902            (-,-) 
  count_reg[3]/D  -       -     R     SDFCNQD1       1    -     -     0     902  (2.4000,3.6000) 
#------------------------------------------------------------------------------------------------



Path 6: MET (8955 ps) Setup Check with Pin count_reg[2]/CP->D
           View: view_func_setup
          Group: clk
     Startpoint: (R) count_reg[0]/CP
          Clock: (R) clk
       Endpoint: (R) count_reg[2]/D
          Clock: (R) clk

                     Capture       Launch     
        Clock Edge:+   10000            0     
       Src Latency:+       0            0     
       Net Latency:+       0 (I)        0 (I) 
           Arrival:=   10000            0     
                                              
             Setup:-     133                  
       Uncertainty:-     150                  
     Required Time:=    9717                  
      Launch Clock:-       0                  
         Data Path:-     762                  
             Slack:=    8955                  

#------------------------------------------------------------------------------------------------
#  Timing Point   Flags   Arc   Edge   Cell     Fanout Load Trans Delay Arrival     Instance     
#                                                      (fF)  (ps)  (ps)   (ps)      Location     
#------------------------------------------------------------------------------------------------
  count_reg[0]/CP -       -     R     (arrival)      4    -     0     0       0            (-,-) 
  count_reg[0]/Q  -       CP->Q R     SDFCNQD1       4 18.2   246   340     340  (2.4000,3.6000) 
  g85__6260/CO    -       A->CO R     HA1D0          1  4.8   137   216     556            (-,-) 
  g83__5107/S     -       B->S  R     HA1D0          1  3.1    98   206     762            (-,-) 
  count_reg[2]/D  -       -     R     SDFCNQD1       1    -     -     0     762  (2.4000,3.6000) 
#------------------------------------------------------------------------------------------------



Path 7: MET (9136 ps) Setup Check with Pin count_reg[1]/CP->D
           View: view_func_setup
          Group: clk
     Startpoint: (R) count_reg[0]/CP
          Clock: (R) clk
       Endpoint: (R) count_reg[1]/D
          Clock: (R) clk

                     Capture       Launch     
        Clock Edge:+   10000            0     
       Src Latency:+       0            0     
       Net Latency:+       0 (I)        0 (I) 
           Arrival:=   10000            0     
                                              
             Setup:-     133                  
       Uncertainty:-     150                  
     Required Time:=    9717                  
      Launch Clock:-       0                  
         Data Path:-     580                  
             Slack:=    9136                  

#------------------------------------------------------------------------------------------------
#  Timing Point   Flags   Arc   Edge   Cell     Fanout Load Trans Delay Arrival     Instance     
#                                                      (fF)  (ps)  (ps)   (ps)      Location     
#------------------------------------------------------------------------------------------------
  count_reg[0]/CP -       -     R     (arrival)      4    -     0     0       0            (-,-) 
  count_reg[0]/Q  -       CP->Q R     SDFCNQD1       4 18.2   246   340     340  (2.4000,3.6000) 
  g85__6260/S     -       A->S  R     HA1D0          1  3.1    98   240     580            (-,-) 
  count_reg[1]/D  -       -     R     SDFCNQD1       1    -     -     0     580  (2.4000,3.6000) 
#------------------------------------------------------------------------------------------------



Path 8: MET (9212 ps) Setup Check with Pin count_reg[1]/CP->SI
           View: view_func_setup
          Group: clk
     Startpoint: (R) count_reg[0]/CP
          Clock: (R) clk
       Endpoint: (R) count_reg[1]/SI
          Clock: (R) clk

                     Capture       Launch     
        Clock Edge:+   10000            0     
       Src Latency:+       0            0     
       Net Latency:+       0 (I)        0 (I) 
           Arrival:=   10000            0     
                                              
             Setup:-     298                  
       Uncertainty:-     150                  
     Required Time:=    9552                  
      Launch Clock:-       0                  
         Data Path:-     340                  
             Slack:=    9212                  

#------------------------------------------------------------------------------------------------
#  Timing Point   Flags   Arc   Edge   Cell     Fanout Load Trans Delay Arrival     Instance     
#                                                      (fF)  (ps)  (ps)   (ps)      Location     
#------------------------------------------------------------------------------------------------
  count_reg[0]/CP -       -     R     (arrival)      4    -     0     0       0            (-,-) 
  count_reg[0]/Q  -       CP->Q R     SDFCNQD1       4 18.2   246   340     340  (2.4000,3.6000) 
  count_reg[1]/SI -       -     R     SDFCNQD1       4    -     -     0     340  (2.4000,3.6000) 
#------------------------------------------------------------------------------------------------



Path 9: MET (9221 ps) Setup Check with Pin count_reg[2]/CP->SI
           View: view_func_setup
          Group: clk
     Startpoint: (R) count_reg[1]/CP
          Clock: (R) clk
       Endpoint: (R) count_reg[2]/SI
          Clock: (R) clk

                     Capture       Launch     
        Clock Edge:+   10000            0     
       Src Latency:+       0            0     
       Net Latency:+       0 (I)        0 (I) 
           Arrival:=   10000            0     
                                              
             Setup:-     295                  
       Uncertainty:-     150                  
     Required Time:=    9555                  
      Launch Clock:-       0                  
         Data Path:-     334                  
             Slack:=    9221                  

#------------------------------------------------------------------------------------------------
#  Timing Point   Flags   Arc   Edge   Cell     Fanout Load Trans Delay Arrival     Instance     
#                                                      (fF)  (ps)  (ps)   (ps)      Location     
#------------------------------------------------------------------------------------------------
  count_reg[1]/CP -       -     R     (arrival)      4    -     0     0       0            (-,-) 
  count_reg[1]/Q  -       CP->Q R     SDFCNQD1       3 17.3   235   334     334  (2.4000,3.6000) 
  count_reg[2]/SI -       -     R     SDFCNQD1       3    -     -     0     334  (2.4000,3.6000) 
#------------------------------------------------------------------------------------------------



Path 10: MET (9233 ps) Setup Check with Pin count_reg[3]/CP->SI
           View: view_func_setup
          Group: clk
     Startpoint: (R) count_reg[2]/CP
          Clock: (R) clk
       Endpoint: (R) count_reg[3]/SI
          Clock: (R) clk

                     Capture       Launch     
        Clock Edge:+   10000            0     
       Src Latency:+       0            0     
       Net Latency:+       0 (I)        0 (I) 
           Arrival:=   10000            0     
                                              
             Setup:-     291                  
       Uncertainty:-     150                  
     Required Time:=    9559                  
      Launch Clock:-       0                  
         Data Path:-     326                  
             Slack:=    9233                  

#------------------------------------------------------------------------------------------------
#  Timing Point   Flags   Arc   Edge   Cell     Fanout Load Trans Delay Arrival     Instance     
#                                                      (fF)  (ps)  (ps)   (ps)      Location     
#------------------------------------------------------------------------------------------------
  count_reg[2]/CP -       -     R     (arrival)      4    -     0     0       0            (-,-) 
  count_reg[2]/Q  -       CP->Q R     SDFCNQD1       3 16.2   221   326     326  (2.4000,3.6000) 
  count_reg[3]/SI -       -     R     SDFCNQD1       3    -     -     0     326  (2.4000,3.6000) 
#------------------------------------------------------------------------------------------------

Some unconstrained paths have not been displayed.
Use -unconstrained or set the root attribute 'timing_report_unconstrained' to 'true' to see only these unconstrained paths.


