============================================================
  Generated by:           Genus(TM) Synthesis Solution 21.18-s082_1
  Generated on:           Jul 29 2026  05:32:09 am
  Module:                 counter
  Operating conditions:   WCCOM 
  Operating conditions:   NCCOM 
  Interconnect mode:      spatial
  Area mode:              physical library
============================================================

                                         Library 
  Gate   Instances   Area     Library     Domain 
-------------------------------------------------
CKND0            1   1.080    tcbn65lpwc wc_cond 
DFCND1           1   8.640    tcbn65lpwc wc_cond 
DFCNQD1          3  23.760    tcbn65lpwc wc_cond 
HA1D0            2  11.520    tcbn65lpwc wc_cond 
XOR2D1           1   3.600    tcbn65lpwc wc_cond 
-------------------------------------------------
total            8  48.600               


                                       
     Type      Instances  Area  Area % 
---------------------------------------
sequential             4 32.400   66.7 
inverter               1  1.080    2.2 
logic                  3 15.120   31.1 
physical_cells         0  0.000    0.0 
---------------------------------------
total                  8 48.600  100.0 

