============================================================
  Generated by:           Genus(TM) Synthesis Solution 21.18-s082_1
  Generated on:           Jul 29 2026  05:30:26 am
  Module:                 counter
  Operating conditions:   NCCOM (balanced_tree)
  Wireload mode:          segmented
  Area mode:              timing library
============================================================

Timing
--------

Clock  Period 
--------------
clk   10000.0 


  Cost    Critical        No of gates on  Violating 
 Group   Path Slack  TNS   Critical Path    Paths   
----------------------------------------------------
clk          8668.7   0.0              0          0 
default    No paths   0.0                           
----------------------------------------------------
Total                 0.0                         0 

Instance Count
--------------
Leaf Instance Count             10 
Physical Instance count          0 
Sequential Instance Count        4 
Combinational Instance Count     6 
Hierarchical Instance Count      0 

Area
----
Cell Area                          45.000
Physical Cell Area                 0.000
Total Cell Area (Cell+Physical)    45.000
Net Area                           0.000
Total Area (Cell+Physical+Net)     45.000

Max Fanout                         4 (clk)
Min Fanout                         0 (n_6)
Average Fanout                     2.0
Terms to net ratio                 2.9231
Terms to instance ratio            3.8000
Runtime                            6.98886 seconds
Elapsed Runtime                    8 seconds
Genus peak memory usage            1643.83 
Innovus peak memory usage          no_value 
Hostname                           ncdc-0137
