============================================================
  Generated by:           Genus(TM) Synthesis Solution 21.18-s082_1
  Generated on:           Jul 29 2026  05:30:26 am
  Module:                 counter
  Operating conditions:   NCCOM (balanced_tree)
  Wireload mode:          segmented
  Area mode:              timing library
============================================================

                            
  Gate    Instances   Area     Library    
------------------------------------------
AN2XD1            1   2.160    tcbn65lptc 
CKND0             1   1.080    tcbn65lptc 
DFCND1            1   8.640    tcbn65lptc 
DFCNQD1           3  23.760    tcbn65lptc 
IAO21D1           1   2.520    tcbn65lptc 
MOAI22D1          1   2.880    tcbn65lptc 
ND2D1             1   1.440    tcbn65lptc 
OA21D1            1   2.520    tcbn65lptc 
------------------------------------------
total            10  45.000               


                                       
     Type      Instances  Area  Area % 
---------------------------------------
sequential             4 32.400   72.0 
inverter               1  1.080    2.4 
logic                  5 11.520   25.6 
physical_cells         0  0.000    0.0 
---------------------------------------
total                 10 45.000  100.0 

