============================================================
  Generated by:           Genus(TM) Synthesis Solution 21.18-s082_1
  Generated on:           Jul 30 2026  06:56:14 am
  Module:                 counter
  Operating conditions:   WCCOM 
  Operating conditions:   NCCOM 
  Interconnect mode:      spatial
  Area mode:              physical library
============================================================

Timing
--------

 Analysis view  Clock  Period 
------------------------------
view_func_setup clk   10000.0 
view_test_setup clk   50000.0 


    Analysis      Cost   Critical        Violating Levels of 
      View       Group  Path Slack  TNS    Paths     logic   
-------------------------------------------------------------
view_func_setup     clk     8510.1  0.0          0           
                default   No paths  0.0          0           
-------------------------------------------------------------
Total                              -0.0          0           
                                                             
view_test_setup     clk    48773.5  0.0          0           
                default   No paths  0.0          0           
-------------------------------------------------------------
Total                              -0.0          0           
                                                             

Instance Count
--------------
Leaf Instance Count             9 
Physical Instance count         0 
Sequential Instance Count       4 
Combinational Instance Count    5 
Hierarchical Instance Count     0 

Area
----
Cell Area                          59.040
Physical Cell Area                 0.000
Total Cell Area (Cell+Physical)    59.040
Net Area                           17.314
Total Area (Cell+Physical+Net)     76.354

Floorplan Utilization              no_value
Max Fanout                         4 (count[0])
Min Fanout                         0 (n_6)
Average Fanout                     1.9
Terms to net ratio                 2.6000
Terms to instance ratio            4.3333
Runtime                            34.984735 seconds
Elapsed Runtime                    40 seconds
Genus peak memory usage            1926.78 
Innovus peak memory usage          no_value 
Hostname                           ncdc-0137
