============================================================
  Generated by:           Genus(TM) Synthesis Solution 21.18-s082_1
  Generated on:           Jul 30 2026  08:05:27 am
  Module:                 counter
  Operating conditions:   WCCOM 
  Operating conditions:   NCCOM 
  Interconnect mode:      spatial
  Area mode:              physical library
============================================================


Path 1: MET (8372 ps) Late External Delay Assertion at pin count[3]
           View: view_func_setup
          Group: clk
     Startpoint: (R) count_reg[3]/CP
          Clock: (R) clk
       Endpoint: (R) count[3]
          Clock: (R) clk

                     Capture       Launch     
        Clock Edge:+   10000            0     
       Src Latency:+       0            0     
       Net Latency:+       0 (I)        0 (I) 
           Arrival:=   10000            0     
                                              
      Output Delay:-    1000                  
       Uncertainty:-     150                  
     Required Time:=    8850                  
      Launch Clock:-       0                  
         Data Path:-     478                  
             Slack:=    8372                  

Exceptions/Constraints:
  output_delay             1000            new_counter.sdc_line_99 

#-------------------------------------------------------------------------------------------------
#  Timing Point   Flags   Arc   Edge   Cell     Fanout  Load Trans Delay Arrival     Instance     
#                                                       (fF)  (ps)  (ps)   (ps)      Location     
#-------------------------------------------------------------------------------------------------
  count_reg[3]/CP -       -     R     (arrival)      4     -     0     0       0            (-,-) 
  count_reg[3]/Q  -       CP->Q R     EDFCNQD4       2 104.0   346   477     477  (2.5000,3.6000) 
  count[3]        -       -     R     (port)         -     -     -     1     478            (-,-) 
#-------------------------------------------------------------------------------------------------



Path 2: MET (8378 ps) Late External Delay Assertion at pin count[0]
           View: view_func_setup
          Group: clk
     Startpoint: (R) count_reg[0]/CP
          Clock: (R) clk
       Endpoint: (R) count[0]
          Clock: (R) clk

                     Capture       Launch     
        Clock Edge:+   10000            0     
       Src Latency:+       0            0     
       Net Latency:+       0 (I)        0 (I) 
           Arrival:=   10000            0     
                                              
      Output Delay:-    1000                  
       Uncertainty:-     150                  
     Required Time:=    8850                  
      Launch Clock:-       0                  
         Data Path:-     472                  
             Slack:=    8378                  

Exceptions/Constraints:
  output_delay             1000            new_counter.sdc_line_99_3_1 

#-------------------------------------------------------------------------------------------------
#  Timing Point   Flags   Arc   Edge   Cell     Fanout  Load Trans Delay Arrival     Instance     
#                                                       (fF)  (ps)  (ps)   (ps)      Location     
#-------------------------------------------------------------------------------------------------
  count_reg[0]/CP -       -     R     (arrival)      4     -     0     0       0            (-,-) 
  count_reg[0]/Q  -       CP->Q R     DFCNQD4        3 106.7   355   471     471  (2.5000,3.6000) 
  count[0]        -       -     R     (port)         -     -     -     1     472            (-,-) 
#-------------------------------------------------------------------------------------------------



Path 3: MET (8379 ps) Late External Delay Assertion at pin count[1]
           View: view_func_setup
          Group: clk
     Startpoint: (R) count_reg[1]/CP
          Clock: (R) clk
       Endpoint: (R) count[1]
          Clock: (R) clk

                     Capture       Launch     
        Clock Edge:+   10000            0     
       Src Latency:+       0            0     
       Net Latency:+       0 (I)        0 (I) 
           Arrival:=   10000            0     
                                              
      Output Delay:-    1000                  
       Uncertainty:-     150                  
     Required Time:=    8850                  
      Launch Clock:-       0                  
         Data Path:-     471                  
             Slack:=    8379                  

Exceptions/Constraints:
  output_delay             1000            new_counter.sdc_line_99_2_1 

#-------------------------------------------------------------------------------------------------
#  Timing Point   Flags   Arc   Edge   Cell     Fanout  Load Trans Delay Arrival     Instance     
#                                                       (fF)  (ps)  (ps)   (ps)      Location     
#-------------------------------------------------------------------------------------------------
  count_reg[1]/CP -       -     R     (arrival)      4     -     0     0       0            (-,-) 
  count_reg[1]/Q  -       CP->Q R     DFCNQD4        2 105.7   352   470     470  (2.5000,3.6000) 
  count[1]        -       -     R     (port)         -     -     -     1     471            (-,-) 
#-------------------------------------------------------------------------------------------------



Path 4: MET (8381 ps) Late External Delay Assertion at pin count[2]
           View: view_func_setup
          Group: clk
     Startpoint: (R) count_reg[2]/CP
          Clock: (R) clk
       Endpoint: (R) count[2]
          Clock: (R) clk

                     Capture       Launch     
        Clock Edge:+   10000            0     
       Src Latency:+       0            0     
       Net Latency:+       0 (I)        0 (I) 
           Arrival:=   10000            0     
                                              
      Output Delay:-    1000                  
       Uncertainty:-     150                  
     Required Time:=    8850                  
      Launch Clock:-       0                  
         Data Path:-     469                  
             Slack:=    8381                  

Exceptions/Constraints:
  output_delay             1000            new_counter.sdc_line_99_1_1 

#-------------------------------------------------------------------------------------------------
#  Timing Point   Flags   Arc   Edge   Cell     Fanout  Load Trans Delay Arrival     Instance     
#                                                       (fF)  (ps)  (ps)   (ps)      Location     
#-------------------------------------------------------------------------------------------------
  count_reg[2]/CP -       -     R     (arrival)      4     -     0     0       0            (-,-) 
  count_reg[2]/Q  -       CP->Q R     DFCNQD4        2 104.6   349   468     468  (2.5000,3.6000) 
  count[2]        -       -     R     (port)         -     -     -     1     469            (-,-) 
#-------------------------------------------------------------------------------------------------



Path 5: MET (8743 ps) Setup Check with Pin count_reg[3]/CP->E
           View: view_func_setup
          Group: clk
     Startpoint: (R) count_reg[1]/CP
          Clock: (R) clk
       Endpoint: (R) count_reg[3]/E
          Clock: (R) clk

                     Capture       Launch     
        Clock Edge:+   10000            0     
       Src Latency:+       0            0     
       Net Latency:+       0 (I)        0 (I) 
           Arrival:=   10000            0     
                                              
             Setup:-     209                  
       Uncertainty:-     150                  
     Required Time:=    9641                  
      Launch Clock:-       0                  
         Data Path:-     898                  
             Slack:=    8743                  

#-------------------------------------------------------------------------------------------------
#  Timing Point   Flags   Arc   Edge   Cell     Fanout  Load Trans Delay Arrival     Instance     
#                                                       (fF)  (ps)  (ps)   (ps)      Location     
#-------------------------------------------------------------------------------------------------
  count_reg[1]/CP -       -     R     (arrival)      4     -     0     0       0            (-,-) 
  count_reg[1]/Q  -       CP->Q R     DFCNQD4        2 105.7   352   470     470  (2.5000,3.6000) 
  g84__5107/CO    -       B->CO R     HA1D0          1   4.8   139   248     718            (-,-) 
  g82__2398/CO    -       B->CO R     HA1D0          1   3.6   112   181     898            (-,-) 
  count_reg[3]/E  -       -     R     EDFCNQD4       1     -     -     0     898  (2.5000,3.6000) 
#-------------------------------------------------------------------------------------------------



Path 6: MET (8845 ps) Setup Check with Pin count_reg[2]/CP->D
           View: view_func_setup
          Group: clk
     Startpoint: (R) count_reg[1]/CP
          Clock: (R) clk
       Endpoint: (R) count_reg[2]/D
          Clock: (R) clk

                     Capture       Launch     
        Clock Edge:+   10000            0     
       Src Latency:+       0            0     
       Net Latency:+       0 (I)        0 (I) 
           Arrival:=   10000            0     
                                              
             Setup:-      84                  
       Uncertainty:-     150                  
     Required Time:=    9766                  
      Launch Clock:-       0                  
         Data Path:-     921                  
             Slack:=    8845                  

#-------------------------------------------------------------------------------------------------
#  Timing Point   Flags   Arc   Edge   Cell     Fanout  Load Trans Delay Arrival     Instance     
#                                                       (fF)  (ps)  (ps)   (ps)      Location     
#-------------------------------------------------------------------------------------------------
  count_reg[1]/CP -       -     R     (arrival)      4     -     0     0       0            (-,-) 
  count_reg[1]/Q  -       CP->Q R     DFCNQD4        2 105.7   352   470     470  (2.5000,3.6000) 
  g84__5107/CO    -       B->CO R     HA1D0          1   4.8   139   248     718            (-,-) 
  g82__2398/S     -       B->S  R     HA1D0          1   2.9    95   203     921            (-,-) 
  count_reg[2]/D  -       -     R     DFCNQD4        1     -     -     0     921  (2.5000,3.6000) 
#-------------------------------------------------------------------------------------------------



Path 7: MET (9028 ps) Setup Check with Pin count_reg[1]/CP->D
           View: view_func_setup
          Group: clk
     Startpoint: (R) count_reg[1]/CP
          Clock: (R) clk
       Endpoint: (R) count_reg[1]/D
          Clock: (R) clk

                     Capture       Launch     
        Clock Edge:+   10000            0     
       Src Latency:+       0            0     
       Net Latency:+       0 (I)        0 (I) 
           Arrival:=   10000            0     
                                              
             Setup:-      84                  
       Uncertainty:-     150                  
     Required Time:=    9766                  
      Launch Clock:-       0                  
         Data Path:-     738                  
             Slack:=    9028                  

#-------------------------------------------------------------------------------------------------
#  Timing Point   Flags   Arc   Edge   Cell     Fanout  Load Trans Delay Arrival     Instance     
#                                                       (fF)  (ps)  (ps)   (ps)      Location     
#-------------------------------------------------------------------------------------------------
  count_reg[1]/CP -       -     R     (arrival)      4     -     0     0       0            (-,-) 
  count_reg[1]/Q  -       CP->Q R     DFCNQD4        2 105.7   352   470     470  (2.5000,3.6000) 
  g84__5107/S     -       B->S  R     HA1D0          1   2.9    95   268     738            (-,-) 
  count_reg[1]/D  -       -     R     DFCNQD4        1     -     -     0     738  (2.5000,3.6000) 
#-------------------------------------------------------------------------------------------------



Path 8: MET (9071 ps) Setup Check with Pin count_reg[3]/CP->D
           View: view_func_setup
          Group: clk
     Startpoint: (R) count_reg[3]/CP
          Clock: (R) clk
       Endpoint: (F) count_reg[3]/D
          Clock: (R) clk

                     Capture       Launch     
        Clock Edge:+   10000            0     
       Src Latency:+       0            0     
       Net Latency:+       0 (I)        0 (I) 
           Arrival:=   10000            0     
                                              
             Setup:-     196                  
       Uncertainty:-     150                  
     Required Time:=    9654                  
      Launch Clock:-       0                  
         Data Path:-     583                  
             Slack:=    9071                  

#-------------------------------------------------------------------------------------------------
#  Timing Point   Flags   Arc   Edge   Cell     Fanout  Load Trans Delay Arrival     Instance     
#                                                       (fF)  (ps)  (ps)   (ps)      Location     
#-------------------------------------------------------------------------------------------------
  count_reg[3]/CP -       -     R     (arrival)      4     -     0     0       0            (-,-) 
  count_reg[3]/Q  -       CP->Q R     EDFCNQD4       2 104.0   346   477     477  (2.5000,3.6000) 
  g86/ZN          -       I->ZN F     INVD1          1   2.7   107   106     583            (-,-) 
  count_reg[3]/D  -       -     F     EDFCNQD4       1     -     -     0     583  (2.5000,3.6000) 
#-------------------------------------------------------------------------------------------------



Path 9: MET (9202 ps) Setup Check with Pin count_reg[0]/CP->D
           View: view_func_setup
          Group: clk
     Startpoint: (R) count_reg[0]/CP
          Clock: (R) clk
       Endpoint: (F) count_reg[0]/D
          Clock: (R) clk

                     Capture       Launch     
        Clock Edge:+   10000            0     
       Src Latency:+       0            0     
       Net Latency:+       0 (I)        0 (I) 
           Arrival:=   10000            0     
                                              
             Setup:-      66                  
       Uncertainty:-     150                  
     Required Time:=    9784                  
      Launch Clock:-       0                  
         Data Path:-     582                  
             Slack:=    9202                  

#-------------------------------------------------------------------------------------------------
#  Timing Point   Flags   Arc   Edge   Cell     Fanout  Load Trans Delay Arrival     Instance     
#                                                       (fF)  (ps)  (ps)   (ps)      Location     
#-------------------------------------------------------------------------------------------------
  count_reg[0]/CP -       -     R     (arrival)      4     -     0     0       0            (-,-) 
  count_reg[0]/Q  -       CP->Q R     DFCNQD4        3 106.7   355   471     471  (2.5000,3.6000) 
  g88/ZN          -       I->ZN F     INVD1          1   2.9   111   111     582            (-,-) 
  count_reg[0]/D  -       -     F     DFCNQD4        1     -     -     0     582  (2.5000,3.6000) 
#-------------------------------------------------------------------------------------------------

Some unconstrained paths have not been displayed.
Use -unconstrained or set the root attribute 'timing_report_unconstrained' to 'true' to see only these unconstrained paths.


