============================================================
  Generated by:           Genus(TM) Synthesis Solution 21.18-s082_1
  Generated on:           Jul 29 2026  05:32:09 am
  Module:                 counter
  Operating conditions:   WCCOM 
  Operating conditions:   NCCOM 
  Interconnect mode:      spatial
  Area mode:              physical library
============================================================

Timing
--------

 Analysis view  Clock  Period 
------------------------------
view_func_setup clk   10000.0 


    Analysis      Cost   Critical        Violating Levels of 
      View       Group  Path Slack  TNS    Paths     logic   
-------------------------------------------------------------
view_func_setup     clk     8516.8  0.0          0           
                default   No paths  0.0          0           
-------------------------------------------------------------
Total                              -0.0          0           
                                                             

Instance Count
--------------
Leaf Instance Count             8 
Physical Instance count         0 
Sequential Instance Count       4 
Combinational Instance Count    4 
Hierarchical Instance Count     0 

Area
----
Cell Area                          48.600
Physical Cell Area                 0.000
Total Cell Area (Cell+Physical)    48.600
Net Area                           11.593
Total Area (Cell+Physical+Net)     60.193

Floorplan Utilization              no_value
Max Fanout                         4 (clk)
Min Fanout                         0 (n_5)
Average Fanout                     1.4
Terms to net ratio                 2.3077
Terms to instance ratio            3.7500
Runtime                            34.986802 seconds
Elapsed Runtime                    35 seconds
Genus peak memory usage            1923.48 
Innovus peak memory usage          no_value 
Hostname                           ncdc-0137
