============================================================
  Generated by:           Genus(TM) Synthesis Solution 21.18-s082_1
  Generated on:           Jul 29 2026  05:32:09 am
  Module:                 counter
  Operating conditions:   WCCOM 
  Operating conditions:   NCCOM 
  Interconnect mode:      spatial
  Area mode:              physical library
============================================================


Path 1: MET (8517 ps) Late External Delay Assertion at pin count[1]
           View: view_func_setup
          Group: clk
     Startpoint: (R) count_reg[1]/CP
          Clock: (R) clk
       Endpoint: (F) count[1]
          Clock: (R) clk

                     Capture       Launch     
        Clock Edge:+   10000            0     
       Src Latency:+       0            0     
       Net Latency:+       0 (I)        0 (I) 
           Arrival:=   10000            0     
                                              
      Output Delay:-    1000                  
       Uncertainty:-     150                  
     Required Time:=    8850                  
      Launch Clock:-       0                  
         Data Path:-     333                  
             Slack:=    8517                  

Exceptions/Constraints:
  output_delay             1000            new_counter.sdc_line_99_2_1 

#------------------------------------------------------------------------------------------------
#  Timing Point   Flags   Arc   Edge   Cell     Fanout Load Trans Delay Arrival     Instance     
#                                                      (fF)  (ps)  (ps)   (ps)      Location     
#------------------------------------------------------------------------------------------------
  count_reg[1]/CP -       -     R     (arrival)      4    -     0     0       0            (-,-) 
  count_reg[1]/Q  -       CP->Q F     DFCNQD1        2 15.7   159   333     333  (2.5000,3.6000) 
  count[1]        -       -     F     (port)         -    -     -     0     333            (-,-) 
#------------------------------------------------------------------------------------------------



Path 2: MET (8522 ps) Late External Delay Assertion at pin count[0]
           View: view_func_setup
          Group: clk
     Startpoint: (R) count_reg[0]/CP
          Clock: (R) clk
       Endpoint: (R) count[0]
          Clock: (R) clk

                     Capture       Launch     
        Clock Edge:+   10000            0     
       Src Latency:+       0            0     
       Net Latency:+       0 (I)        0 (I) 
           Arrival:=   10000            0     
                                              
      Output Delay:-    1000                  
       Uncertainty:-     150                  
     Required Time:=    8850                  
      Launch Clock:-       0                  
         Data Path:-     328                  
             Slack:=    8522                  

Exceptions/Constraints:
  output_delay             1000            new_counter.sdc_line_99_3_1 

#------------------------------------------------------------------------------------------------
#  Timing Point   Flags   Arc   Edge   Cell     Fanout Load Trans Delay Arrival     Instance     
#                                                      (fF)  (ps)  (ps)   (ps)      Location     
#------------------------------------------------------------------------------------------------
  count_reg[0]/CP -       -     R     (arrival)      4    -     0     0       0            (-,-) 
  count_reg[0]/Q  -       CP->Q R     DFCND1         2 14.6   205   328     328  (2.5000,3.6000) 
  count[0]        -       -     R     (port)         -    -     -     0     328            (-,-) 
#------------------------------------------------------------------------------------------------



Path 3: MET (8523 ps) Late External Delay Assertion at pin count[2]
           View: view_func_setup
          Group: clk
     Startpoint: (R) count_reg[2]/CP
          Clock: (R) clk
       Endpoint: (F) count[2]
          Clock: (R) clk

                     Capture       Launch     
        Clock Edge:+   10000            0     
       Src Latency:+       0            0     
       Net Latency:+       0 (I)        0 (I) 
           Arrival:=   10000            0     
                                              
      Output Delay:-    1000                  
       Uncertainty:-     150                  
     Required Time:=    8850                  
      Launch Clock:-       0                  
         Data Path:-     327                  
             Slack:=    8523                  

Exceptions/Constraints:
  output_delay             1000            new_counter.sdc_line_99_1_1 

#------------------------------------------------------------------------------------------------
#  Timing Point   Flags   Arc   Edge   Cell     Fanout Load Trans Delay Arrival     Instance     
#                                                      (fF)  (ps)  (ps)   (ps)      Location     
#------------------------------------------------------------------------------------------------
  count_reg[2]/CP -       -     R     (arrival)      4    -     0     0       0            (-,-) 
  count_reg[2]/Q  -       CP->Q F     DFCNQD1        2 14.5   148   327     327  (2.5000,3.6000) 
  count[2]        -       -     F     (port)         -    -     -     0     327            (-,-) 
#------------------------------------------------------------------------------------------------



Path 4: MET (8526 ps) Late External Delay Assertion at pin count[3]
           View: view_func_setup
          Group: clk
     Startpoint: (R) count_reg[3]/CP
          Clock: (R) clk
       Endpoint: (F) count[3]
          Clock: (R) clk

                     Capture       Launch     
        Clock Edge:+   10000            0     
       Src Latency:+       0            0     
       Net Latency:+       0 (I)        0 (I) 
           Arrival:=   10000            0     
                                              
      Output Delay:-    1000                  
       Uncertainty:-     150                  
     Required Time:=    8850                  
      Launch Clock:-       0                  
         Data Path:-     324                  
             Slack:=    8526                  

Exceptions/Constraints:
  output_delay             1000            new_counter.sdc_line_99 

#------------------------------------------------------------------------------------------------
#  Timing Point   Flags   Arc   Edge   Cell     Fanout Load Trans Delay Arrival     Instance     
#                                                      (fF)  (ps)  (ps)   (ps)      Location     
#------------------------------------------------------------------------------------------------
  count_reg[3]/CP -       -     R     (arrival)      4    -     0     0       0            (-,-) 
  count_reg[3]/Q  -       CP->Q F     DFCNQD1        2 13.9   143   324     324  (2.5000,3.6000) 
  count[3]        -       -     F     (port)         -    -     -     0     324            (-,-) 
#------------------------------------------------------------------------------------------------



Path 5: MET (8896 ps) Setup Check with Pin count_reg[3]/CP->D
           View: view_func_setup
          Group: clk
     Startpoint: (R) count_reg[1]/CP
          Clock: (R) clk
       Endpoint: (R) count_reg[3]/D
          Clock: (R) clk

                     Capture       Launch     
        Clock Edge:+   10000            0     
       Src Latency:+       0            0     
       Net Latency:+       0 (I)        0 (I) 
           Arrival:=   10000            0     
                                              
             Setup:-      66                  
       Uncertainty:-     150                  
     Required Time:=    9784                  
      Launch Clock:-       0                  
         Data Path:-     888                  
             Slack:=    8896                  

#------------------------------------------------------------------------------------------------
#  Timing Point   Flags   Arc   Edge   Cell     Fanout Load Trans Delay Arrival     Instance     
#                                                      (fF)  (ps)  (ps)   (ps)      Location     
#------------------------------------------------------------------------------------------------
  count_reg[1]/CP -       -     R     (arrival)      4    -     0     0       0            (-,-) 
  count_reg[1]/Q  -       CP->Q R     DFCNQD1        2 15.7   215   331     331  (2.5000,3.6000) 
  g85__6260/CO    -       B->CO R     HA1D0          1  4.8   136   217     548            (-,-) 
  g83__5107/CO    -       B->CO R     HA1D0          1  3.6   109   180     728            (-,-) 
  g81__2398/Z     -       A1->Z R     XOR2D1         1  2.9    66   160     888            (-,-) 
  count_reg[3]/D  -       -     R     DFCNQD1        1    -     -     0     888  (2.5000,3.6000) 
#------------------------------------------------------------------------------------------------



Path 6: MET (9025 ps) Setup Check with Pin count_reg[2]/CP->D
           View: view_func_setup
          Group: clk
     Startpoint: (R) count_reg[1]/CP
          Clock: (R) clk
       Endpoint: (R) count_reg[2]/D
          Clock: (R) clk

                     Capture       Launch     
        Clock Edge:+   10000            0     
       Src Latency:+       0            0     
       Net Latency:+       0 (I)        0 (I) 
           Arrival:=   10000            0     
                                              
             Setup:-      75                  
       Uncertainty:-     150                  
     Required Time:=    9775                  
      Launch Clock:-       0                  
         Data Path:-     751                  
             Slack:=    9025                  

#------------------------------------------------------------------------------------------------
#  Timing Point   Flags   Arc   Edge   Cell     Fanout Load Trans Delay Arrival     Instance     
#                                                      (fF)  (ps)  (ps)   (ps)      Location     
#------------------------------------------------------------------------------------------------
  count_reg[1]/CP -       -     R     (arrival)      4    -     0     0       0            (-,-) 
  count_reg[1]/Q  -       CP->Q R     DFCNQD1        2 15.7   215   331     331  (2.5000,3.6000) 
  g85__6260/CO    -       B->CO R     HA1D0          1  4.8   136   217     548            (-,-) 
  g83__5107/S     -       B->S  R     HA1D0          1  2.9    93   203     751            (-,-) 
  count_reg[2]/D  -       -     R     DFCNQD1        1    -     -     0     751  (2.5000,3.6000) 
#------------------------------------------------------------------------------------------------



Path 7: MET (9215 ps) Setup Check with Pin count_reg[1]/CP->D
           View: view_func_setup
          Group: clk
     Startpoint: (R) count_reg[1]/CP
          Clock: (R) clk
       Endpoint: (R) count_reg[1]/D
          Clock: (R) clk

                     Capture       Launch     
        Clock Edge:+   10000            0     
       Src Latency:+       0            0     
       Net Latency:+       0 (I)        0 (I) 
           Arrival:=   10000            0     
                                              
             Setup:-      75                  
       Uncertainty:-     150                  
     Required Time:=    9775                  
      Launch Clock:-       0                  
         Data Path:-     560                  
             Slack:=    9215                  

#------------------------------------------------------------------------------------------------
#  Timing Point   Flags   Arc   Edge   Cell     Fanout Load Trans Delay Arrival     Instance     
#                                                      (fF)  (ps)  (ps)   (ps)      Location     
#------------------------------------------------------------------------------------------------
  count_reg[1]/CP -       -     R     (arrival)      4    -     0     0       0            (-,-) 
  count_reg[1]/Q  -       CP->Q R     DFCNQD1        2 15.7   215   331     331  (2.5000,3.6000) 
  g85__6260/S     -       B->S  R     HA1D0          1  2.9    93   229     560            (-,-) 
  count_reg[1]/D  -       -     R     DFCNQD1        1    -     -     0     560  (2.5000,3.6000) 
#------------------------------------------------------------------------------------------------



Path 8: MET (9460 ps) Setup Check with Pin count_reg[0]/CP->D
           View: view_func_setup
          Group: clk
     Startpoint: (R) count_reg[0]/CP
          Clock: (R) clk
       Endpoint: (R) count_reg[0]/D
          Clock: (R) clk

                     Capture       Launch     
        Clock Edge:+   10000            0     
       Src Latency:+       0            0     
       Net Latency:+       0 (I)        0 (I) 
           Arrival:=   10000            0     
                                              
             Setup:-      66                  
       Uncertainty:-     150                  
     Required Time:=    9784                  
      Launch Clock:-       0                  
         Data Path:-     325                  
             Slack:=    9460                  

#-------------------------------------------------------------------------------------------------
#  Timing Point   Flags    Arc   Edge   Cell     Fanout Load Trans Delay Arrival     Instance     
#                                                       (fF)  (ps)  (ps)   (ps)      Location     
#-------------------------------------------------------------------------------------------------
  count_reg[0]/CP -       -      R     (arrival)      4    -     0     0       0            (-,-) 
  count_reg[0]/QN -       CP->QN R     DFCND1         1  2.9    58   325     325  (2.5000,3.6000) 
  count_reg[0]/D  -       -      R     DFCND1         1    -     -     0     325  (2.5000,3.6000) 
#-------------------------------------------------------------------------------------------------

Some unconstrained paths have not been displayed.
Use -unconstrained or set the root attribute 'timing_report_unconstrained' to 'true' to see only these unconstrained paths.


