============================================================
  Generated by:           Genus(TM) Synthesis Solution 21.18-s082_1
  Generated on:           Jul 30 2026  06:52:33 am
  Module:                 counter
  Operating conditions:   WCCOM 
  Operating conditions:   NCCOM 
  Interconnect mode:      spatial
  Area mode:              physical library
============================================================

                                          Library 
  Gate    Instances   Area     Library     Domain 
--------------------------------------------------
CKND0             1   1.080    tcbn65lpwc wc_cond 
CKXOR2D1          1   3.600    tcbn65lpwc wc_cond 
HA1D0             2  11.520    tcbn65lpwc wc_cond 
INVD1             1   1.080    tcbn65lpwc wc_cond 
SDFCNQD1          4  41.760    tcbn65lpwc wc_cond 
--------------------------------------------------
total             9  59.040               


                                       
     Type      Instances  Area  Area % 
---------------------------------------
sequential             4 41.760   70.7 
inverter               2  2.160    3.7 
logic                  3 15.120   25.6 
physical_cells         0  0.000    0.0 
---------------------------------------
total                  9 59.040  100.0 

