============================================================
  Generated by:           Genus(TM) Synthesis Solution 21.18-s082_1
  Generated on:           Jul 30 2026  08:05:27 am
  Module:                 counter
  Operating conditions:   WCCOM 
  Operating conditions:   NCCOM 
  Interconnect mode:      spatial
  Area mode:              physical library
============================================================

                                          Library 
  Gate    Instances   Area     Library     Domain 
--------------------------------------------------
CKND0             1   1.080    tcbn65lpwc wc_cond 
DFCNQD4           3  30.240    tcbn65lpwc wc_cond 
EDFCNQD4          1  12.600    tcbn65lpwc wc_cond 
HA1D0             2  11.520    tcbn65lpwc wc_cond 
INVD1             2   2.160    tcbn65lpwc wc_cond 
--------------------------------------------------
total             9  57.600               


                                       
     Type      Instances  Area  Area % 
---------------------------------------
sequential             4 42.840   74.4 
inverter               3  3.240    5.6 
logic                  2 11.520   20.0 
physical_cells         0  0.000    0.0 
---------------------------------------
total                  9 57.600  100.0 

