============================================================
  Generated by:           Genus(TM) Synthesis Solution 21.18-s082_1
  Generated on:           Jul 29 2026  05:30:26 am
  Module:                 counter
  Operating conditions:   NCCOM (balanced_tree)
  Wireload mode:          segmented
  Area mode:              timing library
============================================================


Path 1: MET (8669 ps) Late External Delay Assertion at pin count[3]
          Group: clk
     Startpoint: (R) count_reg[3]/CP
          Clock: (R) clk
       Endpoint: (F) count[3]
          Clock: (R) clk

                     Capture       Launch     
        Clock Edge:+   10000            0     
       Src Latency:+       0            0     
       Net Latency:+       0 (I)        0 (I) 
           Arrival:=   10000            0     
                                              
      Output Delay:-    1000                  
       Uncertainty:-     150                  
     Required Time:=    8850                  
      Launch Clock:-       0                  
         Data Path:-     181                  
             Slack:=    8669                  

Exceptions/Constraints:
  output_delay             1000            new_counter.sdc_line_99 

#----------------------------------------------------------------------------------------
#  Timing Point   Flags   Arc   Edge   Cell     Fanout Load Trans Delay Arrival Instance 
#                                                      (fF)  (ps)  (ps)   (ps)  Location 
#----------------------------------------------------------------------------------------
  count_reg[3]/CP -       -     R     (arrival)      4    -     0     0       0    (-,-) 
  count_reg[3]/Q  -       CP->Q F     DFCNQD1        3 12.1    77   181     181    (-,-) 
  count[3]        -       -     F     (port)         -    -     -     0     181    (-,-) 
#----------------------------------------------------------------------------------------



Path 2: MET (8669 ps) Late External Delay Assertion at pin count[2]
          Group: clk
     Startpoint: (R) count_reg[2]/CP
          Clock: (R) clk
       Endpoint: (F) count[2]
          Clock: (R) clk

                     Capture       Launch     
        Clock Edge:+   10000            0     
       Src Latency:+       0            0     
       Net Latency:+       0 (I)        0 (I) 
           Arrival:=   10000            0     
                                              
      Output Delay:-    1000                  
       Uncertainty:-     150                  
     Required Time:=    8850                  
      Launch Clock:-       0                  
         Data Path:-     181                  
             Slack:=    8669                  

Exceptions/Constraints:
  output_delay             1000            new_counter.sdc_line_99_1_1 

#----------------------------------------------------------------------------------------
#  Timing Point   Flags   Arc   Edge   Cell     Fanout Load Trans Delay Arrival Instance 
#                                                      (fF)  (ps)  (ps)   (ps)  Location 
#----------------------------------------------------------------------------------------
  count_reg[2]/CP -       -     R     (arrival)      4    -     0     0       0    (-,-) 
  count_reg[2]/Q  -       CP->Q F     DFCNQD1        3 12.0    76   181     181    (-,-) 
  count[2]        -       -     F     (port)         -    -     -     0     181    (-,-) 
#----------------------------------------------------------------------------------------



Path 3: MET (8669 ps) Late External Delay Assertion at pin count[1]
          Group: clk
     Startpoint: (R) count_reg[1]/CP
          Clock: (R) clk
       Endpoint: (F) count[1]
          Clock: (R) clk

                     Capture       Launch     
        Clock Edge:+   10000            0     
       Src Latency:+       0            0     
       Net Latency:+       0 (I)        0 (I) 
           Arrival:=   10000            0     
                                              
      Output Delay:-    1000                  
       Uncertainty:-     150                  
     Required Time:=    8850                  
      Launch Clock:-       0                  
         Data Path:-     181                  
             Slack:=    8669                  

Exceptions/Constraints:
  output_delay             1000            new_counter.sdc_line_99_2_1 

#----------------------------------------------------------------------------------------
#  Timing Point   Flags   Arc   Edge   Cell     Fanout Load Trans Delay Arrival Instance 
#                                                      (fF)  (ps)  (ps)   (ps)  Location 
#----------------------------------------------------------------------------------------
  count_reg[1]/CP -       -     R     (arrival)      4    -     0     0       0    (-,-) 
  count_reg[1]/Q  -       CP->Q F     DFCNQD1        3 11.9    76   181     181    (-,-) 
  count[1]        -       -     F     (port)         -    -     -     0     181    (-,-) 
#----------------------------------------------------------------------------------------



Path 4: MET (8671 ps) Late External Delay Assertion at pin count[0]
          Group: clk
     Startpoint: (R) count_reg[0]/CP
          Clock: (R) clk
       Endpoint: (F) count[0]
          Clock: (R) clk

                     Capture       Launch     
        Clock Edge:+   10000            0     
       Src Latency:+       0            0     
       Net Latency:+       0 (I)        0 (I) 
           Arrival:=   10000            0     
                                              
      Output Delay:-    1000                  
       Uncertainty:-     150                  
     Required Time:=    8850                  
      Launch Clock:-       0                  
         Data Path:-     179                  
             Slack:=    8671                  

Exceptions/Constraints:
  output_delay             1000            new_counter.sdc_line_99_3_1 

#----------------------------------------------------------------------------------------
#  Timing Point   Flags   Arc   Edge   Cell     Fanout Load Trans Delay Arrival Instance 
#                                                      (fF)  (ps)  (ps)   (ps)  Location 
#----------------------------------------------------------------------------------------
  count_reg[0]/CP -       -     R     (arrival)      4    -     0     0       0    (-,-) 
  count_reg[0]/Q  -       CP->Q F     DFCND1         3 11.6    75   179     179    (-,-) 
  count[0]        -       -     F     (port)         -    -     -     0     179    (-,-) 
#----------------------------------------------------------------------------------------



Path 5: MET (9476 ps) Setup Check with Pin count_reg[3]/CP->D
          Group: clk
     Startpoint: (R) count_reg[1]/CP
          Clock: (R) clk
       Endpoint: (R) count_reg[3]/D
          Clock: (R) clk

                     Capture       Launch     
        Clock Edge:+   10000            0     
       Src Latency:+       0            0     
       Net Latency:+       0 (I)        0 (I) 
           Arrival:=   10000            0     
                                              
             Setup:-      36                  
       Uncertainty:-     150                  
     Required Time:=    9814                  
      Launch Clock:-       0                  
         Data Path:-     338                  
             Slack:=    9476                  

#-----------------------------------------------------------------------------------------
#  Timing Point   Flags    Arc   Edge   Cell     Fanout Load Trans Delay Arrival Instance 
#                                                       (fF)  (ps)  (ps)   (ps)  Location 
#-----------------------------------------------------------------------------------------
  count_reg[1]/CP -       -      R     (arrival)      4    -     0     0       0    (-,-) 
  count_reg[1]/Q  -       CP->Q  F     DFCNQD1        3 11.9    76   181     181    (-,-) 
  g88__8428/Z     -       A2->Z  F     AN2XD1         3  2.9    25    63     244    (-,-) 
  g85__6260/ZN    -       A1->ZN R     ND2D1          3  3.2    50    33     277    (-,-) 
  g81__2398/ZN    -       B1->ZN R     MOAI22D1       1  1.0    45    61     338    (-,-) 
  count_reg[3]/D  -       -      R     DFCNQD1        1    -     -     0     338    (-,-) 
#-----------------------------------------------------------------------------------------



Path 6: MET (9480 ps) Setup Check with Pin count_reg[2]/CP->D
          Group: clk
     Startpoint: (R) count_reg[1]/CP
          Clock: (R) clk
       Endpoint: (R) count_reg[2]/D
          Clock: (R) clk

                     Capture       Launch     
        Clock Edge:+   10000            0     
       Src Latency:+       0            0     
       Net Latency:+       0 (I)        0 (I) 
           Arrival:=   10000            0     
                                              
             Setup:-      30                  
       Uncertainty:-     150                  
     Required Time:=    9820                  
      Launch Clock:-       0                  
         Data Path:-     340                  
             Slack:=    9480                  

#-----------------------------------------------------------------------------------------
#  Timing Point   Flags    Arc   Edge   Cell     Fanout Load Trans Delay Arrival Instance 
#                                                       (fF)  (ps)  (ps)   (ps)  Location 
#-----------------------------------------------------------------------------------------
  count_reg[1]/CP -       -      R     (arrival)      4    -     0     0       0    (-,-) 
  count_reg[1]/Q  -       CP->Q  F     DFCNQD1        3 11.9    76   181     181    (-,-) 
  g88__8428/Z     -       A2->Z  F     AN2XD1         3  2.9    25    63     244    (-,-) 
  g85__6260/ZN    -       A1->ZN R     ND2D1          3  3.2    50    33     277    (-,-) 
  g83__5107/Z     -       B->Z   R     OA21D1         1  1.0    24    63     340    (-,-) 
  count_reg[2]/D  -       -      R     DFCNQD1        1    -     -     0     340    (-,-) 
#-----------------------------------------------------------------------------------------



Path 7: MET (9541 ps) Setup Check with Pin count_reg[1]/CP->D
          Group: clk
     Startpoint: (R) count_reg[1]/CP
          Clock: (R) clk
       Endpoint: (R) count_reg[1]/D
          Clock: (R) clk

                     Capture       Launch     
        Clock Edge:+   10000            0     
       Src Latency:+       0            0     
       Net Latency:+       0 (I)        0 (I) 
           Arrival:=   10000            0     
                                              
             Setup:-      34                  
       Uncertainty:-     150                  
     Required Time:=    9816                  
      Launch Clock:-       0                  
         Data Path:-     275                  
             Slack:=    9541                  

#----------------------------------------------------------------------------------------
#  Timing Point   Flags   Arc   Edge   Cell     Fanout Load Trans Delay Arrival Instance 
#                                                      (fF)  (ps)  (ps)   (ps)  Location 
#----------------------------------------------------------------------------------------
  count_reg[1]/CP -       -     R     (arrival)      4    -     0     0       0    (-,-) 
  count_reg[1]/Q  -       CP->Q F     DFCNQD1        3 11.9    76   181     181    (-,-) 
  g88__8428/Z     -       A2->Z F     AN2XD1         3  2.9    25    63     244    (-,-) 
  g86__4319/ZN    -       B->ZN R     IAO21D1        1  1.0    36    32     275    (-,-) 
  count_reg[1]/D  -       -     R     DFCNQD1        1    -     -     0     275    (-,-) 
#----------------------------------------------------------------------------------------



Path 8: MET (9642 ps) Setup Check with Pin count_reg[0]/CP->D
          Group: clk
     Startpoint: (R) count_reg[0]/CP
          Clock: (R) clk
       Endpoint: (R) count_reg[0]/D
          Clock: (R) clk

                     Capture       Launch     
        Clock Edge:+   10000            0     
       Src Latency:+       0            0     
       Net Latency:+       0 (I)        0 (I) 
           Arrival:=   10000            0     
                                              
             Setup:-      31                  
       Uncertainty:-     150                  
     Required Time:=    9819                  
      Launch Clock:-       0                  
         Data Path:-     177                  
             Slack:=    9642                  

#-----------------------------------------------------------------------------------------
#  Timing Point   Flags    Arc   Edge   Cell     Fanout Load Trans Delay Arrival Instance 
#                                                       (fF)  (ps)  (ps)   (ps)  Location 
#-----------------------------------------------------------------------------------------
  count_reg[0]/CP -       -      R     (arrival)      4    -     0     0       0    (-,-) 
  count_reg[0]/QN -       CP->QN R     DFCND1         1  0.9    22   177     177    (-,-) 
  count_reg[0]/D  -       -      R     DFCND1         1    -     -     0     177    (-,-) 
#-----------------------------------------------------------------------------------------

Some unconstrained paths have not been displayed.
Use -unconstrained or set the root attribute 'timing_report_unconstrained' to 'true' to see only these unconstrained paths.

