###############################################################
#  Generated by:      Cadence Tempus 22.15-s092_1
#  OS:                Linux x86_64(Host ID ncdc-0137)
#  Generated on:      Tue Aug 11 01:51:11 2026
#  Design:            counter
#  Command:           report_constraint -drv_violation_type {max_capacitance max_transition max_fanout} > /home/cc/Documents/Abdullah/Lab01_Materials/Lab01_Data/export/Innovus_Data/reports/tempus_signoff/drv.rpt
###############################################################
# format : frame 0 : split 1

Check type : max_capacitance
---------------------------
  Pin : g85__6260/CO 	 View : view_func_setup
 
   max_capacitance :     0.030
- Capacitance     :     0.003
-----------------------------------------------------
  slack          :     0.026 

Check type : max_transition
---------------------------
  Pin : count[3] 	 View : view_func_setup
 
   max_transition :     0.500
- Transition Time:     0.345
-----------------------------------------------------
  slack          :     0.155 

Check type : max_fanout
---------------------------
  Pin : clk 	 View : view_func_setup
 
   max_fanout     :    10.000
- fanout         :     4.000
-----------------------------------------------------
  slack          :     6.000 
