###############################################################
#  Generated by:      Cadence Tempus 22.15-s092_1
#  OS:                Linux x86_64(Host ID ncdc-0137)
#  Generated on:      Tue Aug 11 01:51:10 2026
#  Design:            counter
#  Command:           report_timing -early -max_paths 10 > ${TEMPUS_RPT_DIR}/hold_paths.rpt
###############################################################
Path 1: MET (0.026 ns) Removal Check with Pin count_reg[0]/CP->CDN
               View: view_func_hold
              Group: async_default
         Startpoint: (F) reset
              Clock: (R) clk
           Endpoint: (R) count_reg[0]/CDN
              Clock: (R) clk

                       Capture       Launch
         Clock Edge:+    0.000        0.000
        Src Latency:+    0.000        0.000
        Net Latency:+    0.000 (I)    0.000 (I)
            Arrival:=    0.000        0.000

            Removal:+    0.074
        Uncertainty:+    0.050
        Cppr Adjust:-    0.000
      Required Time:=    0.124
       Launch Clock:=    0.000
        Input Delay:+    0.150
          Data Path:+    0.000
              Slack:=    0.026

#--------------------------------------------------------------------------------
# Timing Point      Flags  Arc    Edge  Cell       Fanout  Trans   Delay  Arrival  
#                                                           (ns)    (ns)     (ns)  
#--------------------------------------------------------------------------------
  reset             -      reset  F     (arrival)       1  0.000   0.000    0.150  
  g87/ZN            -      I->ZN  R     CKND0           4  0.000   0.000    0.150  
  count_reg[0]/CDN  -      CDN    R     DFCND1          4  0.000   0.000    0.150  
#--------------------------------------------------------------------------------
Path 2: MET (0.027 ns) Removal Check with Pin count_reg[1]/CP->CDN
               View: view_func_hold
              Group: async_default
         Startpoint: (F) reset
              Clock: (R) clk
           Endpoint: (R) count_reg[1]/CDN
              Clock: (R) clk

                       Capture       Launch
         Clock Edge:+    0.000        0.000
        Src Latency:+    0.000        0.000
        Net Latency:+    0.000 (I)    0.000 (I)
            Arrival:=    0.000        0.000

            Removal:+    0.073
        Uncertainty:+    0.050
        Cppr Adjust:-    0.000
      Required Time:=    0.123
       Launch Clock:=    0.000
        Input Delay:+    0.150
          Data Path:+    0.000
              Slack:=    0.027

#--------------------------------------------------------------------------------
# Timing Point      Flags  Arc    Edge  Cell       Fanout  Trans   Delay  Arrival  
#                                                           (ns)    (ns)     (ns)  
#--------------------------------------------------------------------------------
  reset             -      reset  F     (arrival)       1  0.000   0.000    0.150  
  g87/ZN            -      I->ZN  R     CKND0           4  0.000   0.000    0.150  
  count_reg[1]/CDN  -      CDN    R     DFCNQD1         4  0.000   0.000    0.150  
#--------------------------------------------------------------------------------
Path 3: MET (0.027 ns) Removal Check with Pin count_reg[2]/CP->CDN
               View: view_func_hold
              Group: async_default
         Startpoint: (F) reset
              Clock: (R) clk
           Endpoint: (R) count_reg[2]/CDN
              Clock: (R) clk

                       Capture       Launch
         Clock Edge:+    0.000        0.000
        Src Latency:+    0.000        0.000
        Net Latency:+    0.000 (I)    0.000 (I)
            Arrival:=    0.000        0.000

            Removal:+    0.073
        Uncertainty:+    0.050
        Cppr Adjust:-    0.000
      Required Time:=    0.123
       Launch Clock:=    0.000
        Input Delay:+    0.150
          Data Path:+    0.000
              Slack:=    0.027

#--------------------------------------------------------------------------------
# Timing Point      Flags  Arc    Edge  Cell       Fanout  Trans   Delay  Arrival  
#                                                           (ns)    (ns)     (ns)  
#--------------------------------------------------------------------------------
  reset             -      reset  F     (arrival)       1  0.000   0.000    0.150  
  g87/ZN            -      I->ZN  R     CKND0           4  0.000   0.000    0.150  
  count_reg[2]/CDN  -      CDN    R     DFCNQD1         4  0.000   0.000    0.150  
#--------------------------------------------------------------------------------
Path 4: MET (0.027 ns) Removal Check with Pin count_reg[3]/CP->CDN
               View: view_func_hold
              Group: async_default
         Startpoint: (F) reset
              Clock: (R) clk
           Endpoint: (R) count_reg[3]/CDN
              Clock: (R) clk

                       Capture       Launch
         Clock Edge:+    0.000        0.000
        Src Latency:+    0.000        0.000
        Net Latency:+    0.000 (I)    0.000 (I)
            Arrival:=    0.000        0.000

            Removal:+    0.073
        Uncertainty:+    0.050
        Cppr Adjust:-    0.000
      Required Time:=    0.123
       Launch Clock:=    0.000
        Input Delay:+    0.150
          Data Path:+    0.000
              Slack:=    0.027

#--------------------------------------------------------------------------------
# Timing Point      Flags  Arc    Edge  Cell       Fanout  Trans   Delay  Arrival  
#                                                           (ns)    (ns)     (ns)  
#--------------------------------------------------------------------------------
  reset             -      reset  F     (arrival)       1  0.000   0.000    0.150  
  g87/ZN            -      I->ZN  R     CKND0           4  0.000   0.000    0.150  
  count_reg[3]/CDN  -      CDN    R     DFCNQD1         4  0.000   0.000    0.150  
#--------------------------------------------------------------------------------
Path 5: MET (0.035 ns) Hold Check with Pin count_reg[0]/CP->D
               View: view_func_hold
              Group: clk
         Startpoint: (R) count_reg[0]/CP
              Clock: (R) clk
           Endpoint: (F) count_reg[0]/D
              Clock: (R) clk

                       Capture       Launch
         Clock Edge:+    0.000        0.000
        Src Latency:+    0.000        0.000
        Net Latency:+    0.000 (I)    0.000 (I)
            Arrival:=    0.000        0.000

               Hold:+    0.022
        Uncertainty:+    0.050
        Cppr Adjust:-    0.000
      Required Time:=    0.072
       Launch Clock:=    0.000
          Data Path:+    0.107
              Slack:=    0.035

#--------------------------------------------------------------------------------
# Timing Point     Flags  Arc     Edge  Cell       Fanout  Trans   Delay  Arrival  
#                                                           (ns)    (ns)     (ns)  
#--------------------------------------------------------------------------------
  count_reg[0]/CP  -      CP      R     (arrival)       4  0.000       -    0.000  
  count_reg[0]/QN  -      CP->QN  F     DFCND1          1  0.000   0.107    0.107  
  count_reg[0]/D   -      D       F     DFCND1          1  0.017   0.000    0.107  
#--------------------------------------------------------------------------------
Path 6: MET (0.071 ns) Hold Check with Pin count_reg[1]/CP->D
               View: view_func_hold
              Group: clk
         Startpoint: (R) count_reg[1]/CP
              Clock: (R) clk
           Endpoint: (F) count_reg[1]/D
              Clock: (R) clk

                       Capture       Launch
         Clock Edge:+    0.000        0.000
        Src Latency:+    0.000        0.000
        Net Latency:+    0.000 (I)    0.000 (I)
            Arrival:=    0.000        0.000

               Hold:+    0.021
        Uncertainty:+    0.050
        Cppr Adjust:-    0.000
      Required Time:=    0.071
       Launch Clock:=    0.000
          Data Path:+    0.142
              Slack:=    0.071

#-------------------------------------------------------------------------------
# Timing Point     Flags  Arc    Edge  Cell       Fanout  Trans   Delay  Arrival  
#                                                          (ns)    (ns)     (ns)  
#-------------------------------------------------------------------------------
  count_reg[1]/CP  -      CP     R     (arrival)       4  0.000       -    0.000  
  count_reg[1]/Q   -      CP->Q  R     DFCNQD1         2  0.000   0.100    0.100  
  g85__6260/S      -      B->S   F     HA1D0           1  0.043   0.042    0.142  
  count_reg[1]/D   -      D      F     DFCNQD1         1  0.020   0.000    0.142  
#-------------------------------------------------------------------------------
Path 7: MET (0.082 ns) Hold Check with Pin count_reg[2]/CP->D
               View: view_func_hold
              Group: clk
         Startpoint: (R) count_reg[2]/CP
              Clock: (R) clk
           Endpoint: (F) count_reg[2]/D
              Clock: (R) clk

                       Capture       Launch
         Clock Edge:+    0.000        0.000
        Src Latency:+    0.000        0.000
        Net Latency:+    0.000 (I)    0.000 (I)
            Arrival:=    0.000        0.000

               Hold:+    0.021
        Uncertainty:+    0.050
        Cppr Adjust:-    0.000
      Required Time:=    0.071
       Launch Clock:=    0.000
          Data Path:+    0.153
              Slack:=    0.082

#-------------------------------------------------------------------------------
# Timing Point     Flags  Arc    Edge  Cell       Fanout  Trans   Delay  Arrival  
#                                                          (ns)    (ns)     (ns)  
#-------------------------------------------------------------------------------
  count_reg[2]/CP  -      CP     R     (arrival)       4  0.000       -    0.000  
  count_reg[2]/Q   -      CP->Q  R     DFCNQD1         2  0.000   0.096    0.096  
  g83__5107/S      -      A->S   F     HA1D0           1  0.036   0.057    0.153  
  count_reg[2]/D   -      D      F     DFCNQD1         1  0.020   0.000    0.153  
#-------------------------------------------------------------------------------
Path 8: MET (0.106 ns) Hold Check with Pin count_reg[3]/CP->D
               View: view_func_hold
              Group: clk
         Startpoint: (R) count_reg[2]/CP
              Clock: (R) clk
           Endpoint: (F) count_reg[3]/D
              Clock: (R) clk

                       Capture       Launch
         Clock Edge:+    0.000        0.000
        Src Latency:+    0.000        0.000
        Net Latency:+    0.000 (I)    0.000 (I)
            Arrival:=    0.000        0.000

               Hold:+    0.022
        Uncertainty:+    0.050
        Cppr Adjust:-    0.000
      Required Time:=    0.072
       Launch Clock:=    0.000
          Data Path:+    0.178
              Slack:=    0.106

#-------------------------------------------------------------------------------
# Timing Point     Flags  Arc    Edge  Cell       Fanout  Trans   Delay  Arrival  
#                                                          (ns)    (ns)     (ns)  
#-------------------------------------------------------------------------------
  count_reg[2]/CP  -      CP     R     (arrival)       4  0.000       -    0.000  
  count_reg[2]/Q   -      CP->Q  F     DFCNQD1         2  0.000   0.102    0.102  
  g83__5107/CO     -      A->CO  F     HA1D0           1  0.026   0.038    0.141  
  g81__2398/Z      -      A1->Z  F     XOR2D1          1  0.023   0.037    0.178  
  count_reg[3]/D   -      D      F     DFCNQD1         1  0.018   0.000    0.178  
#-------------------------------------------------------------------------------
Path 9: MET (0.294 ns) Early Output Delay Assertion
               View: view_func_hold
              Group: clk
         Startpoint: (R) count_reg[3]/CP
              Clock: (R) clk
           Endpoint: (F) count[3]
              Clock: (R) clk

                       Capture       Launch
         Clock Edge:+    0.000        0.000
        Src Latency:+    0.000        0.000
        Net Latency:+    0.000 (I)    0.000 (I)
            Arrival:=    0.000        0.000

       Output Delay:-    0.150
        Uncertainty:+    0.050
        Cppr Adjust:-    0.000
      Required Time:=   -0.100
       Launch Clock:=    0.000
          Data Path:+    0.194
              Slack:=    0.294

#------------------------------------------------------------------------------------
# Timing Point       Flags  Arc       Edge  Cell       Fanout  Trans   Delay  Arrival  
#                                                               (ns)    (ns)     (ns)  
#------------------------------------------------------------------------------------
  count_reg[3]/CP    -      CP        R     (arrival)       4  0.000       -    0.000  
  count_reg[3]/Q     -      CP->Q     F     DFCNQD1         1  0.000   0.097    0.097  
  FE_OFC0_count_3/Z  -      I->Z      F     CKBD4           2  0.019   0.097    0.194  
  count[3]           -      count[3]  F     -               2  0.132   0.000    0.194  
#------------------------------------------------------------------------------------
Path 10: MET (0.296 ns) Early Output Delay Assertion
               View: view_func_hold
              Group: clk
         Startpoint: (R) count_reg[0]/CP
              Clock: (R) clk
           Endpoint: (F) count[0]
              Clock: (R) clk

                       Capture       Launch
         Clock Edge:+    0.000        0.000
        Src Latency:+    0.000        0.000
        Net Latency:+    0.000 (I)    0.000 (I)
            Arrival:=    0.000        0.000

       Output Delay:-    0.150
        Uncertainty:+    0.050
        Cppr Adjust:-    0.000
      Required Time:=   -0.100
       Launch Clock:=    0.000
          Data Path:+    0.196
              Slack:=    0.296

#------------------------------------------------------------------------------------
# Timing Point       Flags  Arc       Edge  Cell       Fanout  Trans   Delay  Arrival  
#                                                               (ns)    (ns)     (ns)  
#------------------------------------------------------------------------------------
  count_reg[0]/CP    -      CP        R     (arrival)       4  0.000       -    0.000  
  count_reg[0]/Q     -      CP->Q     F     DFCND1          1  0.000   0.099    0.099  
  FE_OFC3_count_0/Z  -      I->Z      F     CKBD4           2  0.022   0.097    0.196  
  count[0]           -      count[0]  F     -               2  0.131   0.000    0.196  
#------------------------------------------------------------------------------------

