###############################################################
#  Generated by:      Cadence Tempus 22.15-s092_1
#  OS:                Linux x86_64(Host ID ncdc-0137)
#  Generated on:      Tue Aug 11 01:51:10 2026
#  Design:            counter
#  Command:           report_timing -late  -max_paths 10 > ${TEMPUS_RPT_DIR}/setup_paths.rpt
###############################################################
Path 1: MET (8.335 ns) Late Output Delay Assertion
               View: view_func_setup
              Group: clk
         Startpoint: (R) count_reg[1]/CP
              Clock: (R) clk
           Endpoint: (R) count[1]
              Clock: (R) clk

                       Capture       Launch
         Clock Edge:+   10.000        0.000
        Src Latency:+    0.000        0.000
        Net Latency:+    0.000 (I)    0.000 (I)
            Arrival:=   10.000        0.000

       Output Delay:-    1.000
        Uncertainty:-    0.150
        Cppr Adjust:+    0.000
      Required Time:=    8.850
       Launch Clock:=    0.000
          Data Path:+    0.516
              Slack:=    8.335

#------------------------------------------------------------------------------------
# Timing Point       Flags  Arc       Edge  Cell       Fanout  Trans   Delay  Arrival  
#                                                               (ns)    (ns)     (ns)  
#------------------------------------------------------------------------------------
  count_reg[1]/CP    -      CP        R     (arrival)       4  0.000       -    0.000  
  count_reg[1]/Q     -      CP->Q     R     DFCNQD1         2  0.000   0.260    0.260  
  FE_OFC2_count_1/Z  -      I->Z      R     CKBD4           1  0.087   0.255    0.516  
  count[1]           -      count[1]  R     -               1  0.339   0.000    0.516  
#------------------------------------------------------------------------------------
Path 2: MET (8.346 ns) Late Output Delay Assertion
               View: view_func_setup
              Group: clk
         Startpoint: (R) count_reg[2]/CP
              Clock: (R) clk
           Endpoint: (R) count[2]
              Clock: (R) clk

                       Capture       Launch
         Clock Edge:+   10.000        0.000
        Src Latency:+    0.000        0.000
        Net Latency:+    0.000 (I)    0.000 (I)
            Arrival:=   10.000        0.000

       Output Delay:-    1.000
        Uncertainty:-    0.150
        Cppr Adjust:+    0.000
      Required Time:=    8.850
       Launch Clock:=    0.000
          Data Path:+    0.504
              Slack:=    8.346

#------------------------------------------------------------------------------------
# Timing Point       Flags  Arc       Edge  Cell       Fanout  Trans   Delay  Arrival  
#                                                               (ns)    (ns)     (ns)  
#------------------------------------------------------------------------------------
  count_reg[2]/CP    -      CP        R     (arrival)       4  0.000       -    0.000  
  count_reg[2]/Q     -      CP->Q     R     DFCNQD1         2  0.000   0.252    0.252  
  FE_OFC1_count_2/Z  -      I->Z      R     CKBD4           1  0.074   0.252    0.504  
  count[2]           -      count[2]  R     -               1  0.341   0.000    0.504  
#------------------------------------------------------------------------------------
Path 3: MET (8.356 ns) Late Output Delay Assertion
               View: view_func_setup
              Group: clk
         Startpoint: (R) count_reg[0]/CP
              Clock: (R) clk
           Endpoint: (R) count[0]
              Clock: (R) clk

                       Capture       Launch
         Clock Edge:+   10.000        0.000
        Src Latency:+    0.000        0.000
        Net Latency:+    0.000 (I)    0.000 (I)
            Arrival:=   10.000        0.000

       Output Delay:-    1.000
        Uncertainty:-    0.150
        Cppr Adjust:+    0.000
      Required Time:=    8.850
       Launch Clock:=    0.000
          Data Path:+    0.494
              Slack:=    8.356

#------------------------------------------------------------------------------------
# Timing Point       Flags  Arc       Edge  Cell       Fanout  Trans   Delay  Arrival  
#                                                               (ns)    (ns)     (ns)  
#------------------------------------------------------------------------------------
  count_reg[0]/CP    -      CP        R     (arrival)       4  0.000       -    0.000  
  count_reg[0]/Q     -      CP->Q     R     DFCND1          1  0.000   0.243    0.244  
  FE_OFC3_count_0/Z  -      I->Z      R     CKBD4           2  0.062   0.250    0.494  
  count[0]           -      count[0]  R     -               2  0.345   0.000    0.494  
#------------------------------------------------------------------------------------
Path 4: MET (8.364 ns) Late Output Delay Assertion
               View: view_func_setup
              Group: clk
         Startpoint: (R) count_reg[3]/CP
              Clock: (R) clk
           Endpoint: (R) count[3]
              Clock: (R) clk

                       Capture       Launch
         Clock Edge:+   10.000        0.000
        Src Latency:+    0.000        0.000
        Net Latency:+    0.000 (I)    0.000 (I)
            Arrival:=   10.000        0.000

       Output Delay:-    1.000
        Uncertainty:-    0.150
        Cppr Adjust:+    0.000
      Required Time:=    8.850
       Launch Clock:=    0.000
          Data Path:+    0.486
              Slack:=    8.364

#------------------------------------------------------------------------------------
# Timing Point       Flags  Arc       Edge  Cell       Fanout  Trans   Delay  Arrival  
#                                                               (ns)    (ns)     (ns)  
#------------------------------------------------------------------------------------
  count_reg[3]/CP    -      CP        R     (arrival)       4  0.000       -    0.000  
  count_reg[3]/Q     -      CP->Q     R     DFCNQD1         1  0.000   0.238    0.238  
  FE_OFC0_count_3/Z  -      I->Z      R     CKBD4           2  0.055   0.248    0.486  
  count[3]           -      count[3]  R     -               2  0.345   0.000    0.486  
#------------------------------------------------------------------------------------
Path 5: MET (8.811 ns) Setup Check with Pin count_reg[3]/CP->D
               View: view_func_setup
              Group: clk
         Startpoint: (R) count_reg[0]/CP
              Clock: (R) clk
           Endpoint: (F) count_reg[3]/D
              Clock: (R) clk

                       Capture       Launch
         Clock Edge:+   10.000        0.000
        Src Latency:+    0.000        0.000
        Net Latency:+    0.000 (I)    0.000 (I)
            Arrival:=   10.000        0.000

              Setup:-    0.015
        Uncertainty:-    0.150
        Cppr Adjust:+    0.000
      Required Time:=    9.835
       Launch Clock:=    0.000
          Data Path:+    1.024
              Slack:=    8.811

#---------------------------------------------------------------------------------
# Timing Point       Flags  Arc    Edge  Cell       Fanout  Trans   Delay  Arrival  
#                                                            (ns)    (ns)     (ns)  
#---------------------------------------------------------------------------------
  count_reg[0]/CP    -      CP     R     (arrival)       4  0.000       -    0.000  
  count_reg[0]/Q     -      CP->Q  R     DFCND1          1  0.000   0.243    0.243  
  FE_OFC3_count_0/Z  -      I->Z   R     CKBD4           2  0.062   0.247    0.491  
  g85__6260/CO       -      A->CO  R     HA1D0           1  0.345   0.221    0.711  
  g83__5107/CO       -      B->CO  R     HA1D0           1  0.108   0.151    0.862  
  g81__2398/Z        -      A1->Z  F     XOR2D1          1  0.074   0.162    1.024  
  count_reg[3]/D     -      D      F     DFCNQD1         1  0.057   0.000    1.024  
#---------------------------------------------------------------------------------
Path 6: MET (8.955 ns) Setup Check with Pin count_reg[2]/CP->D
               View: view_func_setup
              Group: clk
         Startpoint: (R) count_reg[0]/CP
              Clock: (R) clk
           Endpoint: (R) count_reg[2]/D
              Clock: (R) clk

                       Capture       Launch
         Clock Edge:+   10.000        0.000
        Src Latency:+    0.000        0.000
        Net Latency:+    0.000 (I)    0.000 (I)
            Arrival:=   10.000        0.000

              Setup:-    0.062
        Uncertainty:-    0.150
        Cppr Adjust:+    0.000
      Required Time:=    9.788
       Launch Clock:=    0.000
          Data Path:+    0.833
              Slack:=    8.955

#---------------------------------------------------------------------------------
# Timing Point       Flags  Arc    Edge  Cell       Fanout  Trans   Delay  Arrival  
#                                                            (ns)    (ns)     (ns)  
#---------------------------------------------------------------------------------
  count_reg[0]/CP    -      CP     R     (arrival)       4  0.000       -    0.000  
  count_reg[0]/Q     -      CP->Q  F     DFCND1          1  0.000   0.263    0.263  
  FE_OFC3_count_0/Z  -      I->Z   F     CKBD4           2  0.048   0.219    0.482  
  g85__6260/CO       -      A->CO  F     HA1D0           1  0.295   0.189    0.672  
  g83__5107/S        -      B->S   R     HA1D0           1  0.079   0.161    0.833  
  count_reg[2]/D     -      D      R     DFCNQD1         1  0.061   0.000    0.833  
#---------------------------------------------------------------------------------
Path 7: MET (8.982 ns) Recovery Check with Pin count_reg[0]/CP->CDN
               View: view_func_setup
              Group: async_default
         Startpoint: (F) reset
              Clock: (R) clk
           Endpoint: (R) count_reg[0]/CDN
              Clock: (R) clk

                       Capture       Launch
         Clock Edge:+   10.000        0.000
        Src Latency:+    0.000        0.000
        Net Latency:+    0.000 (I)    0.000 (I)
            Arrival:=   10.000        0.000

           Recovery:-   -0.132
        Uncertainty:-    0.150
        Cppr Adjust:+    0.000
      Required Time:=    9.982
       Launch Clock:=    0.000
        Input Delay:+    1.000
          Data Path:+    0.000
              Slack:=    8.982

#--------------------------------------------------------------------------------
# Timing Point      Flags  Arc    Edge  Cell       Fanout  Trans   Delay  Arrival  
#                                                           (ns)    (ns)     (ns)  
#--------------------------------------------------------------------------------
  reset             -      reset  F     (arrival)       1  0.000   0.000    1.000  
  g87/ZN            -      I->ZN  R     CKND0           4  0.000   0.000    1.000  
  count_reg[0]/CDN  -      CDN    R     DFCND1          4  0.000   0.000    1.000  
#--------------------------------------------------------------------------------
Path 8: MET (8.987 ns) Recovery Check with Pin count_reg[1]/CP->CDN
               View: view_func_setup
              Group: async_default
         Startpoint: (F) reset
              Clock: (R) clk
           Endpoint: (R) count_reg[1]/CDN
              Clock: (R) clk

                       Capture       Launch
         Clock Edge:+   10.000        0.000
        Src Latency:+    0.000        0.000
        Net Latency:+    0.000 (I)    0.000 (I)
            Arrival:=   10.000        0.000

           Recovery:-   -0.137
        Uncertainty:-    0.150
        Cppr Adjust:+    0.000
      Required Time:=    9.987
       Launch Clock:=    0.000
        Input Delay:+    1.000
          Data Path:+    0.000
              Slack:=    8.987

#--------------------------------------------------------------------------------
# Timing Point      Flags  Arc    Edge  Cell       Fanout  Trans   Delay  Arrival  
#                                                           (ns)    (ns)     (ns)  
#--------------------------------------------------------------------------------
  reset             -      reset  F     (arrival)       1  0.000   0.000    1.000  
  g87/ZN            -      I->ZN  R     CKND0           4  0.000   0.000    1.000  
  count_reg[1]/CDN  -      CDN    R     DFCNQD1         4  0.000   0.000    1.000  
#--------------------------------------------------------------------------------
Path 9: MET (8.987 ns) Recovery Check with Pin count_reg[2]/CP->CDN
               View: view_func_setup
              Group: async_default
         Startpoint: (F) reset
              Clock: (R) clk
           Endpoint: (R) count_reg[2]/CDN
              Clock: (R) clk

                       Capture       Launch
         Clock Edge:+   10.000        0.000
        Src Latency:+    0.000        0.000
        Net Latency:+    0.000 (I)    0.000 (I)
            Arrival:=   10.000        0.000

           Recovery:-   -0.137
        Uncertainty:-    0.150
        Cppr Adjust:+    0.000
      Required Time:=    9.987
       Launch Clock:=    0.000
        Input Delay:+    1.000
          Data Path:+    0.000
              Slack:=    8.987

#--------------------------------------------------------------------------------
# Timing Point      Flags  Arc    Edge  Cell       Fanout  Trans   Delay  Arrival  
#                                                           (ns)    (ns)     (ns)  
#--------------------------------------------------------------------------------
  reset             -      reset  F     (arrival)       1  0.000   0.000    1.000  
  g87/ZN            -      I->ZN  R     CKND0           4  0.000   0.000    1.000  
  count_reg[2]/CDN  -      CDN    R     DFCNQD1         4  0.000   0.000    1.000  
#--------------------------------------------------------------------------------
Path 10: MET (8.987 ns) Recovery Check with Pin count_reg[3]/CP->CDN
               View: view_func_setup
              Group: async_default
         Startpoint: (F) reset
              Clock: (R) clk
           Endpoint: (R) count_reg[3]/CDN
              Clock: (R) clk

                       Capture       Launch
         Clock Edge:+   10.000        0.000
        Src Latency:+    0.000        0.000
        Net Latency:+    0.000 (I)    0.000 (I)
            Arrival:=   10.000        0.000

           Recovery:-   -0.137
        Uncertainty:-    0.150
        Cppr Adjust:+    0.000
      Required Time:=    9.987
       Launch Clock:=    0.000
        Input Delay:+    1.000
          Data Path:+    0.000
              Slack:=    8.987

#--------------------------------------------------------------------------------
# Timing Point      Flags  Arc    Edge  Cell       Fanout  Trans   Delay  Arrival  
#                                                           (ns)    (ns)     (ns)  
#--------------------------------------------------------------------------------
  reset             -      reset  F     (arrival)       1  0.000   0.000    1.000  
  g87/ZN            -      I->ZN  R     CKND0           4  0.000   0.000    1.000  
  count_reg[3]/CDN  -      CDN    R     DFCNQD1         4  0.000   0.000    1.000  
#--------------------------------------------------------------------------------

