###############################################################
#  Generated by:      Cadence Tempus 22.15-s092_1
#  OS:                Linux x86_64(Host ID ncdc-0137)
#  Generated on:      Tue Aug 11 01:51:10 2026
#  Design:            counter
#  Command:           report_timing_summary > ${TEMPUS_RPT_DIR}/summary.rpt
###############################################################
# SETUP                WNS    TNS   FEP   
#----------------------------------------
 View : ALL          8.335  0.000     0  
    Group : Async    8.982  0.000     0  
    Group : in2out     N/A    N/A     0  
    Group : reg2out  8.335  0.000     0  
    Group : in2reg     N/A    N/A     0  
    Group : reg2reg  8.811    0.0     0  
                                         
#----------------------------------------
 
# HOLD                 WNS    TNS   FEP   
#----------------------------------------
 View : ALL          0.026  0.000     0  
    Group : Async    0.026  0.000     0  
    Group : in2out     N/A    N/A     0  
    Group : reg2out  0.294  0.000     0  
    Group : in2reg     N/A    N/A     0  
    Group : reg2reg  0.035    0.0     0  
                                         
#----------------------------------------
 
# DRV                         WNS   TNS   FEP   
#----------------------------------------------
 View : ALL                                    
    Check : max_transition    N/A   N/A     0  
    Check : min_transition    N/A   N/A     0  
    Check : max_capacitance   N/A   N/A     0  
    Check : min_capacitance   N/A   N/A     0  
    Check : max_fanout        N/A   N/A     0  
    Check : min_fanout        N/A   N/A     0  
                                               
#----------------------------------------------
 
# Clock checks                              WNS    TNS   FEP   
#-------------------------------------------------------------
 View : ALL                                                   
    Check : min_pulse_width (clocktree)     N/A    N/A     0  
    Check : min_pulse_width (endpoints)   4.721  0.000     0  
    Check : max_skew                        N/A    N/A     0  
    Check : min_period                      N/A    N/A     0  
                                                              
#-------------------------------------------------------------
 
