============================================================
  Generated by:           Genus(TM) Synthesis Solution 21.18-s082_1
  Generated on:           Jul 28 2026  06:54:08 am
  Module:                 counter
  Operating conditions:   NCCOM (balanced_tree)
  Wireload mode:          segmented
  Area mode:              timing library
============================================================

                            
  Gate    Instances   Area     Library    
------------------------------------------
CKND0             1   1.080    tcbn65lptc 
CKND1             1   1.080    tcbn65lptc 
CKND2D0           1   1.440    tcbn65lptc 
DFCND4            1  11.880    tcbn65lptc 
INVD0             4   4.320    tcbn65lptc 
OR2XD1            1   2.160    tcbn65lptc 
SDFCNQD4          3  36.720    tcbn65lptc 
------------------------------------------
total            12  58.680               


                                       
     Type      Instances  Area  Area % 
---------------------------------------
sequential             4 48.600   82.8 
inverter               6  6.480   11.0 
logic                  2  3.600    6.1 
physical_cells         0  0.000    0.0 
---------------------------------------
total                 12 58.680  100.0 

