============================================================
  Generated by:           Genus(TM) Synthesis Solution 21.18-s082_1
  Generated on:           Jul 28 2026  06:54:08 am
  Module:                 counter
  Operating conditions:   NCCOM (balanced_tree)
  Wireload mode:          segmented
  Area mode:              timing library
============================================================

Timing
--------

Clock Period 
-------------
clk   1000.0 


  Cost    Critical             Violating 
 Group   Path Slack    TNS       Paths   
-----------------------------------------
clk          -314.1   -1210.7          4 
default    No paths       0.0            
-----------------------------------------
Total                 -1210.7          4 

Instance Count
--------------
Leaf Instance Count             12 
Physical Instance count          0 
Sequential Instance Count        4 
Combinational Instance Count     8 
Hierarchical Instance Count      0 

Area
----
Cell Area                          58.680
Physical Cell Area                 0.000
Total Cell Area (Cell+Physical)    58.680
Net Area                           0.000
Total Area (Cell+Physical+Net)     58.680

Max Fanout                         4 (clk)
Min Fanout                         0 (n_6)
Average Fanout                     1.8
Terms to net ratio                 2.7333
Terms to instance ratio            3.4167
Runtime                            6.980266 seconds
Elapsed Runtime                    7 seconds
Genus peak memory usage            1643.42 
Innovus peak memory usage          no_value 
Hostname                           ncdc-0137
