============================================================
  Generated by:           Genus(TM) Synthesis Solution 21.18-s082_1
  Generated on:           Jul 28 2026  06:54:08 am
  Module:                 counter
  Operating conditions:   NCCOM (balanced_tree)
  Wireload mode:          segmented
  Area mode:              timing library
============================================================


Path 1: VIOLATED (-314 ps) Late External Delay Assertion at pin count[0]
          Group: clk
     Startpoint: (R) count_reg[0]/CP
          Clock: (R) clk
       Endpoint: (R) count[0]
          Clock: (R) clk

                     Capture       Launch     
        Clock Edge:+    1000            0     
       Src Latency:+       0            0     
       Net Latency:+       0 (I)        0 (I) 
           Arrival:=    1000            0     
                                              
      Output Delay:-    1000                  
       Uncertainty:-     150                  
     Required Time:=    -150                  
      Launch Clock:-       0                  
         Data Path:-     164                  
             Slack:=    -314                  

Exceptions/Constraints:
  output_delay             1000            new_counter.sdc_line_99_3_1 

#----------------------------------------------------------------------------------------
#  Timing Point   Flags   Arc   Edge   Cell     Fanout Load Trans Delay Arrival Instance 
#                                                      (fF)  (ps)  (ps)   (ps)  Location 
#----------------------------------------------------------------------------------------
  count_reg[0]/CP -       -     R     (arrival)      4    -     0     0       0    (-,-) 
  count_reg[0]/Q  -       CP->Q R     DFCND4         1 10.0    44   164     164    (-,-) 
  count[0]        <<<     -     R     (port)         -    -     -     0     164    (-,-) 
#----------------------------------------------------------------------------------------

