###############################################################
#  Generated by:      Cadence Tempus 22.15-s092_1
#  OS:                Linux x86_64(Host ID ncdc-0137)
#  Generated on:      Wed Aug 12 04:45:47 2026
#  Design:            top_wrapper
#  Command:           report_constraint -drv_violation_type {max_capacitance max_transition max_fanout} > /home/cc/Documents/Abdullah/Lab_04_Data/export/Tempus_Data/reports/tempus_signoff/drv.rpt
###############################################################
# format : frame 0 : split 1

Check type : max_capacitance
---------------------------
  Pin : out_inst0/PAD 	 View : view_func_setup
 
   max_capacitance :     0.200
- Capacitance     :     3.100
-----------------------------------------------------
  slack          :    -2.900 ( VIOLATED )

Check type : max_transition
---------------------------
  Pin : out_inst0/PAD 	 View : view_func_setup
 
   max_transition :     0.500
- Transition Time:     0.666
-----------------------------------------------------
  slack          :    -0.166 ( VIOLATED )

Check type : max_fanout
---------------------------
  Pin : g1013__3680/ZN 	 View : view_func_setup
 
   max_fanout     :    10.000
- fanout         :     9.000
-----------------------------------------------------
  slack          :     1.000 
