###############################################################
#  Generated by:      Cadence Tempus 22.15-s092_1
#  OS:                Linux x86_64(Host ID ncdc-0137)
#  Generated on:      Wed Aug 12 04:45:47 2026
#  Design:            top_wrapper
#  Command:           report_timing -early -max_paths 10 > /home/cc/Documents/Abdullah/Lab_04_Data/export/Tempus_Data/reports/tempus_signoff/hold_paths.rpt
###############################################################
Path 1: MET (0.516 ns) Hold Check with Pin u_alu_core_Out_reg[1]/CP->D
               View: view_func_hold
              Group: CLK
         Startpoint: (R) B_inst1/C
              Clock: (R) CLK
           Endpoint: (F) u_alu_core_Out_reg[1]/D
              Clock: (R) CLK

                       Capture       Launch
         Clock Edge:+    0.000        0.000
        Src Latency:+    0.000        0.000
        Net Latency:+    0.000 (I)    0.000 (I)
            Arrival:=    0.000        0.000

               Hold:+   -0.003
        Uncertainty:+    0.050
        Cppr Adjust:-    0.000
      Required Time:=    0.047
       Launch Clock:=    0.000
        Input Delay:+    0.500
          Data Path:+    0.063
              Slack:=    0.516

#----------------------------------------------------------------------------------------
# Timing Point             Flags  Arc     Edge  Cell       Fanout  Trans   Delay  Arrival  
#                                                                   (ns)    (ns)     (ns)  
#----------------------------------------------------------------------------------------
  B_inst1/C                -      C       R     (arrival)       3  0.021   0.004    0.504  
  g978__2398/ZN            -      B1->ZN  F     OAI221D1        1  0.018   0.059    0.563  
  u_alu_core_Out_reg[1]/D  -      D       F     DFQD4           1  0.061   0.000    0.563  
#----------------------------------------------------------------------------------------
Path 2: MET (0.517 ns) Hold Check with Pin u_alu_core_Out_reg[0]/CP->D
               View: view_func_hold
              Group: CLK
         Startpoint: (R) B_inst0/C
              Clock: (R) CLK
           Endpoint: (F) u_alu_core_Out_reg[0]/D
              Clock: (R) CLK

                       Capture       Launch
         Clock Edge:+    0.000        0.000
        Src Latency:+    0.000        0.000
        Net Latency:+    0.000 (I)    0.000 (I)
            Arrival:=    0.000        0.000

               Hold:+   -0.003
        Uncertainty:+    0.050
        Cppr Adjust:-    0.000
      Required Time:=    0.047
       Launch Clock:=    0.000
        Input Delay:+    0.500
          Data Path:+    0.063
              Slack:=    0.517

#----------------------------------------------------------------------------------------
# Timing Point             Flags  Arc     Edge  Cell       Fanout  Trans   Delay  Arrival  
#                                                                   (ns)    (ns)     (ns)  
#----------------------------------------------------------------------------------------
  B_inst0/C                -      C       R     (arrival)       3  0.021   0.004    0.504  
  g982__8428/ZN            -      B1->ZN  F     OAI221D1        1  0.019   0.059    0.563  
  u_alu_core_Out_reg[0]/D  -      D       F     DFQD4           1  0.061   0.000    0.563  
#----------------------------------------------------------------------------------------
Path 3: MET (0.561 ns) Hold Check with Pin u_alu_core_Out_reg[5]/CP->D
               View: view_func_hold
              Group: CLK
         Startpoint: (R) B_inst5/C
              Clock: (R) CLK
           Endpoint: (F) u_alu_core_Out_reg[5]/D
              Clock: (R) CLK

                       Capture       Launch
         Clock Edge:+    0.000        0.000
        Src Latency:+    0.000        0.000
        Net Latency:+    0.000 (I)    0.000 (I)
            Arrival:=    0.000        0.000

               Hold:+    0.007
        Uncertainty:+    0.050
        Cppr Adjust:-    0.000
      Required Time:=    0.057
       Launch Clock:=    0.000
        Input Delay:+    0.500
          Data Path:+    0.118
              Slack:=    0.561

#----------------------------------------------------------------------------------------
# Timing Point             Flags  Arc     Edge  Cell       Fanout  Trans   Delay  Arrival  
#                                                                   (ns)    (ns)     (ns)  
#----------------------------------------------------------------------------------------
  B_inst5/C                -      C       R     (arrival)       3  0.019   0.002    0.502  
  g979__5107/ZN            -      B1->ZN  F     OAI221D0        1  0.015   0.047    0.549  
  FE_OFC14_n_34/Z          -      I->Z    F     CKBD1           1  0.045   0.069    0.618  
  u_alu_core_Out_reg[5]/D  -      D       F     DFQD2           1  0.074   0.000    0.618  
#----------------------------------------------------------------------------------------
Path 4: MET (0.563 ns) Hold Check with Pin u_alu_core_Out_reg[4]/CP->D
               View: view_func_hold
              Group: CLK
         Startpoint: (R) B_inst4/C
              Clock: (R) CLK
           Endpoint: (F) u_alu_core_Out_reg[4]/D
              Clock: (R) CLK

                       Capture       Launch
         Clock Edge:+    0.000        0.000
        Src Latency:+    0.000        0.000
        Net Latency:+    0.000 (I)    0.000 (I)
            Arrival:=    0.000        0.000

               Hold:+   -0.004
        Uncertainty:+    0.050
        Cppr Adjust:-    0.000
      Required Time:=    0.046
       Launch Clock:=    0.000
        Input Delay:+    0.500
          Data Path:+    0.109
              Slack:=    0.563

#----------------------------------------------------------------------------------------
# Timing Point             Flags  Arc     Edge  Cell       Fanout  Trans   Delay  Arrival  
#                                                                   (ns)    (ns)     (ns)  
#----------------------------------------------------------------------------------------
  B_inst4/C                -      C       R     (arrival)       3  0.018   0.001    0.501  
  g980__6260/ZN            -      B1->ZN  F     OAI221D0        1  0.014   0.045    0.546  
  FE_OFC13_n_33/Z          -      I->Z    F     CKBD1           1  0.041   0.063    0.609  
  u_alu_core_Out_reg[4]/D  -      D       F     DFQD4           1  0.066   0.000    0.609  
#----------------------------------------------------------------------------------------
Path 5: MET (0.564 ns) Hold Check with Pin u_alu_core_Out_reg[6]/CP->D
               View: view_func_hold
              Group: CLK
         Startpoint: (R) B_inst6/C
              Clock: (R) CLK
           Endpoint: (F) u_alu_core_Out_reg[6]/D
              Clock: (R) CLK

                       Capture       Launch
         Clock Edge:+    0.000        0.000
        Src Latency:+    0.000        0.000
        Net Latency:+    0.000 (I)    0.000 (I)
            Arrival:=    0.000        0.000

               Hold:+    0.007
        Uncertainty:+    0.050
        Cppr Adjust:-    0.000
      Required Time:=    0.057
       Launch Clock:=    0.000
        Input Delay:+    0.500
          Data Path:+    0.121
              Slack:=    0.564

#----------------------------------------------------------------------------------------
# Timing Point             Flags  Arc     Edge  Cell       Fanout  Trans   Delay  Arrival  
#                                                                   (ns)    (ns)     (ns)  
#----------------------------------------------------------------------------------------
  B_inst6/C                -      C       R     (arrival)       3  0.020   0.003    0.503  
  g981__4319/ZN            -      B1->ZN  F     OAI221D1        1  0.017   0.046    0.550  
  FE_OFC12_n_32/Z          -      I->Z    F     CKBD1           1  0.044   0.071    0.621  
  u_alu_core_Out_reg[6]/D  -      D       F     DFQD2           1  0.078   0.000    0.621  
#----------------------------------------------------------------------------------------
Path 6: MET (0.574 ns) Hold Check with Pin u_alu_core_Out_reg[2]/CP->D
               View: view_func_hold
              Group: CLK
         Startpoint: (R) B_inst2/C
              Clock: (R) CLK
           Endpoint: (F) u_alu_core_Out_reg[2]/D
              Clock: (R) CLK

                       Capture       Launch
         Clock Edge:+    0.000        0.000
        Src Latency:+    0.000        0.000
        Net Latency:+    0.000 (I)    0.000 (I)
            Arrival:=    0.000        0.000

               Hold:+   -0.005
        Uncertainty:+    0.050
        Cppr Adjust:-    0.000
      Required Time:=    0.045
       Launch Clock:=    0.000
        Input Delay:+    0.500
          Data Path:+    0.119
              Slack:=    0.574

#----------------------------------------------------------------------------------------
# Timing Point             Flags  Arc     Edge  Cell       Fanout  Trans   Delay  Arrival  
#                                                                   (ns)    (ns)     (ns)  
#----------------------------------------------------------------------------------------
  B_inst2/C                -      C       R     (arrival)       3  0.020   0.003    0.503  
  g983__5526/ZN            -      B1->ZN  F     OAI221D0        1  0.017   0.043    0.546  
  FE_OFC11_n_30/Z          -      I->Z    F     CKBD0           1  0.038   0.073    0.619  
  u_alu_core_Out_reg[2]/D  -      D       F     DFQD4           1  0.079   0.000    0.619  
#----------------------------------------------------------------------------------------
Path 7: MET (0.585 ns) Hold Check with Pin u_alu_core_Out_reg[3]/CP->D
               View: view_func_hold
              Group: CLK
         Startpoint: (R) A_inst3/C
              Clock: (R) CLK
           Endpoint: (F) u_alu_core_Out_reg[3]/D
              Clock: (R) CLK

                       Capture       Launch
         Clock Edge:+    0.000        0.000
        Src Latency:+    0.000        0.000
        Net Latency:+    0.000 (I)    0.000 (I)
            Arrival:=    0.000        0.000

               Hold:+   -0.005
        Uncertainty:+    0.050
        Cppr Adjust:-    0.000
      Required Time:=    0.045
       Launch Clock:=    0.000
        Input Delay:+    0.500
          Data Path:+    0.130
              Slack:=    0.585

#----------------------------------------------------------------------------------------
# Timing Point             Flags  Arc     Edge  Cell       Fanout  Trans   Delay  Arrival  
#                                                                   (ns)    (ns)     (ns)  
#----------------------------------------------------------------------------------------
  A_inst3/C                -      C       R     (arrival)       3  0.022   0.006    0.506  
  g985__3680/ZN            -      B1->ZN  F     OAI221D0        1  0.021   0.046    0.552  
  FE_OFC8_n_28/Z           -      I->Z    F     CKBD0           1  0.041   0.078    0.630  
  u_alu_core_Out_reg[3]/D  -      D       F     DFQD4           1  0.085   0.000    0.630  
#----------------------------------------------------------------------------------------
Path 8: MET (0.632 ns) Hold Check with Pin u_alu_core_Out_reg[7]/CP->D
               View: view_func_hold
              Group: CLK
         Startpoint: (R) A_inst7/C
              Clock: (R) CLK
           Endpoint: (F) u_alu_core_Out_reg[7]/D
              Clock: (R) CLK

                       Capture       Launch
         Clock Edge:+    0.000        0.000
        Src Latency:+    0.000        0.000
        Net Latency:+    0.000 (I)    0.000 (I)
            Arrival:=    0.000        0.000

               Hold:+    0.006
        Uncertainty:+    0.050
        Cppr Adjust:-    0.000
      Required Time:=    0.056
       Launch Clock:=    0.000
        Input Delay:+    0.500
          Data Path:+    0.188
              Slack:=    0.632

#----------------------------------------------------------------------------------------
# Timing Point             Flags  Arc     Edge  Cell       Fanout  Trans   Delay  Arrival  
#                                                                   (ns)    (ns)     (ns)  
#----------------------------------------------------------------------------------------
  A_inst7/C                -      C       R     (arrival)       3  0.020   0.003    0.503  
  g984__6783/ZN            -      B1->ZN  F     OAI221D0        1  0.017   0.041    0.544  
  FE_OFC9_n_29/ZN          -      I->ZN   R     CKND0           1  0.035   0.072    0.616  
  FE_OFC10_n_29/ZN         -      I->ZN   F     INVD1           1  0.108   0.072    0.688  
  u_alu_core_Out_reg[7]/D  -      D       F     DFQD1           1  0.086   0.000    0.688  
#----------------------------------------------------------------------------------------
Path 9: MET (2.124 ns) Early Output Delay Assertion
               View: view_func_hold
              Group: CLK
         Startpoint: (R) u_alu_core_Out_reg[3]/CP
              Clock: (R) CLK
           Endpoint: (F) out_inst3/I
              Clock: (R) CLK

                       Capture       Launch
         Clock Edge:+    0.000        0.000
        Src Latency:+    0.000        0.000
        Net Latency:+    0.000 (I)    0.000 (I)
            Arrival:=    0.000        0.000

       Output Delay:-    2.000
        Uncertainty:+    0.050
        Cppr Adjust:-    0.000
      Required Time:=   -1.950
       Launch Clock:=    0.000
          Data Path:+    0.174
              Slack:=    2.124

#----------------------------------------------------------------------------------------
# Timing Point              Flags  Arc    Edge  Cell       Fanout  Trans   Delay  Arrival  
#                                                                   (ns)    (ns)     (ns)  
#----------------------------------------------------------------------------------------
  u_alu_core_Out_reg[3]/CP  -      CP     R     (arrival)       8  0.000       -    0.000  
  u_alu_core_Out_reg[3]/Q   -      CP->Q  F     DFQD4           1  0.000   0.080    0.080  
  FE_OFC131_wOut_3/Z        -      I->Z   F     BUFFD6          1  0.017   0.094    0.174  
  out_inst3/I               -      I      F     PDDW16DGZ       1  0.163   0.000    0.174  
#----------------------------------------------------------------------------------------
Path 10: MET (2.125 ns) Early Output Delay Assertion
               View: view_func_hold
              Group: CLK
         Startpoint: (R) u_alu_core_Out_reg[4]/CP
              Clock: (R) CLK
           Endpoint: (F) out_inst4/I
              Clock: (R) CLK

                       Capture       Launch
         Clock Edge:+    0.000        0.000
        Src Latency:+    0.000        0.000
        Net Latency:+    0.000 (I)    0.000 (I)
            Arrival:=    0.000        0.000

       Output Delay:-    2.000
        Uncertainty:+    0.050
        Cppr Adjust:-    0.000
      Required Time:=   -1.950
       Launch Clock:=    0.000
          Data Path:+    0.175
              Slack:=    2.125

#----------------------------------------------------------------------------------------
# Timing Point              Flags  Arc    Edge  Cell       Fanout  Trans   Delay  Arrival  
#                                                                   (ns)    (ns)     (ns)  
#----------------------------------------------------------------------------------------
  u_alu_core_Out_reg[4]/CP  -      CP     R     (arrival)       8  0.000       -    0.000  
  u_alu_core_Out_reg[4]/Q   -      CP->Q  F     DFQD4           1  0.000   0.080    0.080  
  FE_OFC130_wOut_4/Z        -      I->Z   F     BUFFD6          1  0.017   0.095    0.175  
  out_inst4/I               -      I      F     PDDW16DGZ       1  0.164   0.000    0.175  
#----------------------------------------------------------------------------------------

