###############################################################
#  Generated by:      Cadence Tempus 22.15-s092_1
#  OS:                Linux x86_64(Host ID ncdc-0137)
#  Generated on:      Wed Aug 12 04:45:47 2026
#  Design:            top_wrapper
#  Command:           report_timing -late  -max_paths 10 > /home/cc/Documents/Abdullah/Lab_04_Data/export/Tempus_Data/reports/tempus_signoff/setup_paths.rpt
###############################################################
Path 1: MET (4.217 ns) Late Output Delay Assertion
               View: view_func_setup
              Group: CLK
         Startpoint: (R) u_alu_core_Out_reg[7]/CP
              Clock: (R) CLK
           Endpoint: (R) out_inst7/I
              Clock: (R) CLK

                       Capture       Launch
         Clock Edge:+   10.000        0.000
        Src Latency:+    0.000        0.000
        Net Latency:+    0.000 (I)    0.000 (I)
            Arrival:=   10.000        0.000

       Output Delay:-    5.000
        Uncertainty:-    0.150
        Cppr Adjust:+    0.000
      Required Time:=    4.850
       Launch Clock:=    0.000
          Data Path:+    0.633
              Slack:=    4.217

#----------------------------------------------------------------------------------------
# Timing Point              Flags  Arc    Edge  Cell       Fanout  Trans   Delay  Arrival  
#                                                                   (ns)    (ns)     (ns)  
#----------------------------------------------------------------------------------------
  u_alu_core_Out_reg[7]/CP  -      CP     R     (arrival)       8  0.000       -    0.000  
  u_alu_core_Out_reg[7]/Q   -      CP->Q  R     DFQD1           1  0.000   0.328    0.328  
  FE_OFC17_wOut_7/Z         -      I->Z   R     CKBD4           1  0.284   0.305    0.633  
  out_inst7/I               -      I      R     PDDW16DGZ       1  0.409   0.000    0.633  
#----------------------------------------------------------------------------------------
Path 2: MET (4.285 ns) Late Output Delay Assertion
               View: view_func_setup
              Group: CLK
         Startpoint: (R) u_alu_core_Out_reg[6]/CP
              Clock: (R) CLK
           Endpoint: (R) out_inst6/I
              Clock: (R) CLK

                       Capture       Launch
         Clock Edge:+   10.000        0.000
        Src Latency:+    0.000        0.000
        Net Latency:+    0.000 (I)    0.000 (I)
            Arrival:=   10.000        0.000

       Output Delay:-    5.000
        Uncertainty:-    0.150
        Cppr Adjust:+    0.000
      Required Time:=    4.850
       Launch Clock:=    0.000
          Data Path:+    0.565
              Slack:=    4.285

#----------------------------------------------------------------------------------------
# Timing Point              Flags  Arc    Edge  Cell       Fanout  Trans   Delay  Arrival  
#                                                                   (ns)    (ns)     (ns)  
#----------------------------------------------------------------------------------------
  u_alu_core_Out_reg[6]/CP  -      CP     R     (arrival)       8  0.000       -    0.000  
  u_alu_core_Out_reg[6]/Q   -      CP->Q  R     DFQD2           1  0.000   0.291    0.291  
  FE_OFC15_wOut_6/Z         -      I->Z   R     CKBD4           1  0.200   0.274    0.565  
  out_inst6/I               -      I      R     PDDW16DGZ       1  0.382   0.000    0.565  
#----------------------------------------------------------------------------------------
Path 3: MET (4.290 ns) Late Output Delay Assertion
               View: view_func_setup
              Group: CLK
         Startpoint: (R) u_alu_core_Out_reg[5]/CP
              Clock: (R) CLK
           Endpoint: (R) out_inst5/I
              Clock: (R) CLK

                       Capture       Launch
         Clock Edge:+   10.000        0.000
        Src Latency:+    0.000        0.000
        Net Latency:+    0.000 (I)    0.000 (I)
            Arrival:=   10.000        0.000

       Output Delay:-    5.000
        Uncertainty:-    0.150
        Cppr Adjust:+    0.000
      Required Time:=    4.850
       Launch Clock:=    0.000
          Data Path:+    0.560
              Slack:=    4.290

#----------------------------------------------------------------------------------------
# Timing Point              Flags  Arc    Edge  Cell       Fanout  Trans   Delay  Arrival  
#                                                                   (ns)    (ns)     (ns)  
#----------------------------------------------------------------------------------------
  u_alu_core_Out_reg[5]/CP  -      CP     R     (arrival)       8  0.000       -    0.000  
  u_alu_core_Out_reg[5]/Q   -      CP->Q  R     DFQD2           1  0.000   0.285    0.285  
  FE_OFC16_wOut_5/Z         -      I->Z   R     CKBD4           1  0.188   0.276    0.560  
  out_inst5/I               -      I      R     PDDW16DGZ       1  0.392   0.000    0.560  
#----------------------------------------------------------------------------------------
Path 4: MET (4.387 ns) Late Output Delay Assertion
               View: view_func_setup
              Group: CLK
         Startpoint: (R) u_alu_core_Out_reg[2]/CP
              Clock: (R) CLK
           Endpoint: (R) out_inst2/I
              Clock: (R) CLK

                       Capture       Launch
         Clock Edge:+   10.000        0.000
        Src Latency:+    0.000        0.000
        Net Latency:+    0.000 (I)    0.000 (I)
            Arrival:=   10.000        0.000

       Output Delay:-    5.000
        Uncertainty:-    0.150
        Cppr Adjust:+    0.000
      Required Time:=    4.850
       Launch Clock:=    0.000
          Data Path:+    0.463
              Slack:=    4.387

#----------------------------------------------------------------------------------------
# Timing Point              Flags  Arc    Edge  Cell       Fanout  Trans   Delay  Arrival  
#                                                                   (ns)    (ns)     (ns)  
#----------------------------------------------------------------------------------------
  u_alu_core_Out_reg[2]/CP  -      CP     R     (arrival)       8  0.000       -    0.000  
  u_alu_core_Out_reg[2]/Q   -      CP->Q  R     DFQD4           1  0.000   0.222    0.222  
  FE_OFC133_wOut_2/Z        -      I->Z   R     CKBD4           1  0.084   0.241    0.463  
  out_inst2/I               -      I      R     PDDW16DGZ       1  0.381   0.000    0.463  
#----------------------------------------------------------------------------------------
Path 5: MET (4.389 ns) Late Output Delay Assertion
               View: view_func_setup
              Group: CLK
         Startpoint: (R) u_alu_core_Out_reg[1]/CP
              Clock: (R) CLK
           Endpoint: (R) out_inst1/I
              Clock: (R) CLK

                       Capture       Launch
         Clock Edge:+   10.000        0.000
        Src Latency:+    0.000        0.000
        Net Latency:+    0.000 (I)    0.000 (I)
            Arrival:=   10.000        0.000

       Output Delay:-    5.000
        Uncertainty:-    0.150
        Cppr Adjust:+    0.000
      Required Time:=    4.850
       Launch Clock:=    0.000
          Data Path:+    0.461
              Slack:=    4.389

#----------------------------------------------------------------------------------------
# Timing Point              Flags  Arc    Edge  Cell       Fanout  Trans   Delay  Arrival  
#                                                                   (ns)    (ns)     (ns)  
#----------------------------------------------------------------------------------------
  u_alu_core_Out_reg[1]/CP  -      CP     R     (arrival)       8  0.000       -    0.000  
  u_alu_core_Out_reg[1]/Q   -      CP->Q  R     DFQD4           1  0.000   0.220    0.220  
  FE_OFC132_wOut_1/Z        -      I->Z   R     CKBD4           1  0.081   0.241    0.461  
  out_inst1/I               -      I      R     PDDW16DGZ       1  0.383   0.000    0.461  
#----------------------------------------------------------------------------------------
Path 6: MET (4.461 ns) Late Output Delay Assertion
               View: view_func_setup
              Group: CLK
         Startpoint: (R) u_alu_core_Out_reg[4]/CP
              Clock: (R) CLK
           Endpoint: (R) out_inst4/I
              Clock: (R) CLK

                       Capture       Launch
         Clock Edge:+   10.000        0.000
        Src Latency:+    0.000        0.000
        Net Latency:+    0.000 (I)    0.000 (I)
            Arrival:=   10.000        0.000

       Output Delay:-    5.000
        Uncertainty:-    0.150
        Cppr Adjust:+    0.000
      Required Time:=    4.850
       Launch Clock:=    0.000
          Data Path:+    0.389
              Slack:=    4.461

#----------------------------------------------------------------------------------------
# Timing Point              Flags  Arc    Edge  Cell       Fanout  Trans   Delay  Arrival  
#                                                                   (ns)    (ns)     (ns)  
#----------------------------------------------------------------------------------------
  u_alu_core_Out_reg[4]/CP  -      CP     R     (arrival)       8  0.000       -    0.000  
  u_alu_core_Out_reg[4]/Q   -      CP->Q  R     DFQD4           1  0.000   0.181    0.181  
  FE_OFC130_wOut_4/Z        -      I->Z   R     BUFFD6          1  0.035   0.207    0.389  
  out_inst4/I               -      I      R     PDDW16DGZ       1  0.342   0.000    0.389  
#----------------------------------------------------------------------------------------
Path 7: MET (4.462 ns) Late Output Delay Assertion
               View: view_func_setup
              Group: CLK
         Startpoint: (R) u_alu_core_Out_reg[0]/CP
              Clock: (R) CLK
           Endpoint: (R) out_inst0/I
              Clock: (R) CLK

                       Capture       Launch
         Clock Edge:+   10.000        0.000
        Src Latency:+    0.000        0.000
        Net Latency:+    0.000 (I)    0.000 (I)
            Arrival:=   10.000        0.000

       Output Delay:-    5.000
        Uncertainty:-    0.150
        Cppr Adjust:+    0.000
      Required Time:=    4.850
       Launch Clock:=    0.000
          Data Path:+    0.388
              Slack:=    4.462

#----------------------------------------------------------------------------------------
# Timing Point              Flags  Arc    Edge  Cell       Fanout  Trans   Delay  Arrival  
#                                                                   (ns)    (ns)     (ns)  
#----------------------------------------------------------------------------------------
  u_alu_core_Out_reg[0]/CP  -      CP     R     (arrival)       8  0.000       -    0.000  
  u_alu_core_Out_reg[0]/Q   -      CP->Q  R     DFQD4           1  0.000   0.181    0.181  
  FE_OFC129_wOut_0/Z        -      I->Z   R     BUFFD6          1  0.035   0.207    0.388  
  out_inst0/I               -      I      R     PDDW16DGZ       1  0.341   0.000    0.388  
#----------------------------------------------------------------------------------------
Path 8: MET (4.462 ns) Late Output Delay Assertion
               View: view_func_setup
              Group: CLK
         Startpoint: (R) u_alu_core_Out_reg[3]/CP
              Clock: (R) CLK
           Endpoint: (R) out_inst3/I
              Clock: (R) CLK

                       Capture       Launch
         Clock Edge:+   10.000        0.000
        Src Latency:+    0.000        0.000
        Net Latency:+    0.000 (I)    0.000 (I)
            Arrival:=   10.000        0.000

       Output Delay:-    5.000
        Uncertainty:-    0.150
        Cppr Adjust:+    0.000
      Required Time:=    4.850
       Launch Clock:=    0.000
          Data Path:+    0.388
              Slack:=    4.462

#----------------------------------------------------------------------------------------
# Timing Point              Flags  Arc    Edge  Cell       Fanout  Trans   Delay  Arrival  
#                                                                   (ns)    (ns)     (ns)  
#----------------------------------------------------------------------------------------
  u_alu_core_Out_reg[3]/CP  -      CP     R     (arrival)       8  0.000       -    0.000  
  u_alu_core_Out_reg[3]/Q   -      CP->Q  R     DFQD4           1  0.000   0.181    0.181  
  FE_OFC131_wOut_3/Z        -      I->Z   R     BUFFD6          1  0.035   0.206    0.388  
  out_inst3/I               -      I      R     PDDW16DGZ       1  0.339   0.000    0.388  
#----------------------------------------------------------------------------------------
Path 9: MET (6.711 ns) Setup Check with Pin u_alu_core_Out_reg[7]/CP->D
               View: view_func_setup
              Group: CLK
         Startpoint: (R) rst_inst/C
              Clock: (R) CLK
           Endpoint: (R) u_alu_core_Out_reg[7]/D
              Clock: (R) CLK

                       Capture       Launch
         Clock Edge:+   10.000        0.000
        Src Latency:+    0.000        0.000
        Net Latency:+    0.000 (I)    0.000 (I)
            Arrival:=   10.000        0.000

              Setup:-    0.093
        Uncertainty:-    0.150
        Cppr Adjust:+    0.000
      Required Time:=    9.757
       Launch Clock:=    0.000
        Input Delay:+    2.000
          Data Path:+    1.046
              Slack:=    6.711

#----------------------------------------------------------------------------------------
# Timing Point             Flags  Arc     Edge  Cell       Fanout  Trans   Delay  Arrival  
#                                                                   (ns)    (ns)     (ns)  
#----------------------------------------------------------------------------------------
  rst_inst/C               -      C       R     (arrival)       3  0.041   0.004    2.004  
  g1013__3680/ZN           -      A1->ZN  R     INR2D2          9  0.034   0.197    2.201  
  g1002__1666/ZN           -      A1->ZN  F     ND2D1           8  0.236   0.218    2.419  
  g984__6783/ZN            -      A1->ZN  R     OAI221D0        1  0.241   0.163    2.581  
  FE_OFC9_n_29/ZN          -      I->ZN   F     CKND0           1  0.213   0.223    2.805  
  FE_OFC10_n_29/ZN         -      I->ZN   R     INVD1           1  0.244   0.241    3.046  
  u_alu_core_Out_reg[7]/D  -      D       R     DFQD1           1  0.258   0.000    3.046  
#----------------------------------------------------------------------------------------
Path 10: MET (6.882 ns) Setup Check with Pin u_alu_core_Out_reg[2]/CP->D
               View: view_func_setup
              Group: CLK
         Startpoint: (F) sel_inst0/C
              Clock: (R) CLK
           Endpoint: (R) u_alu_core_Out_reg[2]/D
              Clock: (R) CLK

                       Capture       Launch
         Clock Edge:+   10.000        0.000
        Src Latency:+    0.000        0.000
        Net Latency:+    0.000 (I)    0.000 (I)
            Arrival:=   10.000        0.000

              Setup:-    0.095
        Uncertainty:-    0.150
        Cppr Adjust:+    0.000
      Required Time:=    9.755
       Launch Clock:=    0.000
        Input Delay:+    2.000
          Data Path:+    0.873
              Slack:=    6.882

#----------------------------------------------------------------------------------------
# Timing Point             Flags  Arc     Edge  Cell       Fanout  Trans   Delay  Arrival  
#                                                                   (ns)    (ns)     (ns)  
#----------------------------------------------------------------------------------------
  sel_inst0/C              -      C       F     (arrival)       3  0.047   0.005    2.005  
  g1003__7410/ZN           -      A1->ZN  F     IND3D1          8  0.039   0.300    2.305  
  g1001__2346/ZN           -      A1->ZN  R     NR2D1           1  0.373   0.141    2.446  
  g990__8246/ZN            -      B->ZN   F     AOI31D1         1  0.135   0.075    2.521  
  g983__5526/ZN            -      C->ZN   R     OAI221D0        1  0.113   0.115    2.636  
  FE_OFC11_n_30/Z          -      I->Z    R     CKBD0           1  0.223   0.238    2.873  
  u_alu_core_Out_reg[2]/D  -      D       R     DFQD4           1  0.216   0.000    2.873  
#----------------------------------------------------------------------------------------

