###############################################################
#  Generated by:      Cadence Tempus 22.15-s092_1
#  OS:                Linux x86_64(Host ID ncdc-0137)
#  Generated on:      Wed Aug 12 04:45:47 2026
#  Design:            top_wrapper
#  Command:           report_timing_summary > /home/cc/Documents/Abdullah/Lab_04_Data/export/Tempus_Data/reports/tempus_signoff/summary.rpt
###############################################################
# SETUP                WNS    TNS   FEP   
#----------------------------------------
 View : ALL          4.217  0.000     0  
    Group : in2out     N/A    N/A     0  
    Group : reg2out    N/A    N/A     0  
    Group : in2reg     N/A    N/A     0  
    Group : reg2reg  4.217    0.0     0  
                                         
#----------------------------------------
 
# HOLD                 WNS    TNS   FEP   
#----------------------------------------
 View : ALL          0.516  0.000     0  
    Group : in2out     N/A    N/A     0  
    Group : reg2out    N/A    N/A     0  
    Group : in2reg     N/A    N/A     0  
    Group : reg2reg  0.516    0.0     0  
                                         
#----------------------------------------
 
# DRV                           WNS       TNS   FEP   
#----------------------------------------------------
 View : ALL                                          
    Check : max_transition   -0.166    -2.656    16  
    Check : min_transition      N/A       N/A     0  
    Check : max_capacitance  -2.900  -127.231    44  
    Check : min_capacitance     N/A       N/A     0  
    Check : max_fanout          N/A       N/A     0  
    Check : min_fanout          N/A       N/A     0  
                                                     
#----------------------------------------------------
 
# Clock checks                              WNS    TNS   FEP   
#-------------------------------------------------------------
 View : ALL                                                   
    Check : min_pulse_width (clocktree)     N/A    N/A     0  
    Check : min_pulse_width (endpoints)   4.724  0.000     0  
    Check : max_skew                        N/A    N/A     0  
    Check : min_period                      N/A    N/A     0  
                                                              
#-------------------------------------------------------------
 
