Operating system: Linux
                  0.0.0 Linux 7.1.4-1.el8.elrepo.x86_64 #1 SMP PREEMPT_DYNAMIC Sat Jul 18 15:34:32 EDT 2026 x86_64
CPU: amd64
     family 6 model 183 stepping 1
     1 CPU

GPU: UNKNOWN

Crash reason:  DUMP_REQUESTED
Crash address: 0x1552238a6406
Process uptime: not available

Thread 0 (crashed)
 0  libcbreakpad.so + 0x36406
    rax = 0x0000000000000000   rdx = 0x0000000000000000
    rcx = 0x00001552238a4cb2   rbx = 0x0000155222dfbeb0
    rsi = 0x0000000000000001   rdi = 0x0000155222dfb838
    rbp = 0x0000155222dfbdf0   rsp = 0x0000155222dfb7a0
     r8 = 0x0000000000000000    r9 = 0x0000000000000000
    r10 = 0x0000155223872d68   r11 = 0x000015522387c226
    r12 = 0x0000000000000000   r13 = 0x0000155222dfc198
    r14 = 0x0000155222dfbe30   r15 = 0x0000000008643728
    rip = 0x00001552238a6406
    Found by: given as instruction pointer in context
 1  libcbreakpad.so + 0x34672
    rbp = 0x0000155222dfbf40   rsp = 0x0000155222dfbe00
    rip = 0x00001552238a4672
    Found by: previous frame's frame pointer
 2  xmsim + 0x7f3f20
    rbp = 0x0000155222dfbf40   rsp = 0x0000155222dfbe98
    rip = 0x0000000000bf3f20
    Found by: stack scanning
 3  xmsim + 0x177c3b9
    rsp = 0x0000155222dfbf50   rip = 0x0000000001b7c3b9
    Found by: stack scanning
 4  xmsim + 0x854870
    rsp = 0x0000155222dfbf58   rip = 0x0000000000c54870
    Found by: stack scanning
 5  xmsim + 0x854870
    rsp = 0x0000155222dfbfb8   rip = 0x0000000000c54870
    Found by: stack scanning
 6  libc-2.28.so + 0x504f5
    rsp = 0x0000155222dfbfc0   rip = 0x00001552226504f5
    Found by: stack scanning
 7  xmsim + 0x854870
    rsp = 0x0000155222dfbfc8   rip = 0x0000000000c54870
    Found by: stack scanning
 8  xmsim + 0x854870
    rsp = 0x0000155222dfc028   rip = 0x0000000000c54870
    Found by: stack scanning
 9  libc-2.28.so + 0x504f5
    rsp = 0x0000155222dfc030   rip = 0x00001552226504f5
    Found by: stack scanning
10  xmsim + 0x854870
    rsp = 0x0000155222dfc038   rip = 0x0000000000c54870
    Found by: stack scanning
11  xmsim + 0x854870
    rsp = 0x0000155222dfc098   rip = 0x0000000000c54870
    Found by: stack scanning
12  libc-2.28.so + 0x504f5
    rsp = 0x0000155222dfc0a0   rip = 0x00001552226504f5
    Found by: stack scanning
13  xmsim + 0x854870
    rsp = 0x0000155222dfc0a8   rip = 0x0000000000c54870
    Found by: stack scanning
14  xmsim + 0x854870
    rsp = 0x0000155222dfc108   rip = 0x0000000000c54870
    Found by: stack scanning
15  libc-2.28.so + 0x504f5
    rsp = 0x0000155222dfc110   rip = 0x00001552226504f5
    Found by: stack scanning
16  xmsim + 0x854870
    rsp = 0x0000155222dfc118   rip = 0x0000000000c54870
    Found by: stack scanning
17  libc-2.28.so + 0x50942
    rsp = 0x0000155222dfc150   rip = 0x0000155222650942
    Found by: stack scanning
18  xmsim + 0x177e165
    rsp = 0x0000155222dfc190   rip = 0x0000000001b7e165
    Found by: stack scanning
19  libc-2.28.so + 0x180800
    rsp = 0x0000155222dfc1e0   rip = 0x0000155222780800
    Found by: stack scanning
20  xmsim + 0x854e7c
    rsp = 0x0000155222dfc220   rip = 0x0000000000c54e7c
    Found by: stack scanning
21  xmsim + 0x854ed5
    rsp = 0x0000155222dfc240   rip = 0x0000000000c54ed5
    Found by: stack scanning
22  xmsim + 0x8b9e6e
    rsp = 0x0000155222dfc270   rip = 0x0000000000cb9e6e
    Found by: stack scanning
23  xmsim + 0x8ba71d
    rsp = 0x0000155222dfc350   rip = 0x0000000000cba71d
    Found by: stack scanning
24  libpthread-2.28.so + 0x12ce0
    rsp = 0x0000155222dfc380   rip = 0x0000155223212ce0
    Found by: stack scanning

Loaded modules:
0x00400000 - 0x026f8fff  xmsim  ???  (main)  (WARNING: No symbols, xmsim, E252156156151C97B1FFBDEF85D9C8D20)
0x155212000000 - 0x155212082fff  libpcre2-8.so.0.7.1  ???
0x155212400000 - 0x155212426fff  libselinux.so.1  ???
0x155212800000 - 0x155212805fff  libuuid.so.1.3.0  ???
0x155212c00000 - 0x155212c4cfff  libblkid.so.1.1.0  ???
0x155213000000 - 0x155213055fff  libmount.so.1.1.0  ???
0x155213400000 - 0x155213406fff  librt-2.28.so  ???
0x155213800000 - 0x15521389efff  libnss_myhostname.so.2  ???
0x155213c00000 - 0x155213c13fff  libresolv-2.28.so  ???
0x155214000000 - 0x155214004fff  libnss_dns-2.28.so  ???
0x155214400000 - 0x15521440afff  libnss_files-2.28.so  ???
0x155214800000 - 0x1552217b5fff  locale-archive  ???
0x155221800000 - 0x1552220d3fff  passwd  ???
0x155222200000 - 0x155222209fff  libnss_sss.so.2  ???
0x155222600000 - 0x1552227bbfff  libc-2.28.so  ???  (WARNING: No symbols, libc-2.28.so, 8D55AA64DACD8B2D0D7B04CEF33DDBB20)
0x155222a00000 - 0x155222b80fff  libm-2.28.so  ???
0x155222e00000 - 0x155222e02fff  libdl-2.28.so  ???
0x155223039000 - 0x15522314afff  libStrapNC.so  ???
0x155223200000 - 0x15522321afff  libpthread-2.28.so  ???  (WARNING: No symbols, libpthread-2.28.so, 6B46ABE79CAC1A5941EF266C4AD26D380)
0x155223425000 - 0x1552234b6fff  libdcapi.so  ???
0x155223567000 - 0x1552235f6fff  libxmjudy.so.1.0.3  ???
0x155223600000 - 0x15522362cfff  ld-2.28.so  ???
0x155223653000 - 0x1552237d1fff  libstdc++.so.6.0.28  ???
0x15522384c000 - 0x155223862fff  libml_uvm.so  ???
0x155223870000 - 0x1552238c3fff  libcbreakpad.so  ???  (WARNING: No symbols, libcbreakpad.so, B7E2589FA42BEAC90FB1C5EEB35368C40)
0x1552238e7000 - 0x1552238fafff  libgcc_s.so.1  ???
0x155223902000 - 0x155223906fff  libxdt.so  ???
0x155223915000 - 0x155223916fff  linux-gate.so  ???

******BACKTRACE*****
<unknown> (libcbreakpad.so) [0x1552238a41a3]
<unknown> (libcbreakpad.so) [0x1552238a4630]
vserror (xmsim) [0x1b7c3b9]
serror (xmsim) [0x1b7e165]
sv_seghandler_aux (xmsim) [0xcb9e6e]
sv_seghandler (xmsim) [0xcba71d]
<unknown> (libpthread.so.0) [0x155223212ce0]
******BACKTRACE END*****