Operating system: Linux
                  0.0.0 Linux 7.1.4-1.el8.elrepo.x86_64 #1 SMP PREEMPT_DYNAMIC Sat Jul 18 15:34:32 EDT 2026 x86_64
CPU: amd64
     family 6 model 183 stepping 1
     1 CPU

GPU: UNKNOWN

Crash reason:  DUMP_REQUESTED
Crash address: 0x7fb5c0fc5406
Process uptime: not available

Thread 0 (crashed)
 0  libcbreakpad.so + 0x36406
    rax = 0x0000000000000000   rdx = 0x0000000000000000
    rcx = 0x00007fb5c0fc3cb2   rbx = 0x00007fb5c0e70eb0
    rsi = 0x0000000000000001   rdi = 0x00007fb5c0e70838
    rbp = 0x00007fb5c0e70df0   rsp = 0x00007fb5c0e707a0
     r8 = 0x0000000000000000    r9 = 0x0000000000000000
    r10 = 0x00007fb5c0f91d68   r11 = 0x00007fb5c0f9b226
    r12 = 0x0000000000000000   r13 = 0x00007fb5c0e71198
    r14 = 0x00007fb5c0e70e30   r15 = 0x0000000004f3dc08
    rip = 0x00007fb5c0fc5406
    Found by: given as instruction pointer in context
 1  libcbreakpad.so + 0x34672
    rbp = 0x00007fb5c0e70f40   rsp = 0x00007fb5c0e70e00
    rip = 0x00007fb5c0fc3672
    Found by: previous frame's frame pointer
 2  xmsim + 0x7f3f20
    rbp = 0x00007fb5c0e70f40   rsp = 0x00007fb5c0e70e98
    rip = 0x0000000000bf3f20
    Found by: stack scanning
 3  xmsim + 0x177c3b9
    rsp = 0x00007fb5c0e70f50   rip = 0x0000000001b7c3b9
    Found by: stack scanning

Loaded modules:
0x00400000 - 0x026f8fff  xmsim  ???  (main)  (WARNING: No symbols, xmsim, E252156156151C97B1FFBDEF85D9C8D20)
0x7fb5ae0de000 - 0x7fb5ae155fff  libcpi.so  ???
0x7fb5afa00000 - 0x7fb5afa82fff  libpcre2-8.so.0.7.1  ???
0x7fb5afe00000 - 0x7fb5afe26fff  libselinux.so.1  ???
0x7fb5b0200000 - 0x7fb5b0205fff  libuuid.so.1.3.0  ???
0x7fb5b0600000 - 0x7fb5b064cfff  libblkid.so.1.1.0  ???
0x7fb5b0a00000 - 0x7fb5b0a55fff  libmount.so.1.1.0  ???
0x7fb5b0e00000 - 0x7fb5b0e06fff  librt-2.28.so  ???
0x7fb5b1200000 - 0x7fb5b129efff  libnss_myhostname.so.2  ???
0x7fb5b1600000 - 0x7fb5b1613fff  libresolv-2.28.so  ???
0x7fb5b1a00000 - 0x7fb5b1a04fff  libnss_dns-2.28.so  ???
0x7fb5b1c0e000 - 0x7fb5b1c6cfff  libdwapi.so  ???
0x7fb5b1e00000 - 0x7fb5b1e0afff  libnss_files-2.28.so  ???
0x7fb5b2200000 - 0x7fb5bf1b5fff  locale-archive  ???
0x7fb5bf200000 - 0x7fb5bfad3fff  passwd  ???
0x7fb5bfc00000 - 0x7fb5bfc09fff  libnss_sss.so.2  ???
0x7fb5bfe39000 - 0x7fb5bff4afff  libStrapNC.so  ???
0x7fb5c0000000 - 0x7fb5c01bbfff  libc-2.28.so  ???
0x7fb5c0400000 - 0x7fb5c0580fff  libm-2.28.so  ???
0x7fb5c0800000 - 0x7fb5c0802fff  libdl-2.28.so  ???
0x7fb5c0b3f000 - 0x7fb5c0bd0fff  libdcapi.so  ???
0x7fb5c0c00000 - 0x7fb5c0c1afff  libpthread-2.28.so  ???
0x7fb5c0ef6000 - 0x7fb5c0f85fff  libxmjudy.so.1.0.3  ???
0x7fb5c0f8f000 - 0x7fb5c0fe2fff  libcbreakpad.so  ???  (WARNING: No symbols, libcbreakpad.so, B7E2589FA42BEAC90FB1C5EEB35368C40)
0x7fb5c1000000 - 0x7fb5c102cfff  ld-2.28.so  ???
0x7fb5c1053000 - 0x7fb5c11d1fff  libstdc++.so.6.0.28  ???
0x7fb5c1231000 - 0x7fb5c1240fff  waves.dsn  ???
0x7fb5c1241000 - 0x7fb5c1257fff  libml_uvm.so  ???
0x7fb5c126b000 - 0x7fb5c127efff  libgcc_s.so.1  ???
0x7fb5c1286000 - 0x7fb5c128afff  libxdt.so  ???
0x7fb5c1299000 - 0x7fb5c129afff  linux-gate.so  ???

******BACKTRACE*****
<unknown> (libcbreakpad.so) [0x7fb5c0fc31a3]
<unknown> (libcbreakpad.so) [0x7fb5c0fc3630]
vserror (xmsim) [0x1b7c3b9]
serror (xmsim) [0x1b7e165]
sv_seghandler_aux (xmsim) [0xcb9e6e]
sv_seghandler (xmsim) [0xcba71d]
<unknown> (libpthread.so.0) [0x7fb5c0c12ce0]
******BACKTRACE END*****