Operating system: Linux
                  0.0.0 Linux 7.1.4-1.el8.elrepo.x86_64 #1 SMP PREEMPT_DYNAMIC Sat Jul 18 15:34:32 EDT 2026 x86_64
CPU: amd64
     family 6 model 183 stepping 1
     1 CPU

GPU: UNKNOWN

Crash reason:  DUMP_REQUESTED
Crash address: 0x1497239c5406
Process uptime: not available

Thread 0 (crashed)
 0  libcbreakpad.so + 0x36406
    rax = 0x0000000000000000   rdx = 0x0000000000000000
    rcx = 0x00001497239c3cb2   rbx = 0x0000149723870eb0
    rsi = 0x0000000000000001   rdi = 0x0000149723870838
    rbp = 0x0000149723870df0   rsp = 0x00001497238707a0
     r8 = 0x0000000000000000    r9 = 0x0000000000000000
    r10 = 0x0000149723991d68   r11 = 0x000014972399b226
    r12 = 0x0000000000000000   r13 = 0x0000149723871198
    r14 = 0x0000149723870e30   r15 = 0x0000000018a41c78
    rip = 0x00001497239c5406
    Found by: given as instruction pointer in context
 1  libcbreakpad.so + 0x34672
    rbp = 0x0000149723870f40   rsp = 0x0000149723870e00
    rip = 0x00001497239c3672
    Found by: previous frame's frame pointer
 2  xmsim + 0x7f3f20
    rbp = 0x0000149723870f40   rsp = 0x0000149723870e98
    rip = 0x0000000000bf3f20
    Found by: stack scanning
 3  xmsim + 0x177c3b9
    rsp = 0x0000149723870f50   rip = 0x0000000001b7c3b9
    Found by: stack scanning
 4  xmsim + 0x854870
    rsp = 0x0000149723870f58   rip = 0x0000000000c54870
    Found by: stack scanning
 5  xmsim + 0x854870
    rsp = 0x0000149723870fb8   rip = 0x0000000000c54870
    Found by: stack scanning
 6  libc-2.28.so + 0x504f5
    rsp = 0x0000149723870fc0   rip = 0x0000149722a504f5
    Found by: stack scanning
 7  xmsim + 0x854870
    rsp = 0x0000149723870fc8   rip = 0x0000000000c54870
    Found by: stack scanning
 8  xmsim + 0x854870
    rsp = 0x0000149723871028   rip = 0x0000000000c54870
    Found by: stack scanning
 9  libc-2.28.so + 0x504f5
    rsp = 0x0000149723871030   rip = 0x0000149722a504f5
    Found by: stack scanning
10  xmsim + 0x854870
    rsp = 0x0000149723871038   rip = 0x0000000000c54870
    Found by: stack scanning
11  xmsim + 0x854870
    rsp = 0x0000149723871098   rip = 0x0000000000c54870
    Found by: stack scanning
12  libc-2.28.so + 0x504f5
    rsp = 0x00001497238710a0   rip = 0x0000149722a504f5
    Found by: stack scanning
13  xmsim + 0x854870
    rsp = 0x00001497238710a8   rip = 0x0000000000c54870
    Found by: stack scanning
14  xmsim + 0x854870
    rsp = 0x0000149723871108   rip = 0x0000000000c54870
    Found by: stack scanning
15  libc-2.28.so + 0x504f5
    rsp = 0x0000149723871110   rip = 0x0000149722a504f5
    Found by: stack scanning
16  xmsim + 0x854870
    rsp = 0x0000149723871118   rip = 0x0000000000c54870
    Found by: stack scanning
17  libc-2.28.so + 0x50942
    rsp = 0x0000149723871150   rip = 0x0000149722a50942
    Found by: stack scanning
18  xmsim + 0x177e165
    rsp = 0x0000149723871190   rip = 0x0000000001b7e165
    Found by: stack scanning
19  libc-2.28.so + 0x180800
    rsp = 0x00001497238711e0   rip = 0x0000149722b80800
    Found by: stack scanning
20  xmsim + 0x854e7c
    rsp = 0x0000149723871220   rip = 0x0000000000c54e7c
    Found by: stack scanning
21  xmsim + 0x854ed5
    rsp = 0x0000149723871240   rip = 0x0000000000c54ed5
    Found by: stack scanning
22  xmsim + 0x8b9e6e
    rsp = 0x0000149723871270   rip = 0x0000000000cb9e6e
    Found by: stack scanning
23  xmsim + 0x8ba71d
    rsp = 0x0000149723871350   rip = 0x0000000000cba71d
    Found by: stack scanning
24  libpthread-2.28.so + 0x12ce0
    rsp = 0x0000149723871380   rip = 0x0000149723612ce0
    Found by: stack scanning

Loaded modules:
0x00400000 - 0x026f8fff  xmsim  ???  (main)  (WARNING: No symbols, xmsim, E252156156151C97B1FFBDEF85D9C8D20)
0x149712400000 - 0x149712482fff  libpcre2-8.so.0.7.1  ???
0x149712800000 - 0x149712826fff  libselinux.so.1  ???
0x149712c00000 - 0x149712c05fff  libuuid.so.1.3.0  ???
0x149713000000 - 0x14971304cfff  libblkid.so.1.1.0  ???
0x149713400000 - 0x149713455fff  libmount.so.1.1.0  ???
0x149713800000 - 0x149713806fff  librt-2.28.so  ???
0x149713c00000 - 0x149713c9efff  libnss_myhostname.so.2  ???
0x149714000000 - 0x149714013fff  libresolv-2.28.so  ???
0x149714400000 - 0x149714404fff  libnss_dns-2.28.so  ???
0x149714800000 - 0x14971480afff  libnss_files-2.28.so  ???
0x149714c00000 - 0x149721bb5fff  locale-archive  ???
0x149721c00000 - 0x1497224d3fff  passwd  ???
0x149722600000 - 0x149722609fff  libnss_sss.so.2  ???
0x149722839000 - 0x14972294afff  libStrapNC.so  ???
0x149722a00000 - 0x149722bbbfff  libc-2.28.so  ???  (WARNING: No symbols, libc-2.28.so, 8D55AA64DACD8B2D0D7B04CEF33DDBB20)
0x149722e00000 - 0x149722f80fff  libm-2.28.so  ???
0x149723200000 - 0x149723202fff  libdl-2.28.so  ???
0x14972353f000 - 0x1497235d0fff  libdcapi.so  ???
0x149723600000 - 0x14972361afff  libpthread-2.28.so  ???  (WARNING: No symbols, libpthread-2.28.so, 6B46ABE79CAC1A5941EF266C4AD26D380)
0x1497238f6000 - 0x149723985fff  libxmjudy.so.1.0.3  ???
0x14972398f000 - 0x1497239e2fff  libcbreakpad.so  ???  (WARNING: No symbols, libcbreakpad.so, B7E2589FA42BEAC90FB1C5EEB35368C40)
0x149723a00000 - 0x149723a2cfff  ld-2.28.so  ???
0x149723a2f000 - 0x149723a45fff  libml_uvm.so  ???
0x149723a53000 - 0x149723bd1fff  libstdc++.so.6.0.28  ???
0x149723c56000 - 0x149723c69fff  libgcc_s.so.1  ???
0x149723c71000 - 0x149723c75fff  libxdt.so  ???
0x149723c84000 - 0x149723c85fff  linux-gate.so  ???

******BACKTRACE*****
<unknown> (libcbreakpad.so) [0x1497239c31a3]
<unknown> (libcbreakpad.so) [0x1497239c3630]
vserror (xmsim) [0x1b7c3b9]
serror (xmsim) [0x1b7e165]
sv_seghandler_aux (xmsim) [0xcb9e6e]
sv_seghandler (xmsim) [0xcba71d]
<unknown> (libpthread.so.0) [0x149723612ce0]
******BACKTRACE END*****