Operating system: Linux
                  0.0.0 Linux 7.1.4-1.el8.elrepo.x86_64 #1 SMP PREEMPT_DYNAMIC Sat Jul 18 15:34:32 EDT 2026 x86_64
CPU: amd64
     family 6 model 183 stepping 1
     1 CPU

GPU: UNKNOWN

Crash reason:  DUMP_REQUESTED
Crash address: 0x7f9a9b5c5406
Process uptime: not available

Thread 0 (crashed)
 0  libcbreakpad.so + 0x36406
    rax = 0x0000000000000000   rdx = 0x0000000000000000
    rcx = 0x00007f9a9b5c3cb2   rbx = 0x00007f9a9b470eb0
    rsi = 0x0000000000000001   rdi = 0x00007f9a9b470838
    rbp = 0x00007f9a9b470df0   rsp = 0x00007f9a9b4707a0
     r8 = 0x0000000000000000    r9 = 0x0000000000000000
    r10 = 0x00007f9a9b591d68   r11 = 0x00007f9a9b59b226
    r12 = 0x0000000000000000   r13 = 0x00007f9a9b471198
    r14 = 0x00007f9a9b470e30   r15 = 0x0000000020782458
    rip = 0x00007f9a9b5c5406
    Found by: given as instruction pointer in context
 1  libcbreakpad.so + 0x34672
    rbp = 0x00007f9a9b470f40   rsp = 0x00007f9a9b470e00
    rip = 0x00007f9a9b5c3672
    Found by: previous frame's frame pointer
 2  xmsim + 0x7f3f20
    rbp = 0x00007f9a9b470f40   rsp = 0x00007f9a9b470e98
    rip = 0x0000000000bf3f20
    Found by: stack scanning
 3  xmsim + 0x177c3b9
    rsp = 0x00007f9a9b470f50   rip = 0x0000000001b7c3b9
    Found by: stack scanning

Loaded modules:
0x00400000 - 0x026f8fff  xmsim  ???  (main)  (WARNING: No symbols, xmsim, E252156156151C97B1FFBDEF85D9C8D20)
0x7f9a886de000 - 0x7f9a88755fff  libcpi.so  ???
0x7f9a8a000000 - 0x7f9a8a082fff  libpcre2-8.so.0.7.1  ???
0x7f9a8a400000 - 0x7f9a8a426fff  libselinux.so.1  ???
0x7f9a8a800000 - 0x7f9a8a805fff  libuuid.so.1.3.0  ???
0x7f9a8ac00000 - 0x7f9a8ac4cfff  libblkid.so.1.1.0  ???
0x7f9a8b000000 - 0x7f9a8b055fff  libmount.so.1.1.0  ???
0x7f9a8b400000 - 0x7f9a8b406fff  librt-2.28.so  ???
0x7f9a8b800000 - 0x7f9a8b89efff  libnss_myhostname.so.2  ???
0x7f9a8bc00000 - 0x7f9a8bc13fff  libresolv-2.28.so  ???
0x7f9a8c000000 - 0x7f9a8c004fff  libnss_dns-2.28.so  ???
0x7f9a8c20e000 - 0x7f9a8c26cfff  libdwapi.so  ???
0x7f9a8c400000 - 0x7f9a8c40afff  libnss_files-2.28.so  ???
0x7f9a8c800000 - 0x7f9a997b5fff  locale-archive  ???
0x7f9a99800000 - 0x7f9a9a0d3fff  passwd  ???
0x7f9a9a200000 - 0x7f9a9a209fff  libnss_sss.so.2  ???
0x7f9a9a439000 - 0x7f9a9a54afff  libStrapNC.so  ???
0x7f9a9a600000 - 0x7f9a9a7bbfff  libc-2.28.so  ???
0x7f9a9aa00000 - 0x7f9a9ab80fff  libm-2.28.so  ???
0x7f9a9ad9f000 - 0x7f9a9adaefff  waves.dsn  ???
0x7f9a9ae00000 - 0x7f9a9ae02fff  libdl-2.28.so  ???
0x7f9a9b13f000 - 0x7f9a9b1d0fff  libdcapi.so  ???
0x7f9a9b200000 - 0x7f9a9b21afff  libpthread-2.28.so  ???
0x7f9a9b4f6000 - 0x7f9a9b585fff  libxmjudy.so.1.0.3  ???
0x7f9a9b58f000 - 0x7f9a9b5e2fff  libcbreakpad.so  ???  (WARNING: No symbols, libcbreakpad.so, B7E2589FA42BEAC90FB1C5EEB35368C40)
0x7f9a9b600000 - 0x7f9a9b62cfff  ld-2.28.so  ???
0x7f9a9b62f000 - 0x7f9a9b645fff  libml_uvm.so  ???
0x7f9a9b653000 - 0x7f9a9b7d1fff  libstdc++.so.6.0.28  ???
0x7f9a9b840000 - 0x7f9a9b853fff  libgcc_s.so.1  ???
0x7f9a9b85b000 - 0x7f9a9b85ffff  libxdt.so  ???
0x7f9a9b86e000 - 0x7f9a9b86ffff  linux-gate.so  ???

******BACKTRACE*****
<unknown> (libcbreakpad.so) [0x7f9a9b5c31a3]
<unknown> (libcbreakpad.so) [0x7f9a9b5c3630]
vserror (xmsim) [0x1b7c3b9]
serror (xmsim) [0x1b7e165]
sv_seghandler_aux (xmsim) [0xcb9e6e]
sv_seghandler (xmsim) [0xcba71d]
<unknown> (libpthread.so.0) [0x7f9a9b212ce0]
******BACKTRACE END*****