Operating system: Linux
                  0.0.0 Linux 7.1.4-1.el8.elrepo.x86_64 #1 SMP PREEMPT_DYNAMIC Sat Jul 18 15:34:32 EDT 2026 x86_64
CPU: amd64
     family 6 model 183 stepping 1
     1 CPU

GPU: UNKNOWN

Crash reason:  DUMP_REQUESTED
Crash address: 0x154d25506406
Process uptime: not available

Thread 0 (crashed)
 0  libcbreakpad.so + 0x36406
    rax = 0x0000000000000000   rdx = 0x0000000000000000
    rcx = 0x0000154d25504cb2   rbx = 0x0000154d250b9eb0
    rsi = 0x0000000000000001   rdi = 0x0000154d250b9838
    rbp = 0x0000154d250b9df0   rsp = 0x0000154d250b97a0
     r8 = 0x0000000000000000    r9 = 0x0000000000000000
    r10 = 0x0000154d254d2d68   r11 = 0x0000154d254dc226
    r12 = 0x0000000000000000   r13 = 0x0000154d250ba198
    r14 = 0x0000154d250b9e30   r15 = 0x00000000159d9c38
    rip = 0x0000154d25506406
    Found by: given as instruction pointer in context
 1  libcbreakpad.so + 0x34672
    rbp = 0x0000154d250b9f40   rsp = 0x0000154d250b9e00
    rip = 0x0000154d25504672
    Found by: previous frame's frame pointer
 2  xmsim + 0x7f3f20
    rbp = 0x0000154d250b9f40   rsp = 0x0000154d250b9e98
    rip = 0x0000000000bf3f20
    Found by: stack scanning
 3  xmsim + 0x177c3b9
    rsp = 0x0000154d250b9f50   rip = 0x0000000001b7c3b9
    Found by: stack scanning
 4  xmsim + 0x854870
    rsp = 0x0000154d250b9f58   rip = 0x0000000000c54870
    Found by: stack scanning
 5  xmsim + 0x854870
    rsp = 0x0000154d250b9fb8   rip = 0x0000000000c54870
    Found by: stack scanning
 6  libc-2.28.so + 0x504f5
    rsp = 0x0000154d250b9fc0   rip = 0x0000154d242504f5
    Found by: stack scanning
 7  xmsim + 0x854870
    rsp = 0x0000154d250b9fc8   rip = 0x0000000000c54870
    Found by: stack scanning
 8  xmsim + 0x854870
    rsp = 0x0000154d250ba028   rip = 0x0000000000c54870
    Found by: stack scanning
 9  libc-2.28.so + 0x504f5
    rsp = 0x0000154d250ba030   rip = 0x0000154d242504f5
    Found by: stack scanning
10  xmsim + 0x854870
    rsp = 0x0000154d250ba038   rip = 0x0000000000c54870
    Found by: stack scanning
11  xmsim + 0x854870
    rsp = 0x0000154d250ba098   rip = 0x0000000000c54870
    Found by: stack scanning
12  libc-2.28.so + 0x504f5
    rsp = 0x0000154d250ba0a0   rip = 0x0000154d242504f5
    Found by: stack scanning
13  xmsim + 0x854870
    rsp = 0x0000154d250ba0a8   rip = 0x0000000000c54870
    Found by: stack scanning
14  xmsim + 0x854870
    rsp = 0x0000154d250ba108   rip = 0x0000000000c54870
    Found by: stack scanning
15  libc-2.28.so + 0x504f5
    rsp = 0x0000154d250ba110   rip = 0x0000154d242504f5
    Found by: stack scanning
16  xmsim + 0x854870
    rsp = 0x0000154d250ba118   rip = 0x0000000000c54870
    Found by: stack scanning
17  libc-2.28.so + 0x50942
    rsp = 0x0000154d250ba150   rip = 0x0000154d24250942
    Found by: stack scanning
18  xmsim + 0x177e165
    rsp = 0x0000154d250ba190   rip = 0x0000000001b7e165
    Found by: stack scanning
19  libc-2.28.so + 0x180800
    rsp = 0x0000154d250ba1e0   rip = 0x0000154d24380800
    Found by: stack scanning
20  xmsim + 0x854e7c
    rsp = 0x0000154d250ba220   rip = 0x0000000000c54e7c
    Found by: stack scanning
21  xmsim + 0x854ed5
    rsp = 0x0000154d250ba240   rip = 0x0000000000c54ed5
    Found by: stack scanning
22  xmsim + 0x8b9e6e
    rsp = 0x0000154d250ba270   rip = 0x0000000000cb9e6e
    Found by: stack scanning
23  xmsim + 0x8ba71d
    rsp = 0x0000154d250ba350   rip = 0x0000000000cba71d
    Found by: stack scanning
24  libpthread-2.28.so + 0x12ce0
    rsp = 0x0000154d250ba380   rip = 0x0000154d24e12ce0
    Found by: stack scanning

Loaded modules:
0x00400000 - 0x026f8fff  xmsim  ???  (main)  (WARNING: No symbols, xmsim, E252156156151C97B1FFBDEF85D9C8D20)
0x154d13c00000 - 0x154d13c82fff  libpcre2-8.so.0.7.1  ???
0x154d14000000 - 0x154d14026fff  libselinux.so.1  ???
0x154d14400000 - 0x154d14405fff  libuuid.so.1.3.0  ???
0x154d14800000 - 0x154d1484cfff  libblkid.so.1.1.0  ???
0x154d14c00000 - 0x154d14c55fff  libmount.so.1.1.0  ???
0x154d15000000 - 0x154d15006fff  librt-2.28.so  ???
0x154d15400000 - 0x154d1549efff  libnss_myhostname.so.2  ???
0x154d15800000 - 0x154d15813fff  libresolv-2.28.so  ???
0x154d15c00000 - 0x154d15c04fff  libnss_dns-2.28.so  ???
0x154d16000000 - 0x154d1600afff  libnss_files-2.28.so  ???
0x154d16400000 - 0x154d233b5fff  locale-archive  ???
0x154d23400000 - 0x154d23cd3fff  passwd  ???
0x154d23e00000 - 0x154d23e09fff  libnss_sss.so.2  ???
0x154d24200000 - 0x154d243bbfff  libc-2.28.so  ???  (WARNING: No symbols, libc-2.28.so, 8D55AA64DACD8B2D0D7B04CEF33DDBB20)
0x154d24600000 - 0x154d24780fff  libm-2.28.so  ???
0x154d24a00000 - 0x154d24a02fff  libdl-2.28.so  ???
0x154d24c39000 - 0x154d24d4afff  libStrapNC.so  ???
0x154d24e00000 - 0x154d24e1afff  libpthread-2.28.so  ???  (WARNING: No symbols, libpthread-2.28.so, 6B46ABE79CAC1A5941EF266C4AD26D380)
0x154d250be000 - 0x154d2514ffff  libdcapi.so  ???
0x154d25200000 - 0x154d2522cfff  ld-2.28.so  ???
0x154d2522f000 - 0x154d25245fff  libml_uvm.so  ???
0x154d25253000 - 0x154d253d1fff  libstdc++.so.6.0.28  ???
0x154d25437000 - 0x154d254c6fff  libxmjudy.so.1.0.3  ???
0x154d254d0000 - 0x154d25523fff  libcbreakpad.so  ???  (WARNING: No symbols, libcbreakpad.so, B7E2589FA42BEAC90FB1C5EEB35368C40)
0x154d25547000 - 0x154d2555afff  libgcc_s.so.1  ???
0x154d25562000 - 0x154d25566fff  libxdt.so  ???
0x154d25575000 - 0x154d25576fff  linux-gate.so  ???

******BACKTRACE*****
<unknown> (libcbreakpad.so) [0x154d255041a3]
<unknown> (libcbreakpad.so) [0x154d25504630]
vserror (xmsim) [0x1b7c3b9]
serror (xmsim) [0x1b7e165]
sv_seghandler_aux (xmsim) [0xcb9e6e]
sv_seghandler (xmsim) [0xcba71d]
<unknown> (libpthread.so.0) [0x154d24e12ce0]
******BACKTRACE END*****