Operating system: Linux
                  0.0.0 Linux 7.1.4-1.el8.elrepo.x86_64 #1 SMP PREEMPT_DYNAMIC Sat Jul 18 15:34:32 EDT 2026 x86_64
CPU: amd64
     family 6 model 183 stepping 1
     1 CPU

GPU: UNKNOWN

Crash reason:  DUMP_REQUESTED
Crash address: 0x7f9aca5c5406
Process uptime: not available

Thread 0 (crashed)
 0  libcbreakpad.so + 0x36406
    rax = 0x0000000000000000   rdx = 0x0000000000000000
    rcx = 0x00007f9aca5c3cb2   rbx = 0x00007f9aca470eb0
    rsi = 0x0000000000000001   rdi = 0x00007f9aca470838
    rbp = 0x00007f9aca470df0   rsp = 0x00007f9aca4707a0
     r8 = 0x0000000000000000    r9 = 0x0000000000000000
    r10 = 0x00007f9aca591d68   r11 = 0x00007f9aca59b226
    r12 = 0x0000000000000000   r13 = 0x00007f9aca471198
    r14 = 0x00007f9aca470e30   r15 = 0x000000002ee9f478
    rip = 0x00007f9aca5c5406
    Found by: given as instruction pointer in context
 1  libcbreakpad.so + 0x34672
    rbp = 0x00007f9aca470f40   rsp = 0x00007f9aca470e00
    rip = 0x00007f9aca5c3672
    Found by: previous frame's frame pointer
 2  xmsim + 0x7f3f20
    rbp = 0x00007f9aca470f40   rsp = 0x00007f9aca470e98
    rip = 0x0000000000bf3f20
    Found by: stack scanning
 3  xmsim + 0x177c3b9
    rsp = 0x00007f9aca470f50   rip = 0x0000000001b7c3b9
    Found by: stack scanning

Loaded modules:
0x00400000 - 0x026f8fff  xmsim  ???  (main)  (WARNING: No symbols, xmsim, E252156156151C97B1FFBDEF85D9C8D20)
0x7f9ab76de000 - 0x7f9ab7755fff  libcpi.so  ???
0x7f9ab9000000 - 0x7f9ab9082fff  libpcre2-8.so.0.7.1  ???
0x7f9ab9400000 - 0x7f9ab9426fff  libselinux.so.1  ???
0x7f9ab9800000 - 0x7f9ab9805fff  libuuid.so.1.3.0  ???
0x7f9ab9c00000 - 0x7f9ab9c4cfff  libblkid.so.1.1.0  ???
0x7f9aba000000 - 0x7f9aba055fff  libmount.so.1.1.0  ???
0x7f9aba400000 - 0x7f9aba406fff  librt-2.28.so  ???
0x7f9aba800000 - 0x7f9aba89efff  libnss_myhostname.so.2  ???
0x7f9abac00000 - 0x7f9abac13fff  libresolv-2.28.so  ???
0x7f9abb000000 - 0x7f9abb004fff  libnss_dns-2.28.so  ???
0x7f9abb20e000 - 0x7f9abb26cfff  libdwapi.so  ???
0x7f9abb400000 - 0x7f9abb40afff  libnss_files-2.28.so  ???
0x7f9abb800000 - 0x7f9ac87b5fff  locale-archive  ???
0x7f9ac8800000 - 0x7f9ac90d3fff  passwd  ???
0x7f9ac9200000 - 0x7f9ac9209fff  libnss_sss.so.2  ???
0x7f9ac9439000 - 0x7f9ac954afff  libStrapNC.so  ???
0x7f9ac9600000 - 0x7f9ac97bbfff  libc-2.28.so  ???
0x7f9ac9a00000 - 0x7f9ac9b80fff  libm-2.28.so  ???
0x7f9ac9d82000 - 0x7f9ac9d91fff  waves.dsn  ???
0x7f9ac9e00000 - 0x7f9ac9e02fff  libdl-2.28.so  ???
0x7f9aca0d5000 - 0x7f9aca0ebfff  libml_uvm.so  ???
0x7f9aca13f000 - 0x7f9aca1d0fff  libdcapi.so  ???
0x7f9aca200000 - 0x7f9aca21afff  libpthread-2.28.so  ???
0x7f9aca4f6000 - 0x7f9aca585fff  libxmjudy.so.1.0.3  ???
0x7f9aca58f000 - 0x7f9aca5e2fff  libcbreakpad.so  ???  (WARNING: No symbols, libcbreakpad.so, B7E2589FA42BEAC90FB1C5EEB35368C40)
0x7f9aca600000 - 0x7f9aca62cfff  ld-2.28.so  ???
0x7f9aca62d000 - 0x7f9aca640fff  libgcc_s.so.1  ???
0x7f9aca647000 - 0x7f9aca7c5fff  libstdc++.so.6.0.28  ???
0x7f9aca822000 - 0x7f9aca826fff  libxdt.so  ???
0x7f9aca83e000 - 0x7f9aca83ffff  linux-gate.so  ???

******BACKTRACE*****
<unknown> (libcbreakpad.so) [0x7f9aca5c31a3]
<unknown> (libcbreakpad.so) [0x7f9aca5c3630]
vserror (xmsim) [0x1b7c3b9]
serror (xmsim) [0x1b7e165]
sv_seghandler_aux (xmsim) [0xcb9e6e]
sv_seghandler (xmsim) [0xcba71d]
<unknown> (libpthread.so.0) [0x7f9aca212ce0]
******BACKTRACE END*****