Operating system: Linux
                  0.0.0 Linux 7.1.4-1.el8.elrepo.x86_64 #1 SMP PREEMPT_DYNAMIC Sat Jul 18 15:34:32 EDT 2026 x86_64
CPU: amd64
     family 6 model 183 stepping 1
     1 CPU

GPU: UNKNOWN

Crash reason:  DUMP_REQUESTED
Crash address: 0x1498a71c5406
Process uptime: not available

Thread 0 (crashed)
 0  libcbreakpad.so + 0x36406
    rax = 0x0000000000000000   rdx = 0x0000000000000000
    rcx = 0x00001498a71c3cb2   rbx = 0x00001498a7070eb0
    rsi = 0x0000000000000001   rdi = 0x00001498a7070838
    rbp = 0x00001498a7070df0   rsp = 0x00001498a70707a0
     r8 = 0x0000000000000000    r9 = 0x0000000000000000
    r10 = 0x00001498a7191d68   r11 = 0x00001498a719b226
    r12 = 0x0000000000000000   r13 = 0x00001498a7071198
    r14 = 0x00001498a7070e30   r15 = 0x0000000026e59f58
    rip = 0x00001498a71c5406
    Found by: given as instruction pointer in context
 1  libcbreakpad.so + 0x34672
    rbp = 0x00001498a7070f40   rsp = 0x00001498a7070e00
    rip = 0x00001498a71c3672
    Found by: previous frame's frame pointer
 2  xmsim + 0x7f3f20
    rbp = 0x00001498a7070f40   rsp = 0x00001498a7070e98
    rip = 0x0000000000bf3f20
    Found by: stack scanning
 3  xmsim + 0x177c3b9
    rsp = 0x00001498a7070f50   rip = 0x0000000001b7c3b9
    Found by: stack scanning
 4  xmsim + 0x854870
    rsp = 0x00001498a7070f58   rip = 0x0000000000c54870
    Found by: stack scanning
 5  xmsim + 0x854870
    rsp = 0x00001498a7070fb8   rip = 0x0000000000c54870
    Found by: stack scanning
 6  libc-2.28.so + 0x504f5
    rsp = 0x00001498a7070fc0   rip = 0x00001498a62504f5
    Found by: stack scanning
 7  xmsim + 0x854870
    rsp = 0x00001498a7070fc8   rip = 0x0000000000c54870
    Found by: stack scanning
 8  xmsim + 0x854870
    rsp = 0x00001498a7071028   rip = 0x0000000000c54870
    Found by: stack scanning
 9  libc-2.28.so + 0x504f5
    rsp = 0x00001498a7071030   rip = 0x00001498a62504f5
    Found by: stack scanning
10  xmsim + 0x854870
    rsp = 0x00001498a7071038   rip = 0x0000000000c54870
    Found by: stack scanning
11  xmsim + 0x854870
    rsp = 0x00001498a7071098   rip = 0x0000000000c54870
    Found by: stack scanning
12  libc-2.28.so + 0x504f5
    rsp = 0x00001498a70710a0   rip = 0x00001498a62504f5
    Found by: stack scanning
13  xmsim + 0x854870
    rsp = 0x00001498a70710a8   rip = 0x0000000000c54870
    Found by: stack scanning
14  xmsim + 0x854870
    rsp = 0x00001498a7071108   rip = 0x0000000000c54870
    Found by: stack scanning
15  libc-2.28.so + 0x504f5
    rsp = 0x00001498a7071110   rip = 0x00001498a62504f5
    Found by: stack scanning
16  xmsim + 0x854870
    rsp = 0x00001498a7071118   rip = 0x0000000000c54870
    Found by: stack scanning
17  libc-2.28.so + 0x50942
    rsp = 0x00001498a7071150   rip = 0x00001498a6250942
    Found by: stack scanning
18  xmsim + 0x177e165
    rsp = 0x00001498a7071190   rip = 0x0000000001b7e165
    Found by: stack scanning
19  libc-2.28.so + 0x180800
    rsp = 0x00001498a70711e0   rip = 0x00001498a6380800
    Found by: stack scanning
20  xmsim + 0x854e7c
    rsp = 0x00001498a7071220   rip = 0x0000000000c54e7c
    Found by: stack scanning
21  xmsim + 0x854ed5
    rsp = 0x00001498a7071240   rip = 0x0000000000c54ed5
    Found by: stack scanning
22  xmsim + 0x8b9e6e
    rsp = 0x00001498a7071270   rip = 0x0000000000cb9e6e
    Found by: stack scanning
23  xmsim + 0x8ba71d
    rsp = 0x00001498a7071350   rip = 0x0000000000cba71d
    Found by: stack scanning
24  libpthread-2.28.so + 0x12ce0
    rsp = 0x00001498a7071380   rip = 0x00001498a6e12ce0
    Found by: stack scanning

Loaded modules:
0x00400000 - 0x026f8fff  xmsim  ???  (main)  (WARNING: No symbols, xmsim, E252156156151C97B1FFBDEF85D9C8D20)
0x149895c00000 - 0x149895c82fff  libpcre2-8.so.0.7.1  ???
0x149896000000 - 0x149896026fff  libselinux.so.1  ???
0x149896400000 - 0x149896405fff  libuuid.so.1.3.0  ???
0x149896800000 - 0x14989684cfff  libblkid.so.1.1.0  ???
0x149896c00000 - 0x149896c55fff  libmount.so.1.1.0  ???
0x149897000000 - 0x149897006fff  librt-2.28.so  ???
0x149897400000 - 0x14989749efff  libnss_myhostname.so.2  ???
0x149897800000 - 0x149897813fff  libresolv-2.28.so  ???
0x149897c00000 - 0x149897c04fff  libnss_dns-2.28.so  ???
0x149898000000 - 0x14989800afff  libnss_files-2.28.so  ???
0x149898400000 - 0x1498a53b5fff  locale-archive  ???
0x1498a5400000 - 0x1498a5cd3fff  passwd  ???
0x1498a5e00000 - 0x1498a5e09fff  libnss_sss.so.2  ???
0x1498a6039000 - 0x1498a614afff  libStrapNC.so  ???
0x1498a6200000 - 0x1498a63bbfff  libc-2.28.so  ???  (WARNING: No symbols, libc-2.28.so, 8D55AA64DACD8B2D0D7B04CEF33DDBB20)
0x1498a6600000 - 0x1498a6780fff  libm-2.28.so  ???
0x1498a6a00000 - 0x1498a6a02fff  libdl-2.28.so  ???
0x1498a6cd5000 - 0x1498a6cebfff  libml_uvm.so  ???
0x1498a6d3f000 - 0x1498a6dd0fff  libdcapi.so  ???
0x1498a6e00000 - 0x1498a6e1afff  libpthread-2.28.so  ???  (WARNING: No symbols, libpthread-2.28.so, 6B46ABE79CAC1A5941EF266C4AD26D380)
0x1498a70f6000 - 0x1498a7185fff  libxmjudy.so.1.0.3  ???
0x1498a718f000 - 0x1498a71e2fff  libcbreakpad.so  ???  (WARNING: No symbols, libcbreakpad.so, B7E2589FA42BEAC90FB1C5EEB35368C40)
0x1498a7200000 - 0x1498a722cfff  ld-2.28.so  ???
0x1498a7239000 - 0x1498a724cfff  libgcc_s.so.1  ???
0x1498a7253000 - 0x1498a73d1fff  libstdc++.so.6.0.28  ???
0x1498a7443000 - 0x1498a7447fff  libxdt.so  ???
0x1498a7456000 - 0x1498a7457fff  linux-gate.so  ???

******BACKTRACE*****
<unknown> (libcbreakpad.so) [0x1498a71c31a3]
<unknown> (libcbreakpad.so) [0x1498a71c3630]
vserror (xmsim) [0x1b7c3b9]
serror (xmsim) [0x1b7e165]
sv_seghandler_aux (xmsim) [0xcb9e6e]
sv_seghandler (xmsim) [0xcba71d]
<unknown> (libpthread.so.0) [0x1498a6e12ce0]
******BACKTRACE END*****