1 alu_result[8]
2 formatted_dmem_write[4]
3 formatted_dmem_write[1]
4 FE_RN_1268_0
5 FE_RN_1026_0
6 FE_RN_754_0
7 FE_RN_283_0
8 FE_OCPN1621_FE_OFN206_n_37479
9 FE_DBTN33_n_41322
10 \reg_file_inst_registers[4] [19]
11 \reg_file_inst_registers[29] [6]
12 \reg_file_inst_registers[6] [13]
13 \reg_file_inst_registers[28] [17]
14 n_3751
15 n_3794
16 n_3797
17 n_6123
18 n_6210
19 n_11340
20 n_19539
21 n_20256
22 n_21094
23 n_21604
24 n_21724
25 n_22554
26 n_24365
27 n_24705
28 n_25489
29 n_25806
30 n_25825
31 n_25972
32 n_26104
33 n_26341
34 n_26392
35 n_27246
36 n_27480
37 n_27735
38 n_28708
39 n_29469
40 n_29837
41 n_30074
42 n_30838
43 n_30901
44 n_31099
45 n_31134
46 n_31922
47 n_31949
48 n_32297
49 n_32408
50 n_32463
51 n_32501
52 n_33040
53 n_33100
54 n_33936
55 n_34670
56 n_35189
57 n_35394
58 n_35983
59 n_36085
60 n_36651
61 n_36936
62 n_40721
63 n_40890
64 n_41103
65 n_41204
66 n_41673
67 n_42769
68 n_42971
69 n_42975
70 n_43173
71 n_43669
72 n_45611
73 n_45696
74 n_46340
75 n_46358
76 n_46377
77 n_46409
78 n_46509
79 n_48077
80 n_48541
81 n_48623
82 n_48639
83 n_48642
