csi-xmsim - CSI: Command line:
xmsim
    -f /home/cc/Documents/Abdullah/RISCV_synthesis/workspace/xcelium.d/run.lnx8664.23.09.d/ncdc-0137_1d83950a-b868-4630-8432-495d99d69a0b/xmsim.args
        +sdf_verbose
        -SDF_VERBOSE
        -MESSAGES
        +EMGRLOG xrun.log
        -XLSTIME 1785746439
        -XLKEEP
        -XLMODE ./xcelium.d/run.lnx8664.23.09.d
        -RUNMODE
        -CDSLIB ./xcelium.d/run.lnx8664.23.09.d/cds.lib
        -HDLVAR ./xcelium.d/run.lnx8664.23.09.d/hdl.var
        -XLNAME xrun
        -XLVERSION TOOL:	xrun(64)	23.09-s006
        -XLNAME ./xcelium.d/run.lnx8664.23.09.d/ncdc-0137_1d83950a-b868-4630-8432-495d99d69a0b
    -CHECK_VERSION TOOL:	xrun(64)	23.09-s006
    -LOG_FD 4
    -LOG_FD_NAME xrun.log
    -cmdnopsim
    -runlock /home/cc/Documents/Abdullah/RISCV_synthesis/workspace/xcelium.d/run.lnx8664.23.09.d/.xmlib.lock
    -runscratch /home/cc/Documents/Abdullah/RISCV_synthesis/workspace/xcelium.d/run.lnx8664.23.09.d/ncdc-0137_1d83950a-b868-4630-8432-495d99d69a0b

csi-xmsim - CSI: *F,INTERR: INTERNAL EXCEPTION
Observed simulation time : 0 FS + 0
-----------------------------------------------------------------
The tool has encountered an unexpected condition and must exit.
Contact Cadence Design Systems customer support about this
problem and provide enough information to help us reproduce it,
including the logfile that contains this error message.
  TOOL:	xmsim(64)	23.09-s006 (CL: 587028 )
  HOSTNAME: ncdc-0137
  OPERATING SYSTEM: Linux 7.1.4-1.el8.elrepo.x86_64 #1 SMP PREEMPT_DYNAMIC Sat Jul 18 15:34:32 EDT 2026 x86_64
  MESSAGE: T(0): sv_seghandler - trapno -1 addr(0x8643728)
	Initial stmt (file: ../sourcecode/tb/riscv_core_tb.sv, line: 36 in worklib.riscv_core_tb [module])
-----------------------------------------------------------------

csi-xmsim - CSI: Cadence Support Investigation, recording details
External Code in function: <unavailable> offset -65506
External Code in function: <unavailable> offset -65536
Simulator Snap Shot: gd (SSS_GD) in snapshot worklib.riscv_core_tb:sv (SSS)
External Code in function: <unavailable> offset -65532
External Code in function: <unavailable> offset -65533
External Code in function: <unavailable> offset -65534
Intermediate File: array of pointers (IF_PTRBLK) in snapshot worklib.riscv_core_tb:sv (SSS)
Intermediate File: root (IF_ROOT)
Simulator Snap Shot: dynlib (SSS_DYNLIB) in snapshot worklib.riscv_core_tb:sv (SSS)
External Code in function: <unavailable> offset -64535
Verilog Syntax Tree: ifnone declaration (VST_D_IFNONE) in module tcbn65lp.MUX3ND0:v (VST)
	File: /home/cc/Documents/Abdullah/RISCV_synthesis/libraries/v/tcbn65lp.v, line 33116, position 9
	Scope: MUX3ND0
	Decompile: unable to decompile type 545
	Source  :     ifnone (S0 => ZN) = (0, 0);
	Position:          ^
User Code in function: _ZN6xlm_ns16perm_mkstring_ns17perm_string_table8instanceE offset 0
csi-xmsim - CSI: investigation complete took 0.005 secs, send this file to Cadence Support
