csi-xmsim - CSI: Command line:
xmsim
    -f /home/cc/Documents/Abdullah/RISCV_synthesis/workspace/xcelium.d/run.lnx8664.23.09.d/ncdc-0137_ad148343-7bbe-4ad3-9c5c-a3f763950a92/xmsim.args
        +sdf_verbose
        -SDF_VERBOSE
        -gui
        -MESSAGES
        +EMGRLOG xrun.log
        -XLSTIME 1785745678
        -XLKEEP
        -XLMODE ./xcelium.d/run.lnx8664.23.09.d
        -RUNMODE
        -CDSLIB ./xcelium.d/run.lnx8664.23.09.d/cds.lib
        -HDLVAR ./xcelium.d/run.lnx8664.23.09.d/hdl.var
        -XLNAME xrun
        -XLVERSION TOOL:	xrun(64)	23.09-s006
        -XLNAME ./xcelium.d/run.lnx8664.23.09.d/ncdc-0137_ad148343-7bbe-4ad3-9c5c-a3f763950a92
    -CHECK_VERSION TOOL:	xrun(64)	23.09-s006
    -LOG_FD 4
    -LOG_FD_NAME xrun.log
    -cmdnopsim
    -runlock /home/cc/Documents/Abdullah/RISCV_synthesis/workspace/xcelium.d/run.lnx8664.23.09.d/.xmlib.lock
    -runscratch /home/cc/Documents/Abdullah/RISCV_synthesis/workspace/xcelium.d/run.lnx8664.23.09.d/ncdc-0137_ad148343-7bbe-4ad3-9c5c-a3f763950a92

csi-xmsim - CSI: *F,INTERR: INTERNAL EXCEPTION
Observed simulation time : 0 FS + 0
-----------------------------------------------------------------
The tool has encountered an unexpected condition and must exit.
Contact Cadence Design Systems customer support about this
problem and provide enough information to help us reproduce it,
including the logfile that contains this error message.
  TOOL:	xmsim(64)	23.09-s006 (CL: 587028 )
  HOSTNAME: ncdc-0137
  OPERATING SYSTEM: Linux 7.1.4-1.el8.elrepo.x86_64 #1 SMP PREEMPT_DYNAMIC Sat Jul 18 15:34:32 EDT 2026 x86_64
  MESSAGE: T(0): sv_seghandler - trapno -1 addr(0x2ee9f478)
	Initial stmt (file: ../sourcecode/tb/riscv_core_tb.sv, line: 39 in worklib.riscv_core_tb [module])
-----------------------------------------------------------------

csi-xmsim - CSI: Cadence Support Investigation, recording details
External Code in function: <unavailable> offset -65505
External Code in function: <unavailable> offset -65506
External Code in function: <unavailable> offset -65536
Simulator Snap Shot: gd (SSS_GD) in snapshot worklib.riscv_core_tb:sv (SSS)
Verilog Syntax Tree: module declaration (VST_D_MODULE) in module worklib.riscv_core_tb:sv (VST)
	File: /home/cc/Documents/Abdullah/RISCV_synthesis/sourcecode/tb/riscv_core_tb.sv, line 3, position 19
	Scope: riscv_core_tb
	Decompile: riscv_core_tb
	Source  : module riscv_core_tb;
	Position:                    ^
Verilog Syntax Tree: register declaration (VST_D_REG) in module worklib.riscv_core_tb:sv (VST)
	File: /home/cc/Documents/Abdullah/RISCV_synthesis/sourcecode/tb/riscv_core_tb.sv, line 7, position 12
	Scope: riscv_core_tb
	Decompile: logic rst
	Source  :     logic rst;
	Position:             ^
Verilog Syntax Tree: indexed vector type (VST_T_INDEXED_VEC) in module worklib.riscv_core_tb:sv (VST)
	Scope: riscv_core_tb
	Decompile: logic
Verilog Syntax Tree: logic type (VST_T_LOGIC) in module worklib.riscv_core_tb:sv (VST)
	Decompile: logic
Verilog Syntax Tree: register declaration (VST_D_REG) in module worklib.riscv_core_tb:sv (VST)
	File: /home/cc/Documents/Abdullah/RISCV_synthesis/sourcecode/tb/riscv_core_tb.sv, line 18, position 29
	Scope: riscv_core_tb
	Decompile: logic raw_dmem_read
	Source  :     logic [31:0] raw_dmem_read;
	Position:                              ^
Verilog Syntax Tree: static range (VST_R_STATIC_RANGE) in module worklib.riscv_core_tb:sv (VST)
	Decompile: 31 to 0
Intermediate File: root (IF_ROOT)
External Code in function: <unavailable> offset -65500
Verilog Syntax Tree: identifier expression (VST_E_IDENTIFIER) in module tcbn65lp.OA21D4:v (VST)
	File: /home/cc/Documents/Abdullah/RISCV_synthesis/libraries/v/tcbn65lp.v, line 35317, position 12
	Scope: OA21D4
	Decompile: B
	Source  :     ifnone (B => Z) = (0, 0);
	Position:             ^
External Code in function: <unavailable> offset -64535
User Code in function: _ZN6xlm_ns16perm_mkstring_ns17perm_string_table8instanceE offset 0
csi-xmsim - CSI: investigation complete took 0.008 secs, send this file to Cadence Support
