csi-xmsim - CSI: Command line:
xmsim
    -f /home/cc/Documents/Abdullah/RISCV_synthesis/workspace/xcelium.d/run.lnx8664.23.09.d/ncdc-0137_c4663132-45ea-4ef6-bef9-514350a423c5/xmsim.args
        +sdf_verbose
        -SDF_VERBOSE
        -MESSAGES
        +EMGRLOG xrun.log
        -XLSTIME 1785746189
        -XLKEEP
        -XLMODE ./xcelium.d/run.lnx8664.23.09.d
        -RUNMODE
        -CDSLIB ./xcelium.d/run.lnx8664.23.09.d/cds.lib
        -HDLVAR ./xcelium.d/run.lnx8664.23.09.d/hdl.var
        -XLNAME xrun
        -XLVERSION TOOL:	xrun(64)	23.09-s006
        -XLNAME ./xcelium.d/run.lnx8664.23.09.d/ncdc-0137_c4663132-45ea-4ef6-bef9-514350a423c5
    -CHECK_VERSION TOOL:	xrun(64)	23.09-s006
    -LOG_FD 4
    -LOG_FD_NAME xrun.log
    -cmdnopsim
    -runlock /home/cc/Documents/Abdullah/RISCV_synthesis/workspace/xcelium.d/run.lnx8664.23.09.d/.xmlib.lock
    -runscratch /home/cc/Documents/Abdullah/RISCV_synthesis/workspace/xcelium.d/run.lnx8664.23.09.d/ncdc-0137_c4663132-45ea-4ef6-bef9-514350a423c5

csi-xmsim - CSI: *F,INTERR: INTERNAL EXCEPTION
Observed simulation time : 0 FS + 0
-----------------------------------------------------------------
The tool has encountered an unexpected condition and must exit.
Contact Cadence Design Systems customer support about this
problem and provide enough information to help us reproduce it,
including the logfile that contains this error message.
  TOOL:	xmsim(64)	23.09-s006 (CL: 587028 )
  HOSTNAME: ncdc-0137
  OPERATING SYSTEM: Linux 7.1.4-1.el8.elrepo.x86_64 #1 SMP PREEMPT_DYNAMIC Sat Jul 18 15:34:32 EDT 2026 x86_64
  MESSAGE: T(0): sv_seghandler - trapno -1 addr(0x26e59f58)
	Initial stmt (file: ../sourcecode/tb/riscv_core_tb.sv, line: 35 in worklib.riscv_core_tb [module])
-----------------------------------------------------------------

csi-xmsim - CSI: Cadence Support Investigation, recording details
External Code in function: <unavailable> offset -65506
External Code in function: <unavailable> offset -65536
Simulator Snap Shot: gd (SSS_GD) in snapshot worklib.riscv_core_tb:sv (SSS)
External Code in function: <unavailable> offset -65532
Verilog Syntax Tree: number expression (VST_E_NUMBER) in module tcbn65lp.OAI222D0:v (VST)
	File: /home/cc/Documents/Abdullah/RISCV_synthesis/libraries/v/tcbn65lp.v, line 37558, position 18
	Decompile: 0
	Source  :     (A2 => ZN) = (0, 0);
	Position:                   ^
External Code in function: <unavailable> offset -65533
Intermediate File: root (IF_ROOT)
Simulator Snap Shot: dynlib (SSS_DYNLIB) in snapshot worklib.riscv_core_tb:sv (SSS)
Verilog Syntax Tree: overlay table (VST_OVERLAY_TABLE) in module tcbn65lp.OAI221D1:v (SIG) <0x23da8f6f>
	Decompile: OAI221D1
External Code in function: <unavailable> offset -64535
User Code in function: _ZN6xlm_ns16perm_mkstring_ns17perm_string_table8instanceE offset 0
csi-xmsim - CSI: investigation complete took 0.007 secs, send this file to Cadence Support
