INFO: [VRFC 10-2263] Analyzing SystemVerilog file "C:/Users/root/Documents/Abdullah/IRJSBU_types/alu.sv" into library xil_defaultlib
INFO: [VRFC 10-311] analyzing module alu
INFO: [VRFC 10-2263] Analyzing SystemVerilog file "C:/Users/root/Documents/Abdullah/IRJSBU_types/alu_ctrl.sv" into library xil_defaultlib
INFO: [VRFC 10-311] analyzing module alu_ctrl
INFO: [VRFC 10-2263] Analyzing SystemVerilog file "C:/Users/root/Documents/Abdullah/IRJSBU_types/branch_comp.sv" into library xil_defaultlib
INFO: [VRFC 10-311] analyzing module branch_comp
INFO: [VRFC 10-2263] Analyzing SystemVerilog file "C:/Users/root/Documents/Abdullah/IRJSBU_types/data_mem.sv" into library xil_defaultlib
INFO: [VRFC 10-311] analyzing module data_mem
INFO: [VRFC 10-2263] Analyzing SystemVerilog file "C:/Users/root/Documents/Abdullah/IRJSBU_types/data_mem_ctrl.sv" into library xil_defaultlib
INFO: [VRFC 10-311] analyzing module data_mem_ctrl
INFO: [VRFC 10-2263] Analyzing SystemVerilog file "C:/Users/root/Documents/Abdullah/IRJSBU_types/i_mem.sv" into library xil_defaultlib
INFO: [VRFC 10-311] analyzing module i_mem
INFO: [VRFC 10-2263] Analyzing SystemVerilog file "C:/Users/root/Documents/Abdullah/IRJSBU_types/imm_gen.sv" into library xil_defaultlib
INFO: [VRFC 10-311] analyzing module imm_gen
INFO: [VRFC 10-2263] Analyzing SystemVerilog file "C:/Users/root/Documents/Abdullah/IRJSBU_types/main_ctrl.sv" into library xil_defaultlib
INFO: [VRFC 10-311] analyzing module main_ctrl
INFO: [VRFC 10-2263] Analyzing SystemVerilog file "C:/Users/root/Documents/Abdullah/IRJSBU_types/program_counter.sv" into library xil_defaultlib
INFO: [VRFC 10-311] analyzing module program_counter
INFO: [VRFC 10-2263] Analyzing SystemVerilog file "C:/Users/root/Documents/Abdullah/IRJSBU_types/reg_file.sv" into library xil_defaultlib
INFO: [VRFC 10-311] analyzing module reg_file
INFO: [VRFC 10-2263] Analyzing SystemVerilog file "C:/Users/root/Documents/Abdullah/IRJSBU_types/riscv_top.sv" into library xil_defaultlib
INFO: [VRFC 10-311] analyzing module riscv_top
INFO: [VRFC 10-2263] Analyzing SystemVerilog file "C:/Users/root/Documents/Abdullah/IRJSBU_types/riscv_top_tb.sv" into library xil_defaultlib
INFO: [VRFC 10-311] analyzing module riscv_top_tb
INFO: [VRFC 10-2263] Analyzing Verilog file "C:/Users/root/Documents/Abdullah/IRJSBU_types/project_IRJSBU_types/project_IRJSBU_types.sim/sim_1/behav/xsim/glbl.v" into library xil_defaultlib
INFO: [VRFC 10-311] analyzing module glbl
