

// Path 1
Endpoint:      pc_inst_pc_reg[0]/CDN
Beginpoint:    rst
Analysis View: view_func_hold
Hold Slack:    -23.0ps

Node: pc_inst_pc_reg[0]/CDN
Net:  n_383
  Setup Slack:   4717.2ps
  Analysis View: view_func_setup
  Failed Reason:
    LegalSingleBuffer
      IPOIgnored
    ResizeLegal
      InvalidResizeInst
    ECO Safe Resize
      InvalidResizeInst
Node: g103754/ZN
Net:  n_383
  Setup Slack:   3105.3ps
  Analysis View: view_func_setup
  Failed Reason:
    LegalSingleBuffer
      IPOIgnored
    ResizeLegal
      InvalidResizeInst
    ECO Safe Resize
      InvalidResizeInst
Node: g103754/I
Net:  rst
  Setup Slack:   3105.3ps
  Analysis View: view_func_setup
  Failed Reason:
    LegalSingleBuffer
      IPOIgnored
    ResizeLegal
      FTermNode
    ECO Safe Resize
      FTermNode
Node: rst
Net:  rst
  Setup Slack:   3105.3ps
  Analysis View: view_func_setup
  Failed Reason:
    LegalSingleBuffer
      IPOIgnored
    ResizeLegal
      FTermNode
    ECO Safe Resize
      FTermNode


// Path 2
Endpoint:      pc_inst_pc_reg[1]/CDN
Beginpoint:    rst
Analysis View: view_func_hold
Hold Slack:    -23.0ps

Node: pc_inst_pc_reg[1]/CDN
Net:  n_383
  Setup Slack:   4717.2ps
  Analysis View: view_func_setup
  Failed Reason:
    LegalSingleBuffer
      IPOIgnored
    ResizeLegal
      InvalidResizeInst
    ECO Safe Resize
      InvalidResizeInst
Node: g103754/ZN
Net:  n_383
  Setup Slack:   3105.3ps
  Analysis View: view_func_setup
  Failed Reason:
    LegalSingleBuffer
      IPOIgnored
    ResizeLegal
      InvalidResizeInst
    ECO Safe Resize
      InvalidResizeInst
Node: g103754/I
Net:  rst
  Setup Slack:   3105.3ps
  Analysis View: view_func_setup
  Failed Reason:
    LegalSingleBuffer
      IPOIgnored
    ResizeLegal
      FTermNode
    ECO Safe Resize
      FTermNode
Node: rst
Net:  rst
  Setup Slack:   3105.3ps
  Analysis View: view_func_setup
  Failed Reason:
    LegalSingleBuffer
      IPOIgnored
    ResizeLegal
      FTermNode
    ECO Safe Resize
      FTermNode


// Path 3
Endpoint:      pc_inst_pc_reg[2]/CDN
Beginpoint:    rst
Analysis View: view_func_hold
Hold Slack:    -23.0ps

Node: pc_inst_pc_reg[2]/CDN
Net:  n_383
  Setup Slack:   4717.2ps
  Analysis View: view_func_setup
  Failed Reason:
    LegalSingleBuffer
      IPOIgnored
    ResizeLegal
      InvalidResizeInst
    ECO Safe Resize
      InvalidResizeInst
Node: g103754/ZN
Net:  n_383
  Setup Slack:   3105.3ps
  Analysis View: view_func_setup
  Failed Reason:
    LegalSingleBuffer
      IPOIgnored
    ResizeLegal
      InvalidResizeInst
    ECO Safe Resize
      InvalidResizeInst
Node: g103754/I
Net:  rst
  Setup Slack:   3105.3ps
  Analysis View: view_func_setup
  Failed Reason:
    LegalSingleBuffer
      IPOIgnored
    ResizeLegal
      FTermNode
    ECO Safe Resize
      FTermNode
Node: rst
Net:  rst
  Setup Slack:   3105.3ps
  Analysis View: view_func_setup
  Failed Reason:
    LegalSingleBuffer
      IPOIgnored
    ResizeLegal
      FTermNode
    ECO Safe Resize
      FTermNode


// Path 4
Endpoint:      pc_inst_pc_reg[3]/CDN
Beginpoint:    rst
Analysis View: view_func_hold
Hold Slack:    -23.0ps

Node: pc_inst_pc_reg[3]/CDN
Net:  n_383
  Setup Slack:   4717.2ps
  Analysis View: view_func_setup
  Failed Reason:
    LegalSingleBuffer
      IPOIgnored
    ResizeLegal
      InvalidResizeInst
    ECO Safe Resize
      InvalidResizeInst
Node: g103754/ZN
Net:  n_383
  Setup Slack:   3105.3ps
  Analysis View: view_func_setup
  Failed Reason:
    LegalSingleBuffer
      IPOIgnored
    ResizeLegal
      InvalidResizeInst
    ECO Safe Resize
      InvalidResizeInst
Node: g103754/I
Net:  rst
  Setup Slack:   3105.3ps
  Analysis View: view_func_setup
  Failed Reason:
    LegalSingleBuffer
      IPOIgnored
    ResizeLegal
      FTermNode
    ECO Safe Resize
      FTermNode
Node: rst
Net:  rst
  Setup Slack:   3105.3ps
  Analysis View: view_func_setup
  Failed Reason:
    LegalSingleBuffer
      IPOIgnored
    ResizeLegal
      FTermNode
    ECO Safe Resize
      FTermNode


// Path 5
Endpoint:      pc_inst_pc_reg[4]/CDN
Beginpoint:    rst
Analysis View: view_func_hold
Hold Slack:    -23.0ps

Node: pc_inst_pc_reg[4]/CDN
Net:  n_383
  Setup Slack:   4717.2ps
  Analysis View: view_func_setup
  Failed Reason:
    LegalSingleBuffer
      IPOIgnored
    ResizeLegal
      InvalidResizeInst
    ECO Safe Resize
      InvalidResizeInst
Node: g103754/ZN
Net:  n_383
  Setup Slack:   3105.3ps
  Analysis View: view_func_setup
  Failed Reason:
    LegalSingleBuffer
      IPOIgnored
    ResizeLegal
      InvalidResizeInst
    ECO Safe Resize
      InvalidResizeInst
Node: g103754/I
Net:  rst
  Setup Slack:   3105.3ps
  Analysis View: view_func_setup
  Failed Reason:
    LegalSingleBuffer
      IPOIgnored
    ResizeLegal
      FTermNode
    ECO Safe Resize
      FTermNode
Node: rst
Net:  rst
  Setup Slack:   3105.3ps
  Analysis View: view_func_setup
  Failed Reason:
    LegalSingleBuffer
      IPOIgnored
    ResizeLegal
      FTermNode
    ECO Safe Resize
      FTermNode


// Path 6
Endpoint:      pc_inst_pc_reg[5]/CDN
Beginpoint:    rst
Analysis View: view_func_hold
Hold Slack:    -23.0ps

Node: pc_inst_pc_reg[5]/CDN
Net:  n_383
  Setup Slack:   4717.2ps
  Analysis View: view_func_setup
  Failed Reason:
    LegalSingleBuffer
      IPOIgnored
    ResizeLegal
      InvalidResizeInst
    ECO Safe Resize
      InvalidResizeInst
Node: g103754/ZN
Net:  n_383
  Setup Slack:   3105.3ps
  Analysis View: view_func_setup
  Failed Reason:
    LegalSingleBuffer
      IPOIgnored
    ResizeLegal
      InvalidResizeInst
    ECO Safe Resize
      InvalidResizeInst
Node: g103754/I
Net:  rst
  Setup Slack:   3105.3ps
  Analysis View: view_func_setup
  Failed Reason:
    LegalSingleBuffer
      IPOIgnored
    ResizeLegal
      FTermNode
    ECO Safe Resize
      FTermNode
Node: rst
Net:  rst
  Setup Slack:   3105.3ps
  Analysis View: view_func_setup
  Failed Reason:
    LegalSingleBuffer
      IPOIgnored
    ResizeLegal
      FTermNode
    ECO Safe Resize
      FTermNode


// Path 7
Endpoint:      pc_inst_pc_reg[6]/CDN
Beginpoint:    rst
Analysis View: view_func_hold
Hold Slack:    -23.0ps

Node: pc_inst_pc_reg[6]/CDN
Net:  n_383
  Setup Slack:   4717.2ps
  Analysis View: view_func_setup
  Failed Reason:
    LegalSingleBuffer
      IPOIgnored
    ResizeLegal
      InvalidResizeInst
    ECO Safe Resize
      InvalidResizeInst
Node: g103754/ZN
Net:  n_383
  Setup Slack:   3105.3ps
  Analysis View: view_func_setup
  Failed Reason:
    LegalSingleBuffer
      IPOIgnored
    ResizeLegal
      InvalidResizeInst
    ECO Safe Resize
      InvalidResizeInst
Node: g103754/I
Net:  rst
  Setup Slack:   3105.3ps
  Analysis View: view_func_setup
  Failed Reason:
    LegalSingleBuffer
      IPOIgnored
    ResizeLegal
      FTermNode
    ECO Safe Resize
      FTermNode
Node: rst
Net:  rst
  Setup Slack:   3105.3ps
  Analysis View: view_func_setup
  Failed Reason:
    LegalSingleBuffer
      IPOIgnored
    ResizeLegal
      FTermNode
    ECO Safe Resize
      FTermNode


// Path 8
Endpoint:      pc_inst_pc_reg[7]/CDN
Beginpoint:    rst
Analysis View: view_func_hold
Hold Slack:    -23.0ps

Node: pc_inst_pc_reg[7]/CDN
Net:  n_383
  Setup Slack:   4717.2ps
  Analysis View: view_func_setup
  Failed Reason:
    LegalSingleBuffer
      IPOIgnored
    ResizeLegal
      InvalidResizeInst
    ECO Safe Resize
      InvalidResizeInst
Node: g103754/ZN
Net:  n_383
  Setup Slack:   3105.3ps
  Analysis View: view_func_setup
  Failed Reason:
    LegalSingleBuffer
      IPOIgnored
    ResizeLegal
      InvalidResizeInst
    ECO Safe Resize
      InvalidResizeInst
Node: g103754/I
Net:  rst
  Setup Slack:   3105.3ps
  Analysis View: view_func_setup
  Failed Reason:
    LegalSingleBuffer
      IPOIgnored
    ResizeLegal
      FTermNode
    ECO Safe Resize
      FTermNode
Node: rst
Net:  rst
  Setup Slack:   3105.3ps
  Analysis View: view_func_setup
  Failed Reason:
    LegalSingleBuffer
      IPOIgnored
    ResizeLegal
      FTermNode
    ECO Safe Resize
      FTermNode


// Path 9
Endpoint:      pc_inst_pc_reg[8]/CDN
Beginpoint:    rst
Analysis View: view_func_hold
Hold Slack:    -23.0ps

Node: pc_inst_pc_reg[8]/CDN
Net:  n_383
  Setup Slack:   4717.2ps
  Analysis View: view_func_setup
  Failed Reason:
    LegalSingleBuffer
      IPOIgnored
    ResizeLegal
      InvalidResizeInst
    ECO Safe Resize
      InvalidResizeInst
Node: g103754/ZN
Net:  n_383
  Setup Slack:   3105.3ps
  Analysis View: view_func_setup
  Failed Reason:
    LegalSingleBuffer
      IPOIgnored
    ResizeLegal
      InvalidResizeInst
    ECO Safe Resize
      InvalidResizeInst
Node: g103754/I
Net:  rst
  Setup Slack:   3105.3ps
  Analysis View: view_func_setup
  Failed Reason:
    LegalSingleBuffer
      IPOIgnored
    ResizeLegal
      FTermNode
    ECO Safe Resize
      FTermNode
Node: rst
Net:  rst
  Setup Slack:   3105.3ps
  Analysis View: view_func_setup
  Failed Reason:
    LegalSingleBuffer
      IPOIgnored
    ResizeLegal
      FTermNode
    ECO Safe Resize
      FTermNode


// Path 10
Endpoint:      pc_inst_pc_reg[9]/CDN
Beginpoint:    rst
Analysis View: view_func_hold
Hold Slack:    -23.0ps

Node: pc_inst_pc_reg[9]/CDN
Net:  n_383
  Setup Slack:   4717.2ps
  Analysis View: view_func_setup
  Failed Reason:
    LegalSingleBuffer
      IPOIgnored
    ResizeLegal
      InvalidResizeInst
    ECO Safe Resize
      InvalidResizeInst
Node: g103754/ZN
Net:  n_383
  Setup Slack:   3105.3ps
  Analysis View: view_func_setup
  Failed Reason:
    LegalSingleBuffer
      IPOIgnored
    ResizeLegal
      InvalidResizeInst
    ECO Safe Resize
      InvalidResizeInst
Node: g103754/I
Net:  rst
  Setup Slack:   3105.3ps
  Analysis View: view_func_setup
  Failed Reason:
    LegalSingleBuffer
      IPOIgnored
    ResizeLegal
      FTermNode
    ECO Safe Resize
      FTermNode
Node: rst
Net:  rst
  Setup Slack:   3105.3ps
  Analysis View: view_func_setup
  Failed Reason:
    LegalSingleBuffer
      IPOIgnored
    ResizeLegal
      FTermNode
    ECO Safe Resize
      FTermNode


// Path 11
Endpoint:      pc_inst_pc_reg[10]/CDN
Beginpoint:    rst
Analysis View: view_func_hold
Hold Slack:    -23.0ps

Node: pc_inst_pc_reg[10]/CDN
Net:  n_383
  Setup Slack:   4717.2ps
  Analysis View: view_func_setup
  Failed Reason:
    LegalSingleBuffer
      IPOIgnored
    ResizeLegal
      InvalidResizeInst
    ECO Safe Resize
      InvalidResizeInst
Node: g103754/ZN
Net:  n_383
  Setup Slack:   3105.3ps
  Analysis View: view_func_setup
  Failed Reason:
    LegalSingleBuffer
      IPOIgnored
    ResizeLegal
      InvalidResizeInst
    ECO Safe Resize
      InvalidResizeInst
Node: g103754/I
Net:  rst
  Setup Slack:   3105.3ps
  Analysis View: view_func_setup
  Failed Reason:
    LegalSingleBuffer
      IPOIgnored
    ResizeLegal
      FTermNode
    ECO Safe Resize
      FTermNode
Node: rst
Net:  rst
  Setup Slack:   3105.3ps
  Analysis View: view_func_setup
  Failed Reason:
    LegalSingleBuffer
      IPOIgnored
    ResizeLegal
      FTermNode
    ECO Safe Resize
      FTermNode


// Path 12
Endpoint:      pc_inst_pc_reg[11]/CDN
Beginpoint:    rst
Analysis View: view_func_hold
Hold Slack:    -23.0ps

Node: pc_inst_pc_reg[11]/CDN
Net:  n_383
  Setup Slack:   4717.2ps
  Analysis View: view_func_setup
  Failed Reason:
    LegalSingleBuffer
      IPOIgnored
    ResizeLegal
      InvalidResizeInst
    ECO Safe Resize
      InvalidResizeInst
Node: g103754/ZN
Net:  n_383
  Setup Slack:   3105.3ps
  Analysis View: view_func_setup
  Failed Reason:
    LegalSingleBuffer
      IPOIgnored
    ResizeLegal
      InvalidResizeInst
    ECO Safe Resize
      InvalidResizeInst
Node: g103754/I
Net:  rst
  Setup Slack:   3105.3ps
  Analysis View: view_func_setup
  Failed Reason:
    LegalSingleBuffer
      IPOIgnored
    ResizeLegal
      FTermNode
    ECO Safe Resize
      FTermNode
Node: rst
Net:  rst
  Setup Slack:   3105.3ps
  Analysis View: view_func_setup
  Failed Reason:
    LegalSingleBuffer
      IPOIgnored
    ResizeLegal
      FTermNode
    ECO Safe Resize
      FTermNode


// Path 13
Endpoint:      pc_inst_pc_reg[12]/CDN
Beginpoint:    rst
Analysis View: view_func_hold
Hold Slack:    -23.0ps

Node: pc_inst_pc_reg[12]/CDN
Net:  n_383
  Setup Slack:   4717.2ps
  Analysis View: view_func_setup
  Failed Reason:
    LegalSingleBuffer
      IPOIgnored
    ResizeLegal
      InvalidResizeInst
    ECO Safe Resize
      InvalidResizeInst
Node: g103754/ZN
Net:  n_383
  Setup Slack:   3105.3ps
  Analysis View: view_func_setup
  Failed Reason:
    LegalSingleBuffer
      IPOIgnored
    ResizeLegal
      InvalidResizeInst
    ECO Safe Resize
      InvalidResizeInst
Node: g103754/I
Net:  rst
  Setup Slack:   3105.3ps
  Analysis View: view_func_setup
  Failed Reason:
    LegalSingleBuffer
      IPOIgnored
    ResizeLegal
      FTermNode
    ECO Safe Resize
      FTermNode
Node: rst
Net:  rst
  Setup Slack:   3105.3ps
  Analysis View: view_func_setup
  Failed Reason:
    LegalSingleBuffer
      IPOIgnored
    ResizeLegal
      FTermNode
    ECO Safe Resize
      FTermNode


// Path 14
Endpoint:      pc_inst_pc_reg[13]/CDN
Beginpoint:    rst
Analysis View: view_func_hold
Hold Slack:    -23.0ps

Node: pc_inst_pc_reg[13]/CDN
Net:  n_383
  Setup Slack:   4717.2ps
  Analysis View: view_func_setup
  Failed Reason:
    LegalSingleBuffer
      IPOIgnored
    ResizeLegal
      InvalidResizeInst
    ECO Safe Resize
      InvalidResizeInst
Node: g103754/ZN
Net:  n_383
  Setup Slack:   3105.3ps
  Analysis View: view_func_setup
  Failed Reason:
    LegalSingleBuffer
      IPOIgnored
    ResizeLegal
      InvalidResizeInst
    ECO Safe Resize
      InvalidResizeInst
Node: g103754/I
Net:  rst
  Setup Slack:   3105.3ps
  Analysis View: view_func_setup
  Failed Reason:
    LegalSingleBuffer
      IPOIgnored
    ResizeLegal
      FTermNode
    ECO Safe Resize
      FTermNode
Node: rst
Net:  rst
  Setup Slack:   3105.3ps
  Analysis View: view_func_setup
  Failed Reason:
    LegalSingleBuffer
      IPOIgnored
    ResizeLegal
      FTermNode
    ECO Safe Resize
      FTermNode


// Path 15
Endpoint:      pc_inst_pc_reg[14]/CDN
Beginpoint:    rst
Analysis View: view_func_hold
Hold Slack:    -23.0ps

Node: pc_inst_pc_reg[14]/CDN
Net:  n_383
  Setup Slack:   4717.2ps
  Analysis View: view_func_setup
  Failed Reason:
    LegalSingleBuffer
      IPOIgnored
    ResizeLegal
      InvalidResizeInst
    ECO Safe Resize
      InvalidResizeInst
Node: g103754/ZN
Net:  n_383
  Setup Slack:   3105.3ps
  Analysis View: view_func_setup
  Failed Reason:
    LegalSingleBuffer
      IPOIgnored
    ResizeLegal
      InvalidResizeInst
    ECO Safe Resize
      InvalidResizeInst
Node: g103754/I
Net:  rst
  Setup Slack:   3105.3ps
  Analysis View: view_func_setup
  Failed Reason:
    LegalSingleBuffer
      IPOIgnored
    ResizeLegal
      FTermNode
    ECO Safe Resize
      FTermNode
Node: rst
Net:  rst
  Setup Slack:   3105.3ps
  Analysis View: view_func_setup
  Failed Reason:
    LegalSingleBuffer
      IPOIgnored
    ResizeLegal
      FTermNode
    ECO Safe Resize
      FTermNode


// Path 16
Endpoint:      pc_inst_pc_reg[15]/CDN
Beginpoint:    rst
Analysis View: view_func_hold
Hold Slack:    -23.0ps

Node: pc_inst_pc_reg[15]/CDN
Net:  n_383
  Setup Slack:   4717.2ps
  Analysis View: view_func_setup
  Failed Reason:
    LegalSingleBuffer
      IPOIgnored
    ResizeLegal
      InvalidResizeInst
    ECO Safe Resize
      InvalidResizeInst
Node: g103754/ZN
Net:  n_383
  Setup Slack:   3105.3ps
  Analysis View: view_func_setup
  Failed Reason:
    LegalSingleBuffer
      IPOIgnored
    ResizeLegal
      InvalidResizeInst
    ECO Safe Resize
      InvalidResizeInst
Node: g103754/I
Net:  rst
  Setup Slack:   3105.3ps
  Analysis View: view_func_setup
  Failed Reason:
    LegalSingleBuffer
      IPOIgnored
    ResizeLegal
      FTermNode
    ECO Safe Resize
      FTermNode
Node: rst
Net:  rst
  Setup Slack:   3105.3ps
  Analysis View: view_func_setup
  Failed Reason:
    LegalSingleBuffer
      IPOIgnored
    ResizeLegal
      FTermNode
    ECO Safe Resize
      FTermNode


// Path 17
Endpoint:      pc_inst_pc_reg[16]/CDN
Beginpoint:    rst
Analysis View: view_func_hold
Hold Slack:    -23.0ps

Node: pc_inst_pc_reg[16]/CDN
Net:  n_383
  Setup Slack:   4717.2ps
  Analysis View: view_func_setup
  Failed Reason:
    LegalSingleBuffer
      IPOIgnored
    ResizeLegal
      InvalidResizeInst
    ECO Safe Resize
      InvalidResizeInst
Node: g103754/ZN
Net:  n_383
  Setup Slack:   3105.3ps
  Analysis View: view_func_setup
  Failed Reason:
    LegalSingleBuffer
      IPOIgnored
    ResizeLegal
      InvalidResizeInst
    ECO Safe Resize
      InvalidResizeInst
Node: g103754/I
Net:  rst
  Setup Slack:   3105.3ps
  Analysis View: view_func_setup
  Failed Reason:
    LegalSingleBuffer
      IPOIgnored
    ResizeLegal
      FTermNode
    ECO Safe Resize
      FTermNode
Node: rst
Net:  rst
  Setup Slack:   3105.3ps
  Analysis View: view_func_setup
  Failed Reason:
    LegalSingleBuffer
      IPOIgnored
    ResizeLegal
      FTermNode
    ECO Safe Resize
      FTermNode


// Path 18
Endpoint:      pc_inst_pc_reg[17]/CDN
Beginpoint:    rst
Analysis View: view_func_hold
Hold Slack:    -23.0ps

Node: pc_inst_pc_reg[17]/CDN
Net:  n_383
  Setup Slack:   4717.2ps
  Analysis View: view_func_setup
  Failed Reason:
    LegalSingleBuffer
      IPOIgnored
    ResizeLegal
      InvalidResizeInst
    ECO Safe Resize
      InvalidResizeInst
Node: g103754/ZN
Net:  n_383
  Setup Slack:   3105.3ps
  Analysis View: view_func_setup
  Failed Reason:
    LegalSingleBuffer
      IPOIgnored
    ResizeLegal
      InvalidResizeInst
    ECO Safe Resize
      InvalidResizeInst
Node: g103754/I
Net:  rst
  Setup Slack:   3105.3ps
  Analysis View: view_func_setup
  Failed Reason:
    LegalSingleBuffer
      IPOIgnored
    ResizeLegal
      FTermNode
    ECO Safe Resize
      FTermNode
Node: rst
Net:  rst
  Setup Slack:   3105.3ps
  Analysis View: view_func_setup
  Failed Reason:
    LegalSingleBuffer
      IPOIgnored
    ResizeLegal
      FTermNode
    ECO Safe Resize
      FTermNode


// Path 19
Endpoint:      pc_inst_pc_reg[18]/CDN
Beginpoint:    rst
Analysis View: view_func_hold
Hold Slack:    -23.0ps

Node: pc_inst_pc_reg[18]/CDN
Net:  n_383
  Setup Slack:   4717.2ps
  Analysis View: view_func_setup
  Failed Reason:
    LegalSingleBuffer
      IPOIgnored
    ResizeLegal
      InvalidResizeInst
    ECO Safe Resize
      InvalidResizeInst
Node: g103754/ZN
Net:  n_383
  Setup Slack:   3105.3ps
  Analysis View: view_func_setup
  Failed Reason:
    LegalSingleBuffer
      IPOIgnored
    ResizeLegal
      InvalidResizeInst
    ECO Safe Resize
      InvalidResizeInst
Node: g103754/I
Net:  rst
  Setup Slack:   3105.3ps
  Analysis View: view_func_setup
  Failed Reason:
    LegalSingleBuffer
      IPOIgnored
    ResizeLegal
      FTermNode
    ECO Safe Resize
      FTermNode
Node: rst
Net:  rst
  Setup Slack:   3105.3ps
  Analysis View: view_func_setup
  Failed Reason:
    LegalSingleBuffer
      IPOIgnored
    ResizeLegal
      FTermNode
    ECO Safe Resize
      FTermNode


// Path 20
Endpoint:      pc_inst_pc_reg[19]/CDN
Beginpoint:    rst
Analysis View: view_func_hold
Hold Slack:    -23.0ps

Node: pc_inst_pc_reg[19]/CDN
Net:  n_383
  Setup Slack:   4717.2ps
  Analysis View: view_func_setup
  Failed Reason:
    LegalSingleBuffer
      IPOIgnored
    ResizeLegal
      InvalidResizeInst
    ECO Safe Resize
      InvalidResizeInst
Node: g103754/ZN
Net:  n_383
  Setup Slack:   3105.3ps
  Analysis View: view_func_setup
  Failed Reason:
    LegalSingleBuffer
      IPOIgnored
    ResizeLegal
      InvalidResizeInst
    ECO Safe Resize
      InvalidResizeInst
Node: g103754/I
Net:  rst
  Setup Slack:   3105.3ps
  Analysis View: view_func_setup
  Failed Reason:
    LegalSingleBuffer
      IPOIgnored
    ResizeLegal
      FTermNode
    ECO Safe Resize
      FTermNode
Node: rst
Net:  rst
  Setup Slack:   3105.3ps
  Analysis View: view_func_setup
  Failed Reason:
    LegalSingleBuffer
      IPOIgnored
    ResizeLegal
      FTermNode
    ECO Safe Resize
      FTermNode


// Path 21
Endpoint:      pc_inst_pc_reg[20]/CDN
Beginpoint:    rst
Analysis View: view_func_hold
Hold Slack:    -23.0ps

Node: pc_inst_pc_reg[20]/CDN
Net:  n_383
  Setup Slack:   4717.2ps
  Analysis View: view_func_setup
  Failed Reason:
    LegalSingleBuffer
      IPOIgnored
    ResizeLegal
      InvalidResizeInst
    ECO Safe Resize
      InvalidResizeInst
Node: g103754/ZN
Net:  n_383
  Setup Slack:   3105.3ps
  Analysis View: view_func_setup
  Failed Reason:
    LegalSingleBuffer
      IPOIgnored
    ResizeLegal
      InvalidResizeInst
    ECO Safe Resize
      InvalidResizeInst
Node: g103754/I
Net:  rst
  Setup Slack:   3105.3ps
  Analysis View: view_func_setup
  Failed Reason:
    LegalSingleBuffer
      IPOIgnored
    ResizeLegal
      FTermNode
    ECO Safe Resize
      FTermNode
Node: rst
Net:  rst
  Setup Slack:   3105.3ps
  Analysis View: view_func_setup
  Failed Reason:
    LegalSingleBuffer
      IPOIgnored
    ResizeLegal
      FTermNode
    ECO Safe Resize
      FTermNode


// Path 22
Endpoint:      pc_inst_pc_reg[21]/CDN
Beginpoint:    rst
Analysis View: view_func_hold
Hold Slack:    -23.0ps

Node: pc_inst_pc_reg[21]/CDN
Net:  n_383
  Setup Slack:   4717.2ps
  Analysis View: view_func_setup
  Failed Reason:
    LegalSingleBuffer
      IPOIgnored
    ResizeLegal
      InvalidResizeInst
    ECO Safe Resize
      InvalidResizeInst
Node: g103754/ZN
Net:  n_383
  Setup Slack:   3105.3ps
  Analysis View: view_func_setup
  Failed Reason:
    LegalSingleBuffer
      IPOIgnored
    ResizeLegal
      InvalidResizeInst
    ECO Safe Resize
      InvalidResizeInst
Node: g103754/I
Net:  rst
  Setup Slack:   3105.3ps
  Analysis View: view_func_setup
  Failed Reason:
    LegalSingleBuffer
      IPOIgnored
    ResizeLegal
      FTermNode
    ECO Safe Resize
      FTermNode
Node: rst
Net:  rst
  Setup Slack:   3105.3ps
  Analysis View: view_func_setup
  Failed Reason:
    LegalSingleBuffer
      IPOIgnored
    ResizeLegal
      FTermNode
    ECO Safe Resize
      FTermNode


// Path 23
Endpoint:      pc_inst_pc_reg[22]/CDN
Beginpoint:    rst
Analysis View: view_func_hold
Hold Slack:    -23.0ps

Node: pc_inst_pc_reg[22]/CDN
Net:  n_383
  Setup Slack:   4717.2ps
  Analysis View: view_func_setup
  Failed Reason:
    LegalSingleBuffer
      IPOIgnored
    ResizeLegal
      InvalidResizeInst
    ECO Safe Resize
      InvalidResizeInst
Node: g103754/ZN
Net:  n_383
  Setup Slack:   3105.3ps
  Analysis View: view_func_setup
  Failed Reason:
    LegalSingleBuffer
      IPOIgnored
    ResizeLegal
      InvalidResizeInst
    ECO Safe Resize
      InvalidResizeInst
Node: g103754/I
Net:  rst
  Setup Slack:   3105.3ps
  Analysis View: view_func_setup
  Failed Reason:
    LegalSingleBuffer
      IPOIgnored
    ResizeLegal
      FTermNode
    ECO Safe Resize
      FTermNode
Node: rst
Net:  rst
  Setup Slack:   3105.3ps
  Analysis View: view_func_setup
  Failed Reason:
    LegalSingleBuffer
      IPOIgnored
    ResizeLegal
      FTermNode
    ECO Safe Resize
      FTermNode


// Path 24
Endpoint:      pc_inst_pc_reg[23]/CDN
Beginpoint:    rst
Analysis View: view_func_hold
Hold Slack:    -23.0ps

Node: pc_inst_pc_reg[23]/CDN
Net:  n_383
  Setup Slack:   4717.2ps
  Analysis View: view_func_setup
  Failed Reason:
    LegalSingleBuffer
      IPOIgnored
    ResizeLegal
      InvalidResizeInst
    ECO Safe Resize
      InvalidResizeInst
Node: g103754/ZN
Net:  n_383
  Setup Slack:   3105.3ps
  Analysis View: view_func_setup
  Failed Reason:
    LegalSingleBuffer
      IPOIgnored
    ResizeLegal
      InvalidResizeInst
    ECO Safe Resize
      InvalidResizeInst
Node: g103754/I
Net:  rst
  Setup Slack:   3105.3ps
  Analysis View: view_func_setup
  Failed Reason:
    LegalSingleBuffer
      IPOIgnored
    ResizeLegal
      FTermNode
    ECO Safe Resize
      FTermNode
Node: rst
Net:  rst
  Setup Slack:   3105.3ps
  Analysis View: view_func_setup
  Failed Reason:
    LegalSingleBuffer
      IPOIgnored
    ResizeLegal
      FTermNode
    ECO Safe Resize
      FTermNode


// Path 25
Endpoint:      pc_inst_pc_reg[24]/CDN
Beginpoint:    rst
Analysis View: view_func_hold
Hold Slack:    -23.0ps

Node: pc_inst_pc_reg[24]/CDN
Net:  n_383
  Setup Slack:   4717.2ps
  Analysis View: view_func_setup
  Failed Reason:
    LegalSingleBuffer
      IPOIgnored
    ResizeLegal
      InvalidResizeInst
    ECO Safe Resize
      InvalidResizeInst
Node: g103754/ZN
Net:  n_383
  Setup Slack:   3105.3ps
  Analysis View: view_func_setup
  Failed Reason:
    LegalSingleBuffer
      IPOIgnored
    ResizeLegal
      InvalidResizeInst
    ECO Safe Resize
      InvalidResizeInst
Node: g103754/I
Net:  rst
  Setup Slack:   3105.3ps
  Analysis View: view_func_setup
  Failed Reason:
    LegalSingleBuffer
      IPOIgnored
    ResizeLegal
      FTermNode
    ECO Safe Resize
      FTermNode
Node: rst
Net:  rst
  Setup Slack:   3105.3ps
  Analysis View: view_func_setup
  Failed Reason:
    LegalSingleBuffer
      IPOIgnored
    ResizeLegal
      FTermNode
    ECO Safe Resize
      FTermNode


// Path 26
Endpoint:      pc_inst_pc_reg[25]/CDN
Beginpoint:    rst
Analysis View: view_func_hold
Hold Slack:    -23.0ps

Node: pc_inst_pc_reg[25]/CDN
Net:  n_383
  Setup Slack:   4717.2ps
  Analysis View: view_func_setup
  Failed Reason:
    LegalSingleBuffer
      IPOIgnored
    ResizeLegal
      InvalidResizeInst
    ECO Safe Resize
      InvalidResizeInst
Node: g103754/ZN
Net:  n_383
  Setup Slack:   3105.3ps
  Analysis View: view_func_setup
  Failed Reason:
    LegalSingleBuffer
      IPOIgnored
    ResizeLegal
      InvalidResizeInst
    ECO Safe Resize
      InvalidResizeInst
Node: g103754/I
Net:  rst
  Setup Slack:   3105.3ps
  Analysis View: view_func_setup
  Failed Reason:
    LegalSingleBuffer
      IPOIgnored
    ResizeLegal
      FTermNode
    ECO Safe Resize
      FTermNode
Node: rst
Net:  rst
  Setup Slack:   3105.3ps
  Analysis View: view_func_setup
  Failed Reason:
    LegalSingleBuffer
      IPOIgnored
    ResizeLegal
      FTermNode
    ECO Safe Resize
      FTermNode


// Path 27
Endpoint:      pc_inst_pc_reg[26]/CDN
Beginpoint:    rst
Analysis View: view_func_hold
Hold Slack:    -23.0ps

Node: pc_inst_pc_reg[26]/CDN
Net:  n_383
  Setup Slack:   4717.2ps
  Analysis View: view_func_setup
  Failed Reason:
    LegalSingleBuffer
      IPOIgnored
    ResizeLegal
      InvalidResizeInst
    ECO Safe Resize
      InvalidResizeInst
Node: g103754/ZN
Net:  n_383
  Setup Slack:   3105.3ps
  Analysis View: view_func_setup
  Failed Reason:
    LegalSingleBuffer
      IPOIgnored
    ResizeLegal
      InvalidResizeInst
    ECO Safe Resize
      InvalidResizeInst
Node: g103754/I
Net:  rst
  Setup Slack:   3105.3ps
  Analysis View: view_func_setup
  Failed Reason:
    LegalSingleBuffer
      IPOIgnored
    ResizeLegal
      FTermNode
    ECO Safe Resize
      FTermNode
Node: rst
Net:  rst
  Setup Slack:   3105.3ps
  Analysis View: view_func_setup
  Failed Reason:
    LegalSingleBuffer
      IPOIgnored
    ResizeLegal
      FTermNode
    ECO Safe Resize
      FTermNode


// Path 28
Endpoint:      pc_inst_pc_reg[27]/CDN
Beginpoint:    rst
Analysis View: view_func_hold
Hold Slack:    -23.0ps

Node: pc_inst_pc_reg[27]/CDN
Net:  n_383
  Setup Slack:   4717.2ps
  Analysis View: view_func_setup
  Failed Reason:
    LegalSingleBuffer
      IPOIgnored
    ResizeLegal
      InvalidResizeInst
    ECO Safe Resize
      InvalidResizeInst
Node: g103754/ZN
Net:  n_383
  Setup Slack:   3105.3ps
  Analysis View: view_func_setup
  Failed Reason:
    LegalSingleBuffer
      IPOIgnored
    ResizeLegal
      InvalidResizeInst
    ECO Safe Resize
      InvalidResizeInst
Node: g103754/I
Net:  rst
  Setup Slack:   3105.3ps
  Analysis View: view_func_setup
  Failed Reason:
    LegalSingleBuffer
      IPOIgnored
    ResizeLegal
      FTermNode
    ECO Safe Resize
      FTermNode
Node: rst
Net:  rst
  Setup Slack:   3105.3ps
  Analysis View: view_func_setup
  Failed Reason:
    LegalSingleBuffer
      IPOIgnored
    ResizeLegal
      FTermNode
    ECO Safe Resize
      FTermNode


// Path 29
Endpoint:      pc_inst_pc_reg[28]/CDN
Beginpoint:    rst
Analysis View: view_func_hold
Hold Slack:    -23.0ps

Node: pc_inst_pc_reg[28]/CDN
Net:  n_383
  Setup Slack:   4717.2ps
  Analysis View: view_func_setup
  Failed Reason:
    LegalSingleBuffer
      IPOIgnored
    ResizeLegal
      InvalidResizeInst
    ECO Safe Resize
      InvalidResizeInst
Node: g103754/ZN
Net:  n_383
  Setup Slack:   3105.3ps
  Analysis View: view_func_setup
  Failed Reason:
    LegalSingleBuffer
      IPOIgnored
    ResizeLegal
      InvalidResizeInst
    ECO Safe Resize
      InvalidResizeInst
Node: g103754/I
Net:  rst
  Setup Slack:   3105.3ps
  Analysis View: view_func_setup
  Failed Reason:
    LegalSingleBuffer
      IPOIgnored
    ResizeLegal
      FTermNode
    ECO Safe Resize
      FTermNode
Node: rst
Net:  rst
  Setup Slack:   3105.3ps
  Analysis View: view_func_setup
  Failed Reason:
    LegalSingleBuffer
      IPOIgnored
    ResizeLegal
      FTermNode
    ECO Safe Resize
      FTermNode


// Path 30
Endpoint:      pc_inst_pc_reg[29]/CDN
Beginpoint:    rst
Analysis View: view_func_hold
Hold Slack:    -23.0ps

Node: pc_inst_pc_reg[29]/CDN
Net:  n_383
  Setup Slack:   4717.2ps
  Analysis View: view_func_setup
  Failed Reason:
    LegalSingleBuffer
      IPOIgnored
    ResizeLegal
      InvalidResizeInst
    ECO Safe Resize
      InvalidResizeInst
Node: g103754/ZN
Net:  n_383
  Setup Slack:   3105.3ps
  Analysis View: view_func_setup
  Failed Reason:
    LegalSingleBuffer
      IPOIgnored
    ResizeLegal
      InvalidResizeInst
    ECO Safe Resize
      InvalidResizeInst
Node: g103754/I
Net:  rst
  Setup Slack:   3105.3ps
  Analysis View: view_func_setup
  Failed Reason:
    LegalSingleBuffer
      IPOIgnored
    ResizeLegal
      FTermNode
    ECO Safe Resize
      FTermNode
Node: rst
Net:  rst
  Setup Slack:   3105.3ps
  Analysis View: view_func_setup
  Failed Reason:
    LegalSingleBuffer
      IPOIgnored
    ResizeLegal
      FTermNode
    ECO Safe Resize
      FTermNode


// Path 31
Endpoint:      pc_inst_pc_reg[30]/CDN
Beginpoint:    rst
Analysis View: view_func_hold
Hold Slack:    -23.0ps

Node: pc_inst_pc_reg[30]/CDN
Net:  n_383
  Setup Slack:   4717.2ps
  Analysis View: view_func_setup
  Failed Reason:
    LegalSingleBuffer
      IPOIgnored
    ResizeLegal
      InvalidResizeInst
    ECO Safe Resize
      InvalidResizeInst
Node: g103754/ZN
Net:  n_383
  Setup Slack:   3105.3ps
  Analysis View: view_func_setup
  Failed Reason:
    LegalSingleBuffer
      IPOIgnored
    ResizeLegal
      InvalidResizeInst
    ECO Safe Resize
      InvalidResizeInst
Node: g103754/I
Net:  rst
  Setup Slack:   3105.3ps
  Analysis View: view_func_setup
  Failed Reason:
    LegalSingleBuffer
      IPOIgnored
    ResizeLegal
      FTermNode
    ECO Safe Resize
      FTermNode
Node: rst
Net:  rst
  Setup Slack:   3105.3ps
  Analysis View: view_func_setup
  Failed Reason:
    LegalSingleBuffer
      IPOIgnored
    ResizeLegal
      FTermNode
    ECO Safe Resize
      FTermNode


// Path 32
Endpoint:      pc_inst_pc_reg[31]/CDN
Beginpoint:    rst
Analysis View: view_func_hold
Hold Slack:    -23.0ps

Node: pc_inst_pc_reg[31]/CDN
Net:  n_383
  Setup Slack:   4717.2ps
  Analysis View: view_func_setup
  Failed Reason:
    LegalSingleBuffer
      IPOIgnored
    ResizeLegal
      InvalidResizeInst
    ECO Safe Resize
      InvalidResizeInst
Node: g103754/ZN
Net:  n_383
  Setup Slack:   3105.3ps
  Analysis View: view_func_setup
  Failed Reason:
    LegalSingleBuffer
      IPOIgnored
    ResizeLegal
      InvalidResizeInst
    ECO Safe Resize
      InvalidResizeInst
Node: g103754/I
Net:  rst
  Setup Slack:   3105.3ps
  Analysis View: view_func_setup
  Failed Reason:
    LegalSingleBuffer
      IPOIgnored
    ResizeLegal
      FTermNode
    ECO Safe Resize
      FTermNode
Node: rst
Net:  rst
  Setup Slack:   3105.3ps
  Analysis View: view_func_setup
  Failed Reason:
    LegalSingleBuffer
      IPOIgnored
    ResizeLegal
      FTermNode
    ECO Safe Resize
      FTermNode
