============================================================
  Generated by:           Genus(TM) Synthesis Solution 21.18-s082_1
  Generated on:           Jul 28 2026  07:00:33 am
  Module:                 counter
  Operating conditions:   NCCOM (balanced_tree)
  Wireload mode:          segmented
  Area mode:              timing library
============================================================


Path 1: MET (8669 ps) Late External Delay Assertion at pin count[3]
          Group: clk
     Startpoint: (R) count_reg[3]/CP
          Clock: (R) clk
       Endpoint: (F) count[3]
          Clock: (R) clk

                     Capture       Launch     
        Clock Edge:+   10000            0     
       Src Latency:+       0            0     
       Net Latency:+       0 (I)        0 (I) 
           Arrival:=   10000            0     
                                              
      Output Delay:-    1000                  
       Uncertainty:-     150                  
     Required Time:=    8850                  
      Launch Clock:-       0                  
         Data Path:-     181                  
             Slack:=    8669                  

Exceptions/Constraints:
  output_delay             1000            new_counter.sdc_line_99 

#----------------------------------------------------------------------------------------
#  Timing Point   Flags   Arc   Edge   Cell     Fanout Load Trans Delay Arrival Instance 
#                                                      (fF)  (ps)  (ps)   (ps)  Location 
#----------------------------------------------------------------------------------------
  count_reg[3]/CP -       -     R     (arrival)      4    -     0     0       0    (-,-) 
  count_reg[3]/Q  -       CP->Q F     DFCNQD1        3 12.1    77   181     181    (-,-) 
  count[3]        <<<     -     F     (port)         -    -     -     0     181    (-,-) 
#----------------------------------------------------------------------------------------

