============================================================
  Generated by:           Genus(TM) Synthesis Solution 21.18-s082_1
  Generated on:           Aug 03 2026  05:05:07 am
  Module:                 riscv_top
  Library domain:         wc_cond
    Domain index:         0
    Technology library:   tcbn65lpwc 200
  Library domain:         tc_cond
    Domain index:         1
    Technology library:   tcbn65lptc 200
  Operating conditions:   WCCOM 
  Operating conditions:   NCCOM 
  Interconnect mode:      global
  Area mode:              physical library
============================================================

-------------------------------------------------------------------------------
Outputs without clocked external delays

The following primary outputs have no clocked external delays in mode           
'view_func_setup'.  As a result the timing paths leading to the ports have no   
timing constraints derived from clock waveforms.  The'external_delay' command   
is used to create new external delays.                                          

port:riscv_top/raw_dmem_read[0]
port:riscv_top/raw_dmem_read[10]
port:riscv_top/raw_dmem_read[11]
port:riscv_top/raw_dmem_read[12]
port:riscv_top/raw_dmem_read[13]
port:riscv_top/raw_dmem_read[14]
port:riscv_top/raw_dmem_read[15]
port:riscv_top/raw_dmem_read[16]
port:riscv_top/raw_dmem_read[17]
port:riscv_top/raw_dmem_read[18]
port:riscv_top/raw_dmem_read[19]
port:riscv_top/raw_dmem_read[1]
port:riscv_top/raw_dmem_read[20]
port:riscv_top/raw_dmem_read[21]
port:riscv_top/raw_dmem_read[22]
port:riscv_top/raw_dmem_read[23]
port:riscv_top/raw_dmem_read[24]
port:riscv_top/raw_dmem_read[25]
port:riscv_top/raw_dmem_read[26]
port:riscv_top/raw_dmem_read[27]
port:riscv_top/raw_dmem_read[28]
port:riscv_top/raw_dmem_read[29]
port:riscv_top/raw_dmem_read[2]
port:riscv_top/raw_dmem_read[30]
port:riscv_top/raw_dmem_read[31]
port:riscv_top/raw_dmem_read[3]
port:riscv_top/raw_dmem_read[4]
port:riscv_top/raw_dmem_read[5]
port:riscv_top/raw_dmem_read[6]
port:riscv_top/raw_dmem_read[7]
port:riscv_top/raw_dmem_read[8]
port:riscv_top/raw_dmem_read[9]
-------------------------------------------------------------------------------


Lint summary
 Unconnected/logic driven clocks                                  0
 Sequential data pins driven by a clock signal                    0
 Sequential clock pins without clock waveform                     0
 Sequential clock pins with multiple clock waveforms              0
 Generated clocks without clock waveform                          0
 Generated clocks with incompatible options                       0
 Generated clocks with multi-master clock                         0
 Paths constrained with different clocks                          0
 Loop-breaking cells for combinational feedback                   0
 Nets with multiple drivers                                       0
 Timing exceptions with no effect                                 0
 Suspicious multi_cycle exceptions                                0
 Pins/ports with conflicting case constants                       0
 Inputs without clocked external delays                           0
 Outputs without clocked external delays                         32
 Inputs without external driver/transition                        0
 Outputs without external load                                    0
 Exceptions with invalid timing start-/endpoints                  0

                                                  Total:         32

