                          CONFORMAL (R)
                   Version 23.10-s300 (30-Aug-2023) (64 bit executable)
   Copyright (c) Cadence Design Systems, Inc., 1997-2023. All Rights Reserved


This program is proprietary and confidential information belonging to
Cadence Design Systems, Inc., and may be used and disclosed only as authorized
in a license agreement controlling such use and disclosure.

// Warning: This version is 1068 days old. You can download the latest version from http://downloads.cadence.com.

0
// Command: usage -auto -elapse
CPU time     : 0.06    seconds
Elapse time  : 0       seconds
Memory usage : 88.86   M bytes
0
// Command: set_mapping_method -sensitive
0
// Command: set_verification_information fv_map_fv_opt_db
// Verification information is set to /home/cc/Documents/Abdullah/RISCV_synthesis/workspace/fv_map_fv_opt_db.
0
// Command: read_implementation_information fv/riscv_core -golden fv_map -revised fv_opt
// Reading implementation information from fv/riscv_core ...
// Note: Implementation information 'fv_map.fv.json' will be used
// Note: Implementation information 'fv_opt.fv.json' will be used
================================================================================
          Information Category                         Count
--------------------------------------------------------------------------------
     Sequential instance phase                          2048
       Sequential optimization                             0
        Sequential duplication                             0
         Boundary optimization                             8
            Synthesis equation                             1
    Combinational loop breaker                             0
                       Mapping                             0
================================================================================
// Note: Read implementation information successfully.
0
// Command: set_parallel_option -threads 1,4 -norelease_license
// Number of threads is set to 1,4.
0
// Command: set_compare_options -threads 1,4
Set computing threads of compare to 1,4.
0
// Command: set env(RC_VERSION)     "21.18-s082_1"
21.18-s082_1
// Command: set env(CDN_SYNTH_ROOT) "/home/cc/mnt/GENUS211/tools.lnx86"
/home/cc/mnt/GENUS211/tools.lnx86
// Command: set CDN_SYNTH_ROOT      "/home/cc/mnt/GENUS211/tools.lnx86"
/home/cc/mnt/GENUS211/tools.lnx86
// Command: set env(CW_DIR) "/home/cc/mnt/GENUS211/tools.lnx86/lib/chipware"
/home/cc/mnt/GENUS211/tools.lnx86/lib/chipware
// Command: set CW_DIR      "/home/cc/mnt/GENUS211/tools.lnx86/lib/chipware"
/home/cc/mnt/GENUS211/tools.lnx86/lib/chipware
// Command: set lec_version_required "21.20249"
21.20249
// Command: if { ($lec_version < $lec_version_required) &&
//              [file exists /home/cc/mnt/GENUS211/tools.lnx86/lib/chipware/old_encrypt_sim]} {
//              set env(CW_DIR_SIM) "/home/cc/mnt/GENUS211/tools.lnx86/lib/chipware/old_encrypt_sim"
//              set CW_DIR_SIM      "/home/cc/mnt/GENUS211/tools.lnx86/lib/chipware/old_encrypt_sim"
//          } else {
//              set env(CW_DIR_SIM) "/home/cc/mnt/GENUS211/tools.lnx86/lib/chipware/sim"
//              set CW_DIR_SIM      "/home/cc/mnt/GENUS211/tools.lnx86/lib/chipware/sim"
//          }
/home/cc/mnt/GENUS211/tools.lnx86/lib/chipware/sim
// Command: set_multiplier_implementation boothrca -both
0
// Command: set_undefined_cell black_box -noascend -both
0
// Command: add_search_path . /home/cc/mnt/GENUS211/tools.lnx86/lib/tech -library -both
0
// Command: read_library -liberty -both \
//              /home/cc/Documents/Abdullah/RISCV_synthesis/libraries/libs/tcbn65lptc.lib \
//              /home/cc/Documents/Abdullah/RISCV_synthesis/libraries/libs/tcbn65lpwc.lib
// Parsing file /home/cc/Documents/Abdullah/RISCV_synthesis/libraries/libs/tcbn65lptc.lib ...
// Parsing file /home/cc/Documents/Abdullah/RISCV_synthesis/libraries/libs/tcbn65lpwc.lib ...
// Warning: (RTL9.17) Cell doesn't have any output pins or all output pins are undriven (blackboxed) (occurrence:40)
// Note: (RTL9.26) Liberty pin with internal_node use default input_map (occurrence:40)
// Warning: (IGN3.2) Duplicate modules/entities are detected. Subsequent modules/entities are ignored (occurrence:816)
// Note: Read Liberty library successfully
0
CPU time     : 1.16    seconds
Elapse time  : 1       seconds
Memory usage : 154.18  M bytes
// Command: read_design -verilog95   -golden -lastmod -noelab fv/riscv_core/fv_map.v.gz
// Parsing file fv/riscv_core/fv_map.v.gz ...
0
// Command: elaborate_design -golden -root {riscv_core}
// Golden root module is set to 'riscv_core'
// Warning: (HRC3.10a) An input port is declared, but it is not completely used in the module (occurrence:8)
0
// Command: read_design -verilog95   -revised -lastmod -noelab /home/cc/Documents/Abdullah/RISCV_synthesis/export/Synthesis_Data/netlists/riscv_core_physical_synth_agg_clk.v
// Parsing file /home/cc/Documents/Abdullah/RISCV_synthesis/export/Synthesis_Data/netlists/riscv_core_physical_synth_agg_clk.v ...
0
// Command: elaborate_design -revised -root {riscv_core}
// Revised root module is set to 'riscv_core'
// Warning: (RTL14) Signal has input but it has no output (occurrence:1)
0
// Command: report_design_data
============================================
Summary           Golden         Revised
============================================
Design-modules         2               1
Library-cells       8282            8954
============================================
Primitives      Golden              Revised
============================================
INPUT               66                   66
OUTPUT             102                  102
--------------------------------------------
AND        *      3554                 3551
BUF        *       335                  477
DFF               1024                 1024
INV        *      3792                 3394
NAND       *      2512                 2801
NOR        *      1540                 1741
OR         *      3417                 3163
XNOR       *        62                   59
XOR        *       100                   99
--------------------------------------------
Total            16336                16309

0
// Command: report_black_box
0
// Command: set_flatten_model -seq_constant
0
// Command: set_flatten_model -seq_constant_x_to 0
0
// Command: set_flatten_model -nodff_to_dlat_zero
0
// Command: set_flatten_model -nodff_to_dlat_feedback
0
// Command: set_flatten_model -hier_seq_merge
0
// Command: set lec_version_required "20.10100"
20.10100
// Command: if {$lec_version >= $lec_version_required} {
//              check_verification_information
//          }
// Command: check_verification_information
Checking Sequential constant...
Checking Sequential merge...
Checking Synthesis equation...
================================================================================
Implementation Information Check Summary: 
--------------------------------------------------------------------------------
Total Sequential Constants:     0
  Name Collision:               0
  Name Ambiguous:               0
  Name not Found:               0
--------------------------------------------------------------------------------
Total Sequential Merges:        0
  Name Collision:               0
  Name Ambiguous:               0
  Name not Found:               0
  Merge Target:
    Name Ambiguous:             0
    Name not Found:             0
--------------------------------------------------------------------------------
Total Synthesis Equations:      1
  Module not Found:             0
  Equation Conflict:            0
  Equation Syntax Error:        0
No Equation Modules:            0
================================================================================
0
// Command: set_analyze_option -auto -report_map
0
// Command: set_system_mode lec
// Processing Golden ...
// Modeling Golden ...
// Processing Revised ...
// Modeling Revised ...
// Balanced modeling (auto) mapped 2048 out of 2048 DFF/DLATs
CPU time     : 2.42    seconds
Elapse time  : 6       seconds
Memory usage : 211.10  M bytes
// Mapping key points ...
================================================================================
Mapped points: SYSTEM class
--------------------------------------------------------------------------------
Mapped points     PI     PO     DFF       Total   
--------------------------------------------------------------------------------
Golden            66     102    1024      1192    
--------------------------------------------------------------------------------
Revised           66     102    1024      1192    
================================================================================
CPU time     : 2.74    seconds
Elapse time  : 7       seconds
Memory usage : 212.00  M bytes
// Running automatic setup...
================================================================================
Mapped points: SYSTEM class
--------------------------------------------------------------------------------
Mapped points     PI     PO     DFF       Total   
--------------------------------------------------------------------------------
Golden            66     102    1024      1192    
--------------------------------------------------------------------------------
Revised           66     102    1024      1192    
================================================================================
// Automatic setup finished.
0
CPU time     : 3.14    seconds
Elapse time  : 7       seconds
Memory usage : 212.65  M bytes
// Command: report_unmapped_points -summary
There is no unmapped point
0
// Command: report_unmapped_points -notmapped
There is no unmapped point
0
// Command: add_compared_points -all
// 1126 compared points added to compare list
0
// Command: compare
// Warning: Checking out 3 next licenses (Conformal_Low_Power) in the license list, configurable by 'set parallel option -license'.
================================================================================
Compared points      PO     DFF       Total   
--------------------------------------------------------------------------------
Equivalent           102    1024      1126    
================================================================================
0
CPU time     : 30.80   seconds
Elapse time  : 34      seconds
Memory usage : 220.02  M bytes
// Command: report_compare_data -class nonequivalent -class abort -class notcompared
0 Non-equivalent point(s) reported
0 Abort point(s) reported
0 Not-compared point(s) reported
0 compared point(s) reported
================================================================================
Compared points      PO     DFF       Total   
--------------------------------------------------------------------------------
Equivalent           102    1024      1126    
================================================================================
0
// Command: report_verification -verbose
================================================================================
                            Verification Report
--------------------------------------------------------------------------------
Category                                                                  Count
--------------------------------------------------------------------------------
1. Non-standard modeling options used:                                      0
     Tri-stated output:                                        checked
     Revised X signals set to E:                               yes
     Floating signals tied to Z:                               yes
     Command "add clock" for clock-gating:                     not used
--------------------------------------------------------------------------------
2. Incomplete verification:                                                 0
     All primary outputs are mapped:                           yes
     Not-mapped DFF/DLAT is detected:                          no
     All mapped points are added as compare points:            yes
     All compared points are compared:                         yes
     User added black box:                                     no
     Black box mapped with different module name:              no
     Empty module is not black boxed:                          no
     Command "add ignore outputs" used:                        no
     Always false constraints detected:                        no
--------------------------------------------------------------------------------
3. User modification to design:                                             0
     Change gate type:                                         no
     Change wire:                                              no
     Primary input added by user:                              no
--------------------------------------------------------------------------------
4. Conformal Constraint Designer clock domain crossing checks recommended:  0
     Multiple clocks in the design:                            no
--------------------------------------------------------------------------------
5. Design ambiguity:                                                        1
     Duplicate module definition:                              yes *
     Black box due to undefined cells:                         no
     Golden design has abnormal ratio of unreachable gates:    no
     Ratio of golden unreachable gates:                        0%
     Revised design has abnormal ratio of unreachable gates:   no
     Ratio of revised unreachable gates:                       0%
     All primary input bus ordering is consistent:             yes
     All primary output bus ordering is consistent:            yes
     DFF/DLAT not compared due to disabled clock port(s):        0
     Always X compared point is detected:                      not checked
--------------------------------------------------------------------------------
6. Compare Results:                                                        PASS
     Number of EQ compare points:                              1126
     Number of NON-EQ compare points:                          0
     Number of Aborted compare points:                         0
     Number of Uncompared compare points :                     0
================================================================================
pass
// Command: report_statistics
Mapping and compare statistics
================================================================================
                     Compare Result       Golden            Revised
--------------------------------------------------------------------------------
Root module name                          riscv_core        riscv_core        

Primary inputs                                66                 66
   Mapped                                     66                 66

Primary outputs                              102                102
   Mapped                                    102                102
      Equivalent                102

State key points                            1024               1024
   Mapped                                   1024               1024
      Equivalent               1024
================================================================================
0
// Command: write_compared_points noneq.compared_points.riscv_core.fv_map.fv_opt.tcl -class noneq -tclmode -replace
0
// Command: set lec_version_required "21.10100"
21.10100
// Command: if {$lec_version >= $lec_version_required} {
//              analyze_nonequivalent -source_diagnosis
//              report_nonequivalent_analysis > noneq.source_diag.riscv_core.fv_map.fv_opt.rpt
//          }
// Command: analyze_nonequivalent -source_diagnosis
// Warning: Non-equivalent points do not exist.
// Command: report_nonequivalent_analysis > noneq.source_diag.riscv_core.fv_map.fv_opt.rpt
0
// Command: report_test_vector -noneq > noneq.test_vector.riscv_core.fv_map.fv_opt.rpt
0
// Command: write_verification_information
// Verification information is written to fv_map_fv_opt_db.
0
// Command: report_verification_information
// Generating reports on verification information at /home/cc/Documents/Abdullah/RISCV_synthesis/workspace/fv_map_fv_opt_db...
LEC run scores:
================================================================================
Step                Score     Range          
--------------------------------------------------------------------------------
result_status       10        10             
runtime             10        10             
mapping             10        10             
sequential_constant 5         10             
sequential_merge    5         10             
sequential_phase    10        10             
datapath_analysis   5         10             
combinational_loop  5         10             
mismatch_detection  5         10             
overall             65        90             
================================================================================
LEC results versus attributes:
================================================================================
Attribute           Total     Inconsistency  Combined Table                
--------------------------------------------------------------------------------
sequential_constant 0         0                                            
sequential_merge    0         0                                            
sequential_phase    1024      0              sequential_phase.json         
================================================================================
The tables can be viewed directly using web interface.
// Done with reporting verification information.
0
// Command: set lec_version_required "18.20330"
18.20330
// Command: if {$lec_version >= $lec_version_required} {
//              report_implementation_information
//          }
// Command: report_implementation_information
// Reporting implementation information...
// Information summary:
================================================================================
        Information Category     Total      Used    Unused  Rejected     Abort
--------------------------------------------------------------------------------
   Sequential instance phase      2048      2048         0         0         0
               Phase mapping         0         0         0         0         0
         Sequential constant         0         0         0         0         0
            Sequential merge         0         0         0         0         0
      Sequential unreachable         0         0         0         0         0
      Sequential duplication         0         0         0         0         0
       Boundary optimization         8         0         8         0         0
          Synthesis equation         1         1         0         0         0
  Combinational loop breaker         0         0         0         0         0
================================================================================
0
// Command: puts "No of compare points = [get_compare_points -count]"
// Command: get_compare_points -count
No of compare points = 1126
// Command: puts "No of diff points    = [get_compare_points -NONequivalent -count]"
// Command: get_compare_points -NONequivalent -count
No of diff points    = 0
// Command: puts "No of abort points   = [get_compare_points -abort -count]"
// Command: get_compare_points -abort -count
No of abort points   = 0
// Command: puts "No of unknown points = [get_compare_points -unknown -count]"
// Command: get_compare_points -unknown -count
No of unknown points = 0
// Command: if {[get_compare_points -count] == 0} {
//              puts "---------------------------------"
//              puts "ERROR: No compare points detected"
//              puts "---------------------------------"
//          }
// Command: get_compare_points -count
// Command: if {[get_compare_points -NONequivalent -count] > 0} {
//              puts "------------------------------------"
//              puts "ERROR: Different Key Points detected"
//              puts "------------------------------------"
//          }
// Command: get_compare_points -NONequivalent -count
// Command: if {[get_compare_points -abort -count] > 0} {
//              puts "-----------------------------"
//              puts "ERROR: Abort Points detected "
//              puts "-----------------------------"
//          }
// Command: get_compare_points -abort -count
// Command: if {[get_compare_points -unknown -count] > 0} {
//              puts "----------------------------------"
//              puts "ERROR: Unknown Key Points detected"
//              puts "----------------------------------"
//          }
// Command: get_compare_points -unknown -count
// Command: set lec_version_required "19.10100"
19.10100
// Command: if {$lec_version >= $lec_version_required} {
//              analyze_results -logfiles $logfile
//          }
// Command: analyze_results -logfiles /home/cc/Documents/Abdullah/RISCV_synthesis/export/Synthesis_Data/reports/lec_mapped_to_opt.log
// Analyzing logfile '/home/cc/Documents/Abdullah/RISCV_synthesis/export/Synthesis_Data/reports/lec_mapped_to_opt.log'
// Warning: Analyze results collects information from the log file but does not
//          qualify the execution or completeness of the run.
// Logfile Results
================================================================================
|                  Conformal Version |23.10-s300 
|                        Root Module |riscv_core 
|                           CPU Time |30 sec
|                       Elapsed Time |34 sec
|                             Memory |220.02 MB
|              Power Grid Comparison |N/A 
|               Power Intent Compare |N/A 
|           Supply Power Consistency |N/A 
|        Retention Power Consistency |N/A 
|             Compare Power Crossing |N/A 
|                     LEC Comparison |PASS 
|                 Flatten Comparison |PASS 
|            Hierarchical Comparison |N/A 
|                      Logfile Lines |417 
|                       Logfile Name |lec_mapped_to_opt.log 
|              Logfile Modified Time |Mon Aug  3 03:10:20 2026 
|         Implementation Information |fv/riscv_core 
|       Set Verification Information |/home/cc/Documents/Abdullah/RISCV_synthesis/workspace/fv_map_fv_opt_db 
|      Read Verification Information |N/A 
|                   Analysis Elapsed |0.1 sec
|                    Runtime / #Gate |0.0 sec
|Matched back-to-back isolation cell |N/A 
|            Time-consuming commands | 1. compare: 27s(79.41%) (execute 1 time(s))
|                                    | 2. set system mode: 6s(17.65%) (execute 1 time(s))
|                                    | 3. read library: 1s(2.94%) (execute 1 time(s))
================================================================================
           
// Usage Breakdown Summary
================================================================================
|Command                   |  Total Elapse Time|  Total CPU Time|    Peak Memory
--------------------------------------------------------------------------------
|read library              |                1 s|             1 s|      154.18 MB
|read design -golden       |                0 s|             0 s|        0.00 MB
|read design -revised      |                0 s|             0 s|        0.00 MB
           
// Flatten Comparison Summary:
--------------------------------------------------------------------------------
// Flatten Compare #1
               
// Compare result: Equivalent
// Compare commands:
  1. compare (line: 217)
--------------------------------------------------------------------------------
               
// Resource usages of analysis: Cpu=0.09s Mem=169MB
0
// Command: vpxmode
// Command: exit
