                          CONFORMAL (R)
                   Version 23.10-s300 (30-Aug-2023) (64 bit executable)
   Copyright (c) Cadence Design Systems, Inc., 1997-2023. All Rights Reserved


This program is proprietary and confidential information belonging to
Cadence Design Systems, Inc., and may be used and disclosed only as authorized
in a license agreement controlling such use and disclosure.

// Warning: This version is 1068 days old. You can download the latest version from http://downloads.cadence.com.

0
// Command: usage -auto -elapse
CPU time     : 0.07    seconds
Elapse time  : 0       seconds
Memory usage : 88.77   M bytes
0
// Command: set_mapping_method -sensitive
0
// Command: set_verification_information rtl_fv_map_db
// Verification information is set to /home/cc/Documents/Abdullah/RISCV_synthesis/workspace/rtl_fv_map_db.
0
// Command: read_implementation_information fv/riscv_core -revised fv_map
// Reading implementation information from fv/riscv_core ...
// Note: Implementation information 'fv_map.fv.json' will be used
================================================================================
          Information Category                         Count
--------------------------------------------------------------------------------
     Sequential instance phase                          1024
       Sequential optimization                            32
        Sequential duplication                             0
         Boundary optimization                             8
            Synthesis equation                             1
    Combinational loop breaker                             0
                       Mapping                             0
================================================================================
// Note: Read implementation information successfully.
0
// Command: set_parallel_option -threads 1,4 -norelease_license
// Number of threads is set to 1,4.
0
// Command: set_compare_options -threads 1,4
Set computing threads of compare to 1,4.
0
// Command: set env(RC_VERSION)     "21.18-s082_1"
21.18-s082_1
// Command: set env(CDN_SYNTH_ROOT) "/home/cc/mnt/GENUS211/tools.lnx86"
/home/cc/mnt/GENUS211/tools.lnx86
// Command: set CDN_SYNTH_ROOT      "/home/cc/mnt/GENUS211/tools.lnx86"
/home/cc/mnt/GENUS211/tools.lnx86
// Command: set env(CW_DIR) "/home/cc/mnt/GENUS211/tools.lnx86/lib/chipware"
/home/cc/mnt/GENUS211/tools.lnx86/lib/chipware
// Command: set CW_DIR      "/home/cc/mnt/GENUS211/tools.lnx86/lib/chipware"
/home/cc/mnt/GENUS211/tools.lnx86/lib/chipware
// Command: set lec_version_required "21.20249"
21.20249
// Command: if { ($lec_version < $lec_version_required) &&
//              [file exists /home/cc/mnt/GENUS211/tools.lnx86/lib/chipware/old_encrypt_sim]} {
//              set env(CW_DIR_SIM) "/home/cc/mnt/GENUS211/tools.lnx86/lib/chipware/old_encrypt_sim"
//              set CW_DIR_SIM      "/home/cc/mnt/GENUS211/tools.lnx86/lib/chipware/old_encrypt_sim"
//          } else {
//              set env(CW_DIR_SIM) "/home/cc/mnt/GENUS211/tools.lnx86/lib/chipware/sim"
//              set CW_DIR_SIM      "/home/cc/mnt/GENUS211/tools.lnx86/lib/chipware/sim"
//          }
/home/cc/mnt/GENUS211/tools.lnx86/lib/chipware/sim
// Command: set_multiplier_implementation boothrca -both
0
// Command: set_undefined_cell black_box -noascend -both
0
// Command: add_search_path . /home/cc/mnt/GENUS211/tools.lnx86/lib/tech -library -both
0
// Command: read_library -liberty -both \
//              /home/cc/Documents/Abdullah/RISCV_synthesis/libraries/libs/tcbn65lptc.lib \
//              /home/cc/Documents/Abdullah/RISCV_synthesis/libraries/libs/tcbn65lpwc.lib
// Parsing file /home/cc/Documents/Abdullah/RISCV_synthesis/libraries/libs/tcbn65lptc.lib ...
// Parsing file /home/cc/Documents/Abdullah/RISCV_synthesis/libraries/libs/tcbn65lpwc.lib ...
// Warning: (RTL9.17) Cell doesn't have any output pins or all output pins are undriven (blackboxed) (occurrence:40)
// Note: (RTL9.26) Liberty pin with internal_node use default input_map (occurrence:40)
// Warning: (IGN3.2) Duplicate modules/entities are detected. Subsequent modules/entities are ignored (occurrence:816)
// Note: Read Liberty library successfully
0
CPU time     : 1.21    seconds
Elapse time  : 2       seconds
Memory usage : 157.60  M bytes
// Command: set_undriven_signal 0 -golden
0
// Command: set lec_version_required "16.20100"
16.20100
// Command: if {$lec_version >= $lec_version_required} {
//              set_naming_style genus -golden
//          } else {
//              set_naming_style rc -golden
//          }
// Command: set_naming_style genus -golden
0
// Command: set_naming_rule "%s\[%d\]" -instance_array -golden
0
// Command: set_naming_rule "%s_reg" -register -golden
0
// Command: set_naming_rule "%L.%s" "%L\[%d\].%s" "%s" -instance -golden
0
// Command: set_naming_rule "%L.%s" "%L\[%d\].%s" "%s" -variable -golden
0
// Command: set lec_version_required "17.10200"
17.10200
// Command: if {$lec_version >= $lec_version_required} {
//              set_naming_rule -ungroup_separator {_} -golden
//          }
// Command: set_naming_rule -ungroup_separator _ -golden
0
// Command: set lec_version_required "17.20301"
17.20301
// Command: if {$lec_version >= $lec_version_required} {
//              set_hdl_options -const_port_extend
//          }
// Command: set_hdl_options -const_port_extend
0
// Command: set_hdl_options -unsigned_conversion_overflow on
0
// Command: set_hdl_option -v_to_vd on
// Command: set_hdl_options -v_to_vd on
// Note: '-v' to '-vd' option is 'ON'
0
// Command: set lec_version_required "20.20226"
20.20226
// Command: if {$lec_version >= $lec_version_required} {
//              set_hdl_options -VERILOG_INCLUDE_DIR "sep:src"
//          } else {
//              set_hdl_options -VERILOG_INCLUDE_DIR "sep:src:cwd"
//          }
// Command: set_hdl_options -VERILOG_INCLUDE_DIR sep:src
0
// Command: add_search_path . -design -golden
0
// Command: read_design -enumconstraint -define SYNTHESIS  -merge bbox -golden -lastmod -noelab  -sv09 /home/cc/Documents/Abdullah/RISCV_synthesis/sourcecode/rtl/alu.sv /home/cc/Documents/Abdullah/RISCV_synthesis/sourcecode/rtl/alu_ctrl.sv /home/cc/Documents/Abdullah/RISCV_synthesis/sourcecode/rtl/branch_comp.sv /home/cc/Documents/Abdullah/RISCV_synthesis/sourcecode/rtl/data_mem_ctrl.sv /home/cc/Documents/Abdullah/RISCV_synthesis/sourcecode/rtl/imm_gen.sv /home/cc/Documents/Abdullah/RISCV_synthesis/sourcecode/rtl/main_ctrl.sv /home/cc/Documents/Abdullah/RISCV_synthesis/sourcecode/rtl/program_counter.sv /home/cc/Documents/Abdullah/RISCV_synthesis/sourcecode/rtl/reg_file.sv /home/cc/Documents/Abdullah/RISCV_synthesis/sourcecode/rtl/riscv_core.sv
// Parsing file /home/cc/Documents/Abdullah/RISCV_synthesis/sourcecode/rtl/alu.sv ...
// Parsing file /home/cc/Documents/Abdullah/RISCV_synthesis/sourcecode/rtl/alu_ctrl.sv ...
// Parsing file /home/cc/Documents/Abdullah/RISCV_synthesis/sourcecode/rtl/branch_comp.sv ...
// Parsing file /home/cc/Documents/Abdullah/RISCV_synthesis/sourcecode/rtl/data_mem_ctrl.sv ...
// Parsing file /home/cc/Documents/Abdullah/RISCV_synthesis/sourcecode/rtl/imm_gen.sv ...
// Parsing file /home/cc/Documents/Abdullah/RISCV_synthesis/sourcecode/rtl/main_ctrl.sv ...
// Parsing file /home/cc/Documents/Abdullah/RISCV_synthesis/sourcecode/rtl/program_counter.sv ...
// Parsing file /home/cc/Documents/Abdullah/RISCV_synthesis/sourcecode/rtl/reg_file.sv ...
// Parsing file /home/cc/Documents/Abdullah/RISCV_synthesis/sourcecode/rtl/riscv_core.sv ...
0
// Command: elaborate_design -golden -root {riscv_core} -rootonly 
// Golden root module is set to 'riscv_core'
// Warning: (RTL1.5b) Potential loss of RHS msb or carry-out bit (occurrence:2)
// Note: (RTL5.5a) Default case item with non-X assignment(s) (occurrence:8)
// Note: (RTL5.6) Case statement with no default (occurrence:5)
// Note: (RTL5.7) Default case item with inconsistent assignment(s). (occurrence:1)
// Warning: (RTL14.1) Fanout load of the signal is removed (occurrence:32)
// Note: (VLG9.2) The `define macro is used (occurrence:1)
// Warning: (DIR6.1) Ignored compiler directive is detected (occurrence:6)
0
// Command: read_design -verilog95   -revised -lastmod -noelab fv/riscv_core/fv_map.v.gz
// Parsing file fv/riscv_core/fv_map.v.gz ...
0
// Command: elaborate_design -revised -root {riscv_core}
// Revised root module is set to 'riscv_core'
// Warning: (HRC3.10a) An input port is declared, but it is not completely used in the module (occurrence:8)
0
// Command: uniquify -all -nolib -golden
Uniquified 0 module(s)
0
// Command: report_design_data
============================================
Summary           Golden         Revised
============================================
Design-modules        12               2
Library-cells        148            8282
============================================
Primitives      Golden              Revised
============================================
INPUT               66                   66
OUTPUT             102                  102
--------------------------------------------
AND        *      3845                 3554
BUF        *        10                  335
DFF        *      1056                 1024
INV        *       172                 3792
MUX        *      3859                    0
NAND       *         0                 2512
NOR        *        81                 1540
OR         *       535                 3417
WIRE       *         9                    0
XNOR       *        61                   62
XOR        *       410                  100
------ word-level --------------------------
ADD        *         5                    0
EQ         *         1                    0
LT         *         2                    0
NE         *         1                    0
SLL        *         1                    0
SRA        *         1                    0
SRL        *         1                    0
SUBTRACT   *         2                    0
WAND       *         1                    0
WMUX       *       111                    0
WOR        *         1                    0
WSEL       *        23                    0
WXOR       *         1                    0
--------------------------------------------
Total            10038                16336

0
// Command: report_black_box
0
// Command: set_flatten_model -seq_constant
0
// Command: set_flatten_model -seq_constant_x_to 0
0
// Command: set_flatten_model -nodff_to_dlat_zero
0
// Command: set_flatten_model -nodff_to_dlat_feedback
0
// Command: set_flatten_model -hier_seq_merge
0
// Command: set_flatten_model -balanced_modeling
0
// Command: set lec_version_required "20.10100"
20.10100
// Command: if {$lec_version >= $lec_version_required} {
//              check_verification_information
//          }
// Command: check_verification_information
Checking Sequential constant...
Checking Sequential merge...
Checking Synthesis equation...
================================================================================
Implementation Information Check Summary: 
--------------------------------------------------------------------------------
Total Sequential Constants:     32
  Name Collision:               0
  Name Ambiguous:               0
  Name not Found:               0
--------------------------------------------------------------------------------
Total Sequential Merges:        0
  Name Collision:               0
  Name Ambiguous:               0
  Name not Found:               0
  Merge Target:
    Name Ambiguous:             0
    Name not Found:             0
--------------------------------------------------------------------------------
Total Synthesis Equations:      1
  Module not Found:             0
  Equation Conflict:            0
  Equation Syntax Error:        0
No Equation Modules:            0
================================================================================
0
// Command: set_analyze_option -auto -report_map
0
// Command: write_hier_compare_dofile hier_tmp2.lec.do -verbose -noexact_pin_match -constraint -usage \
//          -replace -balanced_extraction -input_output_pin_equivalence \
//          -prepend_string "report_design_data; report_unmapped_points -summary; report_unmapped_points -notmapped; analyze_datapath -module -verbose; eval analyze_datapath $DATAPATH_SOLVER_OPTION -verbose"
// The following settings are used for hierarchical dofile generation:
// Modeling Options:
    Auto setup disabled
    GATED_Clock modeling enabled
// Mapping Method:
    Name Only
--------------------------------------------------------------------------------
// Flattening Golden and Revised designs ...
--------------------------------------------------------------------------------
// Processing Golden ...
// Modeling Golden ...
// Processing Revised ...
// Modeling Revised ...
// Balanced modeling mapped 2048 out of 2080 DFF/DLATs
// Collected 32 sequential constant(s) via setup info for Golden
// (F18) Converted 19 DFF/DLAT(s) in (G) to ZERO/ONE
// Converted 13 DFF/DLAT(s) in (G) to ZERO/ONE
// Warning: Golden and Revised have different numbers of key points:
// Golden  key points = 1224
// Revised key points = 1192
// Warning: Automatic key point mapping is skipped
// Command: MAP KEy Points
// Mapping key points ...
================================================================================
Mapped points: SYSTEM class
--------------------------------------------------------------------------------
Mapped points     PI     PO     DFF       Total   
--------------------------------------------------------------------------------
Golden            66     102    1024      1192    
--------------------------------------------------------------------------------
Revised           66     102    1024      1192    
================================================================================
Unmapped points:
================================================================================
Golden:
--------------------------------------------------------------------------------
Unmapped points   DFF       Total   
--------------------------------------------------------------------------------
Unreachable       32        32      
================================================================================
CPU time     : 2.79    seconds
Elapse time  : 7       seconds
Memory usage : 217.20  M bytes
--------------------------------------------------------------------------------
// Starting hierarchical dofile generation ...
--------------------------------------------------------------------------------
// Total Matching Module Instance Pairs =  1
// Module Instantiation Ratio in Golden = 1.00
// Module Instantiation Ratio in Revised = 1.00
// Gathering Instance Boundary Information ...
// Extracting Constraints in Golden ...
// Extracting Constraints in Revised ...
// Extracting logic-cone properties of pins ...
// Balancing Constraints ...
// boundary_change values use the revised names to match.
// Resolving Constraints ...
// Writing hierarchical dofile ...
# The following Golden modules are not written because of non-matching
# instance names in Revised:
# data_mem_ctrl (Instance: data_mem_ctrl_inst) (G)
# reg_file (Instance: reg_file_inst) (G)
# imm_gen (Instance: imm_gen_inst) (G)
# main_ctrl (Instance: main_ctrl_inst) (G)
# alu_ctrl (Instance: alu_ctrl_inst) (G)
# alu (Instance: alu_inst) (G)
# The following Revised modules are not written because of non-matching
# instance names in Golden:
# csa_tree_alu_inst_eq_34_31_group_4 (Instance: csa_tree_alu_inst_eq_34_31_groupi) (R)
1 module pairs are written for hierarchical comparison
// Command: report mapped point -summary -method
================================================================================
Mapped points: SYSTEM class
--------------------------------------------------------------------------------
Mapped points     PI     PO     DFF       Total   
--------------------------------------------------------------------------------
Golden            66     102    1024      1192    
--------------------------------------------------------------------------------
Revised           66     102    1024      1192    
================================================================================
================================================================================
Mapping method    PI     PO     DFF    Total 
--------------------------------------------------------------------------------
Name              66     102    1024   1192  
================================================================================
// Command: report unmapped point -summary
================================================================================
Golden:
--------------------------------------------------------------------------------
Unmapped points   DFF       Total   
--------------------------------------------------------------------------------
Unreachable       32        32      
================================================================================
0
// Command: run_hier_compare hier_tmp2.lec.do -dynamic_hierarchy
// Running Module riscv_core and riscv_core
// Command: set_root_module riscv_core -Golden
// Warning: Golden root module is already at 'riscv_core'
0
// Command: set_root_module riscv_core -Revised
// Warning: Revised root module is already at 'riscv_core'
0
// Command: set_module_property -instance / -Golden
0
// Command: set_module_property -instance / -Revised
0
// Command: report_black_box -NOHidden
0
// Command: set_system_mode lec
// Processing Golden ...
// Modeling Golden ...
// Processing Revised ...
// Modeling Revised ...
// Balanced modeling mapped 2048 out of 2080 DFF/DLATs
// Collected 32 sequential constant(s) via setup info for Golden
// (F18) Converted 19 DFF/DLAT(s) in (G) to ZERO/ONE
// Converted 13 DFF/DLAT(s) in (G) to ZERO/ONE
CPU time     : 3.65    seconds
Elapse time  : 8       seconds
Memory usage : 228.77  M bytes
// Warning: Golden and Revised have different numbers of key points:
// Golden  key points = 1224
// Revised key points = 1192
// Mapping key points ...
================================================================================
Mapped points: SYSTEM class
--------------------------------------------------------------------------------
Mapped points     PI     PO     DFF       Total   
--------------------------------------------------------------------------------
Golden            66     102    1024      1192    
--------------------------------------------------------------------------------
Revised           66     102    1024      1192    
================================================================================
Unmapped points:
================================================================================
Golden:
--------------------------------------------------------------------------------
Unmapped points   DFF       Total   
--------------------------------------------------------------------------------
Unreachable       32        32      
================================================================================
CPU time     : 3.92    seconds
Elapse time  : 8       seconds
Memory usage : 228.96  M bytes
// Running automatic setup...
================================================================================
Mapped points: SYSTEM class
--------------------------------------------------------------------------------
Mapped points     PI     PO     DFF       Total   
--------------------------------------------------------------------------------
Golden            66     102    1024      1192    
--------------------------------------------------------------------------------
Revised           66     102    1024      1192    
================================================================================
Unmapped points:
================================================================================
Golden:
--------------------------------------------------------------------------------
Unmapped points   DFF       Total   
--------------------------------------------------------------------------------
Unreachable       32        32      
================================================================================
// Automatic setup finished.
0
CPU time     : 4.26    seconds
Elapse time  : 9       seconds
Memory usage : 229.64  M bytes
// Command: report_design_data
============================================
Summary           Golden         Revised
============================================
Design-modules        12               2
Library-cells        148            8282
============================================
Primitives      Golden              Revised
============================================
INPUT               66                   66
OUTPUT             102                  102
--------------------------------------------
AND        *      3845                 3554
BUF        *        10                  335
DFF        *      1056                 1024
INV        *       172                 3792
MUX        *      3859                    0
NAND       *         0                 2512
NOR        *        81                 1540
OR         *       535                 3417
WIRE       *         9                    0
XNOR       *        61                   62
XOR        *       410                  100
------ word-level --------------------------
ADD        *         5                    0
EQ         *         1                    0
LT         *         2                    0
NE         *         1                    0
SLL        *         1                    0
SRA        *         1                    0
SRL        *         1                    0
SUBTRACT   *         2                    0
WAND       *         1                    0
WMUX       *       111                    0
WOR        *         1                    0
WSEL       *        23                    0
WXOR       *         1                    0
--------------------------------------------
Total            10038                16336

// Command: report_unmapped_points -summary
================================================================================
Golden:
--------------------------------------------------------------------------------
Unmapped points   DFF       Total   
--------------------------------------------------------------------------------
Unreachable       32        32      
================================================================================
// Command: report_unmapped_points -notmapped

0 unmapped points reported
// Command: analyze_datapath -module -verbose
// Note: Multithreaded module datapath analysis (MDP) is enabled
// Warning: Checking out 3 next licenses (Conformal_Low_Power) in the license list, configurable by 'set parallel option -license'.
// 1 datapath module is detected based on verification information.
// Note: csa_tree_alu_inst_eq_34_31_groupi : quality evaluated 100% success 
// Command: analyze_datapath -flowgraph -verbose
0
CPU time     : 5.05    seconds
Elapse time  : 14      seconds
Memory usage : 248.41  M bytes
// Command: add_compared_points -all
// 1126 compared points added to compare list
0
// Command: compare -noneq_stop 1  -threads 1,4
// Compare will stop on the 1st non-equivalent point
================================================================================
Compared points      PO     DFF       Total   
--------------------------------------------------------------------------------
Equivalent           102    1024      1126    
================================================================================
CPU time     : 31.00   seconds
Elapse time  : 35      seconds
Memory usage : 252.17  M bytes
// Command: analyze abort -compare
There is no abort/specified point to be analyzed.
// Command: save_hier_compare_result
0
CPU time     : 31.11   seconds
Elapse time  : 35      seconds
Memory usage : 252.36  M bytes
// Command: set_system_mode setup
0
// Command: usage
CPU time     : 31.11   seconds
Memory usage : 252.36  M bytes
0
Processed 1 out of 1 module pairs	EQ: 1	NEQ: 0	ABORT: 0

================================================================================
Module Comparison Results
--------------------------------------------------------------------------------
Equivalent                     1
--------------------------------------------------------------------------------
Total                          1
--------------------------------------------------------------------------------
Hierarchical compare : Equivalent 
================================================================================
0
// Command: report_hier_compare_result -dynamicflattened
0
// Command: report_verification -hier -verbose
================================================================================
                            Verification Report
--------------------------------------------------------------------------------
Category                                                                  Count
--------------------------------------------------------------------------------
1. Non-standard modeling options used:                                      1
     Tri-stated output:                                        checked
     Revised X signals set to E:                               yes
     Floating signals tied to Z:                               no *
     Command "add clock" for clock-gating:                     not used
--------------------------------------------------------------------------------
2. Incomplete verification:                                                 0
     All primary outputs are mapped:                           yes
     Not-mapped DFF/DLAT is detected:                          no
     All mapped points are added as compare points:            yes
     All compared points are compared:                         yes
     User added black box:                                     no
     Black box mapped with different module name:              no
     Empty module is not black boxed:                          no
     Command "add ignore outputs" used:                        no
     Always false constraints detected:                        no
--------------------------------------------------------------------------------
3. User modification to design:                                             0
     Change gate type:                                         no
     Change wire:                                              no
     Primary input added by user:                              no
--------------------------------------------------------------------------------
4. Conformal Constraint Designer clock domain crossing checks recommended:  0
     Multiple clocks in the design:                            no
--------------------------------------------------------------------------------
5. Design ambiguity:                                                        1
     Duplicate module definition:                              yes *
     Black box due to undefined cells:                         no
     Golden design has abnormal ratio of unreachable gates:    no
     Ratio of golden unreachable gates:                        3%
     Revised design has abnormal ratio of unreachable gates:   no
     Ratio of revised unreachable gates:                       0%
     All primary input bus ordering is consistent:             yes
     All primary output bus ordering is consistent:            yes
     DFF/DLAT not compared due to disabled clock port(s):        0
     Always X compared point is detected:                      not checked
--------------------------------------------------------------------------------
6. Compare Results:                                                        PASS
     Number of EQ compare points:                              1126
     Number of NON-EQ compare points:                          0
     Number of Aborted compare points:                         0
     Number of Uncompared compare points :                     0
================================================================================
pass
// Command: set_system_mode lec
0
// Command: write_compared_points noneq.compared_points.riscv_core.rtl.fv_map.tcl -class noneq -tclmode -replace
0
// Command: set lec_version_required "21.10100"
21.10100
// Command: if {$lec_version >= $lec_version_required} {
//              analyze_nonequivalent -source_diagnosis
//              report_nonequivalent_analysis > noneq.source_diag.riscv_core.rtl.fv_map.rpt
//          }
// Command: analyze_nonequivalent -source_diagnosis
// Warning: Non-equivalent points do not exist.
// Command: report_nonequivalent_analysis > noneq.source_diag.riscv_core.rtl.fv_map.rpt
0
// Command: report_test_vector -noneq > noneq.test_vector.riscv_core.rtl.fv_map.rpt
0
// Command: set_system_mode setup
0
// Command: write_verification_information
// Verification information is written to rtl_fv_map_db.
0
// Command: report_verification_information
// Generating reports on verification information at /home/cc/Documents/Abdullah/RISCV_synthesis/workspace/rtl_fv_map_db...
LEC run scores:
================================================================================
Step                Score     Range          
--------------------------------------------------------------------------------
result_status       10        10             
runtime             10        10             
mapping             10        10             
sequential_constant 10        10             
sequential_merge    5         10             
sequential_phase    10        10             
datapath_analysis   10        10             
combinational_loop  5         10             
mismatch_detection  5         10             
overall             75        90             
================================================================================
LEC results versus attributes:
================================================================================
Attribute           Total     Inconsistency  Combined Table                
--------------------------------------------------------------------------------
sequential_constant 32        0              sequential_constant.json      
sequential_merge    0         0                                            
sequential_phase    1024      0              sequential_phase.json         
================================================================================
The tables can be viewed directly using web interface.
// Done with reporting verification information.
0
// Command: set lec_version_required "18.20330"
18.20330
// Command: if {$lec_version >= $lec_version_required} {
//              report_implementation_information
//          }
// Command: report_implementation_information
// Reporting implementation information...
// Information summary:
================================================================================
        Information Category     Total      Used    Unused  Rejected     Abort
--------------------------------------------------------------------------------
   Sequential instance phase      1024      1024         0         0         0
               Phase mapping         0         0         0         0         0
         Sequential constant        32        32         0         0         0
            Sequential merge         0         0         0         0         0
      Sequential unreachable         0         0         0         0         0
      Sequential duplication         0         0         0         0         0
       Boundary optimization         8         8         0         0         0
          Synthesis equation         1         1         0         0         0
  Combinational loop breaker         0         0         0         0         0
================================================================================
0
// Command: set_system_mode lec
0
// Command: puts "No of compare points = [get_compare_points -count]"
// Command: get_compare_points -count
No of compare points = 1126
// Command: puts "No of diff points    = [get_compare_points -NONequivalent -count]"
// Command: get_compare_points -NONequivalent -count
No of diff points    = 0
// Command: puts "No of abort points   = [get_compare_points -abort -count]"
// Command: get_compare_points -abort -count
No of abort points   = 0
// Command: puts "No of unknown points = [get_compare_points -unknown -count]"
// Command: get_compare_points -unknown -count
No of unknown points = 0
// Command: if {[get_compare_points -count] == 0} {
//              puts "---------------------------------"
//              puts "ERROR: No compare points detected"
//              puts "---------------------------------"
//          }
// Command: get_compare_points -count
// Command: if {[get_compare_points -NONequivalent -count] > 0} {
//              puts "------------------------------------"
//              puts "ERROR: Different Key Points detected"
//              puts "------------------------------------"
//          }
// Command: get_compare_points -NONequivalent -count
// Command: if {[get_compare_points -abort -count] > 0} {
//              puts "-----------------------------"
//              puts "ERROR: Abort Points detected "
//              puts "-----------------------------"
//          }
// Command: get_compare_points -abort -count
// Command: if {[get_compare_points -unknown -count] > 0} {
//              puts "----------------------------------"
//              puts "ERROR: Unknown Key Points detected"
//              puts "----------------------------------"
//          }
// Command: get_compare_points -unknown -count
// Command: set lec_version_required "19.10100"
19.10100
// Command: if {$lec_version >= $lec_version_required} {
//              analyze_results -logfiles $logfile
//          }
// Command: analyze_results -logfiles /home/cc/Documents/Abdullah/RISCV_synthesis/export/Synthesis_Data/reports/lec_rtl_to_mapped.log
// Analyzing logfile '/home/cc/Documents/Abdullah/RISCV_synthesis/export/Synthesis_Data/reports/lec_rtl_to_mapped.log'
// Warning: Analyze results collects information from the log file but does not
//          qualify the execution or completeness of the run.
// Logfile Results
================================================================================
|                  Conformal Version |23.10-s300 
|                        Root Module |riscv_core 
|                           CPU Time |31 sec
|                       Elapsed Time |35 sec
|                             Memory |252.36 MB
|              Power Grid Comparison |N/A 
|               Power Intent Compare |N/A 
|           Supply Power Consistency |N/A 
|        Retention Power Consistency |N/A 
|             Compare Power Crossing |N/A 
|                     LEC Comparison |PASS 
|                 Flatten Comparison |N/A 
|            Hierarchical Comparison |PASS 
|                      Logfile Lines |690 
|                       Logfile Name |lec_rtl_to_mapped.log 
|              Logfile Modified Time |Mon Aug  3 03:07:56 2026 
|         Implementation Information |fv/riscv_core 
|       Set Verification Information |/home/cc/Documents/Abdullah/RISCV_synthesis/workspace/rtl_fv_map_db 
|      Read Verification Information |N/A 
|                   Analysis Elapsed |0.1 sec
|                    Runtime / #Gate |0.0 sec
|Matched back-to-back isolation cell |N/A 
|            Time-consuming commands | 1. compare: 21s(60.00%) (execute 1 time(s))
|                                    | 2. analyze datapath: 5s(14.29%) (execute 2 time(s))
|                                    | 3. map key points: 5s(14.29%) (execute 1 time(s))
================================================================================
           
// Usage Breakdown Summary
================================================================================
|Command                   |  Total Elapse Time|  Total CPU Time|    Peak Memory
--------------------------------------------------------------------------------
|read library              |                2 s|             1 s|      157.60 MB
|read design -golden       |                0 s|             0 s|        0.00 MB
|read design -revised      |                0 s|             0 s|        0.00 MB
|write hier_compare dofile |                5 s|             1 s|      217.20 MB
|run hier_compare          |               27 s|            28 s|      252.36 MB
           
// Hierarchical Comparison Information
--------------------------------------------------------------------------------
// Hierarchical Run #1
             
// Write Dofile Command          : write_hier_compare_dofile hier_tmp2.lec.do -verbose -noexact_pin_match -constraint -usage -replace -balanced_extraction -input_output_pin_equivalence -prepend_string "report_design_data; report_unmapped_points -summary; report_unmapped_points -notmapped; analyze_datapath -module -verbose; eval analyze_datapath $DATAPATH_SOLVER_OPTION -verbose" (line: 255)
// Run Hier_compare Command      : run_hier_compare hier_tmp2.lec.do -dynamic_hierarchy (line: 351)
// Hierarchical Compare Result   : Equivalent
// Smart instance selection      : Disable
           
// Hierarchical Comparison Statistics
================================================================================
|     Modules|       Total|         Max|         Min|         Avg
--------------------------------------------------------------------------------
|           1|          28|          28|          28|          28
================================================================================
  Modules: Total number of modules.
  Total: Sum of all module runtimes(sec).
  Max: Runtime of module with longest runtime.
  Min: Runtime of module with shortest runtime.
  Avg: Average runtime of all modules.
           
// Bottleneck Modules: 
// Note: Report skipped due to brief overall runtime
 
// Smart LEC Parallel Hierarchical Comparison Analysis
// Note: Analysis is skipped due to brief overall runtime
--------------------------------------------------------------------------------
               
// Resource usages of analysis: Cpu=0.09s Mem=198MB
0
// Command: vpxmode
// Command: exit
