============================================================
  Generated by:           Genus(TM) Synthesis Solution 21.18-s082_1
  Generated on:           Aug 03 2026  03:00:46 am
  Module:                 riscv_core
  Operating conditions:   WCCOM 
  Operating conditions:   NCCOM 
  Interconnect mode:      spatial
  Area mode:              physical library
============================================================


Path 1: MET (0 ps) Late External Delay Assertion at pin alu_result[12]
           View: view_func_setup
          Group: clk
     Startpoint: (R) instruction[23]
          Clock: (R) clk
       Endpoint: (R) alu_result[12]
          Clock: (R) clk

                     Capture       Launch     
        Clock Edge:+    5730            0     
        Drv Adjust:+       0            0     
       Src Latency:+       0            0     
       Net Latency:+       0 (I)        0 (I) 
           Arrival:=    5730            0     
                                              
      Output Delay:-    2000                  
       Uncertainty:-     150                  
     Required Time:=    3580                  
      Launch Clock:-       0                  
       Input Delay:-    2000                  
         Data Path:-    1580                  
             Slack:=       0                  

Exceptions/Constraints:
  input_delay              2000            riscv_baseline.sdc_line_45_8_1   
  output_delay             2000            riscv_baseline.sdc_line_61_172_1 

#-------------------------------------------------------------------------------------------
#  Timing Point    Flags    Arc   Edge   Cell     Fanout  Load Trans Delay Arrival Instance 
#                                                         (fF)  (ps)  (ps)   (ps)  Location 
#-------------------------------------------------------------------------------------------
  instruction[23]  -       -      R     (arrival)     32 182.9   100     0    2000    (-,-) 
  g212658/ZN       -       S0->ZN R     MUX4ND2        1   4.5    60   267    2267    (-,-) 
  g193737/ZN       -       B1->ZN F     INR2XD2        1   8.3    64    56    2323    (-,-) 
  g203079/ZN       -       A1->ZN R     NR2D8          1   8.6    59    60    2383    (-,-) 
  g203077/ZN       -       A2->ZN F     ND3D8          2  10.0    74    74    2456    (-,-) 
  g203081/ZN       -       A1->ZN R     ND2D8          1   8.8    41    49    2505    (-,-) 
  g211166/ZN       -       A1->ZN F     ND2D8          1  11.7    50    49    2554    (-,-) 
  g211165/ZN       -       A1->ZN R     NR2XD8         2  23.8    60    56    2610    (-,-) 
  g211168/ZN       -       A1->ZN F     NR2XD8         8  44.0    74    64    2674    (-,-) 
  fopt204983/ZN    -       I->ZN  R     INVD12         4  19.5    42    50    2724    (-,-) 
  g193238/ZN       -       A2->ZN F     ND2D3          4  13.5    95    78    2802    (-,-) 
  g177717/ZN       -       I->ZN  R     INVD3          4  12.8    77    81    2883    (-,-) 
  g177390__3680/ZN -       A1->ZN F     ND2D2          2   7.0    82    76    2959    (-,-) 
  g193339/ZN       -       A1->ZN R     ND2D2          1   6.3    65    68    3026    (-,-) 
  g177042__7482/ZN -       A2->ZN F     NR2XD3         3  10.3    57    63    3090    (-,-) 
  g166/ZN          -       A1->ZN R     ND2D2          1   3.3    54    46    3136    (-,-) 
  g205962/ZN       -       A1->ZN F     ND2D2          2   7.1    80    69    3205    (-,-) 
  g176596__5477/ZN -       A1->ZN F     IAO21D4        2   6.6    64   178    3383    (-,-) 
  g201650/ZN       -       A1->ZN R     ND2D3          1   4.5    52    48    3431    (-,-) 
  g201644/ZN       -       C->ZN  F     AOI211XD2      1   4.9   106    70    3501    (-,-) 
  g194667/ZN       -       A1->ZN R     ND2D4          2  13.7    72    79    3580    (-,-) 
  alu_result[12]   -       -      R     (port)         -     -     -     0    3580    (-,-) 
#-------------------------------------------------------------------------------------------



Path 2: MET (0 ps) Late External Delay Assertion at pin alu_result[27]
           View: view_func_setup
          Group: clk
     Startpoint: (R) instruction[24]
          Clock: (R) clk
       Endpoint: (F) alu_result[27]
          Clock: (R) clk

                     Capture       Launch     
        Clock Edge:+    5730            0     
        Drv Adjust:+       0            0     
       Src Latency:+       0            0     
       Net Latency:+       0 (I)        0 (I) 
           Arrival:=    5730            0     
                                              
      Output Delay:-    2000                  
       Uncertainty:-     150                  
     Required Time:=    3580                  
      Launch Clock:-       0                  
       Input Delay:-    2000                  
         Data Path:-    1580                  
             Slack:=       0                  

Exceptions/Constraints:
  input_delay              2000            riscv_baseline.sdc_line_45_7_1   
  output_delay             2000            riscv_baseline.sdc_line_61_157_1 

#-------------------------------------------------------------------------------------------
#  Timing Point    Flags    Arc   Edge   Cell     Fanout  Load Trans Delay Arrival Instance 
#                                                         (fF)  (ps)  (ps)   (ps)  Location 
#-------------------------------------------------------------------------------------------
  instruction[24]  -       -      R     (arrival)     35 218.3   100     0    2000    (-,-) 
  fopt214794/ZN    -       I->ZN  F     INVD16         3  39.2    45    57    2057    (-,-) 
  fopt213550/ZN    -       I->ZN  R     CKND12        10  27.8    43    46    2103    (-,-) 
  fopt213553/Z     -       I->Z   R     CKBD4          2   5.8    34    69    2172    (-,-) 
  g217545/Z        -       A1->Z  R     OA21D2         1   4.6    55   103    2275    (-,-) 
  g210906/ZN       -       A1->ZN F     AOI21D4        1   5.1    50    51    2326    (-,-) 
  g199901/ZN       -       B->ZN  R     AOI21D4        1   8.6   104   101    2428    (-,-) 
  g213023/ZN       -       A1->ZN F     ND3D8          1   6.7    66    68    2495    (-,-) 
  g215524/ZN       -       A1->ZN R     NR2XD4         1   7.8    50    52    2548    (-,-) 
  g215523/ZN       -       A1->ZN F     CKND2D8        2   7.0    39    44    2591    (-,-) 
  g215526/ZN       -       B1->ZN R     IND2D4         1   7.8    47    43    2635    (-,-) 
  g202556/ZN       -       A1->ZN F     CKND2D8        5  17.4    62    58    2692    (-,-) 
  fopt188261/Z     -       I->Z   F     CKBD4          2   7.7    36    82    2774    (-,-) 
  g188263/ZN       -       A2->ZN R     CKND2D4        2   7.4    54    52    2827    (-,-) 
  g211393/ZN       -       A1->ZN F     CKND2D4        2   6.9    49    49    2876    (-,-) 
  g211392/ZN       -       A1->ZN R     AOI21D4        2   7.1    92    73    2949    (-,-) 
  g210974/ZN       -       A1->ZN F     OAI21D4        1   6.7    62    65    3014    (-,-) 
  g176699__5526/ZN -       A1->ZN R     NR2XD4         1   9.7    55    55    3070    (-,-) 
  g211093/ZN       -       A2->ZN F     ND2D8          4  19.0    65    66    3135    (-,-) 
  g211096/ZN       -       I->ZN  R     CKND8          1  11.9    37    45    3180    (-,-) 
  g211478/ZN       -       A1->ZN F     NR2XD8         3  19.6    49    39    3219    (-,-) 
  g211061/ZN       -       A1->ZN R     OAI21D2        2   5.8   116    94    3313    (-,-) 
  g202907/ZN       -       A1->ZN F     AOI21D2        1   4.6    78    80    3393    (-,-) 
  g202906/ZN       -       A1->ZN R     OAI21D4        1   8.9   100    90    3484    (-,-) 
  g215695/ZN       -       A3->ZN F     ND3D8          2  13.6    82    96    3580    (-,-) 
  alu_result[27]   -       -      F     (port)         -     -     -     0    3580    (-,-) 
#-------------------------------------------------------------------------------------------



Path 3: MET (0 ps) Late External Delay Assertion at pin alu_result[30]
           View: view_func_setup
          Group: clk
     Startpoint: (F) instruction[21]
          Clock: (R) clk
       Endpoint: (F) alu_result[30]
          Clock: (R) clk

                     Capture       Launch     
        Clock Edge:+    5730            0     
        Drv Adjust:+       0            0     
       Src Latency:+       0            0     
       Net Latency:+       0 (I)        0 (I) 
           Arrival:=    5730            0     
                                              
      Output Delay:-    2000                  
       Uncertainty:-     150                  
     Required Time:=    3580                  
      Launch Clock:-       0                  
       Input Delay:-    2000                  
         Data Path:-    1580                  
             Slack:=       0                  

Exceptions/Constraints:
  input_delay              2000            riscv_baseline.sdc_line_45_10_1  
  output_delay             2000            riscv_baseline.sdc_line_61_154_1 

#------------------------------------------------------------------------------------------
#  Timing Point    Flags    Arc   Edge   Cell     Fanout Load Trans Delay Arrival Instance 
#                                                        (fF)  (ps)  (ps)   (ps)  Location 
#------------------------------------------------------------------------------------------
  instruction[21]  -       -      F     (arrival)     10 69.1   100     0    2000    (-,-) 
  g202317/ZN       -       I->ZN  R     INVD16        10 64.0    73    81    2081    (-,-) 
  g202320/ZN       -       A1->ZN F     CKND2D4        1  6.5    51    55    2136    (-,-) 
  g193810/ZN       -       I->ZN  R     CKND6          4 16.5    49    51    2186    (-,-) 
  g193581/ZN       -       I->ZN  F     INVD4          3 14.1    44    45    2231    (-,-) 
  g193579/ZN       -       I->ZN  R     INVD6          8 35.5    87    72    2304    (-,-) 
  g211046/ZN       -       C->ZN  F     OAI221XD4      1  5.0    99   130    2434    (-,-) 
  g197671/ZN       -       B->ZN  R     OAI21D4        1  4.7    72    69    2503    (-,-) 
  g194576/ZN       -       A3->ZN F     OAI31D4        1  4.9    72    58    2562    (-,-) 
  g7/ZN            -       A1->ZN R     ND2D4          1  6.7    45    52    2614    (-,-) 
  g213059/ZN       -       A1->ZN F     NR2XD4         2 10.7    59    43    2657    (-,-) 
  g42/ZN           -       A1->ZN R     NR2D8          1 11.9    68    65    2722    (-,-) 
  g196455/ZN       -       A1->ZN F     NR2XD8         4 22.9    50    52    2774    (-,-) 
  g196456/ZN       -       A1->ZN R     NR2D3          2  7.3    92    78    2851    (-,-) 
  g196404/ZN       -       A1->ZN F     OAI21D4        2  6.3    65    64    2916    (-,-) 
  g193595/ZN       -       A1->ZN R     ND2D3          2  7.7    60    58    2973    (-,-) 
  g210682/ZN       -       B1->ZN F     IND3D4         1  4.9    74    78    3051    (-,-) 
  g193593/ZN       -       A1->ZN R     ND2D4          2  8.0    52    56    3107    (-,-) 
  g176560__6417/ZN -       A1->ZN F     NR2XD3         1  4.1    56    39    3146    (-,-) 
  g211145/ZN       -       A1->ZN R     ND2D3          1  4.9    46    47    3192    (-,-) 
  g59/ZN           -       A1->ZN F     CKND2D4        3 12.1    86    60    3252    (-,-) 
  g57/ZN           -       A2->ZN R     CKND2D4        2  8.4    65    74    3326    (-,-) 
  g210997/ZN       -       I->ZN  F     CKND4          1  4.6    30    38    3364    (-,-) 
  g191800/ZN       -       A1->ZN R     CKND2D4        1  4.6    44    38    3402    (-,-) 
  g191799/ZN       -       A1->ZN F     AOI21D4        1  8.3    62    56    3458    (-,-) 
  g195029/ZN       -       A1->ZN R     NR2D8          1  9.7    64    61    3519    (-,-) 
  g197964/ZN       -       A2->ZN F     ND2D8          2 13.6    62    61    3580    (-,-) 
  alu_result[30]   -       -      F     (port)         -    -     -     0    3580    (-,-) 
#------------------------------------------------------------------------------------------



Path 4: MET (0 ps) Late External Delay Assertion at pin alu_result[31]
           View: view_func_setup
          Group: clk
     Startpoint: (R) instruction[24]
          Clock: (R) clk
       Endpoint: (R) alu_result[31]
          Clock: (R) clk

                     Capture       Launch     
        Clock Edge:+    5730            0     
        Drv Adjust:+       0            0     
       Src Latency:+       0            0     
       Net Latency:+       0 (I)        0 (I) 
           Arrival:=    5730            0     
                                              
      Output Delay:-    2000                  
       Uncertainty:-     150                  
     Required Time:=    3580                  
      Launch Clock:-       0                  
       Input Delay:-    2000                  
         Data Path:-    1580                  
             Slack:=       0                  

Exceptions/Constraints:
  input_delay              2000            riscv_baseline.sdc_line_45_7_1 
  output_delay             2000            riscv_baseline.sdc_line_61     

#------------------------------------------------------------------------------------------
#  Timing Point   Flags    Arc   Edge   Cell     Fanout  Load Trans Delay Arrival Instance 
#                                                        (fF)  (ps)  (ps)   (ps)  Location 
#------------------------------------------------------------------------------------------
  instruction[24] -       -      R     (arrival)     35 218.3   100     0    2000    (-,-) 
  fopt214794/ZN   -       I->ZN  F     INVD16         3  39.2    45    57    2057    (-,-) 
  fopt213550/ZN   -       I->ZN  R     CKND12        10  27.8    43    46    2103    (-,-) 
  fopt185697/Z    -       I->Z   R     CKBD8          7  20.9    52    93    2196    (-,-) 
  g450/Z          -       A1->Z  R     CKAN2D2        1   4.8    64   142    2338    (-,-) 
  g196906/ZN      -       A1->ZN F     OAI21D4        1   3.8    56    49    2388    (-,-) 
  g214094/ZN      -       A1->ZN R     CKND2D3        1   7.9    76    63    2451    (-,-) 
  g214093/ZN      -       A1->ZN F     NR2D8          1   4.6    28    33    2484    (-,-) 
  g214092/ZN      -       A1->ZN R     CKND2D4        1   6.7    54    42    2526    (-,-) 
  g96/ZN          -       A1->ZN F     NR2XD4         1   7.2    40    41    2567    (-,-) 
  g214904/ZN      -       A1->ZN R     CKND2D8        3  12.5    55    48    2614    (-,-) 
  g214914/ZN      -       A1->ZN F     ND2D4          1   7.2    53    52    2666    (-,-) 
  g211419/ZN      -       A1->ZN R     CKND2D8        2  13.8    64    54    2720    (-,-) 
  g211418/ZN      -       A2->ZN F     CKND2D8        3  10.6    50    56    2776    (-,-) 
  fopt186378/ZN   -       I->ZN  R     CKND4          2  12.7    54    54    2830    (-,-) 
  g211406/ZN      -       A1->ZN F     OAI21D4        2   7.0    63    55    2885    (-,-) 
  g211405/ZN      -       A1->ZN R     OAI21D4        1   7.8    91    81    2966    (-,-) 
  g202890/ZN      -       A1->ZN F     CKND2D8        1  12.4    58    63    3029    (-,-) 
  g202464/ZN      -       A2->ZN R     NR2XD8         4  23.8    60    69    3098    (-,-) 
  g186270/ZN      -       A1->ZN F     NR2XD4         1   6.9    40    43    3141    (-,-) 
  g186269/ZN      -       I->ZN  R     INVD6          1  11.9    39    41    3182    (-,-) 
  g204893/ZN      -       A1->ZN F     NR2XD8         2  19.3    46    39    3221    (-,-) 
  g201614_dup/ZN  -       A2->ZN R     NR2XD8         4  23.4    62    65    3286    (-,-) 
  g204898/ZN      -       A1->ZN F     NR2XD8         3  17.9    44    46    3332    (-,-) 
  g212999/ZN      -       A1->ZN R     CKND2D3        1   5.4    60    51    3383    (-,-) 
  g213656/ZN      -       A1->ZN F     ND2D4          1   8.3    58    56    3439    (-,-) 
  g213655/ZN      -       A1->ZN R     NR2D8          1   6.7    52    54    3492    (-,-) 
  g211362/ZN      -       A1->ZN F     NR2XD4         1   7.4    48    41    3533    (-,-) 
  g213659/ZN      -       A1->ZN R     ND3D8          2  13.7    54    47    3580    (-,-) 
  alu_result[31]  -       -      R     (port)         -     -     -     0    3580    (-,-) 
#------------------------------------------------------------------------------------------



Path 5: MET (0 ps) Late External Delay Assertion at pin dmem_write_mask[1]
           View: view_func_setup
          Group: clk
     Startpoint: (F) instruction[23]
          Clock: (R) clk
       Endpoint: (R) dmem_write_mask[1]
          Clock: (R) clk

                     Capture       Launch     
        Clock Edge:+    5730            0     
        Drv Adjust:+       0            0     
       Src Latency:+       0            0     
       Net Latency:+       0 (I)        0 (I) 
           Arrival:=    5730            0     
                                              
      Output Delay:-    2000                  
       Uncertainty:-     150                  
     Required Time:=    3580                  
      Launch Clock:-       0                  
       Input Delay:-    2000                  
         Data Path:-    1580                  
             Slack:=       0                  

Exceptions/Constraints:
  input_delay              2000            riscv_baseline.sdc_line_45_8_1   
  output_delay             2000            riscv_baseline.sdc_line_63_215_1 

#---------------------------------------------------------------------------------------------
#   Timing Point     Flags    Arc   Edge   Cell     Fanout  Load Trans Delay Arrival Instance 
#                                                           (fF)  (ps)  (ps)   (ps)  Location 
#---------------------------------------------------------------------------------------------
  instruction[23]    -       -      F     (arrival)     32 175.2   100     0    2000    (-,-) 
  g214658/ZN         -       A2->ZN R     NR2D8          3  17.8    92   102    2102    (-,-) 
  g215528/Z          -       I->Z   R     BUFFD8         6  24.4    54   102    2203    (-,-) 
  g181359_214718/Z   -       I->Z   R     BUFFD6        11  29.6    77   106    2308    (-,-) 
  g214741/Z          -       A1->Z  R     AO22D0         1   2.5    90   153    2462    (-,-) 
  g195104/ZN         -       A1->ZN F     OAI21D1        1   4.9   122    99    2561    (-,-) 
  g178347/ZN         -       A3->ZN R     AOI31D4        1   4.2   100   108    2669    (-,-) 
  g178214/ZN         -       A1->ZN F     NR2XD2         2   5.5    52    62    2731    (-,-) 
  g340/ZN            -       A1->ZN R     NR2D2          1   6.7   112    90    2822    (-,-) 
  g338/ZN            -       A1->ZN F     NR2XD4         5  17.3    71    74    2896    (-,-) 
  g322/ZN            -       A2->ZN R     ND2D3          2   8.5    62    66    2962    (-,-) 
  g177576/ZN         -       I->ZN  F     CKND4          3  10.6    44    49    3010    (-,-) 
  g177329__3680/ZN   -       A1->ZN R     NR2XD0         1   5.1   161   115    3125    (-,-) 
  g455/ZN            -       B->ZN  F     OAI21D4        1   5.1    64    97    3223    (-,-) 
  g212282/ZN         -       B->ZN  R     AOI21D4        2   8.3   100   105    3328    (-,-) 
  g205976_dup/ZN     -       A1->ZN F     OAI21D4        1   4.8    61    62    3389    (-,-) 
  g212286/ZN         -       I->ZN  R     CKND4          2   9.6    47    51    3440    (-,-) 
  g206000/ZN         -       A1->ZN F     OAI21D4        1   4.6    54    47    3487    (-,-) 
  g205999/ZN         -       A1->ZN R     OAI21D4        1  11.5   113    92    3580    (-,-) 
  dmem_write_mask[1] -       -      R     (port)         -     -     -     0    3580    (-,-) 
#---------------------------------------------------------------------------------------------



Path 6: MET (0 ps) Late External Delay Assertion at pin dmem_write_mask[3]
           View: view_func_setup
          Group: clk
     Startpoint: (F) instruction[23]
          Clock: (R) clk
       Endpoint: (R) dmem_write_mask[3]
          Clock: (R) clk

                     Capture       Launch     
        Clock Edge:+    5730            0     
        Drv Adjust:+       0            0     
       Src Latency:+       0            0     
       Net Latency:+       0 (I)        0 (I) 
           Arrival:=    5730            0     
                                              
      Output Delay:-    2000                  
       Uncertainty:-     150                  
     Required Time:=    3580                  
      Launch Clock:-       0                  
       Input Delay:-    2000                  
         Data Path:-    1580                  
             Slack:=       0                  

Exceptions/Constraints:
  input_delay              2000            riscv_baseline.sdc_line_45_8_1 
  output_delay             2000            riscv_baseline.sdc_line_63     

#---------------------------------------------------------------------------------------------
#   Timing Point     Flags    Arc   Edge   Cell     Fanout  Load Trans Delay Arrival Instance 
#                                                           (fF)  (ps)  (ps)   (ps)  Location 
#---------------------------------------------------------------------------------------------
  instruction[23]    -       -      F     (arrival)     32 175.2   100     0    2000    (-,-) 
  g214658/ZN         -       A2->ZN R     NR2D8          3  17.8    92   102    2102    (-,-) 
  g215528/Z          -       I->Z   R     BUFFD8         6  24.4    54   102    2203    (-,-) 
  g181359_214718/Z   -       I->Z   R     BUFFD6        11  29.6    77   106    2308    (-,-) 
  g214741/Z          -       A1->Z  R     AO22D0         1   2.5    90   153    2462    (-,-) 
  g195104/ZN         -       A1->ZN F     OAI21D1        1   4.9   122    99    2561    (-,-) 
  g178347/ZN         -       A3->ZN R     AOI31D4        1   4.2   100   108    2669    (-,-) 
  g178214/ZN         -       A1->ZN F     NR2XD2         2   5.5    52    62    2731    (-,-) 
  g340/ZN            -       A1->ZN R     NR2D2          1   6.7   112    90    2822    (-,-) 
  g338/ZN            -       A1->ZN F     NR2XD4         5  17.3    71    74    2896    (-,-) 
  g322/ZN            -       A2->ZN R     ND2D3          2   8.5    62    66    2962    (-,-) 
  g177576/ZN         -       I->ZN  F     CKND4          3  10.6    44    49    3010    (-,-) 
  g177329__3680/ZN   -       A1->ZN R     NR2XD0         1   5.1   161   115    3125    (-,-) 
  g455/ZN            -       B->ZN  F     OAI21D4        1   5.1    64    97    3223    (-,-) 
  g212282/ZN         -       B->ZN  R     AOI21D4        2   8.3   100   105    3328    (-,-) 
  g205976_dup/ZN     -       A1->ZN F     OAI21D4        1   4.8    61    62    3389    (-,-) 
  g212286/ZN         -       I->ZN  R     CKND4          2   9.6    47    51    3440    (-,-) 
  g203697_dup/ZN     -       A1->ZN F     OAI21D4        1   4.6    54    47    3487    (-,-) 
  g206004/ZN         -       A1->ZN R     OAI21D4        1  11.5   113    92    3580    (-,-) 
  dmem_write_mask[3] -       -      R     (port)         -     -     -     0    3580    (-,-) 
#---------------------------------------------------------------------------------------------



Path 7: MET (0 ps) Late External Delay Assertion at pin alu_result[20]
           View: view_func_setup
          Group: clk
     Startpoint: (F) instruction[15]
          Clock: (R) clk
       Endpoint: (R) alu_result[20]
          Clock: (R) clk

                     Capture       Launch     
        Clock Edge:+    5730            0     
        Drv Adjust:+       0            0     
       Src Latency:+       0            0     
       Net Latency:+       0 (I)        0 (I) 
           Arrival:=    5730            0     
                                              
      Output Delay:-    2000                  
       Uncertainty:-     150                  
     Required Time:=    3580                  
      Launch Clock:-       0                  
       Input Delay:-    2000                  
         Data Path:-    1580                  
             Slack:=       0                  

Exceptions/Constraints:
  input_delay              2000            riscv_baseline.sdc_line_45_16_1  
  output_delay             2000            riscv_baseline.sdc_line_61_164_1 

#------------------------------------------------------------------------------------------
#  Timing Point    Flags    Arc   Edge   Cell     Fanout Load Trans Delay Arrival Instance 
#                                                        (fF)  (ps)  (ps)   (ps)  Location 
#------------------------------------------------------------------------------------------
  instruction[15]  -       -      F     (arrival)      9 95.6   100     0    2000    (-,-) 
  g197320/ZN       -       I->ZN  R     INVD8          1 11.9    46    58    2058    (-,-) 
  g202267/ZN       -       A1->ZN F     NR2XD8         9 26.9    60    47    2105    (-,-) 
  g183774/ZN       -       A1->ZN F     INR2XD4       10 24.3    76   125    2230    (-,-) 
  g189197/Z        -       B1->Z  F     AO22D4         1  3.1    42   152    2382    (-,-) 
  g200704/ZN       -       A1->ZN R     ND2D2          1  5.5    64    50    2432    (-,-) 
  g200703/ZN       -       A2->ZN F     CKND2D4        1 11.7    69    69    2501    (-,-) 
  g214946/ZN       -       A3->ZN R     NR3D8          1 11.9    71    92    2592    (-,-) 
  g214945/ZN       -       A1->ZN F     NR2XD8         3 19.3    50    50    2642    (-,-) 
  g214944/ZN       -       A1->ZN R     NR2XD8         6 35.3    78    68    2710    (-,-) 
  g197505/ZN       -       A1->ZN F     NR2D8          1  8.3    32    38    2748    (-,-) 
  g206835/ZN       -       I->ZN  R     CKND8          1  8.7    26    30    2778    (-,-) 
  g206833/ZN       -       A2->ZN F     CKND2D8        4 16.0    61    51    2829    (-,-) 
  g203974/ZN       -       B->ZN  R     AOI21D4        1  7.8    99   102    2932    (-,-) 
  g199135/ZN       -       A2->ZN F     NR2XD4         2  9.9    52    68    2999    (-,-) 
  g176687__9945/ZN -       A1->ZN R     NR2XD4         1 11.9    61    57    3056    (-,-) 
  g202464/ZN       -       A1->ZN F     NR2XD8         4 23.2    50    50    3106    (-,-) 
  g176547__7098/ZN -       A1->ZN R     NR2XD4         1  7.9    48    48    3154    (-,-) 
  g176513__7098/ZN -       A1->ZN F     NR2D8          4 17.8    36    37    3192    (-,-) 
  g191950/ZN       -       A1->ZN R     NR2D8          2 11.6    64    57    3248    (-,-) 
  g152/ZN          -       A1->ZN F     NR2XD4         4 13.5    58    54    3302    (-,-) 
  g197400/Z        -       I->Z   F     BUFFD2         1  4.7    38    89    3391    (-,-) 
  g197398/ZN       -       A2->ZN R     OAI21D4        1  4.9    74    70    3461    (-,-) 
  g176282__6260/ZN -       A1->ZN F     CKND2D4        1  8.6    59    59    3520    (-,-) 
  g214960/ZN       -       A2->ZN R     CKND2D8        2 13.7    55    59    3580    (-,-) 
  alu_result[20]   -       -      R     (port)         -    -     -     0    3580    (-,-) 
#------------------------------------------------------------------------------------------



Path 8: MET (0 ps) Late External Delay Assertion at pin alu_result[24]
           View: view_func_setup
          Group: clk
     Startpoint: (F) instruction[15]
          Clock: (R) clk
       Endpoint: (F) alu_result[24]
          Clock: (R) clk

                     Capture       Launch     
        Clock Edge:+    5730            0     
        Drv Adjust:+       0            0     
       Src Latency:+       0            0     
       Net Latency:+       0 (I)        0 (I) 
           Arrival:=    5730            0     
                                              
      Output Delay:-    2000                  
       Uncertainty:-     150                  
     Required Time:=    3580                  
      Launch Clock:-       0                  
       Input Delay:-    2000                  
         Data Path:-    1580                  
             Slack:=       0                  

Exceptions/Constraints:
  input_delay              2000            riscv_baseline.sdc_line_45_16_1  
  output_delay             2000            riscv_baseline.sdc_line_61_160_1 

#--------------------------------------------------------------------------------------------
#   Timing Point     Flags    Arc   Edge   Cell     Fanout Load Trans Delay Arrival Instance 
#                                                          (fF)  (ps)  (ps)   (ps)  Location 
#--------------------------------------------------------------------------------------------
  instruction[15]    -       -      F     (arrival)      9 95.6   100     0    2000    (-,-) 
  g181793/ZN         -       A2->ZN R     ND2D8          1 16.4    56    70    2070    (-,-) 
  g207377/ZN         -       I->ZN  F     INVD16         5 38.2    35    40    2110    (-,-) 
  g181579_203112/Z   -       I->Z   F     BUFFD16       11 32.5    39    85    2195    (-,-) 
  drc_bufs203123/Z   -       I->Z   F     BUFFD16        6 20.3    34    82    2278    (-,-) 
  g217574/Z          -       A1->Z  F     AO22D1         1  2.9    56   128    2406    (-,-) 
  g210892/ZN         -       A1->ZN R     NR2XD1         1  3.5    68    63    2468    (-,-) 
  g197715/ZN         -       A1->ZN F     OAI21D2        1  4.6    79    67    2535    (-,-) 
  g211795/ZN         -       A1->ZN R     OAI21D4        1  5.8    81    78    2614    (-,-) 
  g211793/ZN         -       A2->ZN F     ND2D4          1 12.4    72    77    2691    (-,-) 
  g211792/ZN         -       A2->ZN R     NR2XD8         3 23.0    58    73    2764    (-,-) 
  g198945/ZN         -       I->ZN  F     INVD12         8 28.9    35    41    2804    (-,-) 
  g204883/ZN         -       A1->ZN R     CKND2D8        5 27.3    80    64    2868    (-,-) 
  g177276__187253/ZN -       A1->ZN F     ND2D8          2 12.0    56    61    2929    (-,-) 
  fopt184876/ZN      -       I->ZN  R     INVD4          4 12.9    57    57    2987    (-,-) 
  g176874__2802/Z    -       A1->Z  R     OA222D1        1  3.4    78   167    3154    (-,-) 
  g205399/Z          -       B->Z   R     OA21D4         1  5.8    44   126    3280    (-,-) 
  g211106/ZN         -       A3->ZN F     ND3D4          1  5.6    76    75    3355    (-,-) 
  g211104/ZN         -       A2->ZN R     NR2XD3         2  7.9    58    74    3428    (-,-) 
  g211103/ZN         -       C->ZN  F     OAI221XD4      2 13.6   163   152    3580    (-,-) 
  alu_result[24]     -       -      F     (port)         -    -     -     0    3580    (-,-) 
#--------------------------------------------------------------------------------------------



Path 9: MET (0 ps) Late External Delay Assertion at pin alu_result[29]
           View: view_func_setup
          Group: clk
     Startpoint: (R) instruction[23]
          Clock: (R) clk
       Endpoint: (F) alu_result[29]
          Clock: (R) clk

                     Capture       Launch     
        Clock Edge:+    5730            0     
        Drv Adjust:+       0            0     
       Src Latency:+       0            0     
       Net Latency:+       0 (I)        0 (I) 
           Arrival:=    5730            0     
                                              
      Output Delay:-    2000                  
       Uncertainty:-     150                  
     Required Time:=    3580                  
      Launch Clock:-       0                  
       Input Delay:-    2000                  
         Data Path:-    1580                  
             Slack:=       0                  

Exceptions/Constraints:
  input_delay              2000            riscv_baseline.sdc_line_45_8_1   
  output_delay             2000            riscv_baseline.sdc_line_61_155_1 

#------------------------------------------------------------------------------------------
#  Timing Point   Flags    Arc   Edge   Cell     Fanout  Load Trans Delay Arrival Instance 
#                                                        (fF)  (ps)  (ps)   (ps)  Location 
#------------------------------------------------------------------------------------------
  instruction[23] -       -      R     (arrival)     32 182.9   100     0    2000    (-,-) 
  g214658/ZN      -       A2->ZN F     NR2D8          3  17.2    45    60    2060    (-,-) 
  g215527/ZN      -       I->ZN  R     INVD8          3  29.0    60    56    2116    (-,-) 
  g204013/ZN      -       I->ZN  F     INVD6          7  19.6    42    47    2163    (-,-) 
  g204028/Z       -       I->Z   F     BUFFD12       13  37.4    46    94    2257    (-,-) 
  g180447/ZN      -       A1->ZN R     AOI22D1        1   3.5   155   113    2369    (-,-) 
  g179319/ZN      -       A3->ZN F     AOI31D2        1   3.6    96   115    2484    (-,-) 
  g207152/ZN      -       A2->ZN R     NR2D2          1   3.3    73    86    2570    (-,-) 
  g207151/ZN      -       A1->ZN F     ND2D2          1   4.3    60    60    2630    (-,-) 
  g207150/ZN      -       A2->ZN R     NR2XD2         2  10.2    90    86    2716    (-,-) 
  g199057/ZN      -       A1->ZN F     CKND2D8        2  12.0    57    62    2779    (-,-) 
  g199056/ZN      -       I->ZN  R     CKND4          1  11.4    52    53    2832    (-,-) 
  g199055/ZN      -       A2->ZN F     NR3D8          3  13.0    53    48    2880    (-,-) 
  g199065/ZN      -       I->ZN  R     CKND3          1   4.9    37    43    2923    (-,-) 
  g202904/ZN      -       A1->ZN F     CKND2D4        4  12.9    72    58    2981    (-,-) 
  g196551/ZN      -       I->ZN  R     INVD2          2   4.9    51    57    3038    (-,-) 
  g196546/ZN      -       A1->ZN F     CKND2D1        1   4.1    94    78    3116    (-,-) 
  g197224/ZN      -       A1->ZN R     NR2XD2         2  12.0   104    95    3210    (-,-) 
  g197225/ZN      -       A2->ZN F     CKND2D8        1  12.4    54    70    3280    (-,-) 
  g204898/ZN      -       A2->ZN R     NR2XD8         3  19.2    53    63    3343    (-,-) 
  g176360/ZN      -       I->ZN  F     CKND12         3  17.0    30    37    3380    (-,-) 
  g202446/ZN      -       A1->ZN R     ND2D4          1   4.2    41    33    3413    (-,-) 
  g202445/ZN      -       A1->ZN F     NR2XD2         1   5.5    57    43    3456    (-,-) 
  g202444/ZN      -       A2->ZN R     CKND2D4        1   8.7    63    64    3520    (-,-) 
  g201577/ZN      -       A2->ZN F     CKND2D8        2  13.6    54    60    3580    (-,-) 
  alu_result[29]  -       -      F     (port)         -     -     -     0    3580    (-,-) 
#------------------------------------------------------------------------------------------



Path 10: MET (0 ps) Late External Delay Assertion at pin alu_result[15]
           View: view_func_setup
          Group: clk
     Startpoint: (R) instruction[23]
          Clock: (R) clk
       Endpoint: (F) alu_result[15]
          Clock: (R) clk

                     Capture       Launch     
        Clock Edge:+    5730            0     
        Drv Adjust:+       0            0     
       Src Latency:+       0            0     
       Net Latency:+       0 (I)        0 (I) 
           Arrival:=    5730            0     
                                              
      Output Delay:-    2000                  
       Uncertainty:-     150                  
     Required Time:=    3580                  
      Launch Clock:-       0                  
       Input Delay:-    2000                  
         Data Path:-    1580                  
             Slack:=       0                  

Exceptions/Constraints:
  input_delay              2000            riscv_baseline.sdc_line_45_8_1   
  output_delay             2000            riscv_baseline.sdc_line_61_169_1 

#-------------------------------------------------------------------------------------------
#  Timing Point    Flags    Arc   Edge   Cell     Fanout  Load Trans Delay Arrival Instance 
#                                                         (fF)  (ps)  (ps)   (ps)  Location 
#-------------------------------------------------------------------------------------------
  instruction[23]  -       -      R     (arrival)     32 182.9   100     0    2000    (-,-) 
  g214658/ZN       -       A2->ZN F     NR2D8          3  17.2    45    60    2060    (-,-) 
  g181377_199794/Z -       I->Z   F     BUFFD8         7  26.2    46    92    2152    (-,-) 
  g199799/Z        -       I->Z   F     BUFFD16       10  32.8    40    90    2242    (-,-) 
  g199806/ZN       -       I->ZN  R     CKND6          1  11.9    38    41    2283    (-,-) 
  g195882/ZN       -       A1->ZN F     NR2XD8         7  19.5    48    39    2322    (-,-) 
  g210818/ZN       -       A1->ZN F     IOA21D2        1   4.1    62   108    2430    (-,-) 
  g254/ZN          -       A1->ZN R     NR2XD2         1   5.8    62    60    2490    (-,-) 
  g198304/ZN       -       A2->ZN F     ND2D4          2   6.9    53    57    2548    (-,-) 
  g213086/ZN       -       A2->ZN R     OAI21D4        1   8.8   101    90    2638    (-,-) 
  g213085/ZN       -       A1->ZN F     ND2D8          4  18.6    73    76    2714    (-,-) 
  g213091/ZN       -       A1->ZN R     ND2D4          3  12.1    62    65    2778    (-,-) 
  g195944/ZN       -       I->ZN  F     CKND3          2   6.8    42    47    2825    (-,-) 
  g217464/ZN       -       A1->ZN F     IND2D4         2  11.7    71   110    2935    (-,-) 
  fopt186436/ZN    -       I->ZN  R     CKND4          3  15.7    67    67    3002    (-,-) 
  g177205__2346/ZN -       A1->ZN F     OAI21D1        1   2.9   103    72    3073    (-,-) 
  g176855__6161/ZN -       A2->ZN R     NR2XD1         1   3.4    68    88    3161    (-,-) 
  g210629/Z        -       C->Z   R     OA221D4        1   3.4    49   183    3344    (-,-) 
  g202462/ZN       -       A2->ZN F     CKND2D2        1   5.6    68    63    3407    (-,-) 
  g204701/ZN       -       A2->ZN R     NR2D4          2  10.8    96    93    3500    (-,-) 
  g204700/ZN       -       A1->ZN F     ND3D8          2  13.6    84    80    3580    (-,-) 
  alu_result[15]   -       -      F     (port)         -     -     -     0    3580    (-,-) 
#-------------------------------------------------------------------------------------------


