============================================================
  Generated by:           Genus(TM) Synthesis Solution 21.18-s082_1
  Generated on:           Aug 12 2026  05:34:22 am
  Module:                 riscv_core
  Operating conditions:   WCCOM 
  Operating conditions:   NCCOM 
  Interconnect mode:      spatial
  Area mode:              physical library
============================================================

Timing
--------

 Analysis view  Clock Period 
-----------------------------
view_func_setup clk   5730.0 


    Analysis      Cost   Critical        Violating Levels of 
      View       Group  Path Slack  TNS    Paths     logic   
-------------------------------------------------------------
view_func_setup     clk        0.0  0.0          0           
                default   No paths  0.0          0           
-------------------------------------------------------------
Total                              -0.0          0           
                                                             

Instance Count
--------------
Leaf Instance Count             8954 
Physical Instance count            0 
Sequential Instance Count       1024 
Combinational Instance Count    7930 
Hierarchical Instance Count        0 

Area
----
Cell Area                          34884.000
Physical Cell Area                 0.000
Total Cell Area (Cell+Physical)    34884.000
Net Area                           15707.121
Total Area (Cell+Physical+Net)     50591.121

Floorplan Utilization              no_value
Max Fanout                         1024 (clk)
Min Fanout                         0 (n_22554)
Average Fanout                     2.4
Terms to net ratio                 3.3401
Terms to instance ratio            3.4748
Runtime                            483.2329680000011 seconds
Elapsed Runtime                    454 seconds
Genus peak memory usage            2159.43 
Innovus peak memory usage          no_value 
Hostname                           ncdc-0137
