============================================================
  Generated by:           Genus(TM) Synthesis Solution 21.18-s082_1
  Generated on:           Jul 31 2026  03:08:40 am
  Module:                 riscv_core
  Operating conditions:   WCCOM 
  Operating conditions:   NCCOM 
  Interconnect mode:      spatial
  Area mode:              physical library
============================================================

Timing
--------

 Analysis view  Clock  Period 
------------------------------
view_func_setup clk   10000.0 


    Analysis      Cost   Critical        Violating Levels of 
      View       Group  Path Slack  TNS    Paths     logic   
-------------------------------------------------------------
view_func_setup     clk        0.0  0.0          0           
                default   No paths  0.0          0           
-------------------------------------------------------------
Total                              -0.0          0           
                                                             

Instance Count
--------------
Leaf Instance Count             5580 
Physical Instance count            0 
Sequential Instance Count       1024 
Combinational Instance Count    4556 
Hierarchical Instance Count        0 

Area
----
Cell Area                          18903.960
Physical Cell Area                 0.000
Total Cell Area (Cell+Physical)    18903.960
Net Area                           11898.694
Total Area (Cell+Physical+Net)     30802.654

Floorplan Utilization              no_value
Max Fanout                         1024 (clk)
Min Fanout                         1 (instruction[0])
Average Fanout                     2.9
Terms to net ratio                 3.9065
Terms to instance ratio            4.0213
Runtime                            118.31711199999985 seconds
Elapsed Runtime                    146 seconds
Genus peak memory usage            2132.22 
Innovus peak memory usage          no_value 
Hostname                           ncdc-0137
