============================================================
  Generated by:           Genus(TM) Synthesis Solution 21.18-s082_1
  Generated on:           Aug 03 2026  03:00:46 am
  Module:                 riscv_core
  Operating conditions:   WCCOM 
  Operating conditions:   NCCOM 
  Interconnect mode:      spatial
  Area mode:              physical library
============================================================

                                              Library 
   Gate    Instances    Area       Library     Domain 
------------------------------------------------------
AN2D0              5     10.800    tcbn65lpwc wc_cond 
AN2D1              3      6.480    tcbn65lpwc wc_cond 
AN2D2             23     57.960    tcbn65lpwc wc_cond 
AN2D4             44    190.080    tcbn65lpwc wc_cond 
AN2D8             14     95.760    tcbn65lpwc wc_cond 
AN2XD1           120    259.200    tcbn65lpwc wc_cond 
AN3D1              2      5.040    tcbn65lpwc wc_cond 
AN3D2              2      5.760    tcbn65lpwc wc_cond 
AN3D4              3     15.120    tcbn65lpwc wc_cond 
AN3D8              1      8.280    tcbn65lpwc wc_cond 
AN3XD1             7     17.640    tcbn65lpwc wc_cond 
AN4D2              2      6.480    tcbn65lpwc wc_cond 
AN4D4              3     18.360    tcbn65lpwc wc_cond 
AN4XD1             2      5.760    tcbn65lpwc wc_cond 
AO211D0            1      2.880    tcbn65lpwc wc_cond 
AO211D1           26     74.880    tcbn65lpwc wc_cond 
AO211D2            3      9.720    tcbn65lpwc wc_cond 
AO21D1            11     27.720    tcbn65lpwc wc_cond 
AO21D2             7     20.160    tcbn65lpwc wc_cond 
AO21D4             9     45.360    tcbn65lpwc wc_cond 
AO221D0            7     25.200    tcbn65lpwc wc_cond 
AO222D0            2      8.640    tcbn65lpwc wc_cond 
AO222D1           35    151.200    tcbn65lpwc wc_cond 
AO22D0           807   2324.160    tcbn65lpwc wc_cond 
AO22D1            67    217.080    tcbn65lpwc wc_cond 
AO22D2             4     15.840    tcbn65lpwc wc_cond 
AO22D4            17    110.160    tcbn65lpwc wc_cond 
AO31D1             3      8.640    tcbn65lpwc wc_cond 
AO31D4             2     12.960    tcbn65lpwc wc_cond 
AOI211D1           2      5.040    tcbn65lpwc wc_cond 
AOI211D2           1      4.320    tcbn65lpwc wc_cond 
AOI211XD0          2      5.040    tcbn65lpwc wc_cond 
AOI211XD1          3     12.960    tcbn65lpwc wc_cond 
AOI211XD2         11     91.080    tcbn65lpwc wc_cond 
AOI211XD4          3     47.520    tcbn65lpwc wc_cond 
AOI21D0            2      4.320    tcbn65lpwc wc_cond 
AOI21D1           38     82.080    tcbn65lpwc wc_cond 
AOI21D2           69    223.560    tcbn65lpwc wc_cond 
AOI21D4          106    686.880    tcbn65lpwc wc_cond 
AOI221D0           1      2.880    tcbn65lpwc wc_cond 
AOI221XD4          1     10.440    tcbn65lpwc wc_cond 
AOI222D2           5     32.400    tcbn65lpwc wc_cond 
AOI22D0           10     25.200    tcbn65lpwc wc_cond 
AOI22D1          123    309.960    tcbn65lpwc wc_cond 
AOI22D2          113    488.160    tcbn65lpwc wc_cond 
AOI22D4           24    207.360    tcbn65lpwc wc_cond 
AOI31D1            3      7.560    tcbn65lpwc wc_cond 
AOI31D2           10     43.200    tcbn65lpwc wc_cond 
AOI31D4           23    190.440    tcbn65lpwc wc_cond 
AOI32D0            1      2.880    tcbn65lpwc wc_cond 
AOI32D1            1      2.880    tcbn65lpwc wc_cond 
AOI32D2            3     16.200    tcbn65lpwc wc_cond 
AOI33D2            2     12.240    tcbn65lpwc wc_cond 
BUFFD0            13     18.720    tcbn65lpwc wc_cond 
BUFFD1            31     44.640    tcbn65lpwc wc_cond 
BUFFD12           18    142.560    tcbn65lpwc wc_cond 
BUFFD16           22    229.680    tcbn65lpwc wc_cond 
BUFFD2            63    136.080    tcbn65lpwc wc_cond 
BUFFD3             6     15.120    tcbn65lpwc wc_cond 
BUFFD4            66    213.840    tcbn65lpwc wc_cond 
BUFFD6            14     60.480    tcbn65lpwc wc_cond 
BUFFD8            48    276.480    tcbn65lpwc wc_cond 
CKAN2D1            2      4.320    tcbn65lpwc wc_cond 
CKAN2D2            1      2.520    tcbn65lpwc wc_cond 
CKBD0             46     66.240    tcbn65lpwc wc_cond 
CKBD1             81    116.640    tcbn65lpwc wc_cond 
CKBD12             1      7.920    tcbn65lpwc wc_cond 
CKBD2              7     15.120    tcbn65lpwc wc_cond 
CKBD4             57    184.680    tcbn65lpwc wc_cond 
CKBD6              1      4.320    tcbn65lpwc wc_cond 
CKBD8              3     17.280    tcbn65lpwc wc_cond 
CKMUX2D1           5     18.000    tcbn65lpwc wc_cond 
CKND0              6      6.480    tcbn65lpwc wc_cond 
CKND1            497    536.760    tcbn65lpwc wc_cond 
CKND12            20    122.400    tcbn65lpwc wc_cond 
CKND16             7     55.440    tcbn65lpwc wc_cond 
CKND2             63     90.720    tcbn65lpwc wc_cond 
CKND2D0            9     12.960    tcbn65lpwc wc_cond 
CKND2D1          121    174.240    tcbn65lpwc wc_cond 
CKND2D2          201    506.520    tcbn65lpwc wc_cond 
CKND2D3           61    197.640    tcbn65lpwc wc_cond 
CKND2D4           57    246.240    tcbn65lpwc wc_cond 
CKND2D8           68    538.560    tcbn65lpwc wc_cond 
CKND3             34     73.440    tcbn65lpwc wc_cond 
CKND4             37     93.240    tcbn65lpwc wc_cond 
CKND6             31    100.440    tcbn65lpwc wc_cond 
CKND8             20     86.400    tcbn65lpwc wc_cond 
CKXOR2D1          32    115.200    tcbn65lpwc wc_cond 
CKXOR2D4           1      7.560    tcbn65lpwc wc_cond 
DFCNQD1           32    253.440    tcbn65lpwc wc_cond 
DFD1             254   1828.800    tcbn65lpwc wc_cond 
DFD2              11     91.080    tcbn65lpwc wc_cond 
DFQD1            712   4870.080    tcbn65lpwc wc_cond 
DFQD2             14    100.800    tcbn65lpwc wc_cond 
DFQD4              1      8.280    tcbn65lpwc wc_cond 
FA1D0              2     18.000    tcbn65lpwc wc_cond 
FA1D1              3     30.240    tcbn65lpwc wc_cond 
FA1D2              2     20.880    tcbn65lpwc wc_cond 
HA1D0             22    126.720    tcbn65lpwc wc_cond 
HA1D1              1      6.120    tcbn65lpwc wc_cond 
IAO21D0            1      2.520    tcbn65lpwc wc_cond 
IAO21D1            5     12.600    tcbn65lpwc wc_cond 
IAO21D2           38    123.120    tcbn65lpwc wc_cond 
IAO21D4            6     32.400    tcbn65lpwc wc_cond 
IAO22D1            4     12.960    tcbn65lpwc wc_cond 
IAO22D2            7     27.720    tcbn65lpwc wc_cond 
IAO22D4            1      6.480    tcbn65lpwc wc_cond 
IIND4D0            1      3.600    tcbn65lpwc wc_cond 
IND2D0             2      4.320    tcbn65lpwc wc_cond 
IND2D1           110    237.600    tcbn65lpwc wc_cond 
IND2D2            54    155.520    tcbn65lpwc wc_cond 
IND2D4            45    259.200    tcbn65lpwc wc_cond 
IND3D1             6     15.120    tcbn65lpwc wc_cond 
IND3D2            10     43.200    tcbn65lpwc wc_cond 
IND3D4             6     45.360    tcbn65lpwc wc_cond 
IND4D0             1      2.880    tcbn65lpwc wc_cond 
INR2D0             2      4.320    tcbn65lpwc wc_cond 
INR2D1            33     71.280    tcbn65lpwc wc_cond 
INR2D2            28     80.640    tcbn65lpwc wc_cond 
INR2D4            22    110.880    tcbn65lpwc wc_cond 
INR2XD0           22     47.520    tcbn65lpwc wc_cond 
INR2XD1           17     48.960    tcbn65lpwc wc_cond 
INR2XD2            9     42.120    tcbn65lpwc wc_cond 
INR2XD4           10     93.600    tcbn65lpwc wc_cond 
INR3D0             6     15.120    tcbn65lpwc wc_cond 
INR3D1             6     21.600    tcbn65lpwc wc_cond 
INR3D2             3     11.880    tcbn65lpwc wc_cond 
INR4D0             2      5.760    tcbn65lpwc wc_cond 
INVD0             19     20.520    tcbn65lpwc wc_cond 
INVD1            103    111.240    tcbn65lpwc wc_cond 
INVD12            41    250.920    tcbn65lpwc wc_cond 
INVD16            24    190.080    tcbn65lpwc wc_cond 
INVD2            117    168.480    tcbn65lpwc wc_cond 
INVD3             54    116.640    tcbn65lpwc wc_cond 
INVD4             62    156.240    tcbn65lpwc wc_cond 
INVD6             54    174.960    tcbn65lpwc wc_cond 
INVD8             47    203.040    tcbn65lpwc wc_cond 
IOA21D0            1      2.520    tcbn65lpwc wc_cond 
IOA21D1           77    194.040    tcbn65lpwc wc_cond 
IOA21D2          191    618.840    tcbn65lpwc wc_cond 
IOA21D4            3     16.200    tcbn65lpwc wc_cond 
IOA22D1            1      3.240    tcbn65lpwc wc_cond 
IOA22D2            2      7.920    tcbn65lpwc wc_cond 
MAOI222D1          4     11.520    tcbn65lpwc wc_cond 
MAOI22D1          32     92.160    tcbn65lpwc wc_cond 
MAOI22D2          13     56.160    tcbn65lpwc wc_cond 
MOAI22D0          43    123.840    tcbn65lpwc wc_cond 
MOAI22D1         397   1143.360    tcbn65lpwc wc_cond 
MOAI22D2           2      8.640    tcbn65lpwc wc_cond 
MUX2D0             2      6.480    tcbn65lpwc wc_cond 
MUX2D1            12     43.200    tcbn65lpwc wc_cond 
MUX2D4             7     42.840    tcbn65lpwc wc_cond 
MUX2ND0            9     25.920    tcbn65lpwc wc_cond 
MUX2ND2            1      4.680    tcbn65lpwc wc_cond 
MUX2ND4            2     14.400    tcbn65lpwc wc_cond 
MUX3D1            11     63.360    tcbn65lpwc wc_cond 
MUX3ND0            1      5.400    tcbn65lpwc wc_cond 
MUX3ND2            1      7.200    tcbn65lpwc wc_cond 
MUX4D1             4     33.120    tcbn65lpwc wc_cond 
MUX4D2             1     11.520    tcbn65lpwc wc_cond 
MUX4ND2            1      9.720    tcbn65lpwc wc_cond 
ND2D0             13     18.720    tcbn65lpwc wc_cond 
ND2D1            239    344.160    tcbn65lpwc wc_cond 
ND2D2            208    524.160    tcbn65lpwc wc_cond 
ND2D3             88    285.120    tcbn65lpwc wc_cond 
ND2D4             92    397.440    tcbn65lpwc wc_cond 
ND2D8             53    419.760    tcbn65lpwc wc_cond 
ND3D0              1      2.160    tcbn65lpwc wc_cond 
ND3D1             11     23.760    tcbn65lpwc wc_cond 
ND3D2             45    145.800    tcbn65lpwc wc_cond 
ND3D3             19     88.920    tcbn65lpwc wc_cond 
ND3D4             19    116.280    tcbn65lpwc wc_cond 
ND3D8             28    342.720    tcbn65lpwc wc_cond 
ND4D1              9     22.680    tcbn65lpwc wc_cond 
ND4D2              1      4.680    tcbn65lpwc wc_cond 
ND4D3              1      6.120    tcbn65lpwc wc_cond 
NR2D0              7     10.080    tcbn65lpwc wc_cond 
NR2D1             48     69.120    tcbn65lpwc wc_cond 
NR2D2            142    357.840    tcbn65lpwc wc_cond 
NR2D3             70    226.800    tcbn65lpwc wc_cond 
NR2D4             38    164.160    tcbn65lpwc wc_cond 
NR2D8             53    419.760    tcbn65lpwc wc_cond 
NR2XD0            85    122.400    tcbn65lpwc wc_cond 
NR2XD1            77    194.040    tcbn65lpwc wc_cond 
NR2XD2            94    406.080    tcbn65lpwc wc_cond 
NR2XD3            62    379.440    tcbn65lpwc wc_cond 
NR2XD4            82    649.440    tcbn65lpwc wc_cond 
NR2XD8            83   1284.840    tcbn65lpwc wc_cond 
NR3D0              7     15.120    tcbn65lpwc wc_cond 
NR3D1              4     12.960    tcbn65lpwc wc_cond 
NR3D2             16     92.160    tcbn65lpwc wc_cond 
NR3D3             19    164.160    tcbn65lpwc wc_cond 
NR3D4             13    135.720    tcbn65lpwc wc_cond 
NR3D8             12    224.640    tcbn65lpwc wc_cond 
NR4D0              5     12.600    tcbn65lpwc wc_cond 
NR4D1              1      3.600    tcbn65lpwc wc_cond 
NR4D2              1      7.200    tcbn65lpwc wc_cond 
OA211D1            2      5.760    tcbn65lpwc wc_cond 
OA211D2            1      3.240    tcbn65lpwc wc_cond 
OA21D0             1      2.520    tcbn65lpwc wc_cond 
OA21D1            56    141.120    tcbn65lpwc wc_cond 
OA21D2             9     25.920    tcbn65lpwc wc_cond 
OA21D4            11     63.360    tcbn65lpwc wc_cond 
OA221D0           11     39.600    tcbn65lpwc wc_cond 
OA221D1            1      3.960    tcbn65lpwc wc_cond 
OA221D2            1      4.320    tcbn65lpwc wc_cond 
OA221D4            2     15.840    tcbn65lpwc wc_cond 
OA222D1            2      8.640    tcbn65lpwc wc_cond 
OA22D0             4     11.520    tcbn65lpwc wc_cond 
OA22D1             4     12.960    tcbn65lpwc wc_cond 
OA22D2             2      7.920    tcbn65lpwc wc_cond 
OA22D4            11     71.280    tcbn65lpwc wc_cond 
OA31D1             5     14.400    tcbn65lpwc wc_cond 
OAI211D1           3      7.560    tcbn65lpwc wc_cond 
OAI211D2           7     30.240    tcbn65lpwc wc_cond 
OAI211D4           8     69.120    tcbn65lpwc wc_cond 
OAI21D1           48    103.680    tcbn65lpwc wc_cond 
OAI21D2          129    417.960    tcbn65lpwc wc_cond 
OAI21D4          191   1237.680    tcbn65lpwc wc_cond 
OAI221D0          13     37.440    tcbn65lpwc wc_cond 
OAI221D1           6     19.440    tcbn65lpwc wc_cond 
OAI221D2           4     23.040    tcbn65lpwc wc_cond 
OAI221XD4          3     32.400    tcbn65lpwc wc_cond 
OAI222D0           2      6.480    tcbn65lpwc wc_cond 
OAI222D1           2      7.920    tcbn65lpwc wc_cond 
OAI222D2           2     12.960    tcbn65lpwc wc_cond 
OAI222XD4          1     12.600    tcbn65lpwc wc_cond 
OAI22D0            5     12.600    tcbn65lpwc wc_cond 
OAI22D1           30     75.600    tcbn65lpwc wc_cond 
OAI22D2           30    129.600    tcbn65lpwc wc_cond 
OAI22D4           18    162.000    tcbn65lpwc wc_cond 
OAI31D1            1      2.520    tcbn65lpwc wc_cond 
OAI31D2            2      8.640    tcbn65lpwc wc_cond 
OAI31D4            3     25.920    tcbn65lpwc wc_cond 
OAI32D4            1      5.760    tcbn65lpwc wc_cond 
OR2D0              7     15.120    tcbn65lpwc wc_cond 
OR2D1             18     38.880    tcbn65lpwc wc_cond 
OR2D2              2      5.040    tcbn65lpwc wc_cond 
OR2D4             11     47.520    tcbn65lpwc wc_cond 
OR2D8              1      6.840    tcbn65lpwc wc_cond 
OR2XD1            48    103.680    tcbn65lpwc wc_cond 
OR3D1              2      5.040    tcbn65lpwc wc_cond 
OR3D8              1      8.280    tcbn65lpwc wc_cond 
OR3XD1             2      5.040    tcbn65lpwc wc_cond 
XNR2D0             2      7.200    tcbn65lpwc wc_cond 
XNR2D1            42    151.200    tcbn65lpwc wc_cond 
XNR2D4             1      7.560    tcbn65lpwc wc_cond 
XNR3D1            14     85.680    tcbn65lpwc wc_cond 
XOR2D1            15     54.000    tcbn65lpwc wc_cond 
XOR3D1            20    122.400    tcbn65lpwc wc_cond 
XOR3D4             1     10.440    tcbn65lpwc wc_cond 
------------------------------------------------------
total           8954  34884.000               


                                          
     Type      Instances    Area   Area % 
------------------------------------------
sequential          1024  7152.480   20.5 
inverter            1236  2557.440    7.3 
buffer               477  1549.800    4.4 
logic               6217 23624.280   67.7 
physical_cells         0     0.000    0.0 
------------------------------------------
total               8954 34884.000  100.0 

