============================================================
  Generated by:           Genus(TM) Synthesis Solution 21.18-s082_1
  Generated on:           Aug 03 2026  05:07:17 am
  Module:                 riscv_top
  Operating conditions:   WCCOM 
  Operating conditions:   NCCOM 
  Interconnect mode:      spatial
  Area mode:              physical library
============================================================


Path 1: MET (3188 ps) Setup Check with Pin riscv_core_inst_pc_inst_pc_reg[27]/CP->D
           View: view_func_setup
          Group: clk
     Startpoint: (R) riscv_core_inst_pc_inst_pc_reg[2]/CP
          Clock: (R) clk
       Endpoint: (R) riscv_core_inst_pc_inst_pc_reg[27]/D
          Clock: (R) clk

                     Capture       Launch     
        Clock Edge:+    5730            0     
       Src Latency:+       0            0     
       Net Latency:+       0 (I)        0 (I) 
           Arrival:=    5730            0     
                                              
             Setup:-      66                  
       Uncertainty:-     150                  
     Required Time:=    5514                  
      Launch Clock:-       0                  
         Data Path:-    2326                  
             Slack:=    3188                  

#----------------------------------------------------------------------------------------------------------------------------
#              Timing Point                Flags    Arc   Edge   Cell     Fanout Load Trans Delay Arrival      Instance      
#                                                                                (fF)  (ps)  (ps)   (ps)       Location      
#----------------------------------------------------------------------------------------------------------------------------
  riscv_core_inst_pc_inst_pc_reg[2]/CP     -       -      R     (arrival)     30    -     0     0       0              (-,-) 
  riscv_core_inst_pc_inst_pc_reg[2]/Q      -       CP->Q  R     DFCND1         2 15.7   219   336     336  (0.6745,392.3625) 
  riscv_core_inst_add_57_83_g1403__1617/CO -       B->CO  R     HA1D0          2  6.7   180   243     579              (-,-) 
  riscv_core_inst_add_57_83_g1402__3680/Z  -       A1->Z  R     AN4XD1         3  8.1   136   239     818              (-,-) 
  riscv_core_inst_add_57_83_g1401__6783/ZN -       A1->ZN R     INR3D0         3  8.4   379   316    1134              (-,-) 
  riscv_core_inst_add_57_83_g1398__4319/ZN -       A1->ZN R     INR2XD0        2  6.4   216   252    1386              (-,-) 
  riscv_core_inst_add_57_83_g1395__2398/ZN -       A1->ZN R     INR2XD0        1  4.8   178   197    1582              (-,-) 
  riscv_core_inst_add_57_83_g1388__9945/CO -       B->CO  R     HA1D0          1  4.8   137   208    1790              (-,-) 
  riscv_core_inst_add_57_83_g1378__5122/CO -       B->CO  R     HA1D0          1  4.8   137   196    1986              (-,-) 
  riscv_core_inst_add_57_83_g1369__6260/CO -       B->CO  R     HA1D0          1  3.6   110   180    2167              (-,-) 
  riscv_core_inst_add_57_83_g1367__2398/Z  -       A1->Z  R     XOR2D1         1  2.9    66   160    2326              (-,-) 
  riscv_core_inst_pc_inst_pc_reg[27]/D     -       -      R     DFCNQD1        1    -     -     0    2326  (1.7620,416.5195) 
#----------------------------------------------------------------------------------------------------------------------------



Path 2: MET (3242 ps) Late External Delay Assertion at pin pc_current[4]
           View: view_func_setup
          Group: clk
     Startpoint: (R) riscv_core_inst_pc_inst_pc_reg[4]/CP
          Clock: (R) clk
       Endpoint: (R) pc_current[4]
          Clock: (R) clk

                     Capture       Launch     
        Clock Edge:+    5730            0     
       Src Latency:+       0            0     
       Net Latency:+       0 (I)        0 (I) 
           Arrival:=    5730            0     
                                              
      Output Delay:-    2000                  
       Uncertainty:-     150                  
     Required Time:=    3580                  
      Launch Clock:-       0                  
         Data Path:-     338                  
             Slack:=    3242                  

Exceptions/Constraints:
  output_delay             2000            riscv_baseline.sdc_line_59_57_1 

#-----------------------------------------------------------------------------------------------------------------------
#            Timing Point              Flags   Arc   Edge   Cell     Fanout Load Trans Delay Arrival      Instance      
#                                                                           (fF)  (ps)  (ps)   (ps)       Location      
#-----------------------------------------------------------------------------------------------------------------------
  riscv_core_inst_pc_inst_pc_reg[4]/CP -       -     R     (arrival)     30    -     0     0       0              (-,-) 
  riscv_core_inst_pc_inst_pc_reg[4]/Q  -       CP->Q R     DFCNQD1        3 16.6   226   338     338  (6.1415,385.5570) 
  pc_current[4]                        -       -     R     (port)         -    -     -     0     338              (-,-) 
#-----------------------------------------------------------------------------------------------------------------------



Path 3: MET (3242 ps) Late External Delay Assertion at pin pc_current[5]
           View: view_func_setup
          Group: clk
     Startpoint: (R) riscv_core_inst_pc_inst_pc_reg[5]/CP
          Clock: (R) clk
       Endpoint: (R) pc_current[5]
          Clock: (R) clk

                     Capture       Launch     
        Clock Edge:+    5730            0     
       Src Latency:+       0            0     
       Net Latency:+       0 (I)        0 (I) 
           Arrival:=    5730            0     
                                              
      Output Delay:-    2000                  
       Uncertainty:-     150                  
     Required Time:=    3580                  
      Launch Clock:-       0                  
         Data Path:-     338                  
             Slack:=    3242                  

Exceptions/Constraints:
  output_delay             2000            riscv_baseline.sdc_line_59_56_1 

#-----------------------------------------------------------------------------------------------------------------------
#            Timing Point              Flags   Arc   Edge   Cell     Fanout Load Trans Delay Arrival      Instance      
#                                                                           (fF)  (ps)  (ps)   (ps)       Location      
#-----------------------------------------------------------------------------------------------------------------------
  riscv_core_inst_pc_inst_pc_reg[5]/CP -       -     R     (arrival)     30    -     0     0       0              (-,-) 
  riscv_core_inst_pc_inst_pc_reg[5]/Q  -       CP->Q R     DFCNQD1        3 16.6   226   338     338  (5.0790,380.4580) 
  pc_current[5]                        -       -     R     (port)         -    -     -     0     338              (-,-) 
#-----------------------------------------------------------------------------------------------------------------------



Path 4: MET (3242 ps) Late External Delay Assertion at pin pc_current[6]
           View: view_func_setup
          Group: clk
     Startpoint: (R) riscv_core_inst_pc_inst_pc_reg[6]/CP
          Clock: (R) clk
       Endpoint: (R) pc_current[6]
          Clock: (R) clk

                     Capture       Launch     
        Clock Edge:+    5730            0     
       Src Latency:+       0            0     
       Net Latency:+       0 (I)        0 (I) 
           Arrival:=    5730            0     
                                              
      Output Delay:-    2000                  
       Uncertainty:-     150                  
     Required Time:=    3580                  
      Launch Clock:-       0                  
         Data Path:-     338                  
             Slack:=    3242                  

Exceptions/Constraints:
  output_delay             2000            riscv_baseline.sdc_line_59_55_1 

#-----------------------------------------------------------------------------------------------------------------------
#            Timing Point              Flags   Arc   Edge   Cell     Fanout Load Trans Delay Arrival      Instance      
#                                                                           (fF)  (ps)  (ps)   (ps)       Location      
#-----------------------------------------------------------------------------------------------------------------------
  riscv_core_inst_pc_inst_pc_reg[6]/CP -       -     R     (arrival)     30    -     0     0       0              (-,-) 
  riscv_core_inst_pc_inst_pc_reg[6]/Q  -       CP->Q R     DFCNQD1        3 16.6   226   338     338  (0.6625,378.3380) 
  pc_current[6]                        -       -     R     (port)         -    -     -     0     338              (-,-) 
#-----------------------------------------------------------------------------------------------------------------------



Path 5: MET (3242 ps) Late External Delay Assertion at pin pc_current[8]
           View: view_func_setup
          Group: clk
     Startpoint: (R) riscv_core_inst_pc_inst_pc_reg[8]/CP
          Clock: (R) clk
       Endpoint: (R) pc_current[8]
          Clock: (R) clk

                     Capture       Launch     
        Clock Edge:+    5730            0     
       Src Latency:+       0            0     
       Net Latency:+       0 (I)        0 (I) 
           Arrival:=    5730            0     
                                              
      Output Delay:-    2000                  
       Uncertainty:-     150                  
     Required Time:=    3580                  
      Launch Clock:-       0                  
         Data Path:-     338                  
             Slack:=    3242                  

Exceptions/Constraints:
  output_delay             2000            riscv_baseline.sdc_line_59_53_1 

#-----------------------------------------------------------------------------------------------------------------------
#            Timing Point              Flags   Arc   Edge   Cell     Fanout Load Trans Delay Arrival      Instance      
#                                                                           (fF)  (ps)  (ps)   (ps)       Location      
#-----------------------------------------------------------------------------------------------------------------------
  riscv_core_inst_pc_inst_pc_reg[8]/CP -       -     R     (arrival)     30    -     0     0       0              (-,-) 
  riscv_core_inst_pc_inst_pc_reg[8]/Q  -       CP->Q R     DFCNQD1        3 16.6   226   338     338  (6.2625,389.2525) 
  pc_current[8]                        -       -     R     (port)         -    -     -     0     338              (-,-) 
#-----------------------------------------------------------------------------------------------------------------------



Path 6: MET (3242 ps) Late External Delay Assertion at pin pc_current[9]
           View: view_func_setup
          Group: clk
     Startpoint: (R) riscv_core_inst_pc_inst_pc_reg[9]/CP
          Clock: (R) clk
       Endpoint: (R) pc_current[9]
          Clock: (R) clk

                     Capture       Launch     
        Clock Edge:+    5730            0     
       Src Latency:+       0            0     
       Net Latency:+       0 (I)        0 (I) 
           Arrival:=    5730            0     
                                              
      Output Delay:-    2000                  
       Uncertainty:-     150                  
     Required Time:=    3580                  
      Launch Clock:-       0                  
         Data Path:-     338                  
             Slack:=    3242                  

Exceptions/Constraints:
  output_delay             2000            riscv_baseline.sdc_line_59_52_1 

#------------------------------------------------------------------------------------------------------------------------
#            Timing Point              Flags   Arc   Edge   Cell     Fanout Load Trans Delay Arrival       Instance      
#                                                                           (fF)  (ps)  (ps)   (ps)        Location      
#------------------------------------------------------------------------------------------------------------------------
  riscv_core_inst_pc_inst_pc_reg[9]/CP -       -     R     (arrival)     30    -     0     0       0               (-,-) 
  riscv_core_inst_pc_inst_pc_reg[9]/Q  -       CP->Q R     DFCNQD1        3 16.6   226   338     338  (12.7795,389.2150) 
  pc_current[9]                        -       -     R     (port)         -    -     -     0     338               (-,-) 
#------------------------------------------------------------------------------------------------------------------------



Path 7: MET (3242 ps) Late External Delay Assertion at pin pc_current[10]
           View: view_func_setup
          Group: clk
     Startpoint: (R) riscv_core_inst_pc_inst_pc_reg[10]/CP
          Clock: (R) clk
       Endpoint: (R) pc_current[10]
          Clock: (R) clk

                     Capture       Launch     
        Clock Edge:+    5730            0     
       Src Latency:+       0            0     
       Net Latency:+       0 (I)        0 (I) 
           Arrival:=    5730            0     
                                              
      Output Delay:-    2000                  
       Uncertainty:-     150                  
     Required Time:=    3580                  
      Launch Clock:-       0                  
         Data Path:-     338                  
             Slack:=    3242                  

Exceptions/Constraints:
  output_delay             2000            riscv_baseline.sdc_line_59_51_1 

#-------------------------------------------------------------------------------------------------------------------------
#             Timing Point              Flags   Arc   Edge   Cell     Fanout Load Trans Delay Arrival       Instance      
#                                                                            (fF)  (ps)  (ps)   (ps)        Location      
#-------------------------------------------------------------------------------------------------------------------------
  riscv_core_inst_pc_inst_pc_reg[10]/CP -       -     R     (arrival)     30    -     0     0       0               (-,-) 
  riscv_core_inst_pc_inst_pc_reg[10]/Q  -       CP->Q R     DFCNQD1        3 16.6   226   338     338  (13.1900,385.3120) 
  pc_current[10]                        -       -     R     (port)         -    -     -     0     338               (-,-) 
#-------------------------------------------------------------------------------------------------------------------------



Path 8: MET (3242 ps) Late External Delay Assertion at pin pc_current[12]
           View: view_func_setup
          Group: clk
     Startpoint: (R) riscv_core_inst_pc_inst_pc_reg[12]/CP
          Clock: (R) clk
       Endpoint: (R) pc_current[12]
          Clock: (R) clk

                     Capture       Launch     
        Clock Edge:+    5730            0     
       Src Latency:+       0            0     
       Net Latency:+       0 (I)        0 (I) 
           Arrival:=    5730            0     
                                              
      Output Delay:-    2000                  
       Uncertainty:-     150                  
     Required Time:=    3580                  
      Launch Clock:-       0                  
         Data Path:-     338                  
             Slack:=    3242                  

Exceptions/Constraints:
  output_delay             2000            riscv_baseline.sdc_line_59_49_1 

#-------------------------------------------------------------------------------------------------------------------------
#             Timing Point              Flags   Arc   Edge   Cell     Fanout Load Trans Delay Arrival       Instance      
#                                                                            (fF)  (ps)  (ps)   (ps)        Location      
#-------------------------------------------------------------------------------------------------------------------------
  riscv_core_inst_pc_inst_pc_reg[12]/CP -       -     R     (arrival)     30    -     0     0       0               (-,-) 
  riscv_core_inst_pc_inst_pc_reg[12]/Q  -       CP->Q R     DFCNQD1        3 16.6   226   338     338  (10.7455,393.0805) 
  pc_current[12]                        -       -     R     (port)         -    -     -     0     338               (-,-) 
#-------------------------------------------------------------------------------------------------------------------------



Path 9: MET (3242 ps) Late External Delay Assertion at pin pc_current[13]
           View: view_func_setup
          Group: clk
     Startpoint: (R) riscv_core_inst_pc_inst_pc_reg[13]/CP
          Clock: (R) clk
       Endpoint: (R) pc_current[13]
          Clock: (R) clk

                     Capture       Launch     
        Clock Edge:+    5730            0     
       Src Latency:+       0            0     
       Net Latency:+       0 (I)        0 (I) 
           Arrival:=    5730            0     
                                              
      Output Delay:-    2000                  
       Uncertainty:-     150                  
     Required Time:=    3580                  
      Launch Clock:-       0                  
         Data Path:-     338                  
             Slack:=    3242                  

Exceptions/Constraints:
  output_delay             2000            riscv_baseline.sdc_line_59_48_1 

#-------------------------------------------------------------------------------------------------------------------------
#             Timing Point              Flags   Arc   Edge   Cell     Fanout Load Trans Delay Arrival       Instance      
#                                                                            (fF)  (ps)  (ps)   (ps)        Location      
#-------------------------------------------------------------------------------------------------------------------------
  riscv_core_inst_pc_inst_pc_reg[13]/CP -       -     R     (arrival)     30    -     0     0       0               (-,-) 
  riscv_core_inst_pc_inst_pc_reg[13]/Q  -       CP->Q R     DFCNQD1        3 16.6   226   338     338  (18.1890,390.7700) 
  pc_current[13]                        -       -     R     (port)         -    -     -     0     338               (-,-) 
#-------------------------------------------------------------------------------------------------------------------------



Path 10: MET (3242 ps) Late External Delay Assertion at pin pc_current[14]
           View: view_func_setup
          Group: clk
     Startpoint: (R) riscv_core_inst_pc_inst_pc_reg[14]/CP
          Clock: (R) clk
       Endpoint: (R) pc_current[14]
          Clock: (R) clk

                     Capture       Launch     
        Clock Edge:+    5730            0     
       Src Latency:+       0            0     
       Net Latency:+       0 (I)        0 (I) 
           Arrival:=    5730            0     
                                              
      Output Delay:-    2000                  
       Uncertainty:-     150                  
     Required Time:=    3580                  
      Launch Clock:-       0                  
         Data Path:-     338                  
             Slack:=    3242                  

Exceptions/Constraints:
  output_delay             2000            riscv_baseline.sdc_line_59_47_1 

#-------------------------------------------------------------------------------------------------------------------------
#             Timing Point              Flags   Arc   Edge   Cell     Fanout Load Trans Delay Arrival       Instance      
#                                                                            (fF)  (ps)  (ps)   (ps)        Location      
#-------------------------------------------------------------------------------------------------------------------------
  riscv_core_inst_pc_inst_pc_reg[14]/CP -       -     R     (arrival)     30    -     0     0       0               (-,-) 
  riscv_core_inst_pc_inst_pc_reg[14]/Q  -       CP->Q R     DFCNQD1        3 16.6   226   338     338  (18.7905,393.9390) 
  pc_current[14]                        -       -     R     (port)         -    -     -     0     338               (-,-) 
#-------------------------------------------------------------------------------------------------------------------------


