============================================================
  Generated by:           Genus(TM) Synthesis Solution 21.18-s082_1
  Generated on:           Aug 03 2026  05:07:17 am
  Module:                 riscv_top
  Operating conditions:   WCCOM 
  Operating conditions:   NCCOM 
  Interconnect mode:      spatial
  Area mode:              physical library
============================================================

Timing
--------

 Analysis view  Clock Period 
-----------------------------
view_func_setup clk   5730.0 


    Analysis      Cost   Critical        Violating Levels of 
      View       Group  Path Slack  TNS    Paths     logic   
-------------------------------------------------------------
view_func_setup     clk     3187.8  0.0          0           
                default   No paths  0.0          0           
-------------------------------------------------------------
Total                              -0.0          0           
                                                             

Instance Count
--------------
Leaf Instance Count             73 
Physical Instance count          0 
Sequential Instance Count       30 
Combinational Instance Count    43 
Hierarchical Instance Count      0 

Area
----
Cell Area                          421.920
Physical Cell Area                 0.000
Total Cell Area (Cell+Physical)    421.920
Net Area                           122.394
Total Area (Cell+Physical+Net)     544.314

Floorplan Utilization              no_value
Max Fanout                         103 (pc_current[1])
Min Fanout                         0 (n_1)
Average Fanout                     3.0
Terms to net ratio                 2.8889
Terms to instance ratio            3.9178
Runtime                            105.817124 seconds
Elapsed Runtime                    231 seconds
Genus peak memory usage            2492.04 
Innovus peak memory usage          no_value 
Hostname                           ncdc-0137
