============================================================
  Generated by:           Genus(TM) Synthesis Solution 21.18-s082_1
  Generated on:           Jul 31 2026  03:08:40 am
  Module:                 riscv_core
  Operating conditions:   WCCOM 
  Operating conditions:   NCCOM 
  Interconnect mode:      spatial
  Area mode:              physical library
============================================================


Path 1: MET (0 ps) Late External Delay Assertion at pin alu_result[31]
           View: view_func_setup
          Group: clk
     Startpoint: (F) instruction[2]
          Clock: (R) clk
       Endpoint: (F) alu_result[31]
          Clock: (R) clk

                     Capture       Launch     
        Clock Edge:+   10000            0     
        Drv Adjust:+       0            0     
       Src Latency:+       0            0     
       Net Latency:+       0 (I)        0 (I) 
           Arrival:=   10000            0     
                                              
      Output Delay:-    2000                  
       Uncertainty:-     150                  
     Required Time:=    7850                  
      Launch Clock:-       0                  
       Input Delay:-    2000                  
         Data Path:-    5850                  
             Slack:=       0                  

Exceptions/Constraints:
  input_delay              2000            riscv_baseline.sdc_line_45_29_1 
  output_delay             2000            riscv_baseline.sdc_line_61      

#--------------------------------------------------------------------------------------------------------------------------
#                  Timing Point                    Flags    Arc   Edge   Cell     Fanout Load Trans Delay Arrival Instance 
#                                                                                        (fF)  (ps)  (ps)   (ps)  Location 
#--------------------------------------------------------------------------------------------------------------------------
  instruction[2]                                   -       -      F     (arrival)      2  6.2   100     0    2000    (-,-) 
  g102133/ZN                                       -       I->ZN  R     INVD2          4 14.6   116   107    2107    (-,-) 
  g100864/ZN                                       -       A2->ZN F     ND2D3          4 11.1    86    94    2201    (-,-) 
  g100421__1666/ZN                                 -       A1->ZN R     NR2XD2         2  5.4    63    66    2267    (-,-) 
  g100049__4319/ZN                                 -       A1->ZN F     ND2D1          3  6.9   144   112    2378    (-,-) 
  g99883__7098/Z                                   -       A1->Z  F     OR2D1          2  5.9    75   153    2531    (-,-) 
  g99562__3680/ZN                                  -       A1->ZN R     OAI21D2        4  9.6   169   131    2662    (-,-) 
  alu_inst_sub_22_37_Y_alu_inst_add_21_37_g1059/ZN -       I->ZN  F     CKND1          3  9.2   139   139    2802    (-,-) 
  alu_inst_sub_22_37_Y_alu_inst_add_21_37_g1056/ZN -       I->ZN  R     CKND2         10 23.0   172   152    2954    (-,-) 
  alu_inst_sub_22_37_Y_alu_inst_add_21_37_g998/Z   -       A2->Z  F     CKXOR2D1       1  4.2    75   224    3178    (-,-) 
  alu_inst_sub_22_37_Y_alu_inst_add_21_37_g985/CO  -       A->CO  F     FA1D1          1  4.2    71   266    3444    (-,-) 
  alu_inst_sub_22_37_Y_alu_inst_add_21_37_g984/CO  -       CI->CO F     FA1D1          1  4.2    71   139    3584    (-,-) 
  alu_inst_sub_22_37_Y_alu_inst_add_21_37_g983/CO  -       CI->CO F     FA1D1          1  4.2    71   139    3723    (-,-) 
  alu_inst_sub_22_37_Y_alu_inst_add_21_37_g982/CO  -       CI->CO F     FA1D1          1  4.2    71   139    3862    (-,-) 
  alu_inst_sub_22_37_Y_alu_inst_add_21_37_g981/CO  -       CI->CO F     FA1D1          1  4.2    71   139    4001    (-,-) 
  alu_inst_sub_22_37_Y_alu_inst_add_21_37_g980/CO  -       CI->CO F     FA1D1          1  4.2    71   139    4141    (-,-) 
  alu_inst_sub_22_37_Y_alu_inst_add_21_37_g979/CO  -       CI->CO F     FA1D1          1  4.2    71   139    4280    (-,-) 
  alu_inst_sub_22_37_Y_alu_inst_add_21_37_g978/CO  -       CI->CO F     FA1D1          1  4.2    71   139    4419    (-,-) 
  alu_inst_sub_22_37_Y_alu_inst_add_21_37_g977/CO  -       CI->CO F     FA1D1          1  4.2    71   139    4559    (-,-) 
  alu_inst_sub_22_37_Y_alu_inst_add_21_37_g976/CO  -       CI->CO F     FA1D1          1  4.2    71   139    4698    (-,-) 
  alu_inst_sub_22_37_Y_alu_inst_add_21_37_g975/CO  -       CI->CO F     FA1D1          1  4.2    71   139    4838    (-,-) 
  alu_inst_sub_22_37_Y_alu_inst_add_21_37_g974/CO  -       CI->CO F     FA1D1          1  4.2    71   139    4977    (-,-) 
  alu_inst_sub_22_37_Y_alu_inst_add_21_37_g973/CO  -       CI->CO F     FA1D1          1  4.2    71   139    5116    (-,-) 
  alu_inst_sub_22_37_Y_alu_inst_add_21_37_g972/CO  -       CI->CO F     FA1D1          1  4.2    71   139    5255    (-,-) 
  alu_inst_sub_22_37_Y_alu_inst_add_21_37_g971/CO  -       CI->CO F     FA1D1          1  4.2    71   139    5395    (-,-) 
  alu_inst_sub_22_37_Y_alu_inst_add_21_37_g970/CO  -       CI->CO F     FA1D1          1  4.2    71   139    5534    (-,-) 
  alu_inst_sub_22_37_Y_alu_inst_add_21_37_g969/CO  -       CI->CO F     FA1D1          1  4.2    71   139    5673    (-,-) 
  alu_inst_sub_22_37_Y_alu_inst_add_21_37_g968/CO  -       CI->CO F     FA1D1          1  4.2    71   139    5813    (-,-) 
  alu_inst_sub_22_37_Y_alu_inst_add_21_37_g967/CO  -       CI->CO F     FA1D1          1  4.2    71   139    5952    (-,-) 
  alu_inst_sub_22_37_Y_alu_inst_add_21_37_g966/CO  -       CI->CO F     FA1D1          1  4.2    71   139    6091    (-,-) 
  alu_inst_sub_22_37_Y_alu_inst_add_21_37_g965/CO  -       CI->CO F     FA1D1          1  4.2    71   139    6230    (-,-) 
  alu_inst_sub_22_37_Y_alu_inst_add_21_37_g964/CO  -       CI->CO F     FA1D1          1  4.1    70   139    6369    (-,-) 
  alu_inst_sub_22_37_Y_alu_inst_add_21_37_g963/CO  -       CI->CO F     FA1D2          1  4.2    74   137    6506    (-,-) 
  alu_inst_sub_22_37_Y_alu_inst_add_21_37_g962/CO  -       CI->CO F     FA1D1          1  4.1    70   140    6646    (-,-) 
  alu_inst_sub_22_37_Y_alu_inst_add_21_37_g961/CO  -       CI->CO F     FA1D2          1  4.2    74   137    6784    (-,-) 
  alu_inst_sub_22_37_Y_alu_inst_add_21_37_g960/CO  -       CI->CO F     FA1D1          1  3.2    63   134    6918    (-,-) 
  alu_inst_sub_22_37_Y_alu_inst_add_21_37_g959/CO  -       CI->CO F     FA1D0          1  3.2    85   184    7101    (-,-) 
  alu_inst_sub_22_37_Y_alu_inst_add_21_37_g958/CO  -       CI->CO F     FA1D0          1  3.2    85   193    7294    (-,-) 
  alu_inst_sub_22_37_Y_alu_inst_add_21_37_g957/CO  -       CI->CO F     FA1D0          1  3.3    87   194    7488    (-,-) 
  alu_inst_sub_22_37_Y_alu_inst_add_21_37_g956/Z   -       A3->Z  F     XOR3D1         1  4.0    76   153    7641    (-,-) 
  g73604/Z                                         -       A1->Z  F     AO211D4        6 22.9   102   208    7849    (-,-) 
  alu_result[31]                                   -       -      F     (port)         -    -     -     1    7850    (-,-) 
#--------------------------------------------------------------------------------------------------------------------------



Path 2: MET (4 ps) Late External Delay Assertion at pin dmem_write_mask[0]
           View: view_func_setup
          Group: clk
     Startpoint: (F) instruction[19]
          Clock: (R) clk
       Endpoint: (F) dmem_write_mask[0]
          Clock: (R) clk

                     Capture       Launch     
        Clock Edge:+   10000            0     
        Drv Adjust:+       0            0     
       Src Latency:+       0            0     
       Net Latency:+       0 (I)        0 (I) 
           Arrival:=   10000            0     
                                              
      Output Delay:-    2000                  
       Uncertainty:-     150                  
     Required Time:=    7850                  
      Launch Clock:-       0                  
       Input Delay:-    2000                  
         Data Path:-    5846                  
             Slack:=       4                  

Exceptions/Constraints:
  input_delay              2000            riscv_baseline.sdc_line_45_12_1  
  output_delay             2000            riscv_baseline.sdc_line_63_216_1 

#--------------------------------------------------------------------------------------------
#   Timing Point     Flags    Arc   Edge   Cell     Fanout Load Trans Delay Arrival Instance 
#                                                          (fF)  (ps)  (ps)   (ps)  Location 
#--------------------------------------------------------------------------------------------
  instruction[19]    -       -      F     (arrival)      6 27.2   100     0    2000    (-,-) 
  g102135/ZN         -       I->ZN  R     INVD6          2 13.7    54    64    2064    (-,-) 
  g102112/ZN         -       A1->ZN F     NR2D8          8 18.8    47    40    2104    (-,-) 
  g102041/ZN         -       I->ZN  R     CKND4         10 23.3    86    72    2176    (-,-) 
  g102036/ZN         -       I->ZN  F     INVD2          9 18.5   100    91    2268    (-,-) 
  g102034/Z          -       I->Z   F     BUFFD2         7 14.4    77   130    2398    (-,-) 
  g102032/Z          -       I->Z   F     CKBD1         10 19.5   229   193    2590    (-,-) 
  g102031/Z          -       I->Z   F     CKBD1          2  5.1    73   147    2737    (-,-) 
  g102030/Z          -       I->Z   F     BUFFD2        10 19.3    97   132    2869    (-,-) 
  g102023/Z          -       I->Z   F     CKBD1          9 17.5   207   188    3057    (-,-) 
  g102020/Z          -       I->Z   F     CKBD1          9 17.1   203   216    3272    (-,-) 
  g100939/Z          -       B2->Z  F     AO22D0         1  3.0    86   246    3519    (-,-) 
  g100312__6783/ZN   -       C->ZN  R     AOI221D0       1  3.0   353   313    3832    (-,-) 
  g99779__2883/Z     -       A1->Z  R     OA221D0        1  3.3   120   299    4131    (-,-) 
  g99579__1666/ZN    -       A1->ZN F     ND4D1          1  3.0   174   143    4274    (-,-) 
  g99482__6161/Z     -       A1->Z  F     AO22D0         1  3.3    91   213    4487    (-,-) 
  g99394__7482/Z     -       A3->Z  F     OR4XD1         9 19.0   209   330    4817    (-,-) 
  g74437/ZN          -       B1->ZN R     INR2XD0        2  5.0   178   170    4987    (-,-) 
  g74380/Z           -       A1->Z  R     OR2D1          3  6.8   105   172    5159    (-,-) 
  g74169/ZN          -       A1->ZN R     IND3D1         2  5.2   129   138    5298    (-,-) 
  g74053/Z           -       A1->Z  R     OA221D0        1  3.0   114   231    5529    (-,-) 
  g73879/Z           -       A1->Z  R     OA221D0        1  3.4   121   233    5762    (-,-) 
  g73588/Z           -       B->Z   R     OA31D1         1  4.1    74   165    5928    (-,-) 
  g73575/ZN          -       A->ZN  F     MAOI222D1      1  3.3   230   138    6065    (-,-) 
  g73573/Z           -       B->Z   F     AO21D1         1  3.1    57   196    6261    (-,-) 
  g73572/ZN          -       A1->ZN R     AOI211XD0      1  3.4   216   139    6401    (-,-) 
  g73571/Z           -       B->Z   R     AO21D1         1  4.1    76   148    6548    (-,-) 
  g73570/ZN          -       A->ZN  F     MAOI222D1      1  3.0   220   134    6682    (-,-) 
  g73569/Z           -       A1->Z  F     AO221D0        1  3.2   112   297    6979    (-,-) 
  g73568/ZN          -       A1->ZN R     AOI21D1        1  3.2   156   116    7095    (-,-) 
  g73567/Z           -       B->Z   R     AO211D1        8 26.0   342   289    7384    (-,-) 
  g73566/Z           -       A1->Z  R     OR2D1          2  5.3    90   204    7588    (-,-) 
  g73563/ZN          -       A1->ZN F     OAI221D1       1 12.3   386   258    7846    (-,-) 
  dmem_write_mask[0] -       -      F     (port)         -    -     -     0    7846    (-,-) 
#--------------------------------------------------------------------------------------------



Path 3: MET (12 ps) Setup Check with Pin pc_inst_pc_reg[2]/CP->D
           View: view_func_setup
          Group: clk
     Startpoint: (R) instruction[21]
          Clock: (R) clk
       Endpoint: (R) pc_inst_pc_reg[2]/D
          Clock: (R) clk

                     Capture       Launch     
        Clock Edge:+   10000            0     
        Drv Adjust:+       0            0     
       Src Latency:+       0            0     
       Net Latency:+       0 (I)        0 (I) 
           Arrival:=   10000            0     
                                              
             Setup:-      77                  
       Uncertainty:-     150                  
     Required Time:=    9773                  
      Launch Clock:-       0                  
       Input Delay:-    2000                  
         Data Path:-    7761                  
             Slack:=      12                  

Exceptions/Constraints:
  input_delay             2000            riscv_baseline.sdc_line_45_10_1 

#--------------------------------------------------------------------------------------------------------
#    Timing Point     Flags    Arc   Edge   Cell     Fanout Load Trans Delay Arrival       Instance      
#                                                           (fF)  (ps)  (ps)   (ps)        Location      
#--------------------------------------------------------------------------------------------------------
  instruction[21]     -       -      R     (arrival)      8 60.1   100     0    2000               (-,-) 
  g101784/ZN          -       A2->ZN F     NR2XD8         7 16.6    49    66    2066               (-,-) 
  g101661/Z           -       I->Z   F     CKBD4          8 18.2    62    94    2161               (-,-) 
  g101659/Z           -       I->Z   F     BUFFD4         8 17.0    51    95    2256               (-,-) 
  g101658/Z           -       I->Z   F     BUFFD2         5 10.3    60   101    2357               (-,-) 
  g101656/Z           -       I->Z   F     CKBD1         10 19.3   227   186    2542               (-,-) 
  g101649/Z           -       I->Z   F     CKBD1          9 17.3   205   221    2764               (-,-) 
  g101647/Z           -       I->Z   F     CKBD1          8 15.7   188   207    2971               (-,-) 
  g101646/Z           -       I->Z   F     CKBD1          5 10.1   126   169    3139               (-,-) 
  g100783/Z           -       A1->Z  F     AO22D0         1  3.0    86   194    3333               (-,-) 
  g100190__6131/ZN    -       C->ZN  R     AOI221D0       1  3.2   367   321    3654               (-,-) 
  g99908__5526/ZN     -       B1->ZN F     OAI22D1        1  3.0   150   179    3833               (-,-) 
  g99632__6161/ZN     -       C->ZN  R     AOI221D0       1  3.4   383   351    4185               (-,-) 
  g99459__7410/ZN     -       B->ZN  F     OAI211D1       2  4.7   206   240    4425               (-,-) 
  g99417__8246/Z      -       I1->Z  F     MUX2D0         6 13.9   254   329    4754               (-,-) 
  g74528/ZN           -       A1->ZN F     INR2XD0        3  6.9   173   218    4973               (-,-) 
  g74380/Z            -       A2->Z  F     OR2D1          3  7.0    84   174    5147               (-,-) 
  g74169/ZN           -       A1->ZN F     IND3D1         2  5.0   194   198    5345               (-,-) 
  g74053/Z            -       A1->Z  F     OA221D0        1  2.9    97   238    5583               (-,-) 
  g73879/Z            -       A1->Z  F     OA221D0        1  3.3   103   209    5792               (-,-) 
  g73588/Z            -       B->Z   F     OA31D1         1  4.1    76   133    5925               (-,-) 
  g73575/ZN           -       A->ZN  R     MAOI222D1      1  3.4   215   155    6079               (-,-) 
  g73573/Z            -       B->Z   R     AO21D1         1  3.0    63   139    6219               (-,-) 
  g73572/ZN           -       A1->ZN F     AOI211XD0      1  3.3   173   128    6347               (-,-) 
  g73571/Z            -       B->Z   F     AO21D1         1  4.1    64   187    6534               (-,-) 
  g73570/ZN           -       A->ZN  R     MAOI222D1      1  2.9   199   142    6676               (-,-) 
  g73569/Z            -       A1->Z  R     AO221D0        1  3.2   110   217    6892               (-,-) 
  g73568/ZN           -       A1->ZN F     AOI21D1        1  3.3    97    90    6982               (-,-) 
  g73567/Z            -       B->Z   F     AO211D1        8 25.8   251   342    7324               (-,-) 
  g73566/Z            -       A1->Z  F     OR2D1          2  5.1    71   176    7500               (-,-) 
  g85139/ZN           -       A4->ZN R     NR4D0          1  3.0   264   203    7702               (-,-) 
  g85059/ZN           -       A1->ZN R     INR4D0         1  3.3   257   292    7994               (-,-) 
  g84989/ZN           -       B1->ZN F     IIND4D1        1  3.2   193   195    8189               (-,-) 
  g83418/ZN           -       A2->ZN R     OAI32D1        1  3.3   241   201    8390               (-,-) 
  g82890/ZN           -       B1->ZN F     AOI32D1        2  5.1   208   174    8564               (-,-) 
  g82873/ZN           -       A1->ZN R     NR2XD0         1  3.2   135   138    8702               (-,-) 
  g82872/ZN           -       B->ZN  F     AOI211D1       1  3.3   124    85    8787               (-,-) 
  g82871/Z            -       B->Z   F     AO211D1        1  4.9    84   236    9024               (-,-) 
  g82870/ZN           -       A1->ZN R     ND2D3          6 14.4    88    83    9106               (-,-) 
  g82865/Z            -       B->Z   R     OA21D4         9 19.0    81   157    9263               (-,-) 
  drc_bufs85250/ZN    -       I->ZN  F     CKND1          3  7.1   101    92    9355               (-,-) 
  drc_bufs85249/ZN    -       I->ZN  R     CKND1          8 16.6   235   180    9534               (-,-) 
  g82847/Z            -       A1->Z  R     AO221D0        1  3.2   110   226    9761               (-,-) 
  pc_inst_pc_reg[2]/D -       -      R     DFCNQD1        1    -     -     0    9761  (14.0520,118.7695) 
#--------------------------------------------------------------------------------------------------------



Path 4: MET (32 ps) Late External Delay Assertion at pin dmem_write_mask[1]
           View: view_func_setup
          Group: clk
     Startpoint: (F) instruction[19]
          Clock: (R) clk
       Endpoint: (R) dmem_write_mask[1]
          Clock: (R) clk

                     Capture       Launch     
        Clock Edge:+   10000            0     
        Drv Adjust:+       0            0     
       Src Latency:+       0            0     
       Net Latency:+       0 (I)        0 (I) 
           Arrival:=   10000            0     
                                              
      Output Delay:-    2000                  
       Uncertainty:-     150                  
     Required Time:=    7850                  
      Launch Clock:-       0                  
       Input Delay:-    2000                  
         Data Path:-    5818                  
             Slack:=      32                  

Exceptions/Constraints:
  input_delay              2000            riscv_baseline.sdc_line_45_12_1  
  output_delay             2000            riscv_baseline.sdc_line_63_215_1 

#--------------------------------------------------------------------------------------------
#   Timing Point     Flags    Arc   Edge   Cell     Fanout Load Trans Delay Arrival Instance 
#                                                          (fF)  (ps)  (ps)   (ps)  Location 
#--------------------------------------------------------------------------------------------
  instruction[19]    -       -      F     (arrival)      6 27.2   100     0    2000    (-,-) 
  g102135/ZN         -       I->ZN  R     INVD6          2 13.7    54    64    2064    (-,-) 
  g102112/ZN         -       A1->ZN F     NR2D8          8 18.8    47    40    2104    (-,-) 
  g102041/ZN         -       I->ZN  R     CKND4         10 23.3    86    72    2176    (-,-) 
  g102036/ZN         -       I->ZN  F     INVD2          9 18.5   100    91    2268    (-,-) 
  g102034/Z          -       I->Z   F     BUFFD2         7 14.4    77   130    2398    (-,-) 
  g102032/Z          -       I->Z   F     CKBD1         10 19.5   229   193    2590    (-,-) 
  g102031/Z          -       I->Z   F     CKBD1          2  5.1    73   147    2737    (-,-) 
  g102030/Z          -       I->Z   F     BUFFD2        10 19.3    97   132    2869    (-,-) 
  g102023/Z          -       I->Z   F     CKBD1          9 17.5   207   188    3057    (-,-) 
  g102020/Z          -       I->Z   F     CKBD1          9 17.1   203   216    3272    (-,-) 
  g100939/Z          -       B2->Z  F     AO22D0         1  3.0    86   246    3519    (-,-) 
  g100312__6783/ZN   -       C->ZN  R     AOI221D0       1  3.0   353   313    3832    (-,-) 
  g99779__2883/Z     -       A1->Z  R     OA221D0        1  3.3   120   299    4131    (-,-) 
  g99579__1666/ZN    -       A1->ZN F     ND4D1          1  3.0   174   143    4274    (-,-) 
  g99482__6161/Z     -       A1->Z  F     AO22D0         1  3.3    91   213    4487    (-,-) 
  g99394__7482/Z     -       A3->Z  F     OR4XD1         9 19.0   209   330    4817    (-,-) 
  g74437/ZN          -       B1->ZN R     INR2XD0        2  5.0   178   170    4987    (-,-) 
  g74380/Z           -       A1->Z  R     OR2D1          3  6.8   105   172    5159    (-,-) 
  g74169/ZN          -       A1->ZN R     IND3D1         2  5.2   129   138    5298    (-,-) 
  g74053/Z           -       A1->Z  R     OA221D0        1  3.0   114   231    5529    (-,-) 
  g73879/Z           -       A1->Z  R     OA221D0        1  3.4   121   233    5762    (-,-) 
  g73588/Z           -       B->Z   R     OA31D1         1  4.1    74   165    5928    (-,-) 
  g73575/ZN          -       A->ZN  F     MAOI222D1      1  3.3   230   138    6065    (-,-) 
  g73573/Z           -       B->Z   F     AO21D1         1  3.1    57   196    6261    (-,-) 
  g73572/ZN          -       A1->ZN R     AOI211XD0      1  3.4   216   139    6401    (-,-) 
  g73571/Z           -       B->Z   R     AO21D1         1  4.1    76   148    6548    (-,-) 
  g73570/ZN          -       A->ZN  F     MAOI222D1      1  3.0   220   134    6682    (-,-) 
  g73569/Z           -       A1->Z  F     AO221D0        1  3.2   112   297    6979    (-,-) 
  g73568/ZN          -       A1->ZN R     AOI21D1        1  3.2   156   116    7095    (-,-) 
  g73567/Z           -       B->Z   R     AO211D1        8 26.0   342   289    7384    (-,-) 
  g73564/ZN          -       A1->ZN R     IOA21D1        2  4.8   102   221    7605    (-,-) 
  g73562/ZN          -       A1->ZN R     IOA21D1        1 12.3   200   212    7818    (-,-) 
  dmem_write_mask[1] -       -      R     (port)         -    -     -     0    7818    (-,-) 
#--------------------------------------------------------------------------------------------



Path 5: MET (32 ps) Late External Delay Assertion at pin dmem_write_mask[3]
           View: view_func_setup
          Group: clk
     Startpoint: (F) instruction[19]
          Clock: (R) clk
       Endpoint: (R) dmem_write_mask[3]
          Clock: (R) clk

                     Capture       Launch     
        Clock Edge:+   10000            0     
        Drv Adjust:+       0            0     
       Src Latency:+       0            0     
       Net Latency:+       0 (I)        0 (I) 
           Arrival:=   10000            0     
                                              
      Output Delay:-    2000                  
       Uncertainty:-     150                  
     Required Time:=    7850                  
      Launch Clock:-       0                  
       Input Delay:-    2000                  
         Data Path:-    5818                  
             Slack:=      32                  

Exceptions/Constraints:
  input_delay              2000            riscv_baseline.sdc_line_45_12_1 
  output_delay             2000            riscv_baseline.sdc_line_63      

#--------------------------------------------------------------------------------------------
#   Timing Point     Flags    Arc   Edge   Cell     Fanout Load Trans Delay Arrival Instance 
#                                                          (fF)  (ps)  (ps)   (ps)  Location 
#--------------------------------------------------------------------------------------------
  instruction[19]    -       -      F     (arrival)      6 27.2   100     0    2000    (-,-) 
  g102135/ZN         -       I->ZN  R     INVD6          2 13.7    54    64    2064    (-,-) 
  g102112/ZN         -       A1->ZN F     NR2D8          8 18.8    47    40    2104    (-,-) 
  g102041/ZN         -       I->ZN  R     CKND4         10 23.3    86    72    2176    (-,-) 
  g102036/ZN         -       I->ZN  F     INVD2          9 18.5   100    91    2268    (-,-) 
  g102034/Z          -       I->Z   F     BUFFD2         7 14.4    77   130    2398    (-,-) 
  g102032/Z          -       I->Z   F     CKBD1         10 19.5   229   193    2590    (-,-) 
  g102031/Z          -       I->Z   F     CKBD1          2  5.1    73   147    2737    (-,-) 
  g102030/Z          -       I->Z   F     BUFFD2        10 19.3    97   132    2869    (-,-) 
  g102023/Z          -       I->Z   F     CKBD1          9 17.5   207   188    3057    (-,-) 
  g102020/Z          -       I->Z   F     CKBD1          9 17.1   203   216    3272    (-,-) 
  g100939/Z          -       B2->Z  F     AO22D0         1  3.0    86   246    3519    (-,-) 
  g100312__6783/ZN   -       C->ZN  R     AOI221D0       1  3.0   353   313    3832    (-,-) 
  g99779__2883/Z     -       A1->Z  R     OA221D0        1  3.3   120   299    4131    (-,-) 
  g99579__1666/ZN    -       A1->ZN F     ND4D1          1  3.0   174   143    4274    (-,-) 
  g99482__6161/Z     -       A1->Z  F     AO22D0         1  3.3    91   213    4487    (-,-) 
  g99394__7482/Z     -       A3->Z  F     OR4XD1         9 19.0   209   330    4817    (-,-) 
  g74437/ZN          -       B1->ZN R     INR2XD0        2  5.0   178   170    4987    (-,-) 
  g74380/Z           -       A1->Z  R     OR2D1          3  6.8   105   172    5159    (-,-) 
  g74169/ZN          -       A1->ZN R     IND3D1         2  5.2   129   138    5298    (-,-) 
  g74053/Z           -       A1->Z  R     OA221D0        1  3.0   114   231    5529    (-,-) 
  g73879/Z           -       A1->Z  R     OA221D0        1  3.4   121   233    5762    (-,-) 
  g73588/Z           -       B->Z   R     OA31D1         1  4.1    74   165    5928    (-,-) 
  g73575/ZN          -       A->ZN  F     MAOI222D1      1  3.3   230   138    6065    (-,-) 
  g73573/Z           -       B->Z   F     AO21D1         1  3.1    57   196    6261    (-,-) 
  g73572/ZN          -       A1->ZN R     AOI211XD0      1  3.4   216   139    6401    (-,-) 
  g73571/Z           -       B->Z   R     AO21D1         1  4.1    76   148    6548    (-,-) 
  g73570/ZN          -       A->ZN  F     MAOI222D1      1  3.0   220   134    6682    (-,-) 
  g73569/Z           -       A1->Z  F     AO221D0        1  3.2   112   297    6979    (-,-) 
  g73568/ZN          -       A1->ZN R     AOI21D1        1  3.2   156   116    7095    (-,-) 
  g73567/Z           -       B->Z   R     AO211D1        8 26.0   342   289    7384    (-,-) 
  g73564/ZN          -       A1->ZN R     IOA21D1        2  4.8   102   221    7605    (-,-) 
  g73560/ZN          -       A1->ZN R     IOA21D1        1 12.3   200   212    7818    (-,-) 
  dmem_write_mask[3] -       -      R     (port)         -    -     -     0    7818    (-,-) 
#--------------------------------------------------------------------------------------------



Path 6: MET (59 ps) Setup Check with Pin pc_inst_pc_reg[3]/CP->D
           View: view_func_setup
          Group: clk
     Startpoint: (R) instruction[21]
          Clock: (R) clk
       Endpoint: (R) pc_inst_pc_reg[3]/D
          Clock: (R) clk

                     Capture       Launch     
        Clock Edge:+   10000            0     
        Drv Adjust:+       0            0     
       Src Latency:+       0            0     
       Net Latency:+       0 (I)        0 (I) 
           Arrival:=   10000            0     
                                              
             Setup:-      72                  
       Uncertainty:-     150                  
     Required Time:=    9778                  
      Launch Clock:-       0                  
       Input Delay:-    2000                  
         Data Path:-    7720                  
             Slack:=      59                  

Exceptions/Constraints:
  input_delay             2000            riscv_baseline.sdc_line_45_10_1 

#-------------------------------------------------------------------------------------------------------
#    Timing Point     Flags    Arc   Edge   Cell     Fanout Load Trans Delay Arrival      Instance      
#                                                           (fF)  (ps)  (ps)   (ps)       Location      
#-------------------------------------------------------------------------------------------------------
  instruction[21]     -       -      R     (arrival)      8 60.1   100     0    2000              (-,-) 
  g101784/ZN          -       A2->ZN F     NR2XD8         7 16.6    49    66    2066              (-,-) 
  g101661/Z           -       I->Z   F     CKBD4          8 18.2    62    94    2161              (-,-) 
  g101659/Z           -       I->Z   F     BUFFD4         8 17.0    51    95    2256              (-,-) 
  g101658/Z           -       I->Z   F     BUFFD2         5 10.3    60   101    2357              (-,-) 
  g101656/Z           -       I->Z   F     CKBD1         10 19.3   227   186    2542              (-,-) 
  g101649/Z           -       I->Z   F     CKBD1          9 17.3   205   221    2764              (-,-) 
  g101647/Z           -       I->Z   F     CKBD1          8 15.7   188   207    2971              (-,-) 
  g101646/Z           -       I->Z   F     CKBD1          5 10.1   126   169    3139              (-,-) 
  g100783/Z           -       A1->Z  F     AO22D0         1  3.0    86   194    3333              (-,-) 
  g100190__6131/ZN    -       C->ZN  R     AOI221D0       1  3.2   367   321    3654              (-,-) 
  g99908__5526/ZN     -       B1->ZN F     OAI22D1        1  3.0   150   179    3833              (-,-) 
  g99632__6161/ZN     -       C->ZN  R     AOI221D0       1  3.4   383   351    4185              (-,-) 
  g99459__7410/ZN     -       B->ZN  F     OAI211D1       2  4.7   206   240    4425              (-,-) 
  g99417__8246/Z      -       I1->Z  F     MUX2D0         6 13.9   254   329    4754              (-,-) 
  g74528/ZN           -       A1->ZN F     INR2XD0        3  6.9   173   218    4973              (-,-) 
  g74380/Z            -       A2->Z  F     OR2D1          3  7.0    84   174    5147              (-,-) 
  g74169/ZN           -       A1->ZN F     IND3D1         2  5.0   194   198    5345              (-,-) 
  g74053/Z            -       A1->Z  F     OA221D0        1  2.9    97   238    5583              (-,-) 
  g73879/Z            -       A1->Z  F     OA221D0        1  3.3   103   209    5792              (-,-) 
  g73588/Z            -       B->Z   F     OA31D1         1  4.1    76   133    5925              (-,-) 
  g73575/ZN           -       A->ZN  R     MAOI222D1      1  3.4   215   155    6079              (-,-) 
  g73573/Z            -       B->Z   R     AO21D1         1  3.0    63   139    6219              (-,-) 
  g73572/ZN           -       A1->ZN F     AOI211XD0      1  3.3   173   128    6347              (-,-) 
  g73571/Z            -       B->Z   F     AO21D1         1  4.1    64   187    6534              (-,-) 
  g73570/ZN           -       A->ZN  R     MAOI222D1      1  2.9   199   142    6676              (-,-) 
  g73569/Z            -       A1->Z  R     AO221D0        1  3.2   110   217    6892              (-,-) 
  g73568/ZN           -       A1->ZN F     AOI21D1        1  3.3    97    90    6982              (-,-) 
  g73567/Z            -       B->Z   F     AO211D1        8 25.8   251   342    7324              (-,-) 
  g73566/Z            -       A1->Z  F     OR2D1          2  5.1    71   176    7500              (-,-) 
  g85139/ZN           -       A4->ZN R     NR4D0          1  3.0   264   203    7702              (-,-) 
  g85059/ZN           -       A1->ZN R     INR4D0         1  3.3   257   292    7994              (-,-) 
  g84989/ZN           -       B1->ZN F     IIND4D1        1  3.2   193   195    8189              (-,-) 
  g83418/ZN           -       A2->ZN R     OAI32D1        1  3.3   241   201    8390              (-,-) 
  g82890/ZN           -       B1->ZN F     AOI32D1        2  5.1   208   174    8564              (-,-) 
  g82873/ZN           -       A1->ZN R     NR2XD0         1  3.2   135   138    8702              (-,-) 
  g82872/ZN           -       B->ZN  F     AOI211D1       1  3.3   124    85    8787              (-,-) 
  g82871/Z            -       B->Z   F     AO211D1        1  4.9    84   236    9024              (-,-) 
  g82870/ZN           -       A1->ZN R     ND2D3          6 14.4    88    83    9106              (-,-) 
  g82865/Z            -       B->Z   R     OA21D4         9 19.0    81   157    9263              (-,-) 
  drc_bufs85250/ZN    -       I->ZN  F     CKND1          3  7.1   101    92    9355              (-,-) 
  drc_bufs85248/ZN    -       I->ZN  R     CKND1          8 16.9   238   182    9537              (-,-) 
  g82834/Z            -       A1->Z  R     AO222D1        1  3.2    76   183    9719              (-,-) 
  pc_inst_pc_reg[3]/D -       -      R     DFCND1         1    -     -     0    9720  (0.7200,117.8810) 
#-------------------------------------------------------------------------------------------------------



Path 7: MET (60 ps) Setup Check with Pin pc_inst_pc_reg[28]/CP->D
           View: view_func_setup
          Group: clk
     Startpoint: (R) instruction[21]
          Clock: (R) clk
       Endpoint: (R) pc_inst_pc_reg[28]/D
          Clock: (R) clk

                     Capture       Launch     
        Clock Edge:+   10000            0     
        Drv Adjust:+       0            0     
       Src Latency:+       0            0     
       Net Latency:+       0 (I)        0 (I) 
           Arrival:=   10000            0     
                                              
             Setup:-      71                  
       Uncertainty:-     150                  
     Required Time:=    9779                  
      Launch Clock:-       0                  
       Input Delay:-    2000                  
         Data Path:-    7720                  
             Slack:=      60                  

Exceptions/Constraints:
  input_delay             2000            riscv_baseline.sdc_line_45_10_1 

#---------------------------------------------------------------------------------------------------------
#    Timing Point      Flags    Arc   Edge   Cell     Fanout Load Trans Delay Arrival       Instance      
#                                                            (fF)  (ps)  (ps)   (ps)        Location      
#---------------------------------------------------------------------------------------------------------
  instruction[21]      -       -      R     (arrival)      8 60.1   100     0    2000               (-,-) 
  g101784/ZN           -       A2->ZN F     NR2XD8         7 16.6    49    66    2066               (-,-) 
  g101661/Z            -       I->Z   F     CKBD4          8 18.2    62    94    2161               (-,-) 
  g101659/Z            -       I->Z   F     BUFFD4         8 17.0    51    95    2256               (-,-) 
  g101658/Z            -       I->Z   F     BUFFD2         5 10.3    60   101    2357               (-,-) 
  g101656/Z            -       I->Z   F     CKBD1         10 19.3   227   186    2542               (-,-) 
  g101649/Z            -       I->Z   F     CKBD1          9 17.3   205   221    2764               (-,-) 
  g101647/Z            -       I->Z   F     CKBD1          8 15.7   188   207    2971               (-,-) 
  g101646/Z            -       I->Z   F     CKBD1          5 10.1   126   169    3139               (-,-) 
  g100783/Z            -       A1->Z  F     AO22D0         1  3.0    86   194    3333               (-,-) 
  g100190__6131/ZN     -       C->ZN  R     AOI221D0       1  3.2   367   321    3654               (-,-) 
  g99908__5526/ZN      -       B1->ZN F     OAI22D1        1  3.0   150   179    3833               (-,-) 
  g99632__6161/ZN      -       C->ZN  R     AOI221D0       1  3.4   383   351    4185               (-,-) 
  g99459__7410/ZN      -       B->ZN  F     OAI211D1       2  4.7   206   240    4425               (-,-) 
  g99417__8246/Z       -       I1->Z  F     MUX2D0         6 13.9   254   329    4754               (-,-) 
  g74528/ZN            -       A1->ZN F     INR2XD0        3  6.9   173   218    4973               (-,-) 
  g74380/Z             -       A2->Z  F     OR2D1          3  7.0    84   174    5147               (-,-) 
  g74169/ZN            -       A1->ZN F     IND3D1         2  5.0   194   198    5345               (-,-) 
  g74053/Z             -       A1->Z  F     OA221D0        1  2.9    97   238    5583               (-,-) 
  g73879/Z             -       A1->Z  F     OA221D0        1  3.3   103   209    5792               (-,-) 
  g73588/Z             -       B->Z   F     OA31D1         1  4.1    76   133    5925               (-,-) 
  g73575/ZN            -       A->ZN  R     MAOI222D1      1  3.4   215   155    6079               (-,-) 
  g73573/Z             -       B->Z   R     AO21D1         1  3.0    63   139    6219               (-,-) 
  g73572/ZN            -       A1->ZN F     AOI211XD0      1  3.3   173   128    6347               (-,-) 
  g73571/Z             -       B->Z   F     AO21D1         1  4.1    64   187    6534               (-,-) 
  g73570/ZN            -       A->ZN  R     MAOI222D1      1  2.9   199   142    6676               (-,-) 
  g73569/Z             -       A1->Z  R     AO221D0        1  3.2   110   217    6892               (-,-) 
  g73568/ZN            -       A1->ZN F     AOI21D1        1  3.3    97    90    6982               (-,-) 
  g73567/Z             -       B->Z   F     AO211D1        8 25.8   251   342    7324               (-,-) 
  g73566/Z             -       A1->Z  F     OR2D1          2  5.1    71   176    7500               (-,-) 
  g85139/ZN            -       A4->ZN R     NR4D0          1  3.0   264   203    7702               (-,-) 
  g85059/ZN            -       A1->ZN R     INR4D0         1  3.3   257   292    7994               (-,-) 
  g84989/ZN            -       B1->ZN F     IIND4D1        1  3.2   193   195    8189               (-,-) 
  g83418/ZN            -       A2->ZN R     OAI32D1        1  3.3   241   201    8390               (-,-) 
  g82890/ZN            -       B1->ZN F     AOI32D1        2  5.1   208   174    8564               (-,-) 
  g82873/ZN            -       A1->ZN R     NR2XD0         1  3.2   135   138    8702               (-,-) 
  g82872/ZN            -       B->ZN  F     AOI211D1       1  3.3   124    85    8787               (-,-) 
  g82871/Z             -       B->Z   F     AO211D1        1  4.9    84   236    9024               (-,-) 
  g82870/ZN            -       A1->ZN R     ND2D3          6 14.4    88    83    9106               (-,-) 
  g82865/Z             -       B->Z   R     OA21D4         9 19.0    81   157    9263               (-,-) 
  drc_bufs85250/ZN     -       I->ZN  F     CKND1          3  7.1   101    92    9355               (-,-) 
  drc_bufs85247/ZN     -       I->ZN  R     CKND1          8 16.9   238   182    9537               (-,-) 
  g82860/Z             -       A1->Z  R     AO222D1        1  3.2    81   183    9719               (-,-) 
  pc_inst_pc_reg[28]/D -       -      R     DFCNQD1        1    -     -     0    9720  (37.5220,116.0290) 
#---------------------------------------------------------------------------------------------------------



Path 8: MET (60 ps) Setup Check with Pin pc_inst_pc_reg[13]/CP->D
           View: view_func_setup
          Group: clk
     Startpoint: (R) instruction[21]
          Clock: (R) clk
       Endpoint: (R) pc_inst_pc_reg[13]/D
          Clock: (R) clk

                     Capture       Launch     
        Clock Edge:+   10000            0     
        Drv Adjust:+       0            0     
       Src Latency:+       0            0     
       Net Latency:+       0 (I)        0 (I) 
           Arrival:=   10000            0     
                                              
             Setup:-      71                  
       Uncertainty:-     150                  
     Required Time:=    9779                  
      Launch Clock:-       0                  
       Input Delay:-    2000                  
         Data Path:-    7720                  
             Slack:=      60                  

Exceptions/Constraints:
  input_delay             2000            riscv_baseline.sdc_line_45_10_1 

#--------------------------------------------------------------------------------------------------------
#    Timing Point      Flags    Arc   Edge   Cell     Fanout Load Trans Delay Arrival      Instance      
#                                                            (fF)  (ps)  (ps)   (ps)       Location      
#--------------------------------------------------------------------------------------------------------
  instruction[21]      -       -      R     (arrival)      8 60.1   100     0    2000              (-,-) 
  g101784/ZN           -       A2->ZN F     NR2XD8         7 16.6    49    66    2066              (-,-) 
  g101661/Z            -       I->Z   F     CKBD4          8 18.2    62    94    2161              (-,-) 
  g101659/Z            -       I->Z   F     BUFFD4         8 17.0    51    95    2256              (-,-) 
  g101658/Z            -       I->Z   F     BUFFD2         5 10.3    60   101    2357              (-,-) 
  g101656/Z            -       I->Z   F     CKBD1         10 19.3   227   186    2542              (-,-) 
  g101649/Z            -       I->Z   F     CKBD1          9 17.3   205   221    2764              (-,-) 
  g101647/Z            -       I->Z   F     CKBD1          8 15.7   188   207    2971              (-,-) 
  g101646/Z            -       I->Z   F     CKBD1          5 10.1   126   169    3139              (-,-) 
  g100783/Z            -       A1->Z  F     AO22D0         1  3.0    86   194    3333              (-,-) 
  g100190__6131/ZN     -       C->ZN  R     AOI221D0       1  3.2   367   321    3654              (-,-) 
  g99908__5526/ZN      -       B1->ZN F     OAI22D1        1  3.0   150   179    3833              (-,-) 
  g99632__6161/ZN      -       C->ZN  R     AOI221D0       1  3.4   383   351    4185              (-,-) 
  g99459__7410/ZN      -       B->ZN  F     OAI211D1       2  4.7   206   240    4425              (-,-) 
  g99417__8246/Z       -       I1->Z  F     MUX2D0         6 13.9   254   329    4754              (-,-) 
  g74528/ZN            -       A1->ZN F     INR2XD0        3  6.9   173   218    4973              (-,-) 
  g74380/Z             -       A2->Z  F     OR2D1          3  7.0    84   174    5147              (-,-) 
  g74169/ZN            -       A1->ZN F     IND3D1         2  5.0   194   198    5345              (-,-) 
  g74053/Z             -       A1->Z  F     OA221D0        1  2.9    97   238    5583              (-,-) 
  g73879/Z             -       A1->Z  F     OA221D0        1  3.3   103   209    5792              (-,-) 
  g73588/Z             -       B->Z   F     OA31D1         1  4.1    76   133    5925              (-,-) 
  g73575/ZN            -       A->ZN  R     MAOI222D1      1  3.4   215   155    6079              (-,-) 
  g73573/Z             -       B->Z   R     AO21D1         1  3.0    63   139    6219              (-,-) 
  g73572/ZN            -       A1->ZN F     AOI211XD0      1  3.3   173   128    6347              (-,-) 
  g73571/Z             -       B->Z   F     AO21D1         1  4.1    64   187    6534              (-,-) 
  g73570/ZN            -       A->ZN  R     MAOI222D1      1  2.9   199   142    6676              (-,-) 
  g73569/Z             -       A1->Z  R     AO221D0        1  3.2   110   217    6892              (-,-) 
  g73568/ZN            -       A1->ZN F     AOI21D1        1  3.3    97    90    6982              (-,-) 
  g73567/Z             -       B->Z   F     AO211D1        8 25.8   251   342    7324              (-,-) 
  g73566/Z             -       A1->Z  F     OR2D1          2  5.1    71   176    7500              (-,-) 
  g85139/ZN            -       A4->ZN R     NR4D0          1  3.0   264   203    7702              (-,-) 
  g85059/ZN            -       A1->ZN R     INR4D0         1  3.3   257   292    7994              (-,-) 
  g84989/ZN            -       B1->ZN F     IIND4D1        1  3.2   193   195    8189              (-,-) 
  g83418/ZN            -       A2->ZN R     OAI32D1        1  3.3   241   201    8390              (-,-) 
  g82890/ZN            -       B1->ZN F     AOI32D1        2  5.1   208   174    8564              (-,-) 
  g82873/ZN            -       A1->ZN R     NR2XD0         1  3.2   135   138    8702              (-,-) 
  g82872/ZN            -       B->ZN  F     AOI211D1       1  3.3   124    85    8787              (-,-) 
  g82871/Z             -       B->Z   F     AO211D1        1  4.9    84   236    9024              (-,-) 
  g82870/ZN            -       A1->ZN R     ND2D3          6 14.4    88    83    9106              (-,-) 
  g82865/Z             -       B->Z   R     OA21D4         9 19.0    81   157    9263              (-,-) 
  drc_bufs85250/ZN     -       I->ZN  F     CKND1          3  7.1   101    92    9355              (-,-) 
  drc_bufs85247/ZN     -       I->ZN  R     CKND1          8 16.9   238   182    9537              (-,-) 
  g82845/Z             -       A1->Z  R     AO222D1        1  3.2    81   183    9719              (-,-) 
  pc_inst_pc_reg[13]/D -       -      R     DFCNQD1        1    -     -     0    9720  (33.2730,85.9950) 
#--------------------------------------------------------------------------------------------------------



Path 9: MET (60 ps) Setup Check with Pin pc_inst_pc_reg[6]/CP->D
           View: view_func_setup
          Group: clk
     Startpoint: (R) instruction[21]
          Clock: (R) clk
       Endpoint: (R) pc_inst_pc_reg[6]/D
          Clock: (R) clk

                     Capture       Launch     
        Clock Edge:+   10000            0     
        Drv Adjust:+       0            0     
       Src Latency:+       0            0     
       Net Latency:+       0 (I)        0 (I) 
           Arrival:=   10000            0     
                                              
             Setup:-      71                  
       Uncertainty:-     150                  
     Required Time:=    9779                  
      Launch Clock:-       0                  
       Input Delay:-    2000                  
         Data Path:-    7720                  
             Slack:=      60                  

Exceptions/Constraints:
  input_delay             2000            riscv_baseline.sdc_line_45_10_1 

#------------------------------------------------------------------------------------------------------
#    Timing Point     Flags    Arc   Edge   Cell     Fanout Load Trans Delay Arrival      Instance     
#                                                           (fF)  (ps)  (ps)   (ps)       Location     
#------------------------------------------------------------------------------------------------------
  instruction[21]     -       -      R     (arrival)      8 60.1   100     0    2000             (-,-) 
  g101784/ZN          -       A2->ZN F     NR2XD8         7 16.6    49    66    2066             (-,-) 
  g101661/Z           -       I->Z   F     CKBD4          8 18.2    62    94    2161             (-,-) 
  g101659/Z           -       I->Z   F     BUFFD4         8 17.0    51    95    2256             (-,-) 
  g101658/Z           -       I->Z   F     BUFFD2         5 10.3    60   101    2357             (-,-) 
  g101656/Z           -       I->Z   F     CKBD1         10 19.3   227   186    2542             (-,-) 
  g101649/Z           -       I->Z   F     CKBD1          9 17.3   205   221    2764             (-,-) 
  g101647/Z           -       I->Z   F     CKBD1          8 15.7   188   207    2971             (-,-) 
  g101646/Z           -       I->Z   F     CKBD1          5 10.1   126   169    3139             (-,-) 
  g100783/Z           -       A1->Z  F     AO22D0         1  3.0    86   194    3333             (-,-) 
  g100190__6131/ZN    -       C->ZN  R     AOI221D0       1  3.2   367   321    3654             (-,-) 
  g99908__5526/ZN     -       B1->ZN F     OAI22D1        1  3.0   150   179    3833             (-,-) 
  g99632__6161/ZN     -       C->ZN  R     AOI221D0       1  3.4   383   351    4185             (-,-) 
  g99459__7410/ZN     -       B->ZN  F     OAI211D1       2  4.7   206   240    4425             (-,-) 
  g99417__8246/Z      -       I1->Z  F     MUX2D0         6 13.9   254   329    4754             (-,-) 
  g74528/ZN           -       A1->ZN F     INR2XD0        3  6.9   173   218    4973             (-,-) 
  g74380/Z            -       A2->Z  F     OR2D1          3  7.0    84   174    5147             (-,-) 
  g74169/ZN           -       A1->ZN F     IND3D1         2  5.0   194   198    5345             (-,-) 
  g74053/Z            -       A1->Z  F     OA221D0        1  2.9    97   238    5583             (-,-) 
  g73879/Z            -       A1->Z  F     OA221D0        1  3.3   103   209    5792             (-,-) 
  g73588/Z            -       B->Z   F     OA31D1         1  4.1    76   133    5925             (-,-) 
  g73575/ZN           -       A->ZN  R     MAOI222D1      1  3.4   215   155    6079             (-,-) 
  g73573/Z            -       B->Z   R     AO21D1         1  3.0    63   139    6219             (-,-) 
  g73572/ZN           -       A1->ZN F     AOI211XD0      1  3.3   173   128    6347             (-,-) 
  g73571/Z            -       B->Z   F     AO21D1         1  4.1    64   187    6534             (-,-) 
  g73570/ZN           -       A->ZN  R     MAOI222D1      1  2.9   199   142    6676             (-,-) 
  g73569/Z            -       A1->Z  R     AO221D0        1  3.2   110   217    6892             (-,-) 
  g73568/ZN           -       A1->ZN F     AOI21D1        1  3.3    97    90    6982             (-,-) 
  g73567/Z            -       B->Z   F     AO211D1        8 25.8   251   342    7324             (-,-) 
  g73566/Z            -       A1->Z  F     OR2D1          2  5.1    71   176    7500             (-,-) 
  g85139/ZN           -       A4->ZN R     NR4D0          1  3.0   264   203    7702             (-,-) 
  g85059/ZN           -       A1->ZN R     INR4D0         1  3.3   257   292    7994             (-,-) 
  g84989/ZN           -       B1->ZN F     IIND4D1        1  3.2   193   195    8189             (-,-) 
  g83418/ZN           -       A2->ZN R     OAI32D1        1  3.3   241   201    8390             (-,-) 
  g82890/ZN           -       B1->ZN F     AOI32D1        2  5.1   208   174    8564             (-,-) 
  g82873/ZN           -       A1->ZN R     NR2XD0         1  3.2   135   138    8702             (-,-) 
  g82872/ZN           -       B->ZN  F     AOI211D1       1  3.3   124    85    8787             (-,-) 
  g82871/Z            -       B->Z   F     AO211D1        1  4.9    84   236    9024             (-,-) 
  g82870/ZN           -       A1->ZN R     ND2D3          6 14.4    88    83    9106             (-,-) 
  g82865/Z            -       B->Z   R     OA21D4         9 19.0    81   157    9263             (-,-) 
  drc_bufs85250/ZN    -       I->ZN  F     CKND1          3  7.1   101    92    9355             (-,-) 
  drc_bufs85248/ZN    -       I->ZN  R     CKND1          8 16.9   238   182    9537             (-,-) 
  g82838/Z            -       A1->Z  R     AO222D1        1  3.2    81   183    9719             (-,-) 
  pc_inst_pc_reg[6]/D -       -      R     DFCNQD1        1    -     -     0    9720  (0.5610,59.4415) 
#------------------------------------------------------------------------------------------------------



Path 10: MET (60 ps) Setup Check with Pin pc_inst_pc_reg[1]/CP->D
           View: view_func_setup
          Group: clk
     Startpoint: (R) instruction[21]
          Clock: (R) clk
       Endpoint: (R) pc_inst_pc_reg[1]/D
          Clock: (R) clk

                     Capture       Launch     
        Clock Edge:+   10000            0     
        Drv Adjust:+       0            0     
       Src Latency:+       0            0     
       Net Latency:+       0 (I)        0 (I) 
           Arrival:=   10000            0     
                                              
             Setup:-      70                  
       Uncertainty:-     150                  
     Required Time:=    9780                  
      Launch Clock:-       0                  
       Input Delay:-    2000                  
         Data Path:-    7720                  
             Slack:=      60                  

Exceptions/Constraints:
  input_delay             2000            riscv_baseline.sdc_line_45_10_1 

#--------------------------------------------------------------------------------------------------------
#    Timing Point     Flags    Arc   Edge   Cell     Fanout Load Trans Delay Arrival       Instance      
#                                                           (fF)  (ps)  (ps)   (ps)        Location      
#--------------------------------------------------------------------------------------------------------
  instruction[21]     -       -      R     (arrival)      8 60.1   100     0    2000               (-,-) 
  g101784/ZN          -       A2->ZN F     NR2XD8         7 16.6    49    66    2066               (-,-) 
  g101661/Z           -       I->Z   F     CKBD4          8 18.2    62    94    2161               (-,-) 
  g101659/Z           -       I->Z   F     BUFFD4         8 17.0    51    95    2256               (-,-) 
  g101658/Z           -       I->Z   F     BUFFD2         5 10.3    60   101    2357               (-,-) 
  g101656/Z           -       I->Z   F     CKBD1         10 19.3   227   186    2542               (-,-) 
  g101649/Z           -       I->Z   F     CKBD1          9 17.3   205   221    2764               (-,-) 
  g101647/Z           -       I->Z   F     CKBD1          8 15.7   188   207    2971               (-,-) 
  g101646/Z           -       I->Z   F     CKBD1          5 10.1   126   169    3139               (-,-) 
  g100783/Z           -       A1->Z  F     AO22D0         1  3.0    86   194    3333               (-,-) 
  g100190__6131/ZN    -       C->ZN  R     AOI221D0       1  3.2   367   321    3654               (-,-) 
  g99908__5526/ZN     -       B1->ZN F     OAI22D1        1  3.0   150   179    3833               (-,-) 
  g99632__6161/ZN     -       C->ZN  R     AOI221D0       1  3.4   383   351    4185               (-,-) 
  g99459__7410/ZN     -       B->ZN  F     OAI211D1       2  4.7   206   240    4425               (-,-) 
  g99417__8246/Z      -       I1->Z  F     MUX2D0         6 13.9   254   329    4754               (-,-) 
  g74528/ZN           -       A1->ZN F     INR2XD0        3  6.9   173   218    4973               (-,-) 
  g74380/Z            -       A2->Z  F     OR2D1          3  7.0    84   174    5147               (-,-) 
  g74169/ZN           -       A1->ZN F     IND3D1         2  5.0   194   198    5345               (-,-) 
  g74053/Z            -       A1->Z  F     OA221D0        1  2.9    97   238    5583               (-,-) 
  g73879/Z            -       A1->Z  F     OA221D0        1  3.3   103   209    5792               (-,-) 
  g73588/Z            -       B->Z   F     OA31D1         1  4.1    76   133    5925               (-,-) 
  g73575/ZN           -       A->ZN  R     MAOI222D1      1  3.4   215   155    6079               (-,-) 
  g73573/Z            -       B->Z   R     AO21D1         1  3.0    63   139    6219               (-,-) 
  g73572/ZN           -       A1->ZN F     AOI211XD0      1  3.3   173   128    6347               (-,-) 
  g73571/Z            -       B->Z   F     AO21D1         1  4.1    64   187    6534               (-,-) 
  g73570/ZN           -       A->ZN  R     MAOI222D1      1  2.9   199   142    6676               (-,-) 
  g73569/Z            -       A1->Z  R     AO221D0        1  3.2   110   217    6892               (-,-) 
  g73568/ZN           -       A1->ZN F     AOI21D1        1  3.3    97    90    6982               (-,-) 
  g73567/Z            -       B->Z   F     AO211D1        8 25.8   251   342    7324               (-,-) 
  g73566/Z            -       A1->Z  F     OR2D1          2  5.1    71   176    7500               (-,-) 
  g85139/ZN           -       A4->ZN R     NR4D0          1  3.0   264   203    7702               (-,-) 
  g85059/ZN           -       A1->ZN R     INR4D0         1  3.3   257   292    7994               (-,-) 
  g84989/ZN           -       B1->ZN F     IIND4D1        1  3.2   193   195    8189               (-,-) 
  g83418/ZN           -       A2->ZN R     OAI32D1        1  3.3   241   201    8390               (-,-) 
  g82890/ZN           -       B1->ZN F     AOI32D1        2  5.1   208   174    8564               (-,-) 
  g82873/ZN           -       A1->ZN R     NR2XD0         1  3.2   135   138    8702               (-,-) 
  g82872/ZN           -       B->ZN  F     AOI211D1       1  3.3   124    85    8787               (-,-) 
  g82871/Z            -       B->Z   F     AO211D1        1  4.9    84   236    9024               (-,-) 
  g82870/ZN           -       A1->ZN R     ND2D3          6 14.4    88    83    9106               (-,-) 
  g82865/Z            -       B->Z   R     OA21D4         9 19.0    81   157    9263               (-,-) 
  drc_bufs85250/ZN    -       I->ZN  F     CKND1          3  7.1   101    92    9355               (-,-) 
  drc_bufs85247/ZN    -       I->ZN  R     CKND1          8 16.9   238   182    9537               (-,-) 
  g82833/Z            -       A1->Z  R     AO222D1        1  3.2    80   183    9719               (-,-) 
  pc_inst_pc_reg[1]/D -       -      R     DFCNQD1        1    -     -     0    9720  (19.9455,114.6570) 
#--------------------------------------------------------------------------------------------------------


