============================================================
  Generated by:           Genus(TM) Synthesis Solution 21.18-s082_1
  Generated on:           Aug 03 2026  05:07:17 am
  Module:                 riscv_top
  Operating conditions:   WCCOM 
  Operating conditions:   NCCOM 
  Interconnect mode:      spatial
  Area mode:              physical library
============================================================

                                          Library 
  Gate   Instances   Area      Library     Domain 
--------------------------------------------------
AN2XD1           1    2.160    tcbn65lpwc wc_cond 
AN4XD1           2    5.760    tcbn65lpwc wc_cond 
CKND1            1    1.080    tcbn65lpwc wc_cond 
DFCND1           1    8.640    tcbn65lpwc wc_cond 
DFCNQD1         29  229.680    tcbn65lpwc wc_cond 
HA1D0           21  120.960    tcbn65lpwc wc_cond 
IINR4D0          1    3.600    tcbn65lpwc wc_cond 
INR2XD0          3    6.480    tcbn65lpwc wc_cond 
INR3D0           1    2.520    tcbn65lpwc wc_cond 
ND3D1            1    2.160    tcbn65lpwc wc_cond 
ND4D1            4   10.080    tcbn65lpwc wc_cond 
XNR2D1           1    3.600    tcbn65lpwc wc_cond 
XOR2D1           7   25.200    tcbn65lpwc wc_cond 
--------------------------------------------------
total           73  421.920               


                                        
     Type      Instances   Area  Area % 
----------------------------------------
sequential            30 238.320   56.5 
inverter               1   1.080    0.3 
logic                 42 182.520   43.3 
physical_cells         0   0.000    0.0 
----------------------------------------
total                 73 421.920  100.0 

