============================================================
  Generated by:           Genus(TM) Synthesis Solution 21.18-s082_1
  Generated on:           Jul 31 2026  03:08:40 am
  Module:                 riscv_core
  Operating conditions:   WCCOM 
  Operating conditions:   NCCOM 
  Interconnect mode:      spatial
  Area mode:              physical library
============================================================

                                              Library 
   Gate    Instances    Area       Library     Domain 
------------------------------------------------------
AN2D4              3     12.960    tcbn65lpwc wc_cond 
AN2XD1            49    105.840    tcbn65lpwc wc_cond 
AN3XD1             7     17.640    tcbn65lpwc wc_cond 
AN4XD1            16     46.080    tcbn65lpwc wc_cond 
AO211D1           45    129.600    tcbn65lpwc wc_cond 
AO211D4            1      6.480    tcbn65lpwc wc_cond 
AO21D1             9     22.680    tcbn65lpwc wc_cond 
AO221D0           72    259.200    tcbn65lpwc wc_cond 
AO221D1            1      3.960    tcbn65lpwc wc_cond 
AO222D0            1      4.320    tcbn65lpwc wc_cond 
AO222D1           67    289.440    tcbn65lpwc wc_cond 
AO222D2            1      4.680    tcbn65lpwc wc_cond 
AO22D0           791   2278.080    tcbn65lpwc wc_cond 
AO22D1            13     42.120    tcbn65lpwc wc_cond 
AO31D1             5     14.400    tcbn65lpwc wc_cond 
AO31D2             1      3.240    tcbn65lpwc wc_cond 
AO32D1             4     15.840    tcbn65lpwc wc_cond 
AOI211D1           1      2.520    tcbn65lpwc wc_cond 
AOI211XD0         16     40.320    tcbn65lpwc wc_cond 
AOI21D1           26     56.160    tcbn65lpwc wc_cond 
AOI221D0         208    599.040    tcbn65lpwc wc_cond 
AOI221D1          25     81.000    tcbn65lpwc wc_cond 
AOI221D2           6     34.560    tcbn65lpwc wc_cond 
AOI222D0          85    306.000    tcbn65lpwc wc_cond 
AOI222D1           6     23.760    tcbn65lpwc wc_cond 
AOI22D1          325    819.000    tcbn65lpwc wc_cond 
AOI22D2            1      4.320    tcbn65lpwc wc_cond 
AOI31D1           36     90.720    tcbn65lpwc wc_cond 
AOI31D2            3     12.960    tcbn65lpwc wc_cond 
AOI32D1           12     34.560    tcbn65lpwc wc_cond 
AOI33D1            1      3.240    tcbn65lpwc wc_cond 
BUFFD1             6      8.640    tcbn65lpwc wc_cond 
BUFFD2            12     25.920    tcbn65lpwc wc_cond 
BUFFD4             1      3.240    tcbn65lpwc wc_cond 
CKBD1            248    357.120    tcbn65lpwc wc_cond 
CKBD4              7     22.680    tcbn65lpwc wc_cond 
CKND1            506    546.480    tcbn65lpwc wc_cond 
CKND2              1      1.440    tcbn65lpwc wc_cond 
CKND2D1           39     56.160    tcbn65lpwc wc_cond 
CKND2D2            2      5.040    tcbn65lpwc wc_cond 
CKND2D3            1      3.240    tcbn65lpwc wc_cond 
CKND2D8            4     31.680    tcbn65lpwc wc_cond 
CKND4              1      2.520    tcbn65lpwc wc_cond 
CKND6              1      3.240    tcbn65lpwc wc_cond 
CKXOR2D1          42    151.200    tcbn65lpwc wc_cond 
DFCND1             1      8.640    tcbn65lpwc wc_cond 
DFCNQD1           31    245.520    tcbn65lpwc wc_cond 
DFD1               9     64.800    tcbn65lpwc wc_cond 
DFQD1            983   6723.720    tcbn65lpwc wc_cond 
FA1D0             33    297.000    tcbn65lpwc wc_cond 
FA1D1             24    241.920    tcbn65lpwc wc_cond 
FA1D2              2     20.880    tcbn65lpwc wc_cond 
HA1D0             29    167.040    tcbn65lpwc wc_cond 
IAO22D0            1      3.240    tcbn65lpwc wc_cond 
IIND4D1            1      3.600    tcbn65lpwc wc_cond 
IIND4D2            1      6.120    tcbn65lpwc wc_cond 
IND2D1            22     47.520    tcbn65lpwc wc_cond 
IND2D2             2      5.760    tcbn65lpwc wc_cond 
IND3D1             7     17.640    tcbn65lpwc wc_cond 
IND3D2             1      4.320    tcbn65lpwc wc_cond 
IND4D1             9     25.920    tcbn65lpwc wc_cond 
INR2D1            16     34.560    tcbn65lpwc wc_cond 
INR2D2            11     31.680    tcbn65lpwc wc_cond 
INR2D4             2     10.080    tcbn65lpwc wc_cond 
INR2XD0           12     25.920    tcbn65lpwc wc_cond 
INR2XD2            2      9.360    tcbn65lpwc wc_cond 
INR2XD4            1      9.360    tcbn65lpwc wc_cond 
INR3D0             1      2.520    tcbn65lpwc wc_cond 
INR4D0             3      8.640    tcbn65lpwc wc_cond 
INVD1             87     93.960    tcbn65lpwc wc_cond 
INVD12             1      6.120    tcbn65lpwc wc_cond 
INVD2             13     18.720    tcbn65lpwc wc_cond 
INVD3              5     10.800    tcbn65lpwc wc_cond 
INVD4              4     10.080    tcbn65lpwc wc_cond 
INVD6              5     16.200    tcbn65lpwc wc_cond 
INVD8              1      4.320    tcbn65lpwc wc_cond 
IOA21D1           39     98.280    tcbn65lpwc wc_cond 
IOA21D2            2      6.480    tcbn65lpwc wc_cond 
MAOI222D1          6     17.280    tcbn65lpwc wc_cond 
MAOI22D1          33     95.040    tcbn65lpwc wc_cond 
MAOI22D2           1      4.320    tcbn65lpwc wc_cond 
MOAI22D1         584   1681.920    tcbn65lpwc wc_cond 
MUX2D0            38    123.120    tcbn65lpwc wc_cond 
MUX2D1             5     18.000    tcbn65lpwc wc_cond 
MUX2D4             1      6.120    tcbn65lpwc wc_cond 
MUX2ND0           30     86.400    tcbn65lpwc wc_cond 
ND2D1            162    233.280    tcbn65lpwc wc_cond 
ND2D2              4     10.080    tcbn65lpwc wc_cond 
ND2D3              5     16.200    tcbn65lpwc wc_cond 
ND2D4              2      8.640    tcbn65lpwc wc_cond 
ND3D1             20     43.200    tcbn65lpwc wc_cond 
ND4D1             84    211.680    tcbn65lpwc wc_cond 
NR2D1             54     77.760    tcbn65lpwc wc_cond 
NR2D2             32     80.640    tcbn65lpwc wc_cond 
NR2D3              5     16.200    tcbn65lpwc wc_cond 
NR2D4              6     25.920    tcbn65lpwc wc_cond 
NR2D8              3     23.760    tcbn65lpwc wc_cond 
NR2XD0            30     43.200    tcbn65lpwc wc_cond 
NR2XD1             5     12.600    tcbn65lpwc wc_cond 
NR2XD2             2      8.640    tcbn65lpwc wc_cond 
NR2XD4             2     15.840    tcbn65lpwc wc_cond 
NR2XD8             3     46.440    tcbn65lpwc wc_cond 
NR3D0              1      2.160    tcbn65lpwc wc_cond 
NR3D1              1      3.240    tcbn65lpwc wc_cond 
NR3D2              3     17.280    tcbn65lpwc wc_cond 
NR4D0              4     10.080    tcbn65lpwc wc_cond 
OA211D1            8     23.040    tcbn65lpwc wc_cond 
OA21D1            41    103.320    tcbn65lpwc wc_cond 
OA21D4             1      5.760    tcbn65lpwc wc_cond 
OA221D0           34    122.400    tcbn65lpwc wc_cond 
OA221D1            5     19.800    tcbn65lpwc wc_cond 
OA222D1            2      8.640    tcbn65lpwc wc_cond 
OA22D0            20     57.600    tcbn65lpwc wc_cond 
OA22D1             2      6.480    tcbn65lpwc wc_cond 
OA31D1             3      8.640    tcbn65lpwc wc_cond 
OA32D0             2      7.200    tcbn65lpwc wc_cond 
OAI211D1          29     73.080    tcbn65lpwc wc_cond 
OAI211D2           1      4.320    tcbn65lpwc wc_cond 
OAI21D1           32     69.120    tcbn65lpwc wc_cond 
OAI21D2            3      9.720    tcbn65lpwc wc_cond 
OAI221D0          37    106.560    tcbn65lpwc wc_cond 
OAI221D1           2      6.480    tcbn65lpwc wc_cond 
OAI221D4           1      6.120    tcbn65lpwc wc_cond 
OAI222D0           5     16.200    tcbn65lpwc wc_cond 
OAI222D4           2     12.240    tcbn65lpwc wc_cond 
OAI22D1           31     78.120    tcbn65lpwc wc_cond 
OAI22D2            2      8.640    tcbn65lpwc wc_cond 
OAI31D1           14     35.280    tcbn65lpwc wc_cond 
OAI32D1            3      8.640    tcbn65lpwc wc_cond 
OR2D1             11     23.760    tcbn65lpwc wc_cond 
OR2D4              2      8.640    tcbn65lpwc wc_cond 
OR2XD1            32     69.120    tcbn65lpwc wc_cond 
OR3D1             11     27.720    tcbn65lpwc wc_cond 
OR3XD1             5     12.600    tcbn65lpwc wc_cond 
OR4D1              3      8.640    tcbn65lpwc wc_cond 
OR4D2              1      3.240    tcbn65lpwc wc_cond 
OR4XD1            10     28.800    tcbn65lpwc wc_cond 
XNR2D1            14     50.400    tcbn65lpwc wc_cond 
XNR3D1             1      6.120    tcbn65lpwc wc_cond 
XOR2D1            10     36.000    tcbn65lpwc wc_cond 
XOR2D2             1      3.960    tcbn65lpwc wc_cond 
XOR3D1             4     24.480    tcbn65lpwc wc_cond 
------------------------------------------------------
total           5580  18903.960               


                                          
     Type      Instances    Area   Area % 
------------------------------------------
sequential          1024  7042.680   37.3 
inverter             625   713.880    3.8 
buffer               274   417.600    2.2 
logic               3657 10729.800   56.8 
physical_cells         0     0.000    0.0 
------------------------------------------
total               5580 18903.960  100.0 

