###############################################################
#  Generated by:      Cadence Innovus 21.18-s099_1
#  OS:                Linux x86_64(Host ID ncdc-0137)
#  Generated on:      Wed Aug 12 09:05:37 2026
#  Design:            riscv_core
#  Command:           check_connectivity -type all -out_file /home/cc/Documents/Abdullah/RISCV_synthesis/export/Innovus_Data/reports/verify/connectivity.rpt
###############################################################
Verify Connectivity Report is created on Wed Aug 12 09:05:37 2026



Net FE_RN_1268_0, Pin Pin: FE_RC_3067_0/ZN; Direction: OUTPUT; Use: SIGNAL;: has an unconnected terminal at (25.835, 136.900) (26.505, 136.990)
Net FE_RN_1268_0: has regular routing with opens at (22.370, 137.400) (24.490, 139.095)
Net FE_RN_1268_0: dangling Wire at (23.300, 137.400) (23.300, 137.400) on layer: M1
Net FE_RN_1026_0, Pin Pin: FE_RC_2394_0/ZN; Direction: OUTPUT; Use: SIGNAL;: has an unconnected terminal at (134.100, 166.400) (134.905, 166.500)
Net FE_RN_1026_0: has regular routing with opens at (132.700, 156.900) (134.555, 166.000)
Net FE_RN_1026_0: dangling Wire at (132.700, 166.000) (132.700, 166.000) on layer: M1
Net FE_RN_754_0, Pin Pin: FE_RC_1737_0/ZN; Direction: OUTPUT; Use: SIGNAL;: has an unconnected terminal at (-106.250, 160.850) (-105.950, 161.150)
Net FE_RN_754_0: has regular routing with opens at (-106.605, 158.910) (-106.195, 161.000)
Net FE_RN_754_0: dangling Wire at (-106.500, 161.000) (-106.500, 161.000) on layer: M1
Net FE_RN_283_0, Pin Pin: FE_RC_632_0/ZN; Direction: OUTPUT; Use: SIGNAL;: has an unconnected terminal at (31.350, 75.650) (31.650, 75.950)
Net FE_RN_283_0: has regular routing with opens at (31.795, 75.800) (32.205, 83.490)
Net FE_RN_283_0: dangling Wire at (31.900, 75.800) (31.900, 75.800) on layer: M1
Net FE_DBTN33_n_41322, Pin Pin: FE_RC_3057_0/A2; Direction: INPUT; Use: SIGNAL;: has an unconnected terminal at (105.770, -116.690) (106.550, -116.510)
Net FE_DBTN33_n_41322: has regular routing with opens at (35.405, -147.800) (106.490, 137.490)
Net FE_DBTN33_n_41322: dangling Wire at (105.500, -116.600) (105.500, -116.600) on layer: M1
Net alu_result[8], Pin Pin: alu_result[8]; Direction: OUTPUT; Use: SIGNAL;: has an unconnected terminal at (-195.000, -31.250) (-194.480, -31.150)
Net alu_result[8]: has regular routing with opens at (-194.700, -61.090) (-117.850, -31.400)
Net alu_result[8]: dangling Wire at (-194.700, -31.400) (-194.700, -31.400) on layer: M4
Net formatted_dmem_write[4], Pin Pin: formatted_dmem_write[4]; Direction: OUTPUT; Use: SIGNAL;: has an unconnected terminal at (-195.000, 40.750) (-194.480, 40.850)
Net formatted_dmem_write[4]: has regular routing with opens at (-194.700, 37.670) (-85.135, 40.600)
Net formatted_dmem_write[4]: dangling Wire at (-194.700, 40.600) (-194.700, 40.600) on layer: M4
Net formatted_dmem_write[1], Pin Pin: formatted_dmem_write[1]; Direction: OUTPUT; Use: SIGNAL;: has an unconnected terminal at (194.480, 37.150) (195.000, 37.250)
Net formatted_dmem_write[1]: has regular routing with opens at (-49.960, 34.075) (194.700, 37.000)
Net formatted_dmem_write[1]: dangling Wire at (194.700, 37.000) (194.700, 37.000) on layer: M4
Net reg_file_inst_registers[4][19], Pin Pin: reg_file_inst_registers_reg[4][19]/Q; Direction: OUTPUT; Use: SIGNAL;: has an unconnected terminal at (-21.205, 115.100) (-21.050, 116.310)
Net reg_file_inst_registers[4][19]: has regular routing with opens at (-23.550, 113.490) (-16.790, 117.490)
Net reg_file_inst_registers[4][19]: dangling Wire at (-21.300, 116.200) (-21.300, 116.200) on layer: M1
Net reg_file_inst_registers[29][6], Pin Pin: FE_RC_2815_0/I; Direction: INPUT; Use: SIGNAL;: has an unconnected terminal at (122.450, -59.290) (122.585, -58.870)
Net reg_file_inst_registers[29][6]: has regular routing with opens at (107.650, -59.510) (126.570, -35.310)
Net reg_file_inst_registers[29][6]: dangling Wire at (122.500, -59.400) (122.500, -59.400) on layer: M1
Net reg_file_inst_registers[6][13], Pin Pin: FE_RC_778_0/A2; Direction: INPUT; Use: SIGNAL;: has an unconnected terminal at (147.050, -87.815) (147.150, -87.110)
Net reg_file_inst_registers[6][13]: has regular routing with opens at (145.770, -93.700) (152.805, -84.105)
Net reg_file_inst_registers[6][13]: dangling Wire at (146.900, -87.400) (146.900, -87.400) on layer: M1
Net reg_file_inst_registers[28][17]: has regular routing with opens at (112.970, -1.710) (115.090, 8.325)
Net reg_file_inst_registers[28][17]: has regular routing with opens at (113.595, 3.500) (116.950, 4.710)
Net reg_file_inst_registers[28][17]: dangling Wire at (113.900, 3.600) (113.900, 3.600) on layer: M1
Net n_3751, Pin Pin: FE_RC_2121_0/ZN; Direction: OUTPUT; Use: SIGNAL;: has an unconnected terminal at (114.695, -17.190) (115.245, -17.100)
Net n_3751: has regular routing with opens at (117.090, -17.400) (118.150, -15.510)
Net n_3751: dangling Wire at (118.100, -17.400) (118.100, -17.400) on layer: M1
Net n_3794, Pin Pin: FE_RC_1280_0/ZN; Direction: OUTPUT; Use: SIGNAL;: has an unconnected terminal at (113.435, -21.500) (114.105, -21.410)
Net n_3794: has regular routing with opens at (110.850, -23.120) (111.870, -21.000)
Net n_3794: dangling Wire at (110.900, -21.000) (110.900, -21.000) on layer: M1
Net n_3797, Pin Pin: g179908/ZN; Direction: OUTPUT; Use: SIGNAL;: has an unconnected terminal at (15.755, 88.300) (16.305, 88.390)
Net n_3797: has regular routing with opens at (-4.555, 88.800) (13.300, 90.700)
Net n_3797: dangling Wire at (12.900, 88.800) (12.900, 88.800) on layer: M1
Net n_6123, Pin Pin: FE_RC_3058_0/ZN; Direction: OUTPUT; Use: SIGNAL;: has an unconnected terminal at (-156.105, 24.210) (-155.545, 24.300)
Net n_6123: has regular routing with opens at (-153.130, 19.710) (-152.050, 54.690)
Net n_6123: dangling Wire at (-152.500, 23.800) (-152.500, 23.800) on layer: M1
Net n_6210, Pin Pin: g176675__8246/ZN; Direction: OUTPUT; Use: SIGNAL;: has an unconnected terminal at (-142.850, 57.650) (-142.550, 57.950)
Net n_6210: has regular routing with opens at (-144.780, 43.710) (-143.100, 57.800)
Net n_6210: dangling Wire at (-143.100, 57.800) (-143.100, 57.800) on layer: M1
Net n_11340, Pin Pin: g186333/ZN; Direction: OUTPUT; Use: SIGNAL;: has an unconnected terminal at (62.295, 58.400) (63.100, 58.500)
Net n_11340: has regular routing with opens at (63.850, 58.000) (65.650, 61.890)
Net n_11340: dangling Wire at (64.500, 58.000) (64.500, 58.000) on layer: M1
Net n_19539, Pin Pin: g196400/A1; Direction: INPUT; Use: SIGNAL;: has an unconnected terminal at (-124.750, 131.710) (-124.250, 131.890)
Net n_19539: has regular routing with opens at (-127.750, 131.570) (-82.825, 139.290)
Net n_19539: dangling Wire at (-124.100, 131.800) (-124.100, 131.800) on layer: M1
Net n_20256, Pin Pin: g192573/ZN; Direction: OUTPUT; Use: SIGNAL;: has an unconnected terminal at (24.740, 57.700) (25.450, 57.790)
Net n_20256: has regular routing with opens at (-38.570, 58.200) (27.900, 87.090)
Net n_20256: dangling Wire at (27.900, 58.200) (27.900, 58.200) on layer: M1
Net n_21094, Pin Pin: FE_RC_1635_0/ZN; Direction: OUTPUT; Use: SIGNAL;: has an unconnected terminal at (-147.565, -94.590) (-146.895, -94.500)
Net n_21094: has regular routing with opens at (-150.100, -95.000) (-147.850, -92.910)
Net n_21094: dangling Wire at (-150.100, -95.000) (-150.100, -95.000) on layer: M1
Net n_21604, Pin Pin: FE_RC_3077_0/ZN; Direction: OUTPUT; Use: SIGNAL;: has an unconnected terminal at (70.550, -79.100) (71.260, -79.010)
Net n_21604: has regular routing with opens at (68.100, -78.600) (71.550, -64.110)
Net n_21604: dangling Wire at (68.100, -78.600) (68.100, -78.600) on layer: M1
Net n_21724, Pin Pin: g193805/ZN; Direction: OUTPUT; Use: SIGNAL;: has an unconnected terminal at (-126.515, -64.650) (-125.050, -64.540)
Net n_21724: has regular routing with opens at (-125.690, -66.690) (-121.580, -64.600)
Net n_21724: dangling Wire at (-124.500, -64.600) (-124.500, -64.600) on layer: M1
Net n_24365, Pin Pin: g196099/ZN; Direction: OUTPUT; Use: SIGNAL;: has an unconnected terminal at (-124.750, -1.825) (-124.650, -0.850)
Net n_24365: has regular routing with opens at (-124.700, -77.100) (-117.050, -0.800)
Net n_24365: dangling Wire at (-124.700, -0.800) (-124.700, -0.800) on layer: M1
Net n_24705, Pin Pin: g196368/ZN; Direction: OUTPUT; Use: SIGNAL;: has an unconnected terminal at (44.355, 83.610) (44.905, 83.700)
Net n_24705: has regular routing with opens at (41.435, 83.400) (41.550, 88.900)
Net n_24705: dangling Wire at (41.500, 83.400) (41.500, 83.400) on layer: M1
Net n_25489, Pin Pin: FE_RC_2682_0/ZN; Direction: OUTPUT; Use: SIGNAL;: has an unconnected terminal at (18.695, -108.990) (19.365, -108.900)
Net n_25489: has regular routing with opens at (21.700, -127.490) (26.830, -109.400)
Net n_25489: dangling Wire at (21.900, -109.400) (21.900, -109.400) on layer: M1
Net n_25806, Pin Pin: g197371/ZN; Direction: OUTPUT; Use: SIGNAL;: has an unconnected terminal at (-138.050, -141.550) (-137.750, -141.250)
Net n_25806: has regular routing with opens at (-137.550, -143.690) (-136.490, -141.400)
Net n_25806: dangling Wire at (-137.500, -141.400) (-137.500, -141.400) on layer: M1
Net n_25825, Pin Pin: g197389/ZN; Direction: OUTPUT; Use: SIGNAL;: has an unconnected terminal at (-159.905, -87.390) (-159.235, -87.300)
Net n_25825: has regular routing with opens at (-156.950, -87.800) (-155.650, -85.710)
Net n_25825: dangling Wire at (-156.700, -87.800) (-156.700, -87.800) on layer: M1
Net n_25972, Pin Pin: g197530/ZN; Direction: OUTPUT; Use: SIGNAL;: has an unconnected terminal at (-14.500, 27.100) (-13.695, 27.200)
Net n_25972: has regular routing with opens at (-16.750, 22.100) (-15.795, 27.400)
Net n_25972: dangling Wire at (-15.900, 27.400) (-15.900, 27.400) on layer: M1
Net n_26104, Pin Pin: g197666/ZN; Direction: OUTPUT; Use: SIGNAL;: has an unconnected terminal at (141.675, 52.150) (141.765, 52.940)
Net n_26104: has regular routing with opens at (141.900, 53.200) (144.405, 56.290)
Net n_26104: dangling Wire at (142.100, 53.200) (142.100, 53.200) on layer: M1
Net n_26341, Pin Pin: g197892/ZN; Direction: OUTPUT; Use: SIGNAL;: has an unconnected terminal at (-5.050, 144.050) (-4.750, 144.350)
Net n_26341: has regular routing with opens at (-5.370, 140.910) (-4.970, 144.200)
Net n_26341: dangling Wire at (-5.300, 144.200) (-5.300, 144.200) on layer: M1
Net n_26392, Pin Pin: g197942/ZN; Direction: OUTPUT; Use: SIGNAL;: has an unconnected terminal at (-36.450, 121.250) (-36.150, 121.550)
Net n_26392: has regular routing with opens at (-40.350, 119.310) (-36.500, 121.400)
Net n_26392: dangling Wire at (-36.500, 121.400) (-36.500, 121.400) on layer: M1
Net n_27246, Pin Pin: FE_RC_2680_0/ZN; Direction: OUTPUT; Use: SIGNAL;: has an unconnected terminal at (78.235, -8.190) (78.905, -8.100)
Net n_27246: has regular routing with opens at (61.395, -12.800) (76.100, -8.600)
Net n_27246: dangling Wire at (75.700, -8.600) (75.700, -8.600) on layer: M1
Net n_27480, Pin Pin: FE_RC_3119_0/ZN; Direction: OUTPUT; Use: SIGNAL;: has an unconnected terminal at (97.695, 7.300) (98.255, 7.390)
Net n_27480: has regular routing with opens at (101.090, 7.800) (102.150, 9.690)
Net n_27480: dangling Wire at (101.300, 7.800) (101.300, 7.800) on layer: M1
Net n_27735, Pin Pin: g199055/ZN; Direction: OUTPUT; Use: SIGNAL;: has an unconnected terminal at (-119.525, 151.120) (-119.415, 151.560)
Net n_27735: has regular routing with opens at (-130.350, 151.800) (-117.100, 157.090)
Net n_27735: dangling Wire at (-117.100, 151.800) (-117.100, 151.800) on layer: M1
Net n_28708, Pin Pin: g199800/ZN; Direction: OUTPUT; Use: SIGNAL;: has an unconnected terminal at (102.495, 91.900) (103.045, 91.990)
Net n_28708: has regular routing with opens at (103.450, 92.400) (105.900, 101.540)
Net n_28708: dangling Wire at (105.900, 92.400) (105.900, 92.400) on layer: M1
Net n_29469, Pin Pin: FE_RC_636_0/ZN; Direction: OUTPUT; Use: SIGNAL;: has an unconnected terminal at (52.295, 142.300) (52.845, 142.390)
Net n_29469: has regular routing with opens at (54.195, 142.800) (55.700, 146.290)
Net n_29469: dangling Wire at (55.700, 142.800) (55.700, 142.800) on layer: M1
Net n_29837, Pin Pin: FE_RC_3103_0/ZN; Direction: OUTPUT; Use: SIGNAL;: has an unconnected terminal at (132.695, -26.190) (133.365, -26.100)
Net n_29837: has regular routing with opens at (134.370, -30.725) (136.490, -26.600)
Net n_29837: dangling Wire at (135.900, -26.600) (135.900, -26.600) on layer: M1
Net n_30074, Pin Pin: g200903/A2; Direction: INPUT; Use: SIGNAL;: has an unconnected terminal at (-75.000, -1.420) (-72.750, -1.310)
Net n_30074: has regular routing with opens at (-71.410, -3.490) (-70.700, -1.800)
Net n_30074: dangling Wire at (-71.100, -1.800) (-71.100, -1.800) on layer: M1
Net n_30838, Pin Pin: FE_RC_3403_0/ZN; Direction: OUTPUT; Use: SIGNAL;: has an unconnected terminal at (102.500, 102.700) (103.305, 102.800)
Net n_30838: has regular routing with opens at (101.100, 103.200) (112.700, 128.400)
Net n_30838: dangling Wire at (101.100, 103.200) (101.100, 103.200) on layer: M1
Net n_30901, Pin Pin: g201487/ZN; Direction: OUTPUT; Use: SIGNAL;: has an unconnected terminal at (-13.765, -64.700) (-13.095, -64.610)
Net n_30901: has regular routing with opens at (-17.150, -64.200) (-16.195, -53.310)
Net n_30901: dangling Wire at (-16.300, -64.200) (-16.300, -64.200) on layer: M1
Net n_31099, Pin Pin: g201628/ZN; Direction: OUTPUT; Use: SIGNAL;: has an unconnected terminal at (-45.905, 159.200) (-45.100, 159.300)
Net n_31099: has regular routing with opens at (-77.350, 158.800) (-43.700, 167.890)
Net n_31099: dangling Wire at (-43.700, 158.800) (-43.700, 158.800) on layer: M1
Net n_31134, Pin Pin: FE_OCPC2593_n_31134/I; Direction: INPUT; Use: SIGNAL;: has an unconnected terminal at (-151.350, -154.290) (-151.050, -154.110)
Net n_31134: has regular routing with opens at (-155.265, -158.100) (-147.845, -151.875)
Net n_31134: dangling Wire at (-151.500, -154.200) (-151.500, -154.200) on layer: M1
Net n_31922, Pin Pin: g202271/ZN; Direction: OUTPUT; Use: SIGNAL;: has an unconnected terminal at (1.095, 135.100) (1.645, 135.190)
Net n_31922: has regular routing with opens at (-29.510, 135.600) (4.500, 156.000)
Net n_31922: dangling Wire at (4.500, 135.600) (4.500, 135.600) on layer: M1
Net n_31949, Pin Pin: FE_RC_1895_0/ZN; Direction: OUTPUT; Use: SIGNAL;: has an unconnected terminal at (138.155, -120.500) (138.705, -120.410)
Net n_31949: has regular routing with opens at (134.890, -120.000) (135.950, -116.310)
Net n_31949: dangling Wire at (135.300, -120.000) (135.300, -120.000) on layer: M1
Net n_32297, Pin Pin: FE_RC_2441_0/ZN; Direction: OUTPUT; Use: SIGNAL;: has an unconnected terminal at (118.300, 9.100) (119.105, 9.200)
Net n_32297: has regular routing with opens at (102.850, 9.600) (116.900, 18.690)
Net n_32297: dangling Wire at (116.900, 9.600) (116.900, 9.600) on layer: M1
Net n_32408, Pin Pin: g202739/ZN; Direction: OUTPUT; Use: SIGNAL;: has an unconnected terminal at (-17.305, -56.800) (-16.500, -56.700)
Net n_32408: has regular routing with opens at (-15.100, -57.200) (-4.240, -56.700)
Net n_32408: dangling Wire at (-15.100, -57.200) (-15.100, -57.200) on layer: M1
Net n_32463, Pin Pin: g202792/ZN; Direction: OUTPUT; Use: SIGNAL;: has an unconnected terminal at (93.695, -137.790) (94.365, -137.700)
Net n_32463: has regular routing with opens at (96.900, -139.895) (102.090, -138.200)
Net n_32463: dangling Wire at (96.900, -138.200) (96.900, -138.200) on layer: M1
Net n_32501, Pin Pin: FE_RC_1366_0/ZN; Direction: OUTPUT; Use: SIGNAL;: has an unconnected terminal at (92.835, -82.700) (93.505, -82.610)
Net n_32501: has regular routing with opens at (88.555, -82.490) (90.300, -82.110)
Net n_32501: dangling Wire at (90.300, -82.200) (90.300, -82.200) on layer: M1
Net n_33040, Pin Pin: g203322/ZN; Direction: OUTPUT; Use: SIGNAL;: has an unconnected terminal at (-93.300, -66.500) (-92.495, -66.400)
Net n_33040: has regular routing with opens at (-97.550, -73.490) (-94.700, -66.200)
Net n_33040: dangling Wire at (-94.700, -66.200) (-94.700, -66.200) on layer: M1
Net n_33100, Pin Pin: g214709/A1; Direction: INPUT; Use: SIGNAL;: has an unconnected terminal at (-116.825, 25.665) (-116.505, 25.765)
Net n_33100: has regular routing with opens at (-120.750, 25.600) (-113.215, 29.910)
Net n_33100: dangling Wire at (-117.300, 25.600) (-117.300, 25.600) on layer: M1
Net n_33936, Pin Pin: FE_RC_1955_0/ZN; Direction: OUTPUT; Use: SIGNAL;: has an unconnected terminal at (128.150, 3.650) (128.450, 3.950)
Net n_33936: has regular routing with opens at (126.250, 3.800) (128.500, 5.890)
Net n_33936: dangling Wire at (128.500, 3.800) (128.500, 3.800) on layer: M1
Net n_34670, Pin Pin: g204608/ZN; Direction: OUTPUT; Use: SIGNAL;: has an unconnected terminal at (-93.300, -138.500) (-92.495, -138.400)
Net n_34670: has regular routing with opens at (-112.150, -141.900) (-94.700, -138.000)
Net n_34670: dangling Wire at (-94.700, -138.000) (-94.700, -138.000) on layer: M1
Net n_35189, Pin Pin: g205107/ZN; Direction: OUTPUT; Use: SIGNAL;: has an unconnected terminal at (-166.250, -10.750) (-165.950, -10.450)
Net n_35189: has regular routing with opens at (-165.900, -10.600) (-164.190, -10.110)
Net n_35189: dangling Wire at (-165.900, -10.600) (-165.900, -10.600) on layer: M1
Net n_35394, Pin Pin: FE_PSC3761_n_35394/I; Direction: INPUT; Use: SIGNAL;: has an unconnected terminal at (-134.350, 167.710) (-134.050, 167.890)
Net n_35394: has regular routing with opens at (-136.110, 163.900) (-118.645, 168.200)
Net n_35394: dangling Wire at (-134.300, 167.900) (-134.300, 167.900) on layer: M1
Net n_35983, Pin Pin: FE_RC_2979_0/ZN; Direction: OUTPUT; Use: SIGNAL;: has an unconnected terminal at (-134.300, 73.900) (-133.495, 74.000)
Net n_35983: has regular routing with opens at (-135.810, 72.510) (-134.450, 74.200)
Net n_35983: dangling Wire at (-135.700, 74.200) (-135.700, 74.200) on layer: M1
Net n_36085, Pin Pin: FE_RC_1989_0/ZN; Direction: OUTPUT; Use: SIGNAL;: has an unconnected terminal at (-113.165, -107.900) (-112.495, -107.810)
Net n_36085: has regular routing with opens at (-115.700, -107.400) (-113.450, -100.110)
Net n_36085: dangling Wire at (-115.700, -107.400) (-115.700, -107.400) on layer: M1
Net n_36651, Pin Pin: g206541/ZN; Direction: OUTPUT; Use: SIGNAL;: has an unconnected terminal at (52.635, 109.750) (52.725, 110.540)
Net n_36651: has regular routing with opens at (52.035, 110.800) (52.300, 112.300)
Net n_36651: dangling Wire at (52.300, 110.800) (52.300, 110.800) on layer: M1
Net n_36936, Pin Pin: FE_RC_1045_0/ZN; Direction: OUTPUT; Use: SIGNAL;: has an unconnected terminal at (63.495, -95.300) (64.300, -95.200)
Net n_36936: has regular routing with opens at (63.245, -94.800) (65.700, -92.820)
Net n_36936: dangling Wire at (65.700, -94.800) (65.700, -94.800) on layer: M1
Net n_40721, Pin Pin: g210795/ZN; Direction: OUTPUT; Use: SIGNAL;: has an unconnected terminal at (31.095, -116.900) (31.645, -116.810)
Net n_40721: has regular routing with opens at (28.450, -116.400) (34.500, -98.500)
Net n_40721: dangling Wire at (34.500, -116.400) (34.500, -116.400) on layer: M1
Net n_40890, Pin Pin: g210974/ZN; Direction: OUTPUT; Use: SIGNAL;: has an unconnected terminal at (-124.165, -69.390) (-123.495, -69.300)
Net n_40890: has regular routing with opens at (-127.550, -71.490) (-126.610, -69.800)
Net n_40890: dangling Wire at (-126.700, -69.800) (-126.700, -69.800) on layer: M1
Net n_41103, Pin Pin: g211151/ZN; Direction: OUTPUT; Use: SIGNAL;: has an unconnected terminal at (98.895, -151.100) (99.565, -151.010)
Net n_41103: has regular routing with opens at (84.045, -152.780) (102.100, -150.600)
Net n_41103: dangling Wire at (102.100, -150.600) (102.100, -150.600) on layer: M1
Net n_41204, Pin Pin: FE_RC_1201_0/ZN; Direction: OUTPUT; Use: SIGNAL;: has an unconnected terminal at (45.835, -33.390) (46.505, -33.300)
Net n_41204: has regular routing with opens at (42.645, -35.490) (43.300, -33.800)
Net n_41204: dangling Wire at (43.300, -33.800) (43.300, -33.800) on layer: M1
Net n_41673, Pin Pin: FE_RC_2722_0/ZN; Direction: OUTPUT; Use: SIGNAL;: has an unconnected terminal at (-111.965, 28.900) (-111.295, 28.990)
Net n_41673: has regular routing with opens at (-115.510, 29.400) (-114.450, 31.290)
Net n_41673: dangling Wire at (-114.500, 29.400) (-114.500, 29.400) on layer: M1
Net n_42769, Pin Pin: FE_RC_1309_0/ZN; Direction: OUTPUT; Use: SIGNAL;: has an unconnected terminal at (146.150, -82.750) (146.450, -82.450)
Net n_42769: has regular routing with opens at (130.245, -82.600) (146.700, -82.110)
Net n_42769: dangling Wire at (146.700, -82.600) (146.700, -82.600) on layer: M1
Net n_42971, Pin Pin: FE_RC_3026_0/ZN; Direction: OUTPUT; Use: SIGNAL;: has an unconnected terminal at (61.895, 54.810) (62.445, 54.900)
Net n_42971: has regular routing with opens at (64.290, 52.510) (65.350, 54.400)
Net n_42971: dangling Wire at (65.300, 54.400) (65.300, 54.400) on layer: M1
Net n_42975, Pin Pin: FE_RC_2096_0/ZN; Direction: OUTPUT; Use: SIGNAL;: has an unconnected terminal at (79.895, -89.190) (80.445, -89.100)
Net n_42975: has regular routing with opens at (82.290, -91.490) (83.350, -89.600)
Net n_42975: dangling Wire at (83.300, -89.600) (83.300, -89.600) on layer: M1
Net n_43173, Pin Pin: FE_RC_1494_0/ZN; Direction: OUTPUT; Use: SIGNAL;: has an unconnected terminal at (-151.450, 146.610) (-149.740, 146.700)
Net n_43173: has regular routing with opens at (-153.950, 146.400) (-152.890, 150.090)
Net n_43173: dangling Wire at (-152.900, 146.400) (-152.900, 146.400) on layer: M1
Net n_43669, Pin Pin: FE_RC_2894_0/ZN; Direction: OUTPUT; Use: SIGNAL;: has an unconnected terminal at (72.095, -121.590) (72.645, -121.500)
Net n_43669: has regular routing with opens at (75.500, -122.000) (81.350, -107.310)
Net n_43669: dangling Wire at (75.500, -122.000) (75.500, -122.000) on layer: M1
Net n_45611, Pin Pin: g214973/ZN; Direction: OUTPUT; Use: SIGNAL;: has an unconnected terminal at (-65.505, 160.300) (-64.700, 160.400)
Net n_45611: has regular routing with opens at (-66.220, 158.860) (-62.110, 160.800)
Net n_45611: dangling Wire at (-63.300, 160.800) (-63.300, 160.800) on layer: M1
Net n_45696, Pin Pin: FE_RC_3185_0/ZN; Direction: OUTPUT; Use: SIGNAL;: has an unconnected terminal at (122.895, 3.700) (123.565, 3.790)
Net n_45696: has regular routing with opens at (122.995, 4.200) (126.100, 7.890)
Net n_45696: dangling Wire at (126.100, 4.200) (126.100, 4.200) on layer: M1
Net n_46340, Pin Pin: g177519__215512/ZN; Direction: OUTPUT; Use: SIGNAL;: has an unconnected terminal at (-163.250, -65.950) (-162.950, -65.650)
Net n_46340: has regular routing with opens at (-163.500, -65.800) (-161.850, -60.075)
Net n_46340: dangling Wire at (-163.500, -65.800) (-163.500, -65.800) on layer: M1
Net n_46358, Pin Pin: g215529/ZN; Direction: OUTPUT; Use: SIGNAL;: has an unconnected terminal at (-13.700, 117.100) (-12.895, 117.200)
Net n_46358: has regular routing with opens at (-15.155, 101.100) (-14.500, 117.400)
Net n_46358: dangling Wire at (-15.100, 117.400) (-15.100, 117.400) on layer: M1
Net n_46377, Pin Pin: FE_RC_2165_0/ZN; Direction: OUTPUT; Use: SIGNAL;: has an unconnected terminal at (147.355, -138.500) (147.905, -138.410)
Net n_46377: has regular routing with opens at (144.500, -139.900) (150.445, -138.200)
Net n_46377: dangling Wire at (144.500, -138.200) (144.500, -138.200) on layer: M1
Net n_46409, Pin Pin: g215581/ZN; Direction: OUTPUT; Use: SIGNAL;: has an unconnected terminal at (65.955, -6.390) (66.505, -6.300)
Net n_46409: has regular routing with opens at (63.100, -17.495) (87.630, -6.800)
Net n_46409: dangling Wire at (63.100, -6.800) (63.100, -6.800) on layer: M1
Net n_46509, Pin Pin: g215682/ZN; Direction: OUTPUT; Use: SIGNAL;: has an unconnected terminal at (90.685, -33.460) (92.150, -33.350)
Net n_46509: has regular routing with opens at (82.850, -34.200) (92.500, -33.515)
Net n_46509: dangling Wire at (92.500, -33.600) (92.500, -33.600) on layer: M1
Net n_48077, Pin Pin: g217044/ZN; Direction: OUTPUT; Use: SIGNAL;: has an unconnected terminal at (101.495, -77.300) (102.045, -77.210)
Net n_48077: has regular routing with opens at (102.970, -78.695) (105.090, -76.600)
Net n_48077: dangling Wire at (104.900, -76.800) (104.900, -76.800) on layer: M1
Net n_48541, Pin Pin: FE_RC_2740_0/ZN; Direction: OUTPUT; Use: SIGNAL;: has an unconnected terminal at (-11.645, -102.500) (-11.095, -102.410)
Net n_48541: has regular routing with opens at (-14.500, -102.000) (-9.645, -96.500)
Net n_48541: dangling Wire at (-14.500, -102.000) (-14.500, -102.000) on layer: M1
Net n_48623, Pin Pin: FE_RC_992_0/ZN; Direction: OUTPUT; Use: SIGNAL;: has an unconnected terminal at (29.035, 133.300) (29.705, 133.390)
Net n_48623: has regular routing with opens at (23.245, 133.800) (26.500, 151.980)
Net n_48623: dangling Wire at (26.500, 133.800) (26.500, 133.800) on layer: M1
Net n_48639, Pin Pin: FE_RC_1622_0/ZN; Direction: OUTPUT; Use: SIGNAL;: has an unconnected terminal at (47.695, 149.500) (48.245, 149.590)
Net n_48639: has regular routing with opens at (50.890, 150.000) (51.950, 151.890)
Net n_48639: dangling Wire at (51.100, 150.000) (51.100, 150.000) on layer: M1
Net n_48642, Pin Pin: FE_RC_164_0/ZN; Direction: OUTPUT; Use: SIGNAL;: has an unconnected terminal at (140.900, 29.600) (141.705, 29.700)
Net n_48642: has regular routing with opens at (138.290, 16.510) (140.100, 29.200)
Net n_48642: dangling Wire at (139.500, 29.200) (139.500, 29.200) on layer: M1

Begin Summary
    80 Problem(s) (IMPVFC-96): Terminal(s) are not connected.
    82 Problem(s) (IMPVFC-92): Pieces of the net are not connected together.
    81 Problem(s) (IMPVFC-94): The net has dangling wire(s).
    243 total info(s) created.
End Summary
