#-----------------------------------------------------------
# Vivado v2019.1 (64-bit)
# SW Build 2552052 on Fri May 24 14:49:42 MDT 2019
# IP Build 2548770 on Fri May 24 18:01:18 MDT 2019
# Start of session at: Mon Jul 27 09:55:08 2026
# Process ID: 4124
# Current directory: C:/Users/root/Documents/Github/NCDC_Project/IRJS_types/project_IRJS_types
# Command line: vivado.exe -gui_launcher_event rodinguilauncherevent12912 C:\Users\root\Documents\Github\NCDC_Project\IRJS_types\project_IRJS_types\project_IRJS_types.xpr
# Log file: C:/Users/root/Documents/Github/NCDC_Project/IRJS_types/project_IRJS_types/vivado.log
# Journal file: C:/Users/root/Documents/Github/NCDC_Project/IRJS_types/project_IRJS_types\vivado.jou
#-----------------------------------------------------------
start_gui
open_project C:/Users/root/Documents/Github/NCDC_Project/IRJS_types/project_IRJS_types/project_IRJS_types.xpr
update_compile_order -fileset sources_1
launch_simulation
open_wave_config C:/Users/root/Documents/Abdullah/project_I_R_types/riscv_top_tb_behav.wcfg
source riscv_top_tb.tcl
close_sim
